Archive member included to satisfy reference by file (symbol)

.\CortexM3\ARM_GCC_541\Debug\Rhea.a(I2C.o)
                              .\CortexM3\ARM_GCC_541\Debug\i2c_impl.o (I2C_Start)
.\CortexM3\ARM_GCC_541\Debug\Rhea.a(I2C_INT.o)
                              .\CortexM3\ARM_GCC_541\Debug\Rhea.a(I2C.o) (I2C_ISR)
.\CortexM3\ARM_GCC_541\Debug\Rhea.a(I2C_PM.o)
                              .\CortexM3\ARM_GCC_541\Debug\Rhea.a(I2C.o) (I2C_backup)
.\CortexM3\ARM_GCC_541\Debug\Rhea.a(I2C_MASTER.o)
                              .\CortexM3\ARM_GCC_541\Debug\Rhea.a(I2C.o) (I2C_mstrStatus)
.\CortexM3\ARM_GCC_541\Debug\Rhea.a(UART.o)
                              .\CortexM3\ARM_GCC_541\Debug\uart_impl.o (UART_Start)
.\CortexM3\ARM_GCC_541\Debug\Rhea.a(RTC_INTR.o)
                              .\CortexM3\ARM_GCC_541\Debug\rtc_impl.o (RTC_INTR_StartEx)
.\CortexM3\ARM_GCC_541\Debug\Rhea.a(DEBOUNCE_CLK.o)
                              .\CortexM3\ARM_GCC_541\Debug\input.o (DEBOUNCE_CLK_Start)
.\CortexM3\ARM_GCC_541\Debug\Rhea.a(BTN_RIGHT_INTR.o)
                              .\CortexM3\ARM_GCC_541\Debug\input.o (BTN_RIGHT_INTR_StartEx)
.\CortexM3\ARM_GCC_541\Debug\Rhea.a(BTN_LEFT_INTR.o)
                              .\CortexM3\ARM_GCC_541\Debug\input.o (BTN_LEFT_INTR_StartEx)
.\CortexM3\ARM_GCC_541\Debug\Rhea.a(BTN_ENTER_INTR.o)
                              .\CortexM3\ARM_GCC_541\Debug\input.o (BTN_ENTER_INTR_StartEx)
.\CortexM3\ARM_GCC_541\Debug\Rhea.a(SENSOR_TIMER.o)
                              .\CortexM3\ARM_GCC_541\Debug\sensor_impl.o (SENSOR_TIMER_Start)
.\CortexM3\ARM_GCC_541\Debug\Rhea.a(SENSOR_1MS.o)
                              .\CortexM3\ARM_GCC_541\Debug\sensor_impl.o (SENSOR_1MS_StartEx)
.\CortexM3\ARM_GCC_541\Debug\Rhea.a(UART_IntClock.o)
                              .\CortexM3\ARM_GCC_541\Debug\Rhea.a(UART.o) (UART_IntClock_Start)
.\CortexM3\ARM_GCC_541\Debug\Rhea.a(CyLib.o)
                              .\CortexM3\ARM_GCC_541\Debug\Cm3Start.o (CyResetStatus)
.\CortexM3\ARM_GCC_541\Debug\Rhea.a(cyPm.o)
                              .\CortexM3\ARM_GCC_541\Debug\Rhea.a(CyLib.o) (CyPmReadStatus)
.\CortexM3\ARM_GCC_541\Debug\Rhea.a(UART_RX_INTR.o)
                              .\CortexM3\ARM_GCC_541\Debug\command.o (UART_RX_INTR_StartEx)
.\CortexM3\ARM_GCC_541\Debug\Rhea.a(CyBootAsmGnu.o)
                              .\CortexM3\ARM_GCC_541\Debug\cyfitter_cfg.o (CyDelayCycles)
.\CortexM3\ARM_GCC_541\Debug\Rhea.a(CyFlash.o)
                              .\CortexM3\ARM_GCC_541\Debug\Rhea.a(cyPm.o) (CyFlash_SetWaitCycles)
.\CortexM3\ARM_GCC_541\Debug\Rhea.a(CySpc.o)
                              .\CortexM3\ARM_GCC_541\Debug\Rhea.a(CyFlash.o) (CySpcStart)
e:/cypress/psoc creator/4.2/psoc creator/import/gnu/arm/5.4.1/bin/../lib/gcc/arm-none-eabi/5.4.1/../../../../arm-none-eabi/lib/armv7-m\libm.a(lib_a-s_floor.o)
                              .\CortexM3\ARM_GCC_541\Debug\datetime.o (floor)
e:/cypress/psoc creator/4.2/psoc creator/import/gnu/arm/5.4.1/bin/../lib/gcc/arm-none-eabi/5.4.1/../../../../arm-none-eabi/lib/armv7-m\libm.a(lib_a-w_sqrt.o)
                              .\CortexM3\ARM_GCC_541\Debug\gfx.o (sqrt)
e:/cypress/psoc creator/4.2/psoc creator/import/gnu/arm/5.4.1/bin/../lib/gcc/arm-none-eabi/5.4.1/../../../../arm-none-eabi/lib/armv7-m\libm.a(lib_a-e_sqrt.o)
                              e:/cypress/psoc creator/4.2/psoc creator/import/gnu/arm/5.4.1/bin/../lib/gcc/arm-none-eabi/5.4.1/../../../../arm-none-eabi/lib/armv7-m\libm.a(lib_a-w_sqrt.o) (__ieee754_sqrt)
e:/cypress/psoc creator/4.2/psoc creator/import/gnu/arm/5.4.1/bin/../lib/gcc/arm-none-eabi/5.4.1/../../../../arm-none-eabi/lib/armv7-m\libm.a(lib_a-s_lib_ver.o)
                              e:/cypress/psoc creator/4.2/psoc creator/import/gnu/arm/5.4.1/bin/../lib/gcc/arm-none-eabi/5.4.1/../../../../arm-none-eabi/lib/armv7-m\libm.a(lib_a-w_sqrt.o) (__fdlib_version)
e:/cypress/psoc creator/4.2/psoc creator/import/gnu/arm/5.4.1/bin/../lib/gcc/arm-none-eabi/5.4.1/../../../../arm-none-eabi/lib/armv7-m\libm.a(lib_a-s_matherr.o)
                              e:/cypress/psoc creator/4.2/psoc creator/import/gnu/arm/5.4.1/bin/../lib/gcc/arm-none-eabi/5.4.1/../../../../arm-none-eabi/lib/armv7-m\libm.a(lib_a-w_sqrt.o) (matherr)
e:/cypress/psoc creator/4.2/psoc creator/import/gnu/arm/5.4.1/bin/../lib/gcc/arm-none-eabi/5.4.1/armv7-m\libgcc.a(_arm_addsubdf3.o)
                              .\CortexM3\ARM_GCC_541\Debug\BME280.o (__aeabi_dsub)
e:/cypress/psoc creator/4.2/psoc creator/import/gnu/arm/5.4.1/bin/../lib/gcc/arm-none-eabi/5.4.1/armv7-m\libgcc.a(_arm_muldivdf3.o)
                              .\CortexM3\ARM_GCC_541\Debug\BME280.o (__aeabi_dmul)
e:/cypress/psoc creator/4.2/psoc creator/import/gnu/arm/5.4.1/bin/../lib/gcc/arm-none-eabi/5.4.1/armv7-m\libgcc.a(_arm_cmpdf2.o)
                              .\CortexM3\ARM_GCC_541\Debug\BME280.o (__aeabi_dcmplt)
[...]
Memory Configuration

Name             Origin             Length             Attributes
rom              0x00000000         0x00040000         xr
ram              0x1fff8000         0x00010000         xrw
*default*        0x00000000         0xffffffff

Linker script and memory map

LOAD e:/cypress/psoc creator/4.2/psoc creator/import/gnu/arm/5.4.1/bin/../lib/gcc/arm-none-eabi/5.4.1/armv7-m/crti.o
LOAD e:/cypress/psoc creator/4.2/psoc creator/import/gnu/arm/5.4.1/bin/../lib/gcc/arm-none-eabi/5.4.1/armv7-m/crtbegin.o
LOAD e:/cypress/psoc creator/4.2/psoc creator/import/gnu/arm/5.4.1/bin/../lib/gcc/arm-none-eabi/5.4.1/../../../../arm-none-eabi/lib/armv7-m/crt0.o
START GROUP
LOAD .\CortexM3\ARM_GCC_541\Debug\BME280.o
LOAD .\CortexM3\ARM_GCC_541\Debug\MCP7940N.o
LOAD .\CortexM3\ARM_GCC_541\Debug\SSD1306.o
LOAD .\CortexM3\ARM_GCC_541\Debug\gfx.o
LOAD .\CortexM3\ARM_GCC_541\Debug\gfx_impl.o
LOAD .\CortexM3\ARM_GCC_541\Debug\i2c_rhea.o
LOAD .\CortexM3\ARM_GCC_541\Debug\i2c_impl.o
LOAD .\CortexM3\ARM_GCC_541\Debug\alarm.o
LOAD .\CortexM3\ARM_GCC_541\Debug\datetime.o
LOAD .\CortexM3\ARM_GCC_541\Debug\rtc.o
LOAD .\CortexM3\ARM_GCC_541\Debug\rtc_impl.o
LOAD .\CortexM3\ARM_GCC_541\Debug\BME280_INTF.o
LOAD .\CortexM3\ARM_GCC_541\Debug\sensor.o
LOAD .\CortexM3\ARM_GCC_541\Debug\sensor_impl.o
LOAD .\CortexM3\ARM_GCC_541\Debug\uart_impl.o
LOAD .\CortexM3\ARM_GCC_541\Debug\uart_rhea.o
LOAD .\CortexM3\ARM_GCC_541\Debug\state.o
LOAD .\CortexM3\ARM_GCC_541\Debug\command.o
LOAD .\CortexM3\ARM_GCC_541\Debug\input.o
LOAD .\CortexM3\ARM_GCC_541\Debug\menu.o
LOAD .\CortexM3\ARM_GCC_541\Debug\main.o
LOAD .\CortexM3\ARM_GCC_541\Debug\cyfitter_cfg.o
LOAD .\CortexM3\ARM_GCC_541\Debug\cymetadata.o
LOAD .\CortexM3\ARM_GCC_541\Debug\Cm3Start.o
LOAD .\CortexM3\ARM_GCC_541\Debug\Rhea.a
LOAD E:\Cypress\PSoC Creator\4.2\PSoC Creator\psoc\content\cycomponentlibrary\CyComponentLibrary.cylib\CortexM3\ARM_GCC_541\Debug\CyComponentLibrary.a
LOAD e:/cypress/psoc creator/4.2/psoc creator/import/gnu/arm/5.4.1/bin/../lib/gcc/arm-none-eabi/5.4.1/../../../../arm-none-eabi/lib/armv7-m\libm.a
END GROUP
START GROUP
LOAD e:/cypress/psoc creator/4.2/psoc creator/import/gnu/arm/5.4.1/bin/../lib/gcc/arm-none-eabi/5.4.1/armv7-m\libgcc.a
LOAD e:/cypress/psoc creator/4.2/psoc creator/import/gnu/arm/5.4.1/bin/../lib/gcc/arm-none-eabi/5.4.1/../../../../arm-none-eabi/lib/armv7-m\libg_nano.a
LOAD e:/cypress/psoc creator/4.2/psoc creator/import/gnu/arm/5.4.1/bin/../lib/gcc/arm-none-eabi/5.4.1/../../../../arm-none-eabi/lib/armv7-m\libc_nano.a
END GROUP
START GROUP
LOAD e:/cypress/psoc creator/4.2/psoc creator/import/gnu/arm/5.4.1/bin/../lib/gcc/arm-none-eabi/5.4.1/armv7-m\libgcc.a
LOAD e:/cypress/psoc creator/4.2/psoc creator/import/gnu/arm/5.4.1/bin/../lib/gcc/arm-none-eabi/5.4.1/../../../../arm-none-eabi/lib/armv7-m\libc_nano.a
END GROUP
LOAD e:/cypress/psoc creator/4.2/psoc creator/import/gnu/arm/5.4.1/bin/../lib/gcc/arm-none-eabi/5.4.1/armv7-m/crtend.o
LOAD e:/cypress/psoc creator/4.2/psoc creator/import/gnu/arm/5.4.1/bin/../lib/gcc/arm-none-eabi/5.4.1/armv7-m/crtn.o
START GROUP
LOAD e:/cypress/psoc creator/4.2/psoc creator/import/gnu/arm/5.4.1/bin/../lib/gcc/arm-none-eabi/5.4.1/armv7-m\libgcc.a
LOAD e:/cypress/psoc creator/4.2/psoc creator/import/gnu/arm/5.4.1/bin/../lib/gcc/arm-none-eabi/5.4.1/../../../../arm-none-eabi/lib/armv7-m\libc.a
LOAD e:/cypress/psoc creator/4.2/psoc creator/import/gnu/arm/5.4.1/bin/../lib/gcc/arm-none-eabi/5.4.1/../../../../arm-none-eabi/lib/armv7-m\libnosys.a
END GROUP
                0x00000000                CY_APPL_ORIGIN = 0x0
                0x00000100                CY_FLASH_ROW_SIZE = 0x100
                0x00000020                CY_ECC_ROW_SIZE = 0x20
                0x00000000                CY_EE_IN_BTLDR = 0x0
                0x00000000                CY_APPL_LOADABLE = 0x0
                0x00000800                CY_EE_SIZE = 0x800
                0x00000001                CY_APPL_NUM = 0x1
                0x00000001                CY_APPL_MAX = 0x1
                0x00000040                CY_METADATA_SIZE = 0x40
                0x00000000                CY_APPL_LOADABLE = 0x0
                0x00000000                CY_CHECKSUM_EXCLUDE_SIZE = ALIGN (0x0, CY_FLASH_ROW_SIZE)
                [!provide]                PROVIDE (__cy_heap_start, _end)
                0x00000001                PROVIDE (__cy_region_num, ((__cy_regions_end - __cy_regions) / 0x10))
                0x20008000                PROVIDE (__cy_stack, (ORIGIN (ram) + LENGTH (ram)))
                [!provide]                PROVIDE (__cy_heap_end, (__cy_stack - 0x800))

.cybootloader   0x00000000        0x0
 *(.cybootloader)
                0x00000000                appl1_start = CY_APPL_ORIGIN?CY_APPL_ORIGIN:ALIGN (CY_FLASH_ROW_SIZE)
                0x0001ff00                appl2_start = (appl1_start + ALIGN ((((LENGTH (rom) - appl1_start) - (0x2 * CY_FLASH_ROW_SIZE)) / 0x2), CY_FLASH_ROW_SIZE))
                0x00000000                appl_start = (CY_APPL_NUM == 0x1)?appl1_start:appl2_start
                0x00000000                ecc_offset = ((appl_start / CY_FLASH_ROW_SIZE) * CY_ECC_ROW_SIZE)
                0x00000000                ee_offset = (CY_APPL_LOADABLE && ! (CY_EE_IN_BTLDR))?((CY_EE_SIZE / CY_APPL_MAX) * (CY_APPL_NUM - 0x1)):0x0
                0x00000800                ee_size = (CY_APPL_LOADABLE && ! (CY_EE_IN_BTLDR))?(CY_EE_SIZE / CY_APPL_MAX):CY_EE_SIZE
                [!provide]                PROVIDE (CY_ECC_OFFSET, ecc_offset)

.text           0x00000000     0x609e
 CREATE_OBJECT_SYMBOLS
                0x00000000                PROVIDE (__cy_interrupt_vector, RomVectors)
 *(.romvectors)
 .romvectors    0x00000000       0x10 .\CortexM3\ARM_GCC_541\Debug\Cm3Start.o
                0x00000000                RomVectors
                0x00000001                ASSERT ((. != __cy_interrupt_vector), No interrupt vector)
                0x00000001                ASSERT (CY_APPL_ORIGIN?(SIZEOF (.cybootloader) <= CY_APPL_ORIGIN):0x1, Wrong image location)
                0x00000010                PROVIDE (__cy_reset, Reset)
 *(.text.Reset)
 .text.Reset    0x00000010       0x18 .\CortexM3\ARM_GCC_541\Debug\Cm3Start.o
                0x00000010                Reset
                0x00000001                ASSERT ((. != __cy_reset), No reset code)
 *(.dma_init)
                0x00000001                ASSERT ((((appl_start + .) <= 0x10000) || 0x1), DMA Init must be within the first 64k of flash)
 *(.text .text.* .gnu.linkonce.t.*)
 .text          0x00000028       0x5c e:/cypress/psoc creator/4.2/psoc creator/import/gnu/arm/5.4.1/bin/../lib/gcc/arm-none-eabi/5.4.1/armv7-m/crtbegin.o
 .text.BME280_SetI2CController
                0x00000084       0x28 .\CortexM3\ARM_GCC_541\Debug\BME280.o
                0x00000084                BME280_SetI2CController
 .text.BME280_I2CReader
                0x000000ac       0x88 .\CortexM3\ARM_GCC_541\Debug\BME280.o
                0x000000ac                BME280_I2CReader
 .text.BME280_I2CWriter
                0x00000134       0x68 .\CortexM3\ARM_GCC_541\Debug\BME280.o
                0x00000134                BME280_I2CWriter
 .text.BME280_Init
                0x0000019c      0x188 .\CortexM3\ARM_GCC_541\Debug\BME280.o
                0x0000019c                BME280_Init
 .text.BME280_Reset
                0x00000324       0x20 .\CortexM3\ARM_GCC_541\Debug\BME280.o
                0x00000324                BME280_Reset
 .text.BME280_ReadRegisters
                0x00000344       0x28 .\CortexM3\ARM_GCC_541\Debug\BME280.o
                0x00000344                BME280_ReadRegisters
 .text.BME280_GetTemperatureCelsius
                0x0000036c      0x1cc .\CortexM3\ARM_GCC_541\Debug\BME280.o
                0x0000036c                BME280_GetTemperatureCelsius
 .text.BME280_GetPressure
                0x00000538      0x3b4 .\CortexM3\ARM_GCC_541\Debug\BME280.o
                0x00000538                BME280_GetPressure
 .text.BME280_GetHumidity
                0x000008ec      0x268 .\CortexM3\ARM_GCC_541\Debug\BME280.o
                0x000008ec                BME280_GetHumidity
 .text.BME280_GetHumidityMode
                0x00000b54       0x1c .\CortexM3\ARM_GCC_541\Debug\BME280.o
                0x00000b54                BME280_GetHumidityMode
 .text.BME280_SetHumidityMode
                0x00000b70       0x44 .\CortexM3\ARM_GCC_541\Debug\BME280.o
                0x00000b70                BME280_SetHumidityMode
 .text.BME280_GetTemperatureMode
                0x00000bb4       0x1c .\CortexM3\ARM_GCC_541\Debug\BME280.o
                0x00000bb4                BME280_GetTemperatureMode
 .text.BME280_SetTemperatureMode
                0x00000bd0       0x44 .\CortexM3\ARM_GCC_541\Debug\BME280.o
                0x00000bd0                BME280_SetTemperatureMode
 .text.BME280_GetPressureMode
                0x00000c14       0x1c .\CortexM3\ARM_GCC_541\Debug\BME280.o
                0x00000c14                BME280_GetPressureMode
 .text.BME280_SetPressureMode
                0x00000c30       0x44 .\CortexM3\ARM_GCC_541\Debug\BME280.o
                0x00000c30                BME280_SetPressureMode
 .text.BME280_GetMeasurementMode
                0x00000c74       0x1c .\CortexM3\ARM_GCC_541\Debug\BME280.o
                0x00000c74                BME280_GetMeasurementMode
 .text.BME280_SetMeasurementMode
                0x00000c90       0x44 .\CortexM3\ARM_GCC_541\Debug\BME280.o
                0x00000c90                BME280_SetMeasurementMode
 .text.BME280_GetFilterMode
                0x00000cd4       0x1c .\CortexM3\ARM_GCC_541\Debug\BME280.o
                0x00000cd4                BME280_GetFilterMode
 .text.BME280_SetFilterMode
                0x00000cf0       0x44 .\CortexM3\ARM_GCC_541\Debug\BME280.o
                0x00000cf0                BME280_SetFilterMode
 .text.SSD1306_SetI2CController
                0x00000d34       0x28 .\CortexM3\ARM_GCC_541\Debug\SSD1306.o
                0x00000d34                SSD1306_SetI2CController
 .text.SSD1306_Init
                0x00000d5c       0x40 .\CortexM3\ARM_GCC_541\Debug\SSD1306.o
                0x00000d5c                SSD1306_Init
 .text.SSD1306_WriteCommands
                0x00000d9c       0x54 .\CortexM3\ARM_GCC_541\Debug\SSD1306.o
                0x00000d9c                SSD1306_WriteCommands
 .text.SSD1306_WriteData
                0x00000df0       0x54 .\CortexM3\ARM_GCC_541\Debug\SSD1306.o
                0x00000df0                SSD1306_WriteData
 .text.SSD1306_WritePixel
                0x00000e44       0x9c .\CortexM3\ARM_GCC_541\Debug\SSD1306.o
                0x00000e44                SSD1306_WritePixel
 .text.SSD1306_ClearDisplay
                0x00000ee0       0x34 .\CortexM3\ARM_GCC_541\Debug\SSD1306.o
                0x00000ee0                SSD1306_ClearDisplay
 .text.SSD1306_RefreshDisplay
                0x00000f14       0x64 .\CortexM3\ARM_GCC_541\Debug\SSD1306.o
                0x00000f14                SSD1306_RefreshDisplay
 .text.rhea_gfx_Initialize
                0x00000f78       0x34 .\CortexM3\ARM_GCC_541\Debug\gfx.o
                0x00000f78                rhea_gfx_Initialize
 .text.rhea_gfx_Clear
                0x00000fac        0xc .\CortexM3\ARM_GCC_541\Debug\gfx.o
                0x00000fac                rhea_gfx_Clear
 .text.rhea_gfx_Refresh
                0x00000fb8        0xc .\CortexM3\ARM_GCC_541\Debug\gfx.o
                0x00000fb8                rhea_gfx_Refresh
 .text.rhea_gfx_DrawSymbolHelper
                0x00000fc4       0xdc .\CortexM3\ARM_GCC_541\Debug\gfx.o
                0x00000fc4                rhea_gfx_DrawSymbolHelper
 .text.rhea_gfx_SetCursor
                0x000010a0       0x30 .\CortexM3\ARM_GCC_541\Debug\gfx.o
                0x000010a0                rhea_gfx_SetCursor
 .text.rhea_gfx_PrintSymbolHelper
                0x000010d0       0x88 .\CortexM3\ARM_GCC_541\Debug\gfx.o
                0x000010d0                rhea_gfx_PrintSymbolHelper
 .text.rhea_gfx_PrintSymbol
                0x00001158       0x1c .\CortexM3\ARM_GCC_541\Debug\gfx.o
                0x00001158                rhea_gfx_PrintSymbol
 .text.rhea_gfx_Print
                0x00001174       0x74 .\CortexM3\ARM_GCC_541\Debug\gfx.o
                0x00001174                rhea_gfx_Print
 .text.rhea_gfx_initialize_impl
                0x000011e8       0x3c .\CortexM3\ARM_GCC_541\Debug\gfx_impl.o
                0x000011e8                rhea_gfx_initialize_impl
 .text.rhea_gfx_clear_impl
                0x00001224        0xc .\CortexM3\ARM_GCC_541\Debug\gfx_impl.o
                0x00001224                rhea_gfx_clear_impl
 .text.rhea_gfx_refresh_impl
                0x00001230       0x24 .\CortexM3\ARM_GCC_541\Debug\gfx_impl.o
                0x00001230                rhea_gfx_refresh_impl
 .text.rhea_gfx_writePixel_impl
                0x00001254       0x2c .\CortexM3\ARM_GCC_541\Debug\gfx_impl.o
                0x00001254                rhea_gfx_writePixel_impl
 .text.rhea_i2c_Initialize
                0x00001280        0xc .\CortexM3\ARM_GCC_541\Debug\i2c_rhea.o
                0x00001280                rhea_i2c_Initialize
 .text.rhea_i2c_MasterSendStart
                0x0000128c       0x24 .\CortexM3\ARM_GCC_541\Debug\i2c_rhea.o
                0x0000128c                rhea_i2c_MasterSendStart
 .text.rhea_i2c_MasterSendStop
                0x000012b0        0xc .\CortexM3\ARM_GCC_541\Debug\i2c_rhea.o
                0x000012b0                rhea_i2c_MasterSendStop
 .text.rhea_i2c_MasterReadByte
                0x000012bc       0x1c .\CortexM3\ARM_GCC_541\Debug\i2c_rhea.o
                0x000012bc                rhea_i2c_MasterReadByte
 .text.rhea_i2c_MasterWriteByte
                0x000012d8       0x1c .\CortexM3\ARM_GCC_541\Debug\i2c_rhea.o
                0x000012d8                rhea_i2c_MasterWriteByte
 .text.rhea_i2c_initialize_impl
                0x000012f4        0xc .\CortexM3\ARM_GCC_541\Debug\i2c_impl.o
                0x000012f4                rhea_i2c_initialize_impl
 .text.rhea_i2c_masterSendStart_impl
                0x00001300       0x24 .\CortexM3\ARM_GCC_541\Debug\i2c_impl.o
                0x00001300                rhea_i2c_masterSendStart_impl
 .text.rhea_i2c_masterSendStop_impl
                0x00001324        0xc .\CortexM3\ARM_GCC_541\Debug\i2c_impl.o
                0x00001324                rhea_i2c_masterSendStop_impl
 .text.rhea_i2c_masterReadByte_impl
                0x00001330       0x1c .\CortexM3\ARM_GCC_541\Debug\i2c_impl.o
                0x00001330                rhea_i2c_masterReadByte_impl
 .text.rhea_i2c_masterWriteByte_impl
                0x0000134c       0x1c .\CortexM3\ARM_GCC_541\Debug\i2c_impl.o
                0x0000134c                rhea_i2c_masterWriteByte_impl
 .text.bme280_addInterface
                0x00001368      0x148 .\CortexM3\ARM_GCC_541\Debug\BME280_INTF.o
                0x00001368                bme280_addInterface
 .text.bme280_GetTemperatureCelsius
                0x000014b0       0x30 .\CortexM3\ARM_GCC_541\Debug\BME280_INTF.o
                0x000014b0                bme280_GetTemperatureCelsius
 .text.bme280_GetPressure
                0x000014e0       0x30 .\CortexM3\ARM_GCC_541\Debug\BME280_INTF.o
                0x000014e0                bme280_GetPressure
 .text.bme280_GetHumidity
                0x00001510       0x30 .\CortexM3\ARM_GCC_541\Debug\BME280_INTF.o
                0x00001510                bme280_GetHumidity
 .text.bme280_SetFilterMode
                0x00001540       0x1c .\CortexM3\ARM_GCC_541\Debug\BME280_INTF.o
                0x00001540                bme280_SetFilterMode
 .text.bme280_GetFilterMode
                0x0000155c       0x18 .\CortexM3\ARM_GCC_541\Debug\BME280_INTF.o
                0x0000155c                bme280_GetFilterMode
 .text.bme280_SetTemperatureMode
                0x00001574       0x1c .\CortexM3\ARM_GCC_541\Debug\BME280_INTF.o
                0x00001574                bme280_SetTemperatureMode
 .text.bme280_GetTemperatureMode
                0x00001590       0x18 .\CortexM3\ARM_GCC_541\Debug\BME280_INTF.o
                0x00001590                bme280_GetTemperatureMode
 .text.bme280_SetPressureMode
                0x000015a8       0x1c .\CortexM3\ARM_GCC_541\Debug\BME280_INTF.o
                0x000015a8                bme280_SetPressureMode
 .text.bme280_GetPressureMode
                0x000015c4       0x18 .\CortexM3\ARM_GCC_541\Debug\BME280_INTF.o
                0x000015c4                bme280_GetPressureMode
 .text.bme280_SetHumidityMode
                0x000015dc       0x1c .\CortexM3\ARM_GCC_541\Debug\BME280_INTF.o
                0x000015dc                bme280_SetHumidityMode
 .text.bme280_GetHumidityMode
                0x000015f8       0x18 .\CortexM3\ARM_GCC_541\Debug\BME280_INTF.o
                0x000015f8                bme280_GetHumidityMode
 .text.bme280_SetMeasurementMode
                0x00001610       0x1c .\CortexM3\ARM_GCC_541\Debug\BME280_INTF.o
                0x00001610                bme280_SetMeasurementMode
 .text.bme280_GetMeasurementMode
                0x0000162c       0x18 .\CortexM3\ARM_GCC_541\Debug\BME280_INTF.o
                0x0000162c                bme280_GetMeasurementMode
 .text.rhea_sensor_Initialize
                0x00001644       0x30 .\CortexM3\ARM_GCC_541\Debug\sensor.o
                0x00001644                rhea_sensor_Initialize
 .text.rhea_sensor_AddMeasurement
                0x00001674       0xc4 .\CortexM3\ARM_GCC_541\Debug\sensor.o
                0x00001674                rhea_sensor_AddMeasurement
 .text.rhea_sensor_GetMeasurement
                0x00001738       0xa4 .\CortexM3\ARM_GCC_541\Debug\sensor.o
                0x00001738                rhea_sensor_GetMeasurement
 .text.rhea_sensor_GetMeasurementPeriod
                0x000017dc       0xa4 .\CortexM3\ARM_GCC_541\Debug\sensor.o
                0x000017dc                rhea_sensor_GetMeasurementPeriod
 .text.rhea_sensor_SetMeasurementPeriod
                0x00001880       0xc0 .\CortexM3\ARM_GCC_541\Debug\sensor.o
                0x00001880                rhea_sensor_SetMeasurementPeriod
 .text.rhea_sensor_AddAttribute
                0x00001940       0xa0 .\CortexM3\ARM_GCC_541\Debug\sensor.o
                0x00001940                rhea_sensor_AddAttribute
 .text.rhea_sensor_SetAttribute
                0x000019e0       0xd4 .\CortexM3\ARM_GCC_541\Debug\sensor.o
                0x000019e0                rhea_sensor_SetAttribute
 .text.rhea_sensor_periodicMeasure
                0x00001ab4       0xe8 .\CortexM3\ARM_GCC_541\Debug\sensor.o
                0x00001ab4                rhea_sensor_periodicMeasure
 .text.rhea_sensor_initialize_impl
                0x00001b9c       0x1c .\CortexM3\ARM_GCC_541\Debug\sensor_impl.o
                0x00001b9c                rhea_sensor_initialize_impl
 .text.rhea_uart_initialize_impl
                0x00001bb8        0xc .\CortexM3\ARM_GCC_541\Debug\uart_impl.o
                0x00001bb8                rhea_uart_initialize_impl
 .text.rhea_uart_Initialize
                0x00001bc4        0xc .\CortexM3\ARM_GCC_541\Debug\uart_rhea.o
                0x00001bc4                rhea_uart_Initialize
 .text.rhea_state_nextState
                0x00001bd0       0x7c .\CortexM3\ARM_GCC_541\Debug\state.o
                0x00001bd0                rhea_state_nextState
 .text.InitializeInputButtonInterrupts
                0x00001c4c       0x48 .\CortexM3\ARM_GCC_541\Debug\input.o
                0x00001c4c                InitializeInputButtonInterrupts
 .text.BTN_ENTER_ISR
                0x00001c94       0x18 .\CortexM3\ARM_GCC_541\Debug\input.o
                0x00001c94                BTN_ENTER_ISR
 .text.BTN_RIGHT_ISR
                0x00001cac       0x18 .\CortexM3\ARM_GCC_541\Debug\input.o
                0x00001cac                BTN_RIGHT_ISR
 .text.BTN_LEFT_ISR
                0x00001cc4       0x18 .\CortexM3\ARM_GCC_541\Debug\input.o
                0x00001cc4                BTN_LEFT_ISR
 .text.InitializeMainMenu
                0x00001cdc      0x1f4 .\CortexM3\ARM_GCC_541\Debug\menu.o
                0x00001cdc                InitializeMainMenu
 .text.StepMainMenuStateMachine
                0x00001ed0       0x68 .\CortexM3\ARM_GCC_541\Debug\menu.o
                0x00001ed0                StepMainMenuStateMachine
 .text.showTemperatureMain
                0x00001f38       0x64 .\CortexM3\ARM_GCC_541\Debug\menu.o
                0x00001f38                showTemperatureMain
 *fill*         0x00001f9c        0x4 
 .text.updateTemperatureMain
                0x00001fa0       0x6c .\CortexM3\ARM_GCC_541\Debug\menu.o
                0x00001fa0                updateTemperatureMain
 .text.showTemperaturePeriod
                0x0000200c       0x7c .\CortexM3\ARM_GCC_541\Debug\menu.o
                0x0000200c                showTemperaturePeriod
 .text.increaseTemperaturePeriod
                0x00002088       0x38 .\CortexM3\ARM_GCC_541\Debug\menu.o
                0x00002088                increaseTemperaturePeriod
 .text.decreaseTemperaturePeriod
                0x000020c0       0x58 .\CortexM3\ARM_GCC_541\Debug\menu.o
                0x000020c0                decreaseTemperaturePeriod
 .text.showPressureMain
                0x00002118       0x64 .\CortexM3\ARM_GCC_541\Debug\menu.o
                0x00002118                showPressureMain
 *fill*         0x0000217c        0x4 
 .text.updatePressureMain
                0x00002180       0x6c .\CortexM3\ARM_GCC_541\Debug\menu.o
                0x00002180                updatePressureMain
 .text.showPressurePeriod
                0x000021ec       0x7c .\CortexM3\ARM_GCC_541\Debug\menu.o
                0x000021ec                showPressurePeriod
 .text.increasePressurePeriod
                0x00002268       0x38 .\CortexM3\ARM_GCC_541\Debug\menu.o
                0x00002268                increasePressurePeriod
 .text.decreasePressurePeriod
                0x000022a0       0x58 .\CortexM3\ARM_GCC_541\Debug\menu.o
                0x000022a0                decreasePressurePeriod
 .text.showHumidityMain
                0x000022f8       0x60 .\CortexM3\ARM_GCC_541\Debug\menu.o
                0x000022f8                showHumidityMain
 .text.updateHumidityMain
                0x00002358       0x6c .\CortexM3\ARM_GCC_541\Debug\menu.o
                0x00002358                updateHumidityMain
 .text.showHumidityPeriod
                0x000023c4       0x7c .\CortexM3\ARM_GCC_541\Debug\menu.o
                0x000023c4                showHumidityPeriod
 .text.increaseHumidityPeriod
                0x00002440       0x38 .\CortexM3\ARM_GCC_541\Debug\menu.o
                0x00002440                increaseHumidityPeriod
 .text.decreaseHumidityPeriod
                0x00002478       0x58 .\CortexM3\ARM_GCC_541\Debug\menu.o
                0x00002478                decreaseHumidityPeriod
 .text.main     0x000024d0       0x38 .\CortexM3\ARM_GCC_541\Debug\main.o
                0x000024d0                main
 .text.CYMEMZERO
                0x00002508       0x1c .\CortexM3\ARM_GCC_541\Debug\cyfitter_cfg.o
 .text.CYCONFIGCPY
                0x00002524       0x20 .\CortexM3\ARM_GCC_541\Debug\cyfitter_cfg.o
 .text.CyClockStartupError
                0x00002544        0xc .\CortexM3\ARM_GCC_541\Debug\cyfitter_cfg.o
 .text.cfg_write_bytes32
                0x00002550       0x74 .\CortexM3\ARM_GCC_541\Debug\cyfitter_cfg.o
 .text.ClockSetup
                0x000025c4      0x118 .\CortexM3\ARM_GCC_541\Debug\cyfitter_cfg.o
 .text.AnalogSetDefault
                0x000026dc       0x44 .\CortexM3\ARM_GCC_541\Debug\cyfitter_cfg.o
 .text.cyfitter_cfg
                0x00002720      0x17c .\CortexM3\ARM_GCC_541\Debug\cyfitter_cfg.o
                0x00002720                cyfitter_cfg
 .text.IntDefaultHandler
                0x0000289c       0x14 .\CortexM3\ARM_GCC_541\Debug\Cm3Start.o
                0x0000289c                IntDefaultHandler
 .text._sbrk    0x000028b0       0x50 .\CortexM3\ARM_GCC_541\Debug\Cm3Start.o
                0x000028b0                _sbrk
 .text.Start_c  0x00002900       0x98 .\CortexM3\ARM_GCC_541\Debug\Cm3Start.o
                0x00002900                Start_c
 .text.initialize_psoc
                0x00002998       0x90 .\CortexM3\ARM_GCC_541\Debug\Cm3Start.o
                0x00002998                initialize_psoc
 .text.I2C_Init
                0x00002a28       0x84 .\CortexM3\ARM_GCC_541\Debug\Rhea.a(I2C.o)
                0x00002a28                I2C_Init
 .text.I2C_Enable
                0x00002aac       0x48 .\CortexM3\ARM_GCC_541\Debug\Rhea.a(I2C.o)
                0x00002aac                I2C_Enable
 .text.I2C_Start
                0x00002af4       0x30 .\CortexM3\ARM_GCC_541\Debug\Rhea.a(I2C.o)
                0x00002af4                I2C_Start
 .text.I2C_ISR  0x00002b24      0x3a8 .\CortexM3\ARM_GCC_541\Debug\Rhea.a(I2C_INT.o)
                0x00002b24                I2C_ISR
 .text.I2C_MasterSendStart
                0x00002ecc       0xb8 .\CortexM3\ARM_GCC_541\Debug\Rhea.a(I2C_MASTER.o)
                0x00002ecc                I2C_MasterSendStart
 .text.I2C_MasterSendStop
                0x00002f84       0x58 .\CortexM3\ARM_GCC_541\Debug\Rhea.a(I2C_MASTER.o)
                0x00002f84                I2C_MasterSendStop
 .text.I2C_MasterWriteByte
                0x00002fdc       0x80 .\CortexM3\ARM_GCC_541\Debug\Rhea.a(I2C_MASTER.o)
                0x00002fdc                I2C_MasterWriteByte
 .text.I2C_MasterReadByte
                0x0000305c       0x78 .\CortexM3\ARM_GCC_541\Debug\Rhea.a(I2C_MASTER.o)
                0x0000305c                I2C_MasterReadByte
 .text.UART_Start
                0x000030d4       0x24 .\CortexM3\ARM_GCC_541\Debug\Rhea.a(UART.o)
                0x000030d4                UART_Start
 .text.UART_Init
                0x000030f8       0x20 .\CortexM3\ARM_GCC_541\Debug\Rhea.a(UART.o)
                0x000030f8                UART_Init
 .text.UART_Enable
                0x00003118       0x4c .\CortexM3\ARM_GCC_541\Debug\Rhea.a(UART.o)
                0x00003118                UART_Enable
 .text.DEBOUNCE_CLK_Start
                0x00003164       0x34 .\CortexM3\ARM_GCC_541\Debug\Rhea.a(DEBOUNCE_CLK.o)
                0x00003164                DEBOUNCE_CLK_Start
 .text.BTN_RIGHT_INTR_StartEx
                0x00003198       0x24 .\CortexM3\ARM_GCC_541\Debug\Rhea.a(BTN_RIGHT_INTR.o)
                0x00003198                BTN_RIGHT_INTR_StartEx
 .text.BTN_RIGHT_INTR_SetVector
                0x000031bc       0x24 .\CortexM3\ARM_GCC_541\Debug\Rhea.a(BTN_RIGHT_INTR.o)
                0x000031bc                BTN_RIGHT_INTR_SetVector
 .text.BTN_RIGHT_INTR_SetPriority
                0x000031e0       0x24 .\CortexM3\ARM_GCC_541\Debug\Rhea.a(BTN_RIGHT_INTR.o)
                0x000031e0                BTN_RIGHT_INTR_SetPriority
 .text.BTN_RIGHT_INTR_Enable
                0x00003204       0x18 .\CortexM3\ARM_GCC_541\Debug\Rhea.a(BTN_RIGHT_INTR.o)
                0x00003204                BTN_RIGHT_INTR_Enable
 .text.BTN_RIGHT_INTR_Disable
                0x0000321c       0x18 .\CortexM3\ARM_GCC_541\Debug\Rhea.a(BTN_RIGHT_INTR.o)
                0x0000321c                BTN_RIGHT_INTR_Disable
 .text.BTN_LEFT_INTR_StartEx
                0x00003234       0x24 .\CortexM3\ARM_GCC_541\Debug\Rhea.a(BTN_LEFT_INTR.o)
                0x00003234                BTN_LEFT_INTR_StartEx
 .text.BTN_LEFT_INTR_SetVector
                0x00003258       0x24 .\CortexM3\ARM_GCC_541\Debug\Rhea.a(BTN_LEFT_INTR.o)
                0x00003258                BTN_LEFT_INTR_SetVector
 .text.BTN_LEFT_INTR_SetPriority
                0x0000327c       0x24 .\CortexM3\ARM_GCC_541\Debug\Rhea.a(BTN_LEFT_INTR.o)
                0x0000327c                BTN_LEFT_INTR_SetPriority
 .text.BTN_LEFT_INTR_Enable
                0x000032a0       0x18 .\CortexM3\ARM_GCC_541\Debug\Rhea.a(BTN_LEFT_INTR.o)
                0x000032a0                BTN_LEFT_INTR_Enable
 .text.BTN_LEFT_INTR_Disable
                0x000032b8       0x18 .\CortexM3\ARM_GCC_541\Debug\Rhea.a(BTN_LEFT_INTR.o)
                0x000032b8                BTN_LEFT_INTR_Disable
 .text.BTN_ENTER_INTR_StartEx
                0x000032d0       0x24 .\CortexM3\ARM_GCC_541\Debug\Rhea.a(BTN_ENTER_INTR.o)
                0x000032d0                BTN_ENTER_INTR_StartEx
 .text.BTN_ENTER_INTR_SetVector
                0x000032f4       0x24 .\CortexM3\ARM_GCC_541\Debug\Rhea.a(BTN_ENTER_INTR.o)
                0x000032f4                BTN_ENTER_INTR_SetVector
 .text.BTN_ENTER_INTR_SetPriority
                0x00003318       0x24 .\CortexM3\ARM_GCC_541\Debug\Rhea.a(BTN_ENTER_INTR.o)
                0x00003318                BTN_ENTER_INTR_SetPriority
 .text.BTN_ENTER_INTR_Enable
                0x0000333c       0x18 .\CortexM3\ARM_GCC_541\Debug\Rhea.a(BTN_ENTER_INTR.o)
                0x0000333c                BTN_ENTER_INTR_Enable
 .text.BTN_ENTER_INTR_Disable
                0x00003354       0x18 .\CortexM3\ARM_GCC_541\Debug\Rhea.a(BTN_ENTER_INTR.o)
                0x00003354                BTN_ENTER_INTR_Disable
 .text.SENSOR_TIMER_Init
                0x0000336c       0xa0 .\CortexM3\ARM_GCC_541\Debug\Rhea.a(SENSOR_TIMER.o)
                0x0000336c                SENSOR_TIMER_Init
 .text.SENSOR_TIMER_Enable
                0x0000340c       0x48 .\CortexM3\ARM_GCC_541\Debug\Rhea.a(SENSOR_TIMER.o)
                0x0000340c                SENSOR_TIMER_Enable
 .text.SENSOR_TIMER_Start
                0x00003454       0x24 .\CortexM3\ARM_GCC_541\Debug\Rhea.a(SENSOR_TIMER.o)
                0x00003454                SENSOR_TIMER_Start
 .text.SENSOR_TIMER_SetInterruptMode
                0x00003478       0x20 .\CortexM3\ARM_GCC_541\Debug\Rhea.a(SENSOR_TIMER.o)
                0x00003478                SENSOR_TIMER_SetInterruptMode
 .text.SENSOR_TIMER_WritePeriod
                0x00003498       0x24 .\CortexM3\ARM_GCC_541\Debug\Rhea.a(SENSOR_TIMER.o)
                0x00003498                SENSOR_TIMER_WritePeriod
 .text.SENSOR_TIMER_WriteCounter
                0x000034bc       0x20 .\CortexM3\ARM_GCC_541\Debug\Rhea.a(SENSOR_TIMER.o)
                0x000034bc                SENSOR_TIMER_WriteCounter
 .text.SENSOR_1MS_StartEx
                0x000034dc       0x24 .\CortexM3\ARM_GCC_541\Debug\Rhea.a(SENSOR_1MS.o)
                0x000034dc                SENSOR_1MS_StartEx
 .text.SENSOR_1MS_SetVector
                0x00003500       0x24 .\CortexM3\ARM_GCC_541\Debug\Rhea.a(SENSOR_1MS.o)
                0x00003500                SENSOR_1MS_SetVector
 .text.SENSOR_1MS_SetPriority
                0x00003524       0x24 .\CortexM3\ARM_GCC_541\Debug\Rhea.a(SENSOR_1MS.o)
                0x00003524                SENSOR_1MS_SetPriority
 .text.SENSOR_1MS_Enable
                0x00003548       0x18 .\CortexM3\ARM_GCC_541\Debug\Rhea.a(SENSOR_1MS.o)
                0x00003548                SENSOR_1MS_Enable
 .text.SENSOR_1MS_Disable
                0x00003560       0x18 .\CortexM3\ARM_GCC_541\Debug\Rhea.a(SENSOR_1MS.o)
                0x00003560                SENSOR_1MS_Disable
 .text.UART_IntClock_Start
                0x00003578       0x34 .\CortexM3\ARM_GCC_541\Debug\Rhea.a(UART_IntClock.o)
                0x00003578                UART_IntClock_Start
 .text.CyHalt   0x000035ac       0x18 .\CortexM3\ARM_GCC_541\Debug\Rhea.a(CyLib.o)
                0x000035ac                CyHalt
 .text.CyIntSetVector
                0x000035c4       0x50 .\CortexM3\ARM_GCC_541\Debug\Rhea.a(CyLib.o)
                0x000035c4                CyIntSetVector
 .text.CyIntSetPriority
                0x00003614       0x48 .\CortexM3\ARM_GCC_541\Debug\Rhea.a(CyLib.o)
                0x00003614                CyIntSetPriority
 *fill*         0x0000365c        0x4 
 .text          0x00003660       0x20 .\CortexM3\ARM_GCC_541\Debug\Rhea.a(CyBootAsmGnu.o)
                0x00003660                CyDelayCycles
                0x00003670                CyEnterCriticalSection
                0x00003678                CyExitCriticalSection
 .text          0x00003680      0x370 e:/cypress/psoc creator/4.2/psoc creator/import/gnu/arm/5.4.1/bin/../lib/gcc/arm-none-eabi/5.4.1/armv7-m\libgcc.a(_arm_addsubdf3.o)
                0x00003680                __aeabi_drsub
                0x00003688                __aeabi_dsub
                0x00003688                __subdf3
                0x0000368c                __aeabi_dadd
                0x0000368c                __adddf3
                0x00003904                __floatunsidf
                0x00003904                __aeabi_ui2d
                0x00003924                __floatsidf
                0x00003924                __aeabi_i2d
                0x00003948                __aeabi_f2d
                0x00003948                __extendsfdf2
                0x00003984                __floatundidf
                0x00003984                __aeabi_ul2d
                0x00003994                __floatdidf
                0x00003994                __aeabi_l2d
 .text          0x000039f0      0x424 e:/cypress/psoc creator/4.2/psoc creator/import/gnu/arm/5.4.1/bin/../lib/gcc/arm-none-eabi/5.4.1/armv7-m\libgcc.a(_arm_muldivdf3.o)
                0x000039f0                __aeabi_dmul
                0x000039f0                __muldf3
                0x00003c44                __divdf3
                0x00003c44                __aeabi_ddiv
 .text          0x00003e14      0x110 e:/cypress/psoc creator/4.2/psoc creator/import/gnu/arm/5.4.1/bin/../lib/gcc/arm-none-eabi/5.4.1/armv7-m\libgcc.a(_arm_cmpdf2.o)
                0x00003e14                __gtdf2
                0x00003e14                __gedf2
                0x00003e1c                __ltdf2
                0x00003e1c                __ledf2
                0x00003e24                __nedf2
                0x00003e24                __eqdf2
                0x00003e24                __cmpdf2
                0x00003ea0                __aeabi_cdrcmple
                0x00003eb0                __aeabi_cdcmpeq
                0x00003eb0                __aeabi_cdcmple
                0x00003ec0                __aeabi_dcmpeq
                0x00003ed4                __aeabi_dcmplt
                0x00003ee8                __aeabi_dcmple
                0x00003efc                __aeabi_dcmpge
                0x00003f10                __aeabi_dcmpgt
 .text          0x00003f24       0x2c e:/cypress/psoc creator/4.2/psoc creator/import/gnu/arm/5.4.1/bin/../lib/gcc/arm-none-eabi/5.4.1/armv7-m\libgcc.a(_arm_unorddf2.o)
                0x00003f24                __unorddf2
                0x00003f24                __aeabi_dcmpun
 .text          0x00003f50       0x50 e:/cypress/psoc creator/4.2/psoc creator/import/gnu/arm/5.4.1/bin/../lib/gcc/arm-none-eabi/5.4.1/armv7-m\libgcc.a(_arm_fixdfsi.o)
                0x00003f50                __aeabi_d2iz
                0x00003f50                __fixdfsi
 .text          0x00003fa0       0x40 e:/cypress/psoc creator/4.2/psoc creator/import/gnu/arm/5.4.1/bin/../lib/gcc/arm-none-eabi/5.4.1/armv7-m\libgcc.a(_arm_fixunsdfsi.o)
                0x00003fa0                __aeabi_d2uiz
                0x00003fa0                __fixunsdfsi
 .text.__errno  0x00003fe0        0xc e:/cypress/psoc creator/4.2/psoc creator/import/gnu/arm/5.4.1/bin/../lib/gcc/arm-none-eabi/5.4.1/../../../../arm-none-eabi/lib/armv7-m\libg_nano.a(lib_a-errno.o)
                0x00003fe0                __errno
 .text.__libc_init_array
                0x00003fec       0x4c e:/cypress/psoc creator/4.2/psoc creator/import/gnu/arm/5.4.1/bin/../lib/gcc/arm-none-eabi/5.4.1/../../../../arm-none-eabi/lib/armv7-m\libg_nano.a(lib_a-init.o)
                0x00003fec                __libc_init_array
 .text.memcpy   0x00004038       0x16 e:/cypress/psoc creator/4.2/psoc creator/import/gnu/arm/5.4.1/bin/../lib/gcc/arm-none-eabi/5.4.1/../../../../arm-none-eabi/lib/armv7-m\libg_nano.a(lib_a-memcpy-stub.o)
                0x00004038                memcpy
 .text.memset   0x0000404e       0x10 e:/cypress/psoc creator/4.2/psoc creator/import/gnu/arm/5.4.1/bin/../lib/gcc/arm-none-eabi/5.4.1/../../../../arm-none-eabi/lib/armv7-m\libg_nano.a(lib_a-memset.o)
                0x0000404e                memset
 .text.__cvt    0x0000405e       0xc0 e:/cypress/psoc creator/4.2/psoc creator/import/gnu/arm/5.4.1/bin/../lib/gcc/arm-none-eabi/5.4.1/../../../../arm-none-eabi/lib/armv7-m\libg_nano.a(lib_a-nano-vfprintf_float.o)
                0x0000405e                __cvt
 .text.__exponent
                0x0000411e       0x62 e:/cypress/psoc creator/4.2/psoc creator/import/gnu/arm/5.4.1/bin/../lib/gcc/arm-none-eabi/5.4.1/../../../../arm-none-eabi/lib/armv7-m\libg_nano.a(lib_a-nano-vfprintf_float.o)
                0x0000411e                __exponent
 .text._printf_float
                0x00004180      0x488 e:/cypress/psoc creator/4.2/psoc creator/import/gnu/arm/5.4.1/bin/../lib/gcc/arm-none-eabi/5.4.1/../../../../arm-none-eabi/lib/armv7-m\libg_nano.a(lib_a-nano-vfprintf_float.o)
                0x00004180                _printf_float
 .text._printf_common
                0x00004608       0xec e:/cypress/psoc creator/4.2/psoc creator/import/gnu/arm/5.4.1/bin/../lib/gcc/arm-none-eabi/5.4.1/../../../../arm-none-eabi/lib/armv7-m\libg_nano.a(lib_a-nano-vfprintf_i.o)
                0x00004608                _printf_common
 .text._printf_i
                0x000046f4      0x24c e:/cypress/psoc creator/4.2/psoc creator/import/gnu/arm/5.4.1/bin/../lib/gcc/arm-none-eabi/5.4.1/../../../../arm-none-eabi/lib/armv7-m\libg_nano.a(lib_a-nano-vfprintf_i.o)
                0x000046f4                _printf_i
 .text.sprintf  0x00004940       0x48 e:/cypress/psoc creator/4.2/psoc creator/import/gnu/arm/5.4.1/bin/../lib/gcc/arm-none-eabi/5.4.1/../../../../arm-none-eabi/lib/armv7-m\libg_nano.a(lib_a-sprintf.o)
                0x00004940                siprintf
                0x00004940                sprintf
 .text          0x00004988       0x14 e:/cypress/psoc creator/4.2/psoc creator/import/gnu/arm/5.4.1/bin/../lib/gcc/arm-none-eabi/5.4.1/../../../../arm-none-eabi/lib/armv7-m\libg_nano.a(lib_a-strcmp.o)
                0x00004988                strcmp
 .text          0x0000499c       0x10 e:/cypress/psoc creator/4.2/psoc creator/import/gnu/arm/5.4.1/bin/../lib/gcc/arm-none-eabi/5.4.1/../../../../arm-none-eabi/lib/armv7-m\libg_nano.a(lib_a-strlen.o)
                0x0000499c                strlen
 .text.quorem   0x000049ac      0x116 e:/cypress/psoc creator/4.2/psoc creator/import/gnu/arm/5.4.1/bin/../lib/gcc/arm-none-eabi/5.4.1/../../../../arm-none-eabi/lib/armv7-m\libg_nano.a(lib_a-dtoa.o)
 *fill*         0x00004ac2        0x6 
 .text._dtoa_r  0x00004ac8      0xb30 e:/cypress/psoc creator/4.2/psoc creator/import/gnu/arm/5.4.1/bin/../lib/gcc/arm-none-eabi/5.4.1/../../../../arm-none-eabi/lib/armv7-m\libg_nano.a(lib_a-dtoa.o)
                0x00004ac8                _dtoa_r
 .text._localeconv_r
                0x000055f8        0x8 e:/cypress/psoc creator/4.2/psoc creator/import/gnu/arm/5.4.1/bin/../lib/gcc/arm-none-eabi/5.4.1/../../../../arm-none-eabi/lib/armv7-m\libg_nano.a(lib_a-locale.o)
                0x000055f8                _localeconv_r
 .text.malloc   0x00005600       0x10 e:/cypress/psoc creator/4.2/psoc creator/import/gnu/arm/5.4.1/bin/../lib/gcc/arm-none-eabi/5.4.1/../../../../arm-none-eabi/lib/armv7-m\libg_nano.a(lib_a-malloc.o)
                0x00005600                malloc
 .text.memchr   0x00005610       0x1c e:/cypress/psoc creator/4.2/psoc creator/import/gnu/arm/5.4.1/bin/../lib/gcc/arm-none-eabi/5.4.1/../../../../arm-none-eabi/lib/armv7-m\libg_nano.a(lib_a-memchr-stub.o)
                0x00005610                memchr
 .text._Balloc  0x0000562c       0x6a e:/cypress/psoc creator/4.2/psoc creator/import/gnu/arm/5.4.1/bin/../lib/gcc/arm-none-eabi/5.4.1/../../../../arm-none-eabi/lib/armv7-m\libg_nano.a(lib_a-mprec.o)
                0x0000562c                _Balloc
 .text._Bfree   0x00005696       0x2e e:/cypress/psoc creator/4.2/psoc creator/import/gnu/arm/5.4.1/bin/../lib/gcc/arm-none-eabi/5.4.1/../../../../arm-none-eabi/lib/armv7-m\libg_nano.a(lib_a-mprec.o)
                0x00005696                _Bfree
 .text.__multadd
                0x000056c4       0x76 e:/cypress/psoc creator/4.2/psoc creator/import/gnu/arm/5.4.1/bin/../lib/gcc/arm-none-eabi/5.4.1/../../../../arm-none-eabi/lib/armv7-m\libg_nano.a(lib_a-mprec.o)
                0x000056c4                __multadd
 .text.__hi0bits
                0x0000573a       0x40 e:/cypress/psoc creator/4.2/psoc creator/import/gnu/arm/5.4.1/bin/../lib/gcc/arm-none-eabi/5.4.1/../../../../arm-none-eabi/lib/armv7-m\libg_nano.a(lib_a-mprec.o)
                0x0000573a                __hi0bits
 .text.__lo0bits
                0x0000577a       0x5a e:/cypress/psoc creator/4.2/psoc creator/import/gnu/arm/5.4.1/bin/../lib/gcc/arm-none-eabi/5.4.1/../../../../arm-none-eabi/lib/armv7-m\libg_nano.a(lib_a-mprec.o)
                0x0000577a                __lo0bits
 .text.__i2b    0x000057d4       0x12 e:/cypress/psoc creator/4.2/psoc creator/import/gnu/arm/5.4.1/bin/../lib/gcc/arm-none-eabi/5.4.1/../../../../arm-none-eabi/lib/armv7-m\libg_nano.a(lib_a-mprec.o)
                0x000057d4                __i2b
 .text.__multiply
                0x000057e6      0x120 e:/cypress/psoc creator/4.2/psoc creator/import/gnu/arm/5.4.1/bin/../lib/gcc/arm-none-eabi/5.4.1/../../../../arm-none-eabi/lib/armv7-m\libg_nano.a(lib_a-mprec.o)
                0x000057e6                __multiply
 *fill*         0x00005906        0x2 
 .text.__pow5mult
                0x00005908       0x9c e:/cypress/psoc creator/4.2/psoc creator/import/gnu/arm/5.4.1/bin/../lib/gcc/arm-none-eabi/5.4.1/../../../../arm-none-eabi/lib/armv7-m\libg_nano.a(lib_a-mprec.o)
                0x00005908                __pow5mult
 .text.__lshift
                0x000059a4       0xa2 e:/cypress/psoc creator/4.2/psoc creator/import/gnu/arm/5.4.1/bin/../lib/gcc/arm-none-eabi/5.4.1/../../../../arm-none-eabi/lib/armv7-m\libg_nano.a(lib_a-mprec.o)
                0x000059a4                __lshift
 .text.__mcmp   0x00005a46       0x38 e:/cypress/psoc creator/4.2/psoc creator/import/gnu/arm/5.4.1/bin/../lib/gcc/arm-none-eabi/5.4.1/../../../../arm-none-eabi/lib/armv7-m\libg_nano.a(lib_a-mprec.o)
                0x00005a46                __mcmp
 .text.__mdiff  0x00005a7e       0xbe e:/cypress/psoc creator/4.2/psoc creator/import/gnu/arm/5.4.1/bin/../lib/gcc/arm-none-eabi/5.4.1/../../../../arm-none-eabi/lib/armv7-m\libg_nano.a(lib_a-mprec.o)
                0x00005a7e                __mdiff
 .text.__d2b    0x00005b3c       0x9c e:/cypress/psoc creator/4.2/psoc creator/import/gnu/arm/5.4.1/bin/../lib/gcc/arm-none-eabi/5.4.1/../../../../arm-none-eabi/lib/armv7-m\libg_nano.a(lib_a-mprec.o)
                0x00005b3c                __d2b
 .text._calloc_r
                0x00005bd8       0x1c e:/cypress/psoc creator/4.2/psoc creator/import/gnu/arm/5.4.1/bin/../lib/gcc/arm-none-eabi/5.4.1/../../../../arm-none-eabi/lib/armv7-m\libg_nano.a(lib_a-nano-callocr.o)
                0x00005bd8                _calloc_r
 .text._free_r  0x00005bf4       0x98 e:/cypress/psoc creator/4.2/psoc creator/import/gnu/arm/5.4.1/bin/../lib/gcc/arm-none-eabi/5.4.1/../../../../arm-none-eabi/lib/armv7-m\libg_nano.a(lib_a-nano-freer.o)
                0x00005bf4                _free_r
 .text._malloc_r
                0x00005c8c       0xbc e:/cypress/psoc creator/4.2/psoc creator/import/gnu/arm/5.4.1/bin/../lib/gcc/arm-none-eabi/5.4.1/../../../../arm-none-eabi/lib/armv7-m\libg_nano.a(lib_a-nano-mallocr.o)
                0x00005c8c                _malloc_r
 .text.__ssputs_r
                0x00005d48       0xb2 e:/cypress/psoc creator/4.2/psoc creator/import/gnu/arm/5.4.1/bin/../lib/gcc/arm-none-eabi/5.4.1/../../../../arm-none-eabi/lib/armv7-m\libg_nano.a(lib_a-nano-svfprintf.o)
                0x00005d48                __ssputs_r
 *fill*         0x00005dfa        0x2 
 .text._svfprintf_r
                0x00005dfc      0x1e8 e:/cypress/psoc creator/4.2/psoc creator/import/gnu/arm/5.4.1/bin/../lib/gcc/arm-none-eabi/5.4.1/../../../../arm-none-eabi/lib/armv7-m\libg_nano.a(lib_a-nano-svfprintf.o)
                0x00005dfc                _svfiprintf_r
                0x00005dfc                _svfprintf_r
 .text._sbrk_r  0x00005fe4       0x20 e:/cypress/psoc creator/4.2/psoc creator/import/gnu/arm/5.4.1/bin/../lib/gcc/arm-none-eabi/5.4.1/../../../../arm-none-eabi/lib/armv7-m\libg_nano.a(lib_a-sbrkr.o)
                0x00005fe4                _sbrk_r
 .text.memmove  0x00006004       0x36 e:/cypress/psoc creator/4.2/psoc creator/import/gnu/arm/5.4.1/bin/../lib/gcc/arm-none-eabi/5.4.1/../../../../arm-none-eabi/lib/armv7-m\libg_nano.a(lib_a-memmove.o)
                0x00006004                memmove
 .text.__malloc_lock
                0x0000603a        0x2 e:/cypress/psoc creator/4.2/psoc creator/import/gnu/arm/5.4.1/bin/../lib/gcc/arm-none-eabi/5.4.1/../../../../arm-none-eabi/lib/armv7-m\libg_nano.a(lib_a-mlock.o)
                0x0000603a                __malloc_lock
 .text.__malloc_unlock
                0x0000603c        0x2 e:/cypress/psoc creator/4.2/psoc creator/import/gnu/arm/5.4.1/bin/../lib/gcc/arm-none-eabi/5.4.1/../../../../arm-none-eabi/lib/armv7-m\libg_nano.a(lib_a-mlock.o)
                0x0000603c                __malloc_unlock
 .text._realloc_r
                0x0000603e       0x4c e:/cypress/psoc creator/4.2/psoc creator/import/gnu/arm/5.4.1/bin/../lib/gcc/arm-none-eabi/5.4.1/../../../../arm-none-eabi/lib/armv7-m\libg_nano.a(lib_a-nano-reallocr.o)
                0x0000603e                _realloc_r
 .text._malloc_usable_size_r
                0x0000608a       0x14 e:/cypress/psoc creator/4.2/psoc creator/import/gnu/arm/5.4.1/bin/../lib/gcc/arm-none-eabi/5.4.1/../../../../arm-none-eabi/lib/armv7-m\libg_nano.a(lib_a-nano-msizer.o)
                0x0000608a                _malloc_usable_size_r
 *(.plt)
 *(.gnu.warning)
 *(.glue_7t)
 .glue_7t       0x0000609e        0x0 linker stubs
 *(.glue_7)
 .glue_7        0x0000609e        0x0 linker stubs
 *(.vfp11_veneer)
 .vfp11_veneer  0x0000609e        0x0 linker stubs
 *(.bootloader)
 *(.ARM.extab* .gnu.linkonce.armextab.*)
 *(.gcc_except_table)

.v4_bx          0x000060a0        0x0
 .v4_bx         0x000060a0        0x0 linker stubs

.iplt           0x000060a0        0x0
 .iplt          0x000060a0        0x0 e:/cypress/psoc creator/4.2/psoc creator/import/gnu/arm/5.4.1/bin/../lib/gcc/arm-none-eabi/5.4.1/armv7-m/crtbegin.o

.eh_frame_hdr
 *(.eh_frame_hdr)

.eh_frame       0x000060a0        0x4
 *(.eh_frame)
 .eh_frame      0x000060a0        0x0 e:/cypress/psoc creator/4.2/psoc creator/import/gnu/arm/5.4.1/bin/../lib/gcc/arm-none-eabi/5.4.1/armv7-m/crtbegin.o
 .eh_frame      0x000060a0        0x4 e:/cypress/psoc creator/4.2/psoc creator/import/gnu/arm/5.4.1/bin/../lib/gcc/arm-none-eabi/5.4.1/armv7-m/crtend.o
                [!provide]                PROVIDE (__exidx_start, .)

.ARM.exidx
 *(.ARM.exidx* .gnu.linkonce.armexidx.*)
                0x000060a4                __exidx_end = .

.rodata         0x000060a8      0x428
 *(.rodata .rodata.* .gnu.linkonce.r.*)
 .rodata        0x000060a8       0x1b .\CortexM3\ARM_GCC_541\Debug\SSD1306.o
 *fill*         0x000060c3        0x1 
 .rodata        0x000060c4        0xc .\CortexM3\ARM_GCC_541\Debug\gfx.o
 .rodata        0x000060d0        0xc .\CortexM3\ARM_GCC_541\Debug\gfx_impl.o
 .rodata        0x000060dc       0x7c .\CortexM3\ARM_GCC_541\Debug\BME280_INTF.o
 .rodata        0x00006158      0x134 .\CortexM3\ARM_GCC_541\Debug\menu.o
 .rodata        0x0000628c       0x4e .\CortexM3\ARM_GCC_541\Debug\cyfitter_cfg.o
 .rodata.str1.1
                0x000062da        0x2 e:/cypress/psoc creator/4.2/psoc creator/import/gnu/arm/5.4.1/bin/../lib/gcc/arm-none-eabi/5.4.1/../../../../arm-none-eabi/lib/armv7-m\libg_nano.a(lib_a-impure.o)
 .rodata.str1.1
                0x000062dc       0x12 e:/cypress/psoc creator/4.2/psoc creator/import/gnu/arm/5.4.1/bin/../lib/gcc/arm-none-eabi/5.4.1/../../../../arm-none-eabi/lib/armv7-m\libg_nano.a(lib_a-nano-vfprintf_float.o)
 .rodata.str1.1
                0x000062ee       0x22 e:/cypress/psoc creator/4.2/psoc creator/import/gnu/arm/5.4.1/bin/../lib/gcc/arm-none-eabi/5.4.1/../../../../arm-none-eabi/lib/armv7-m\libg_nano.a(lib_a-nano-vfprintf_i.o)
 .rodata.str1.1
                0x00006310        0xd e:/cypress/psoc creator/4.2/psoc creator/import/gnu/arm/5.4.1/bin/../lib/gcc/arm-none-eabi/5.4.1/../../../../arm-none-eabi/lib/armv7-m\libg_nano.a(lib_a-dtoa.o)
                                  0xf (size before relaxing)
 .rodata.str1.1
                0x0000631d        0x8 e:/cypress/psoc creator/4.2/psoc creator/import/gnu/arm/5.4.1/bin/../lib/gcc/arm-none-eabi/5.4.1/../../../../arm-none-eabi/lib/armv7-m\libg_nano.a(lib_a-locale.o)
                                  0xb (size before relaxing)
 *fill*         0x00006325        0x3 
 .rodata.__mprec_tens
                0x00006328       0xc8 e:/cypress/psoc creator/4.2/psoc creator/import/gnu/arm/5.4.1/bin/../lib/gcc/arm-none-eabi/5.4.1/../../../../arm-none-eabi/lib/armv7-m\libg_nano.a(lib_a-mprec.o)
                0x00006328                __mprec_tens
 .rodata.p05.5408
                0x000063f0        0xc e:/cypress/psoc creator/4.2/psoc creator/import/gnu/arm/5.4.1/bin/../lib/gcc/arm-none-eabi/5.4.1/../../../../arm-none-eabi/lib/armv7-m\libg_nano.a(lib_a-mprec.o)
 *fill*         0x000063fc        0x4 
 .rodata.__mprec_bigtens
                0x00006400       0x28 e:/cypress/psoc creator/4.2/psoc creator/import/gnu/arm/5.4.1/bin/../lib/gcc/arm-none-eabi/5.4.1/../../../../arm-none-eabi/lib/armv7-m\libg_nano.a(lib_a-mprec.o)
                0x00006400                __mprec_bigtens
 .rodata.str1.1
                0x00006428       0x11 e:/cypress/psoc creator/4.2/psoc creator/import/gnu/arm/5.4.1/bin/../lib/gcc/arm-none-eabi/5.4.1/../../../../arm-none-eabi/lib/armv7-m\libg_nano.a(lib_a-nano-svfprintf.o)
 *fill*         0x00006439        0x3 
 .rodata.__sf_fake_stdin
                0x0000643c       0x20 e:/cypress/psoc creator/4.2/psoc creator/import/gnu/arm/5.4.1/bin/../lib/gcc/arm-none-eabi/5.4.1/../../../../arm-none-eabi/lib/armv7-m\libg_nano.a(lib_a-findfp.o)
                0x0000643c                __sf_fake_stdin
 .rodata.__sf_fake_stdout
                0x0000645c       0x20 e:/cypress/psoc creator/4.2/psoc creator/import/gnu/arm/5.4.1/bin/../lib/gcc/arm-none-eabi/5.4.1/../../../../arm-none-eabi/lib/armv7-m\libg_nano.a(lib_a-findfp.o)
                0x0000645c                __sf_fake_stdout
 .rodata.__sf_fake_stderr
                0x0000647c       0x20 e:/cypress/psoc creator/4.2/psoc creator/import/gnu/arm/5.4.1/bin/../lib/gcc/arm-none-eabi/5.4.1/../../../../arm-none-eabi/lib/armv7-m\libg_nano.a(lib_a-findfp.o)
                0x0000647c                __sf_fake_stderr
                0x0000649c                . = ALIGN (0x4)
 *(.init)
 .init          0x0000649c        0x4 e:/cypress/psoc creator/4.2/psoc creator/import/gnu/arm/5.4.1/bin/../lib/gcc/arm-none-eabi/5.4.1/armv7-m/crti.o
                0x0000649c                _init
 .init          0x000064a0        0x8 e:/cypress/psoc creator/4.2/psoc creator/import/gnu/arm/5.4.1/bin/../lib/gcc/arm-none-eabi/5.4.1/armv7-m/crtn.o
                0x000064a8                . = ALIGN (0x4)
                0x000064a8                __preinit_array_start = .
 *(.preinit_array)
                0x000064a8                __preinit_array_end = .
                0x000064a8                . = ALIGN (0x4)
                0x000064a8                __init_array_start = .
 *(SORT(.init_array.*))
 *(.init_array)
 .init_array    0x000064a8        0x4 e:/cypress/psoc creator/4.2/psoc creator/import/gnu/arm/5.4.1/bin/../lib/gcc/arm-none-eabi/5.4.1/armv7-m/crtbegin.o
 .init_array    0x000064ac        0x4 .\CortexM3\ARM_GCC_541\Debug\Cm3Start.o
                0x000064b0                __init_array_end = .
                0x000064b0                . = ALIGN (0x4)
 *(.fini)
 .fini          0x000064b0        0x4 e:/cypress/psoc creator/4.2/psoc creator/import/gnu/arm/5.4.1/bin/../lib/gcc/arm-none-eabi/5.4.1/armv7-m/crti.o
                0x000064b0                _fini
 .fini          0x000064b4        0x8 e:/cypress/psoc creator/4.2/psoc creator/import/gnu/arm/5.4.1/bin/../lib/gcc/arm-none-eabi/5.4.1/armv7-m/crtn.o
                0x000064bc                . = ALIGN (0x4)
                0x000064bc                __fini_array_start = .
 *(.fini_array)
 .fini_array    0x000064bc        0x4 e:/cypress/psoc creator/4.2/psoc creator/import/gnu/arm/5.4.1/bin/../lib/gcc/arm-none-eabi/5.4.1/armv7-m/crtbegin.o
 *(SORT(.fini_array.*))
                0x000064c0                __fini_array_end = .
                0x000064c0                . = ALIGN (0x4)
 *crtbegin.o(.ctors)
 *(EXCLUDE_FILE(*crtend.o) .ctors)
 *(SORT(.ctors.*))
 *crtend.o(.ctors)
                0x000064c0                . = ALIGN (0x4)
 *crtbegin.o(.dtors)
 *(EXCLUDE_FILE(*crtend.o) .dtors)
 *(SORT(.dtors.*))
 *crtend.o(.dtors)
                0x000064c0                . = ALIGN (0x4)
                0x000064c0                __cy_regions = .
                0x000064c0        0x4 LONG 0x64d0 __cy_region_init_ram
                0x000064c4        0x4 LONG 0x1fff80c8 __cy_region_start_data
                0x000064c8        0x4 LONG 0x6e8 __cy_region_init_size_ram
                0x000064cc        0x4 LONG 0xda0 __cy_region_zero_size_ram
                0x000064d0                __cy_regions_end = .
                0x000064d0                . = ALIGN (0x8)
                0x000064d0                _etext = .

.cy_checksum_exclude
                0x000064d0        0x0
 *(.cy_checksum_exclude)

.ramvectors     0x1fff8000       0xc0
                0x1fff8000                __cy_region_start_ram = .
 *(.ramvectors)
 .ramvectors    0x1fff8000       0xc0 .\CortexM3\ARM_GCC_541\Debug\Cm3Start.o
                0x1fff8000                CyRamVectors

.noinit         0x1fff80c0        0x5
 *(.noinit)
 .noinit        0x1fff80c0        0x4 .\CortexM3\ARM_GCC_541\Debug\Cm3Start.o
 .noinit        0x1fff80c4        0x1 .\CortexM3\ARM_GCC_541\Debug\Rhea.a(CyLib.o)
                0x1fff80c4                CyResetStatus

.data           0x1fff80c8      0x6e8 load address 0x000064d0
                0x1fff80c8                __cy_region_start_data = .
 *(.jcr)
 .jcr           0x1fff80c8        0x0 e:/cypress/psoc creator/4.2/psoc creator/import/gnu/arm/5.4.1/bin/../lib/gcc/arm-none-eabi/5.4.1/armv7-m/crtbegin.o
 .jcr           0x1fff80c8        0x4 e:/cypress/psoc creator/4.2/psoc creator/import/gnu/arm/5.4.1/bin/../lib/gcc/arm-none-eabi/5.4.1/armv7-m/crtend.o
 *(.got.plt)
 *(.got)
 *(.shdata)
 *(.data .data.* .gnu.linkonce.d.*)
 .data          0x1fff80cc      0x640 .\CortexM3\ARM_GCC_541\Debug\gfx.o
                0x1fff80cc                codefont_8x8_data
                0x1fff83ec                codefont_8x8_descriptors
 .data          0x1fff870c        0x4 .\CortexM3\ARM_GCC_541\Debug\Cm3Start.o
 .data.impure_data
                0x1fff8710       0x60 e:/cypress/psoc creator/4.2/psoc creator/import/gnu/arm/5.4.1/bin/../lib/gcc/arm-none-eabi/5.4.1/../../../../arm-none-eabi/lib/armv7-m\libg_nano.a(lib_a-impure.o)
 .data._impure_ptr
                0x1fff8770        0x4 e:/cypress/psoc creator/4.2/psoc creator/import/gnu/arm/5.4.1/bin/../lib/gcc/arm-none-eabi/5.4.1/../../../../arm-none-eabi/lib/armv7-m\libg_nano.a(lib_a-impure.o)
                0x1fff8770                _impure_ptr
 .data.lconv    0x1fff8774       0x38 e:/cypress/psoc creator/4.2/psoc creator/import/gnu/arm/5.4.1/bin/../lib/gcc/arm-none-eabi/5.4.1/../../../../arm-none-eabi/lib/armv7-m\libg_nano.a(lib_a-locale.o)
                0x1fff87b0                . = ALIGN (0x8)
 *fill*         0x1fff87ac        0x4 
 *(.ram)
                0x1fff87b0                _edata = .

.igot.plt       0x1fff87b0        0x0 load address 0x00006bb8
 .igot.plt      0x1fff87b0        0x0 e:/cypress/psoc creator/4.2/psoc creator/import/gnu/arm/5.4.1/bin/../lib/gcc/arm-none-eabi/5.4.1/armv7-m/crtbegin.o

.bss            0x1fff87b0      0xda0 load address 0x00006bb8
                0x1fff87b0                PROVIDE (__bss_start__, .)
 *(.shbss)
 *(.bss .bss.* .gnu.linkonce.b.*)
 .bss           0x1fff87b0       0x1c e:/cypress/psoc creator/4.2/psoc creator/import/gnu/arm/5.4.1/bin/../lib/gcc/arm-none-eabi/5.4.1/armv7-m/crtbegin.o
 .bss           0x1fff87cc       0x41 .\CortexM3\ARM_GCC_541\Debug\BME280.o
 *fill*         0x1fff880d        0x3 
 .bss           0x1fff8810      0x40c .\CortexM3\ARM_GCC_541\Debug\SSD1306.o
 .bss           0x1fff8c1c       0x10 .\CortexM3\ARM_GCC_541\Debug\gfx.o
 *fill*         0x1fff8c2c        0x4 
 .bss           0x1fff8c30      0x810 .\CortexM3\ARM_GCC_541\Debug\sensor.o
 .bss           0x1fff9440        0x3 .\CortexM3\ARM_GCC_541\Debug\input.o
                0x1fff9440                button_enter_pressed
                0x1fff9441                button_right_pressed
                0x1fff9442                button_left_pressed
 *fill*         0x1fff9443        0x5 
 .bss           0x1fff9448       0xd8 .\CortexM3\ARM_GCC_541\Debug\menu.o
 .bss           0x1fff9520        0x1 .\CortexM3\ARM_GCC_541\Debug\Rhea.a(I2C.o)
                0x1fff9520                I2C_initVar
 .bss           0x1fff9521        0x1 .\CortexM3\ARM_GCC_541\Debug\Rhea.a(UART.o)
                0x1fff9521                UART_initVar
 .bss           0x1fff9522        0x1 .\CortexM3\ARM_GCC_541\Debug\Rhea.a(SENSOR_TIMER.o)
                0x1fff9522                SENSOR_TIMER_initVar
 *fill*         0x1fff9523        0x1 
 .bss.__malloc_sbrk_start
                0x1fff9524        0x4 e:/cypress/psoc creator/4.2/psoc creator/import/gnu/arm/5.4.1/bin/../lib/gcc/arm-none-eabi/5.4.1/../../../../arm-none-eabi/lib/armv7-m\libg_nano.a(lib_a-nano-mallocr.o)
                0x1fff9524                __malloc_sbrk_start
 .bss.__malloc_free_list
                0x1fff9528        0x4 e:/cypress/psoc creator/4.2/psoc creator/import/gnu/arm/5.4.1/bin/../lib/gcc/arm-none-eabi/5.4.1/../../../../arm-none-eabi/lib/armv7-m\libg_nano.a(lib_a-nano-mallocr.o)
                0x1fff9528                __malloc_free_list
 *(COMMON)
 COMMON         0x1fff952c        0x8 .\CortexM3\ARM_GCC_541\Debug\menu.o
                0x1fff952c                mainStateMachine
 COMMON         0x1fff9534        0x1 .\CortexM3\ARM_GCC_541\Debug\Rhea.a(I2C.o)
                0x1fff9534                I2C_state
 *fill*         0x1fff9535        0x3 
 COMMON         0x1fff9538       0x10 .\CortexM3\ARM_GCC_541\Debug\Rhea.a(I2C_MASTER.o)
                0x1fff9538                I2C_mstrWrBufIndex
                0x1fff9539                I2C_mstrWrBufSize
                0x1fff953a                I2C_mstrStatus
                0x1fff953c                I2C_mstrRdBufPtr
                0x1fff9540                I2C_mstrControl
                0x1fff9541                I2C_mstrRdBufSize
                0x1fff9542                I2C_mstrRdBufIndex
                0x1fff9544                I2C_mstrWrBufPtr
 COMMON         0x1fff9548        0x4 e:/cypress/psoc creator/4.2/psoc creator/import/gnu/arm/5.4.1/bin/../lib/gcc/arm-none-eabi/5.4.1/../../../../arm-none-eabi/lib/armv7-m\libg_nano.a(lib_a-reent.o)
                0x1fff9548                errno
                0x1fff9550                . = ALIGN (0x8)
 *fill*         0x1fff954c        0x4 
 *(.ram.b)
                0x1fff9550                _end = .
                0x1fff9550                __end = .
                0x1fff9550                PROVIDE (end, .)
                0x1fff9550                PROVIDE (__bss_end__, .)
                0x000064d0                __cy_region_init_ram = LOADADDR (.data)
                0x000006e8                __cy_region_init_size_ram = (_edata - ADDR (.data))
                0x00000da0                __cy_region_zero_size_ram = (_end - _edata)

.heap           0x1fff9550       0x80 load address 0x00006bb8
                0x1fff9550                . = _end
                0x1fff95d0                . = (. + 0x80)
 *fill*         0x1fff9550       0x80 
                0x1fff95d0                __cy_heap_limit = .

.stack          0x20007800      0x800
                0x20007800                __cy_stack_limit = .
                0x20008000                . = (. + 0x800)
 *fill*         0x20007800      0x800 
                0x00000001                ASSERT ((__cy_stack_limit >= __cy_heap_limit), region RAM overflowed with stack)
                0x00000000                cy_checksum_exclude_size = (CY_APPL_LOADABLE == 0x1)?SIZEOF (.cy_checksum_exclude):0x0
                0x00000001                ASSERT ((cy_checksum_exclude_size <= CY_CHECKSUM_EXCLUDE_SIZE), CY_BOOT: Section .cy_checksum_exclude size exceedes specified limit.)

.cyloadermeta
 *(.cyloadermeta)

.cyloadablemeta
 *(.cyloadablemeta)

.cyconfigecc    0x80000000      0x5ac
 *(.cyconfigecc)
 .cyconfigecc   0x80000000      0x5ac .\CortexM3\ARM_GCC_541\Debug\cymetadata.o
                0x80000000                cy_meta_configecc

.cycustnvl      0x90000000        0x4
 *(.cycustnvl)
 .cycustnvl     0x90000000        0x4 .\CortexM3\ARM_GCC_541\Debug\cymetadata.o
                0x90000000                cy_meta_custnvl

.cywolatch      0x90100000        0x4
 *(.cywolatch)
 .cywolatch     0x90100000        0x4 .\CortexM3\ARM_GCC_541\Debug\cymetadata.o
                0x90100000                cy_meta_wonvl

.cyeeprom       0x90200000        0x0
 *(.cyeeprom)
                0x00000001                ASSERT ((. <= ((0x90200000 + ee_offset) + ee_size)), .cyeeprom data will not fit in EEPROM)

.cyflashprotect
                0x90400000      0x100
 *(.cyflashprotect)
 .cyflashprotect
                0x90400000      0x100 .\CortexM3\ARM_GCC_541\Debug\cymetadata.o
                0x90400000                cy_meta_flashprotect

.cymeta         0x90500000        0xc
 *(.cymeta)
 .cymeta        0x90500000        0xc .\CortexM3\ARM_GCC_541\Debug\cymetadata.o
                0x90500000                cy_metadata

.rel.dyn        0x00006bb8        0x0 load address 0x9050000c
 .rel.iplt      0x00006bb8        0x0 e:/cypress/psoc creator/4.2/psoc creator/import/gnu/arm/5.4.1/bin/../lib/gcc/arm-none-eabi/5.4.1/armv7-m/crtbegin.o

.stab           0x00000000       0x6c
 *(.stab)
 .stab          0x00000000       0x24 e:/cypress/psoc creator/4.2/psoc creator/import/gnu/arm/5.4.1/bin/../lib/gcc/arm-none-eabi/5.4.1/../../../../arm-none-eabi/lib/armv7-m\libnosys.a(close.o)
 .stab          0x00000024       0x18 e:/cypress/psoc creator/4.2/psoc creator/import/gnu/arm/5.4.1/bin/../lib/gcc/arm-none-eabi/5.4.1/../../../../arm-none-eabi/lib/armv7-m\libnosys.a(lseek.o)
                                 0x24 (size before relaxing)
 .stab          0x0000003c       0x18 e:/cypress/psoc creator/4.2/psoc creator/import/gnu/arm/5.4.1/bin/../lib/gcc/arm-none-eabi/5.4.1/../../../../arm-none-eabi/lib/armv7-m\libnosys.a(read.o)
                                 0x24 (size before relaxing)
 .stab          0x00000054       0x18 e:/cypress/psoc creator/4.2/psoc creator/import/gnu/arm/5.4.1/bin/../lib/gcc/arm-none-eabi/5.4.1/../../../../arm-none-eabi/lib/armv7-m\libnosys.a(write.o)
                                 0x24 (size before relaxing)

.stabstr        0x00000000       0xdf
 *(.stabstr)
 .stabstr       0x00000000       0xdf e:/cypress/psoc creator/4.2/psoc creator/import/gnu/arm/5.4.1/bin/../lib/gcc/arm-none-eabi/5.4.1/../../../../arm-none-eabi/lib/armv7-m\libnosys.a(close.o)

.debug
 *(.debug)

.line
 *(.line)

.debug_srcinfo
 *(.debug_srcinfo)

.debug_sfnames
 *(.debug_sfnames)

.debug_aranges  0x00000000     0x15a0
 *(.debug_aranges)
 .debug_aranges
                0x00000000      0x108 .\CortexM3\ARM_GCC_541\Debug\BME280.o
 .debug_aranges
                0x00000108      0x298 .\CortexM3\ARM_GCC_541\Debug\MCP7940N.o
 .debug_aranges
                0x000003a0       0x68 .\CortexM3\ARM_GCC_541\Debug\SSD1306.o
 .debug_aranges
                0x00000408       0xc0 .\CortexM3\ARM_GCC_541\Debug\gfx.o
 .debug_aranges
                0x000004c8       0x40 .\CortexM3\ARM_GCC_541\Debug\gfx_impl.o
 .debug_aranges
                0x00000508       0x40 .\CortexM3\ARM_GCC_541\Debug\i2c_rhea.o
 .debug_aranges
                0x00000548       0x40 .\CortexM3\ARM_GCC_541\Debug\i2c_impl.o
 .debug_aranges
                0x00000588       0x30 .\CortexM3\ARM_GCC_541\Debug\alarm.o
 .debug_aranges
                0x000005b8       0x50 .\CortexM3\ARM_GCC_541\Debug\datetime.o
 .debug_aranges
                0x00000608       0x68 .\CortexM3\ARM_GCC_541\Debug\rtc.o
 .debug_aranges
                0x00000670       0x78 .\CortexM3\ARM_GCC_541\Debug\rtc_impl.o
 .debug_aranges
                0x000006e8       0x88 .\CortexM3\ARM_GCC_541\Debug\BME280_INTF.o
 .debug_aranges
                0x00000770       0x68 .\CortexM3\ARM_GCC_541\Debug\sensor.o
 .debug_aranges
                0x000007d8       0x20 .\CortexM3\ARM_GCC_541\Debug\sensor_impl.o
 .debug_aranges
                0x000007f8       0x38 .\CortexM3\ARM_GCC_541\Debug\uart_impl.o
 .debug_aranges
                0x00000830       0x78 .\CortexM3\ARM_GCC_541\Debug\uart_rhea.o
 .debug_aranges
                0x000008a8       0x20 .\CortexM3\ARM_GCC_541\Debug\state.o
 .debug_aranges
                0x000008c8       0x38 .\CortexM3\ARM_GCC_541\Debug\command.o
 .debug_aranges
                0x00000900       0x38 .\CortexM3\ARM_GCC_541\Debug\input.o
 .debug_aranges
                0x00000938       0xa0 .\CortexM3\ARM_GCC_541\Debug\menu.o
 .debug_aranges
                0x000009d8       0x30 .\CortexM3\ARM_GCC_541\Debug\main.o
 .debug_aranges
                0x00000a08       0x60 .\CortexM3\ARM_GCC_541\Debug\cyfitter_cfg.o
 .debug_aranges
                0x00000a68       0x18 .\CortexM3\ARM_GCC_541\Debug\cymetadata.o
 .debug_aranges
                0x00000a80       0x48 .\CortexM3\ARM_GCC_541\Debug\Cm3Start.o
 .debug_aranges
                0x00000ac8       0x38 .\CortexM3\ARM_GCC_541\Debug\Rhea.a(I2C.o)
 .debug_aranges
                0x00000b00       0x20 .\CortexM3\ARM_GCC_541\Debug\Rhea.a(I2C_INT.o)
 .debug_aranges
                0x00000b20       0x38 .\CortexM3\ARM_GCC_541\Debug\Rhea.a(I2C_PM.o)
 .debug_aranges
                0x00000b58       0x80 .\CortexM3\ARM_GCC_541\Debug\Rhea.a(I2C_MASTER.o)
 .debug_aranges
                0x00000bd8      0x100 .\CortexM3\ARM_GCC_541\Debug\Rhea.a(UART.o)
 .debug_aranges
                0x00000cd8       0x80 .\CortexM3\ARM_GCC_541\Debug\Rhea.a(RTC_INTR.o)
 .debug_aranges
                0x00000d58       0x70 .\CortexM3\ARM_GCC_541\Debug\Rhea.a(DEBOUNCE_CLK.o)
 .debug_aranges
                0x00000dc8       0x80 .\CortexM3\ARM_GCC_541\Debug\Rhea.a(BTN_RIGHT_INTR.o)
 .debug_aranges
                0x00000e48       0x80 .\CortexM3\ARM_GCC_541\Debug\Rhea.a(BTN_LEFT_INTR.o)
 .debug_aranges
                0x00000ec8       0x80 .\CortexM3\ARM_GCC_541\Debug\Rhea.a(BTN_ENTER_INTR.o)
 .debug_aranges
                0x00000f48       0x88 .\CortexM3\ARM_GCC_541\Debug\Rhea.a(SENSOR_TIMER.o)
 .debug_aranges
                0x00000fd0       0x80 .\CortexM3\ARM_GCC_541\Debug\Rhea.a(SENSOR_1MS.o)
 .debug_aranges
                0x00001050       0x70 .\CortexM3\ARM_GCC_541\Debug\Rhea.a(UART_IntClock.o)
 .debug_aranges
                0x000010c0      0x2a0 .\CortexM3\ARM_GCC_541\Debug\Rhea.a(CyLib.o)
 .debug_aranges
                0x00001360       0x98 .\CortexM3\ARM_GCC_541\Debug\Rhea.a(cyPm.o)
 .debug_aranges
                0x000013f8       0x80 .\CortexM3\ARM_GCC_541\Debug\Rhea.a(UART_RX_INTR.o)
 .debug_aranges
                0x00001478       0x20 .\CortexM3\ARM_GCC_541\Debug\Rhea.a(CyBootAsmGnu.o)
 .debug_aranges
                0x00001498       0x88 .\CortexM3\ARM_GCC_541\Debug\Rhea.a(CyFlash.o)
 .debug_aranges
                0x00001520       0x80 .\CortexM3\ARM_GCC_541\Debug\Rhea.a(CySpc.o)

.debug_pubnames
 *(.debug_pubnames)

.debug_info     0x00000000     0xa360
 *(.debug_info .gnu.linkonce.wi.*)
 .debug_info    0x00000000      0x929 .\CortexM3\ARM_GCC_541\Debug\BME280.o
 .debug_info    0x00000929     0x1464 .\CortexM3\ARM_GCC_541\Debug\MCP7940N.o
 .debug_info    0x00001d8d      0x325 .\CortexM3\ARM_GCC_541\Debug\SSD1306.o
 .debug_info    0x000020b2      0x919 .\CortexM3\ARM_GCC_541\Debug\gfx.o
 .debug_info    0x000029cb      0x229 .\CortexM3\ARM_GCC_541\Debug\gfx_impl.o
 .debug_info    0x00002bf4      0x11e .\CortexM3\ARM_GCC_541\Debug\i2c_rhea.o
 .debug_info    0x00002d12      0x16c .\CortexM3\ARM_GCC_541\Debug\i2c_impl.o
 .debug_info    0x00002e7e      0x313 .\CortexM3\ARM_GCC_541\Debug\alarm.o
 .debug_info    0x00003191      0x5fd .\CortexM3\ARM_GCC_541\Debug\datetime.o
 .debug_info    0x0000378e      0x44b .\CortexM3\ARM_GCC_541\Debug\rtc.o
 .debug_info    0x00003bd9      0x6e8 .\CortexM3\ARM_GCC_541\Debug\rtc_impl.o
 .debug_info    0x000042c1      0x2ea .\CortexM3\ARM_GCC_541\Debug\BME280_INTF.o
 .debug_info    0x000045ab      0x4ba .\CortexM3\ARM_GCC_541\Debug\sensor.o
 .debug_info    0x00004a65       0xc7 .\CortexM3\ARM_GCC_541\Debug\sensor_impl.o
 .debug_info    0x00004b2c      0x141 .\CortexM3\ARM_GCC_541\Debug\uart_impl.o
 .debug_info    0x00004c6d      0x31a .\CortexM3\ARM_GCC_541\Debug\uart_rhea.o
 .debug_info    0x00004f87      0x19c .\CortexM3\ARM_GCC_541\Debug\state.o
 .debug_info    0x00005123      0x1ec .\CortexM3\ARM_GCC_541\Debug\command.o
 .debug_info    0x0000530f      0x148 .\CortexM3\ARM_GCC_541\Debug\input.o
 .debug_info    0x00005457      0x51e .\CortexM3\ARM_GCC_541\Debug\menu.o
 .debug_info    0x00005975      0x1de .\CortexM3\ARM_GCC_541\Debug\main.o
 .debug_info    0x00005b53      0x463 .\CortexM3\ARM_GCC_541\Debug\cyfitter_cfg.o
 .debug_info    0x00005fb6      0x136 .\CortexM3\ARM_GCC_541\Debug\cymetadata.o
 .debug_info    0x000060ec      0x32b .\CortexM3\ARM_GCC_541\Debug\Cm3Start.o
 .debug_info    0x00006417      0x201 .\CortexM3\ARM_GCC_541\Debug\Rhea.a(I2C.o)
 .debug_info    0x00006618      0x156 .\CortexM3\ARM_GCC_541\Debug\Rhea.a(I2C_INT.o)
 .debug_info    0x0000676e      0x19a .\CortexM3\ARM_GCC_541\Debug\Rhea.a(I2C_PM.o)
 .debug_info    0x00006908      0x3f8 .\CortexM3\ARM_GCC_541\Debug\Rhea.a(I2C_MASTER.o)
 .debug_info    0x00006d00      0x51c .\CortexM3\ARM_GCC_541\Debug\Rhea.a(UART.o)
 .debug_info    0x0000721c      0x241 .\CortexM3\ARM_GCC_541\Debug\Rhea.a(RTC_INTR.o)
 .debug_info    0x0000745d      0x25d .\CortexM3\ARM_GCC_541\Debug\Rhea.a(DEBOUNCE_CLK.o)
 .debug_info    0x000076ba      0x241 .\CortexM3\ARM_GCC_541\Debug\Rhea.a(BTN_RIGHT_INTR.o)
 .debug_info    0x000078fb      0x241 .\CortexM3\ARM_GCC_541\Debug\Rhea.a(BTN_LEFT_INTR.o)
 .debug_info    0x00007b3c      0x241 .\CortexM3\ARM_GCC_541\Debug\Rhea.a(BTN_ENTER_INTR.o)
 .debug_info    0x00007d7d      0x245 .\CortexM3\ARM_GCC_541\Debug\Rhea.a(SENSOR_TIMER.o)
 .debug_info    0x00007fc2      0x241 .\CortexM3\ARM_GCC_541\Debug\Rhea.a(SENSOR_1MS.o)
 .debug_info    0x00008203      0x25d .\CortexM3\ARM_GCC_541\Debug\Rhea.a(UART_IntClock.o)
 .debug_info    0x00008460      0xe51 .\CortexM3\ARM_GCC_541\Debug\Rhea.a(CyLib.o)
 .debug_info    0x000092b1      0x57a .\CortexM3\ARM_GCC_541\Debug\Rhea.a(cyPm.o)
 .debug_info    0x0000982b      0x241 .\CortexM3\ARM_GCC_541\Debug\Rhea.a(UART_RX_INTR.o)
 .debug_info    0x00009a6c       0x7b .\CortexM3\ARM_GCC_541\Debug\Rhea.a(CyBootAsmGnu.o)
 .debug_info    0x00009ae7      0x3b9 .\CortexM3\ARM_GCC_541\Debug\Rhea.a(CyFlash.o)
 .debug_info    0x00009ea0      0x4c0 .\CortexM3\ARM_GCC_541\Debug\Rhea.a(CySpc.o)

.debug_abbrev   0x00000000     0x3281
 *(.debug_abbrev)
 .debug_abbrev  0x00000000      0x209 .\CortexM3\ARM_GCC_541\Debug\BME280.o
 .debug_abbrev  0x00000209      0x25a .\CortexM3\ARM_GCC_541\Debug\MCP7940N.o
 .debug_abbrev  0x00000463      0x153 .\CortexM3\ARM_GCC_541\Debug\SSD1306.o
 .debug_abbrev  0x000005b6      0x192 .\CortexM3\ARM_GCC_541\Debug\gfx.o
 .debug_abbrev  0x00000748       0xec .\CortexM3\ARM_GCC_541\Debug\gfx_impl.o
 .debug_abbrev  0x00000834       0xbb .\CortexM3\ARM_GCC_541\Debug\i2c_rhea.o
 .debug_abbrev  0x000008ef       0xbb .\CortexM3\ARM_GCC_541\Debug\i2c_impl.o
 .debug_abbrev  0x000009aa      0x10a .\CortexM3\ARM_GCC_541\Debug\alarm.o
 .debug_abbrev  0x00000ab4      0x14f .\CortexM3\ARM_GCC_541\Debug\datetime.o
 .debug_abbrev  0x00000c03      0x182 .\CortexM3\ARM_GCC_541\Debug\rtc.o
 .debug_abbrev  0x00000d85      0x1ac .\CortexM3\ARM_GCC_541\Debug\rtc_impl.o
 .debug_abbrev  0x00000f31       0xee .\CortexM3\ARM_GCC_541\Debug\BME280_INTF.o
 .debug_abbrev  0x0000101f      0x12e .\CortexM3\ARM_GCC_541\Debug\sensor.o
 .debug_abbrev  0x0000114d       0x67 .\CortexM3\ARM_GCC_541\Debug\sensor_impl.o
 .debug_abbrev  0x000011b4       0xaa .\CortexM3\ARM_GCC_541\Debug\uart_impl.o
 .debug_abbrev  0x0000125e       0xf0 .\CortexM3\ARM_GCC_541\Debug\uart_rhea.o
 .debug_abbrev  0x0000134e       0x9f .\CortexM3\ARM_GCC_541\Debug\state.o
 .debug_abbrev  0x000013ed      0x11c .\CortexM3\ARM_GCC_541\Debug\command.o
 .debug_abbrev  0x00001509       0x90 .\CortexM3\ARM_GCC_541\Debug\input.o
 .debug_abbrev  0x00001599      0x10a .\CortexM3\ARM_GCC_541\Debug\menu.o
 .debug_abbrev  0x000016a3       0xd4 .\CortexM3\ARM_GCC_541\Debug\main.o
 .debug_abbrev  0x00001777      0x1b7 .\CortexM3\ARM_GCC_541\Debug\cyfitter_cfg.o
 .debug_abbrev  0x0000192e       0x77 .\CortexM3\ARM_GCC_541\Debug\cymetadata.o
 .debug_abbrev  0x000019a5      0x1d6 .\CortexM3\ARM_GCC_541\Debug\Cm3Start.o
 .debug_abbrev  0x00001b7b       0xe2 .\CortexM3\ARM_GCC_541\Debug\Rhea.a(I2C.o)
 .debug_abbrev  0x00001c5d       0x81 .\CortexM3\ARM_GCC_541\Debug\Rhea.a(I2C_INT.o)
 .debug_abbrev  0x00001cde       0xf8 .\CortexM3\ARM_GCC_541\Debug\Rhea.a(I2C_PM.o)
 .debug_abbrev  0x00001dd6      0x11e .\CortexM3\ARM_GCC_541\Debug\Rhea.a(I2C_MASTER.o)
 .debug_abbrev  0x00001ef4      0x17b .\CortexM3\ARM_GCC_541\Debug\Rhea.a(UART.o)
 .debug_abbrev  0x0000206f      0x172 .\CortexM3\ARM_GCC_541\Debug\Rhea.a(RTC_INTR.o)
 .debug_abbrev  0x000021e1      0x11d .\CortexM3\ARM_GCC_541\Debug\Rhea.a(DEBOUNCE_CLK.o)
 .debug_abbrev  0x000022fe      0x172 .\CortexM3\ARM_GCC_541\Debug\Rhea.a(BTN_RIGHT_INTR.o)
 .debug_abbrev  0x00002470      0x172 .\CortexM3\ARM_GCC_541\Debug\Rhea.a(BTN_LEFT_INTR.o)
 .debug_abbrev  0x000025e2      0x172 .\CortexM3\ARM_GCC_541\Debug\Rhea.a(BTN_ENTER_INTR.o)
 .debug_abbrev  0x00002754       0xe9 .\CortexM3\ARM_GCC_541\Debug\Rhea.a(SENSOR_TIMER.o)
 .debug_abbrev  0x0000283d      0x172 .\CortexM3\ARM_GCC_541\Debug\Rhea.a(SENSOR_1MS.o)
 .debug_abbrev  0x000029af      0x11d .\CortexM3\ARM_GCC_541\Debug\Rhea.a(UART_IntClock.o)
 .debug_abbrev  0x00002acc      0x217 .\CortexM3\ARM_GCC_541\Debug\Rhea.a(CyLib.o)
 .debug_abbrev  0x00002ce3      0x161 .\CortexM3\ARM_GCC_541\Debug\Rhea.a(cyPm.o)
 .debug_abbrev  0x00002e44      0x172 .\CortexM3\ARM_GCC_541\Debug\Rhea.a(UART_RX_INTR.o)
 .debug_abbrev  0x00002fb6       0x14 .\CortexM3\ARM_GCC_541\Debug\Rhea.a(CyBootAsmGnu.o)
 .debug_abbrev  0x00002fca      0x14b .\CortexM3\ARM_GCC_541\Debug\Rhea.a(CyFlash.o)
 .debug_abbrev  0x00003115      0x16c .\CortexM3\ARM_GCC_541\Debug\Rhea.a(CySpc.o)

.debug_line     0x00000000     0x6188
 *(.debug_line)
 .debug_line    0x00000000      0x48f .\CortexM3\ARM_GCC_541\Debug\BME280.o
 .debug_line    0x0000048f      0x927 .\CortexM3\ARM_GCC_541\Debug\MCP7940N.o
 .debug_line    0x00000db6      0x237 .\CortexM3\ARM_GCC_541\Debug\SSD1306.o
 .debug_line    0x00000fed      0x3f3 .\CortexM3\ARM_GCC_541\Debug\gfx.o
 .debug_line    0x000013e0      0x1c1 .\CortexM3\ARM_GCC_541\Debug\gfx_impl.o
 .debug_line    0x000015a1      0x15f .\CortexM3\ARM_GCC_541\Debug\i2c_rhea.o
 .debug_line    0x00001700      0x184 .\CortexM3\ARM_GCC_541\Debug\i2c_impl.o
 .debug_line    0x00001884      0x203 .\CortexM3\ARM_GCC_541\Debug\alarm.o
 .debug_line    0x00001a87      0x404 .\CortexM3\ARM_GCC_541\Debug\datetime.o
 .debug_line    0x00001e8b      0x2a8 .\CortexM3\ARM_GCC_541\Debug\rtc.o
 .debug_line    0x00002133      0x304 .\CortexM3\ARM_GCC_541\Debug\rtc_impl.o
 .debug_line    0x00002437      0x273 .\CortexM3\ARM_GCC_541\Debug\BME280_INTF.o
 .debug_line    0x000026aa      0x290 .\CortexM3\ARM_GCC_541\Debug\sensor.o
 .debug_line    0x0000293a      0x149 .\CortexM3\ARM_GCC_541\Debug\sensor_impl.o
 .debug_line    0x00002a83      0x174 .\CortexM3\ARM_GCC_541\Debug\uart_impl.o
 .debug_line    0x00002bf7      0x236 .\CortexM3\ARM_GCC_541\Debug\uart_rhea.o
 .debug_line    0x00002e2d      0x148 .\CortexM3\ARM_GCC_541\Debug\state.o
 .debug_line    0x00002f75      0x19a .\CortexM3\ARM_GCC_541\Debug\command.o
 .debug_line    0x0000310f      0x17f .\CortexM3\ARM_GCC_541\Debug\input.o
 .debug_line    0x0000328e      0x311 .\CortexM3\ARM_GCC_541\Debug\menu.o
 .debug_line    0x0000359f      0x1c4 .\CortexM3\ARM_GCC_541\Debug\main.o
 .debug_line    0x00003763      0x206 .\CortexM3\ARM_GCC_541\Debug\cyfitter_cfg.o
 .debug_line    0x00003969      0x119 .\CortexM3\ARM_GCC_541\Debug\cymetadata.o
 .debug_line    0x00003a82      0x1c8 .\CortexM3\ARM_GCC_541\Debug\Cm3Start.o
 .debug_line    0x00003c4a       0xd5 .\CortexM3\ARM_GCC_541\Debug\Rhea.a(I2C.o)
 .debug_line    0x00003d1f      0x13b .\CortexM3\ARM_GCC_541\Debug\Rhea.a(I2C_INT.o)
 .debug_line    0x00003e5a       0xbb .\CortexM3\ARM_GCC_541\Debug\Rhea.a(I2C_PM.o)
 .debug_line    0x00003f15      0x1e8 .\CortexM3\ARM_GCC_541\Debug\Rhea.a(I2C_MASTER.o)
 .debug_line    0x000040fd      0x300 .\CortexM3\ARM_GCC_541\Debug\Rhea.a(UART.o)
 .debug_line    0x000043fd      0x153 .\CortexM3\ARM_GCC_541\Debug\Rhea.a(RTC_INTR.o)
 .debug_line    0x00004550      0x1ab .\CortexM3\ARM_GCC_541\Debug\Rhea.a(DEBOUNCE_CLK.o)
 .debug_line    0x000046fb      0x159 .\CortexM3\ARM_GCC_541\Debug\Rhea.a(BTN_RIGHT_INTR.o)
 .debug_line    0x00004854      0x158 .\CortexM3\ARM_GCC_541\Debug\Rhea.a(BTN_LEFT_INTR.o)
 .debug_line    0x000049ac      0x149 .\CortexM3\ARM_GCC_541\Debug\Rhea.a(BTN_ENTER_INTR.o)
 .debug_line    0x00004af5      0x164 .\CortexM3\ARM_GCC_541\Debug\Rhea.a(SENSOR_TIMER.o)
 .debug_line    0x00004c59      0x155 .\CortexM3\ARM_GCC_541\Debug\Rhea.a(SENSOR_1MS.o)
 .debug_line    0x00004dae      0x1ac .\CortexM3\ARM_GCC_541\Debug\Rhea.a(UART_IntClock.o)
 .debug_line    0x00004f5a      0x883 .\CortexM3\ARM_GCC_541\Debug\Rhea.a(CyLib.o)
 .debug_line    0x000057dd      0x38e .\CortexM3\ARM_GCC_541\Debug\Rhea.a(cyPm.o)
 .debug_line    0x00005b6b      0x157 .\CortexM3\ARM_GCC_541\Debug\Rhea.a(UART_RX_INTR.o)
 .debug_line    0x00005cc2       0x66 .\CortexM3\ARM_GCC_541\Debug\Rhea.a(CyBootAsmGnu.o)
 .debug_line    0x00005d28      0x22f .\CortexM3\ARM_GCC_541\Debug\Rhea.a(CyFlash.o)
 .debug_line    0x00005f57      0x231 .\CortexM3\ARM_GCC_541\Debug\Rhea.a(CySpc.o)

.debug_frame    0x00000000     0x65c8
 *(.debug_frame)
 .debug_frame   0x00000000      0x474 .\CortexM3\ARM_GCC_541\Debug\BME280.o
 .debug_frame   0x00000474      0xbe8 .\CortexM3\ARM_GCC_541\Debug\MCP7940N.o
 .debug_frame   0x0000105c      0x18c .\CortexM3\ARM_GCC_541\Debug\SSD1306.o
 .debug_frame   0x000011e8      0x344 .\CortexM3\ARM_GCC_541\Debug\gfx.o
 .debug_frame   0x0000152c       0xcc .\CortexM3\ARM_GCC_541\Debug\gfx_impl.o
 .debug_frame   0x000015f8       0xc0 .\CortexM3\ARM_GCC_541\Debug\i2c_rhea.o
 .debug_frame   0x000016b8       0xc0 .\CortexM3\ARM_GCC_541\Debug\i2c_impl.o
 .debug_frame   0x00001778       0x90 .\CortexM3\ARM_GCC_541\Debug\alarm.o
 .debug_frame   0x00001808      0x164 .\CortexM3\ARM_GCC_541\Debug\datetime.o
 .debug_frame   0x0000196c      0x1a0 .\CortexM3\ARM_GCC_541\Debug\rtc.o
 .debug_frame   0x00001b0c      0x1ec .\CortexM3\ARM_GCC_541\Debug\rtc_impl.o
 .debug_frame   0x00001cf8      0x230 .\CortexM3\ARM_GCC_541\Debug\BME280_INTF.o
 .debug_frame   0x00001f28      0x1c8 .\CortexM3\ARM_GCC_541\Debug\sensor.o
 .debug_frame   0x000020f0       0x2c .\CortexM3\ARM_GCC_541\Debug\sensor_impl.o
 .debug_frame   0x0000211c       0x94 .\CortexM3\ARM_GCC_541\Debug\uart_impl.o
 .debug_frame   0x000021b0      0x1c8 .\CortexM3\ARM_GCC_541\Debug\uart_rhea.o
 .debug_frame   0x00002378       0x38 .\CortexM3\ARM_GCC_541\Debug\state.o
 .debug_frame   0x000023b0       0xa4 .\CortexM3\ARM_GCC_541\Debug\command.o
 .debug_frame   0x00002454       0x98 .\CortexM3\ARM_GCC_541\Debug\input.o
 .debug_frame   0x000024ec      0x2c4 .\CortexM3\ARM_GCC_541\Debug\menu.o
 .debug_frame   0x000027b0       0x74 .\CortexM3\ARM_GCC_541\Debug\main.o
 .debug_frame   0x00002824      0x16c .\CortexM3\ARM_GCC_541\Debug\cyfitter_cfg.o
 .debug_frame   0x00002990       0xd8 .\CortexM3\ARM_GCC_541\Debug\Cm3Start.o
 .debug_frame   0x00002a68       0x98 .\CortexM3\ARM_GCC_541\Debug\Rhea.a(I2C.o)
 .debug_frame   0x00002b00       0x38 .\CortexM3\ARM_GCC_541\Debug\Rhea.a(I2C_INT.o)
 .debug_frame   0x00002b38       0x94 .\CortexM3\ARM_GCC_541\Debug\Rhea.a(I2C_PM.o)
 .debug_frame   0x00002bcc      0x208 .\CortexM3\ARM_GCC_541\Debug\Rhea.a(I2C_MASTER.o)
 .debug_frame   0x00002dd4      0x464 .\CortexM3\ARM_GCC_541\Debug\Rhea.a(UART.o)
 .debug_frame   0x00003238      0x1e8 .\CortexM3\ARM_GCC_541\Debug\Rhea.a(RTC_INTR.o)
 .debug_frame   0x00003420      0x1b4 .\CortexM3\ARM_GCC_541\Debug\Rhea.a(DEBOUNCE_CLK.o)
 .debug_frame   0x000035d4      0x1e8 .\CortexM3\ARM_GCC_541\Debug\Rhea.a(BTN_RIGHT_INTR.o)
 .debug_frame   0x000037bc      0x1e8 .\CortexM3\ARM_GCC_541\Debug\Rhea.a(BTN_LEFT_INTR.o)
 .debug_frame   0x000039a4      0x1e8 .\CortexM3\ARM_GCC_541\Debug\Rhea.a(BTN_ENTER_INTR.o)
 .debug_frame   0x00003b8c      0x208 .\CortexM3\ARM_GCC_541\Debug\Rhea.a(SENSOR_TIMER.o)
 .debug_frame   0x00003d94      0x1e8 .\CortexM3\ARM_GCC_541\Debug\Rhea.a(SENSOR_1MS.o)
 .debug_frame   0x00003f7c      0x1b4 .\CortexM3\ARM_GCC_541\Debug\Rhea.a(UART_IntClock.o)
 .debug_frame   0x00004130      0xc0c .\CortexM3\ARM_GCC_541\Debug\Rhea.a(CyLib.o)
 .debug_frame   0x00004d3c      0x234 .\CortexM3\ARM_GCC_541\Debug\Rhea.a(cyPm.o)
 .debug_frame   0x00004f70      0x1e8 .\CortexM3\ARM_GCC_541\Debug\Rhea.a(UART_RX_INTR.o)
 .debug_frame   0x00005158      0x238 .\CortexM3\ARM_GCC_541\Debug\Rhea.a(CyFlash.o)
 .debug_frame   0x00005390      0x228 .\CortexM3\ARM_GCC_541\Debug\Rhea.a(CySpc.o)
 .debug_frame   0x000055b8       0x34 e:/cypress/psoc creator/4.2/psoc creator/import/gnu/arm/5.4.1/bin/../lib/gcc/arm-none-eabi/5.4.1/../../../../arm-none-eabi/lib/armv7-m\libm.a(lib_a-s_floor.o)
 .debug_frame   0x000055ec       0x44 e:/cypress/psoc creator/4.2/psoc creator/import/gnu/arm/5.4.1/bin/../lib/gcc/arm-none-eabi/5.4.1/../../../../arm-none-eabi/lib/armv7-m\libm.a(lib_a-w_sqrt.o)
 .debug_frame   0x00005630       0x30 e:/cypress/psoc creator/4.2/psoc creator/import/gnu/arm/5.4.1/bin/../lib/gcc/arm-none-eabi/5.4.1/../../../../arm-none-eabi/lib/armv7-m\libm.a(lib_a-e_sqrt.o)
 .debug_frame   0x00005660       0x20 e:/cypress/psoc creator/4.2/psoc creator/import/gnu/arm/5.4.1/bin/../lib/gcc/arm-none-eabi/5.4.1/../../../../arm-none-eabi/lib/armv7-m\libm.a(lib_a-s_matherr.o)
 .debug_frame   0x00005680       0x44 e:/cypress/psoc creator/4.2/psoc creator/import/gnu/arm/5.4.1/bin/../lib/gcc/arm-none-eabi/5.4.1/armv7-m\libgcc.a(_aeabi_ldivmod.o)
 .debug_frame   0x000056c4       0x3c e:/cypress/psoc creator/4.2/psoc creator/import/gnu/arm/5.4.1/bin/../lib/gcc/arm-none-eabi/5.4.1/armv7-m\libgcc.a(_fixdfdi.o)
 .debug_frame   0x00005700       0x2c e:/cypress/psoc creator/4.2/psoc creator/import/gnu/arm/5.4.1/bin/../lib/gcc/arm-none-eabi/5.4.1/armv7-m\libgcc.a(_fixunsdfdi.o)
 .debug_frame   0x0000572c       0x38 e:/cypress/psoc creator/4.2/psoc creator/import/gnu/arm/5.4.1/bin/../lib/gcc/arm-none-eabi/5.4.1/armv7-m\libgcc.a(_udivmoddi4.o)
 .debug_frame   0x00005764       0x20 e:/cypress/psoc creator/4.2/psoc creator/import/gnu/arm/5.4.1/bin/../lib/gcc/arm-none-eabi/5.4.1/../../../../arm-none-eabi/lib/armv7-m\libg_nano.a(lib_a-errno.o)
 .debug_frame   0x00005784       0x28 e:/cypress/psoc creator/4.2/psoc creator/import/gnu/arm/5.4.1/bin/../lib/gcc/arm-none-eabi/5.4.1/../../../../arm-none-eabi/lib/armv7-m\libg_nano.a(lib_a-exit.o)
 .debug_frame   0x000057ac       0x2c e:/cypress/psoc creator/4.2/psoc creator/import/gnu/arm/5.4.1/bin/../lib/gcc/arm-none-eabi/5.4.1/../../../../arm-none-eabi/lib/armv7-m\libg_nano.a(lib_a-init.o)
 .debug_frame   0x000057d8       0x28 e:/cypress/psoc creator/4.2/psoc creator/import/gnu/arm/5.4.1/bin/../lib/gcc/arm-none-eabi/5.4.1/../../../../arm-none-eabi/lib/armv7-m\libg_nano.a(lib_a-memcpy-stub.o)
 .debug_frame   0x00005800       0x20 e:/cypress/psoc creator/4.2/psoc creator/import/gnu/arm/5.4.1/bin/../lib/gcc/arm-none-eabi/5.4.1/../../../../arm-none-eabi/lib/armv7-m\libg_nano.a(lib_a-memset.o)
 .debug_frame   0x00005820       0x8c e:/cypress/psoc creator/4.2/psoc creator/import/gnu/arm/5.4.1/bin/../lib/gcc/arm-none-eabi/5.4.1/../../../../arm-none-eabi/lib/armv7-m\libg_nano.a(lib_a-nano-vfprintf_float.o)
 .debug_frame   0x000058ac       0x60 e:/cypress/psoc creator/4.2/psoc creator/import/gnu/arm/5.4.1/bin/../lib/gcc/arm-none-eabi/5.4.1/../../../../arm-none-eabi/lib/armv7-m\libg_nano.a(lib_a-nano-vfprintf_i.o)
 .debug_frame   0x0000590c       0x70 e:/cypress/psoc creator/4.2/psoc creator/import/gnu/arm/5.4.1/bin/../lib/gcc/arm-none-eabi/5.4.1/../../../../arm-none-eabi/lib/armv7-m\libg_nano.a(lib_a-sprintf.o)
 .debug_frame   0x0000597c       0x80 e:/cypress/psoc creator/4.2/psoc creator/import/gnu/arm/5.4.1/bin/../lib/gcc/arm-none-eabi/5.4.1/../../../../arm-none-eabi/lib/armv7-m\libg_nano.a(lib_a-sscanf.o)
 .debug_frame   0x000059fc       0x88 e:/cypress/psoc creator/4.2/psoc creator/import/gnu/arm/5.4.1/bin/../lib/gcc/arm-none-eabi/5.4.1/../../../../arm-none-eabi/lib/armv7-m\libg_nano.a(lib_a-stdio.o)
 .debug_frame   0x00005a84       0x28 e:/cypress/psoc creator/4.2/psoc creator/import/gnu/arm/5.4.1/bin/../lib/gcc/arm-none-eabi/5.4.1/../../../../arm-none-eabi/lib/armv7-m\libg_nano.a(lib_a-strcat.o)
 .debug_frame   0x00005aac       0x20 e:/cypress/psoc creator/4.2/psoc creator/import/gnu/arm/5.4.1/bin/../lib/gcc/arm-none-eabi/5.4.1/../../../../arm-none-eabi/lib/armv7-m\libg_nano.a(lib_a-strcmp.o)
 .debug_frame   0x00005acc       0x20 e:/cypress/psoc creator/4.2/psoc creator/import/gnu/arm/5.4.1/bin/../lib/gcc/arm-none-eabi/5.4.1/../../../../arm-none-eabi/lib/armv7-m\libg_nano.a(lib_a-strcpy.o)
 .debug_frame   0x00005aec       0x2c e:/cypress/psoc creator/4.2/psoc creator/import/gnu/arm/5.4.1/bin/../lib/gcc/arm-none-eabi/5.4.1/../../../../arm-none-eabi/lib/armv7-m\libg_nano.a(lib_a-writer.o)
 .debug_frame   0x00005b18       0x2c e:/cypress/psoc creator/4.2/psoc creator/import/gnu/arm/5.4.1/bin/../lib/gcc/arm-none-eabi/5.4.1/../../../../arm-none-eabi/lib/armv7-m\libg_nano.a(lib_a-closer.o)
 .debug_frame   0x00005b44       0x6c e:/cypress/psoc creator/4.2/psoc creator/import/gnu/arm/5.4.1/bin/../lib/gcc/arm-none-eabi/5.4.1/../../../../arm-none-eabi/lib/armv7-m\libg_nano.a(lib_a-dtoa.o)
 .debug_frame   0x00005bb0       0x98 e:/cypress/psoc creator/4.2/psoc creator/import/gnu/arm/5.4.1/bin/../lib/gcc/arm-none-eabi/5.4.1/../../../../arm-none-eabi/lib/armv7-m\libg_nano.a(lib_a-locale.o)
 .debug_frame   0x00005c48       0x2c e:/cypress/psoc creator/4.2/psoc creator/import/gnu/arm/5.4.1/bin/../lib/gcc/arm-none-eabi/5.4.1/../../../../arm-none-eabi/lib/armv7-m\libg_nano.a(lib_a-lseekr.o)
 .debug_frame   0x00005c74       0x30 e:/cypress/psoc creator/4.2/psoc creator/import/gnu/arm/5.4.1/bin/../lib/gcc/arm-none-eabi/5.4.1/../../../../arm-none-eabi/lib/armv7-m\libg_nano.a(lib_a-malloc.o)
 .debug_frame   0x00005ca4       0x28 e:/cypress/psoc creator/4.2/psoc creator/import/gnu/arm/5.4.1/bin/../lib/gcc/arm-none-eabi/5.4.1/../../../../arm-none-eabi/lib/armv7-m\libg_nano.a(lib_a-memchr-stub.o)
 .debug_frame   0x00005ccc      0x234 e:/cypress/psoc creator/4.2/psoc creator/import/gnu/arm/5.4.1/bin/../lib/gcc/arm-none-eabi/5.4.1/../../../../arm-none-eabi/lib/armv7-m\libg_nano.a(lib_a-mprec.o)
 .debug_frame   0x00005f00       0x2c e:/cypress/psoc creator/4.2/psoc creator/import/gnu/arm/5.4.1/bin/../lib/gcc/arm-none-eabi/5.4.1/../../../../arm-none-eabi/lib/armv7-m\libg_nano.a(lib_a-nano-callocr.o)
 .debug_frame   0x00005f2c       0x38 e:/cypress/psoc creator/4.2/psoc creator/import/gnu/arm/5.4.1/bin/../lib/gcc/arm-none-eabi/5.4.1/../../../../arm-none-eabi/lib/armv7-m\libg_nano.a(lib_a-nano-freer.o)
 .debug_frame   0x00005f64       0x2c e:/cypress/psoc creator/4.2/psoc creator/import/gnu/arm/5.4.1/bin/../lib/gcc/arm-none-eabi/5.4.1/../../../../arm-none-eabi/lib/armv7-m\libg_nano.a(lib_a-nano-mallocr.o)
 .debug_frame   0x00005f90       0x90 e:/cypress/psoc creator/4.2/psoc creator/import/gnu/arm/5.4.1/bin/../lib/gcc/arm-none-eabi/5.4.1/../../../../arm-none-eabi/lib/armv7-m\libg_nano.a(lib_a-nano-svfprintf.o)
 .debug_frame   0x00006020       0x74 e:/cypress/psoc creator/4.2/psoc creator/import/gnu/arm/5.4.1/bin/../lib/gcc/arm-none-eabi/5.4.1/../../../../arm-none-eabi/lib/armv7-m\libg_nano.a(lib_a-nano-svfscanf.o)
 .debug_frame   0x00006094       0x60 e:/cypress/psoc creator/4.2/psoc creator/import/gnu/arm/5.4.1/bin/../lib/gcc/arm-none-eabi/5.4.1/../../../../arm-none-eabi/lib/armv7-m\libg_nano.a(lib_a-nano-vfscanf_i.o)
 .debug_frame   0x000060f4       0x2c e:/cypress/psoc creator/4.2/psoc creator/import/gnu/arm/5.4.1/bin/../lib/gcc/arm-none-eabi/5.4.1/../../../../arm-none-eabi/lib/armv7-m\libg_nano.a(lib_a-readr.o)
 .debug_frame   0x00006120       0x5c e:/cypress/psoc creator/4.2/psoc creator/import/gnu/arm/5.4.1/bin/../lib/gcc/arm-none-eabi/5.4.1/../../../../arm-none-eabi/lib/armv7-m\libg_nano.a(lib_a-reent.o)
 .debug_frame   0x0000617c       0x2c e:/cypress/psoc creator/4.2/psoc creator/import/gnu/arm/5.4.1/bin/../lib/gcc/arm-none-eabi/5.4.1/../../../../arm-none-eabi/lib/armv7-m\libg_nano.a(lib_a-sbrkr.o)
 .debug_frame   0x000061a8       0x2c e:/cypress/psoc creator/4.2/psoc creator/import/gnu/arm/5.4.1/bin/../lib/gcc/arm-none-eabi/5.4.1/../../../../arm-none-eabi/lib/armv7-m\libg_nano.a(lib_a-sccl.o)
 .debug_frame   0x000061d4       0x44 e:/cypress/psoc creator/4.2/psoc creator/import/gnu/arm/5.4.1/bin/../lib/gcc/arm-none-eabi/5.4.1/../../../../arm-none-eabi/lib/armv7-m\libg_nano.a(lib_a-strtol.o)
 .debug_frame   0x00006218       0x44 e:/cypress/psoc creator/4.2/psoc creator/import/gnu/arm/5.4.1/bin/../lib/gcc/arm-none-eabi/5.4.1/../../../../arm-none-eabi/lib/armv7-m\libg_nano.a(lib_a-strtoul.o)
 .debug_frame   0x0000625c       0x60 e:/cypress/psoc creator/4.2/psoc creator/import/gnu/arm/5.4.1/bin/../lib/gcc/arm-none-eabi/5.4.1/../../../../arm-none-eabi/lib/armv7-m\libg_nano.a(lib_a-ungetc.o)
 .debug_frame   0x000062bc       0x68 e:/cypress/psoc creator/4.2/psoc creator/import/gnu/arm/5.4.1/bin/../lib/gcc/arm-none-eabi/5.4.1/../../../../arm-none-eabi/lib/armv7-m\libg_nano.a(lib_a-fflush.o)
 .debug_frame   0x00006324      0x11c e:/cypress/psoc creator/4.2/psoc creator/import/gnu/arm/5.4.1/bin/../lib/gcc/arm-none-eabi/5.4.1/../../../../arm-none-eabi/lib/armv7-m\libg_nano.a(lib_a-findfp.o)
 .debug_frame   0x00006440       0x54 e:/cypress/psoc creator/4.2/psoc creator/import/gnu/arm/5.4.1/bin/../lib/gcc/arm-none-eabi/5.4.1/../../../../arm-none-eabi/lib/armv7-m\libg_nano.a(lib_a-fwalk.o)
 .debug_frame   0x00006494       0x28 e:/cypress/psoc creator/4.2/psoc creator/import/gnu/arm/5.4.1/bin/../lib/gcc/arm-none-eabi/5.4.1/../../../../arm-none-eabi/lib/armv7-m\libg_nano.a(lib_a-memmove.o)
 .debug_frame   0x000064bc       0x30 e:/cypress/psoc creator/4.2/psoc creator/import/gnu/arm/5.4.1/bin/../lib/gcc/arm-none-eabi/5.4.1/../../../../arm-none-eabi/lib/armv7-m\libg_nano.a(lib_a-mlock.o)
 .debug_frame   0x000064ec       0x3c e:/cypress/psoc creator/4.2/psoc creator/import/gnu/arm/5.4.1/bin/../lib/gcc/arm-none-eabi/5.4.1/../../../../arm-none-eabi/lib/armv7-m\libg_nano.a(lib_a-nano-reallocr.o)
 .debug_frame   0x00006528       0x20 e:/cypress/psoc creator/4.2/psoc creator/import/gnu/arm/5.4.1/bin/../lib/gcc/arm-none-eabi/5.4.1/../../../../arm-none-eabi/lib/armv7-m\libg_nano.a(lib_a-nano-msizer.o)
 .debug_frame   0x00006548       0x20 e:/cypress/psoc creator/4.2/psoc creator/import/gnu/arm/5.4.1/bin/../lib/gcc/arm-none-eabi/5.4.1/../../../../arm-none-eabi/lib/armv7-m\libnosys.a(close.o)
 .debug_frame   0x00006568       0x20 e:/cypress/psoc creator/4.2/psoc creator/import/gnu/arm/5.4.1/bin/../lib/gcc/arm-none-eabi/5.4.1/../../../../arm-none-eabi/lib/armv7-m\libnosys.a(lseek.o)
 .debug_frame   0x00006588       0x20 e:/cypress/psoc creator/4.2/psoc creator/import/gnu/arm/5.4.1/bin/../lib/gcc/arm-none-eabi/5.4.1/../../../../arm-none-eabi/lib/armv7-m\libnosys.a(read.o)
 .debug_frame   0x000065a8       0x20 e:/cypress/psoc creator/4.2/psoc creator/import/gnu/arm/5.4.1/bin/../lib/gcc/arm-none-eabi/5.4.1/../../../../arm-none-eabi/lib/armv7-m\libnosys.a(write.o)

.debug_str      0x00000000     0x4c1d
 *(.debug_str)
 .debug_str     0x00000000      0x6ae .\CortexM3\ARM_GCC_541\Debug\BME280.o
                                0x760 (size before relaxing)
 .debug_str     0x000006ae      0x9c5 .\CortexM3\ARM_GCC_541\Debug\MCP7940N.o
                                0xbce (size before relaxing)
 .debug_str     0x00001073      0x162 .\CortexM3\ARM_GCC_541\Debug\SSD1306.o
                                0x315 (size before relaxing)
 .debug_str     0x000011d5      0x32d .\CortexM3\ARM_GCC_541\Debug\gfx.o
                                0x4fe (size before relaxing)
 .debug_str     0x00001502       0x91 .\CortexM3\ARM_GCC_541\Debug\gfx_impl.o
                                0x2b5 (size before relaxing)
 .debug_str     0x00001593       0x94 .\CortexM3\ARM_GCC_541\Debug\i2c_rhea.o
                                0x1ed (size before relaxing)
 .debug_str     0x00001627       0xa3 .\CortexM3\ARM_GCC_541\Debug\i2c_impl.o
                                0x24c (size before relaxing)
 .debug_str     0x000016ca      0x193 .\CortexM3\ARM_GCC_541\Debug\alarm.o
                                0x360 (size before relaxing)
 .debug_str     0x0000185d      0x1c7 .\CortexM3\ARM_GCC_541\Debug\datetime.o
                                0x43f (size before relaxing)
 .debug_str     0x00001a24      0x19a .\CortexM3\ARM_GCC_541\Debug\rtc.o
                                0x410 (size before relaxing)
 .debug_str     0x00001bbe      0x229 .\CortexM3\ARM_GCC_541\Debug\rtc_impl.o
                                0x573 (size before relaxing)
 .debug_str     0x00001de7      0x176 .\CortexM3\ARM_GCC_541\Debug\BME280_INTF.o
                                0x34b (size before relaxing)
 .debug_str     0x00001f5d      0x299 .\CortexM3\ARM_GCC_541\Debug\sensor.o
                                0x439 (size before relaxing)
 .debug_str     0x000021f6       0x36 .\CortexM3\ARM_GCC_541\Debug\sensor_impl.o
                                0x1bb (size before relaxing)
 .debug_str     0x0000222c       0x7f .\CortexM3\ARM_GCC_541\Debug\uart_impl.o
                                0x22f (size before relaxing)
 .debug_str     0x000022ab      0x118 .\CortexM3\ARM_GCC_541\Debug\uart_rhea.o