Archive member included to satisfy reference by file (symbol)

.\CortexM3\ARM_GCC_541\Debug\Rhea.a(I2C.o)
                              .\CortexM3\ARM_GCC_541\Debug\i2c_impl.o (I2C_Start)
.\CortexM3\ARM_GCC_541\Debug\Rhea.a(I2C_INT.o)
                              .\CortexM3\ARM_GCC_541\Debug\Rhea.a(I2C.o) (I2C_ISR)
.\CortexM3\ARM_GCC_541\Debug\Rhea.a(I2C_PM.o)
                              .\CortexM3\ARM_GCC_541\Debug\Rhea.a(I2C.o) (I2C_backup)
.\CortexM3\ARM_GCC_541\Debug\Rhea.a(I2C_MASTER.o)
                              .\CortexM3\ARM_GCC_541\Debug\Rhea.a(I2C.o) (I2C_mstrStatus)
.\CortexM3\ARM_GCC_541\Debug\Rhea.a(UART.o)
                              .\CortexM3\ARM_GCC_541\Debug\uart_impl.o (UART_Start)
.\CortexM3\ARM_GCC_541\Debug\Rhea.a(RTC_INTR.o)
                              .\CortexM3\ARM_GCC_541\Debug\rtc_impl.o (RTC_INTR_StartEx)
.\CortexM3\ARM_GCC_541\Debug\Rhea.a(DEBOUNCE_CLK.o)
                              .\CortexM3\ARM_GCC_541\Debug\input.o (DEBOUNCE_CLK_Start)
.\CortexM3\ARM_GCC_541\Debug\Rhea.a(BTN_RIGHT_INTR.o)
                              .\CortexM3\ARM_GCC_541\Debug\input.o (BTN_RIGHT_INTR_StartEx)
.\CortexM3\ARM_GCC_541\Debug\Rhea.a(BTN_LEFT_INTR.o)
                              .\CortexM3\ARM_GCC_541\Debug\input.o (BTN_LEFT_INTR_StartEx)
.\CortexM3\ARM_GCC_541\Debug\Rhea.a(BTN_ENTER_INTR.o)
                              .\CortexM3\ARM_GCC_541\Debug\input.o (BTN_ENTER_INTR_StartEx)
.\CortexM3\ARM_GCC_541\Debug\Rhea.a(SENSOR_TIMER.o)
                              .\CortexM3\ARM_GCC_541\Debug\sensor_impl.o (SENSOR_TIMER_Start)
.\CortexM3\ARM_GCC_541\Debug\Rhea.a(SENSOR_1MS.o)
                              .\CortexM3\ARM_GCC_541\Debug\sensor_impl.o (SENSOR_1MS_StartEx)
.\CortexM3\ARM_GCC_541\Debug\Rhea.a(UART_IntClock.o)
                              .\CortexM3\ARM_GCC_541\Debug\Rhea.a(UART.o) (UART_IntClock_Start)
.\CortexM3\ARM_GCC_541\Debug\Rhea.a(CyLib.o)
                              .\CortexM3\ARM_GCC_541\Debug\Cm3Start.o (CyResetStatus)
.\CortexM3\ARM_GCC_541\Debug\Rhea.a(cyPm.o)
                              .\CortexM3\ARM_GCC_541\Debug\Rhea.a(CyLib.o) (CyPmReadStatus)
.\CortexM3\ARM_GCC_541\Debug\Rhea.a(UART_RX_INTR.o)
                              .\CortexM3\ARM_GCC_541\Debug\command.o (UART_RX_INTR_StartEx)
.\CortexM3\ARM_GCC_541\Debug\Rhea.a(CyBootAsmGnu.o)
                              .\CortexM3\ARM_GCC_541\Debug\cyfitter_cfg.o (CyDelayCycles)
.\CortexM3\ARM_GCC_541\Debug\Rhea.a(CyFlash.o)
                              .\CortexM3\ARM_GCC_541\Debug\Rhea.a(cyPm.o) (CyFlash_SetWaitCycles)
.\CortexM3\ARM_GCC_541\Debug\Rhea.a(CySpc.o)
                              .\CortexM3\ARM_GCC_541\Debug\Rhea.a(CyFlash.o) (CySpcStart)
e:/cypress/psoc creator/4.2/psoc creator/import/gnu/arm/5.4.1/bin/../lib/gcc/arm-none-eabi/5.4.1/../../../../arm-none-eabi/lib/armv7-m\libm.a(lib_a-s_floor.o)
                              .\CortexM3\ARM_GCC_541\Debug\datetime.o (floor)
e:/cypress/psoc creator/4.2/psoc creator/import/gnu/arm/5.4.1/bin/../lib/gcc/arm-none-eabi/5.4.1/../../../../arm-none-eabi/lib/armv7-m\libm.a(lib_a-w_sqrt.o)
                              .\CortexM3\ARM_GCC_541\Debug\gfx.o (sqrt)
e:/cypress/psoc creator/4.2/psoc creator/import/gnu/arm/5.4.1/bin/../lib/gcc/arm-none-eabi/5.4.1/../../../../arm-none-eabi/lib/armv7-m\libm.a(lib_a-e_sqrt.o)
                              e:/cypress/psoc creator/4.2/psoc creator/import/gnu/arm/5.4.1/bin/../lib/gcc/arm-none-eabi/5.4.1/../../../../arm-none-eabi/lib/armv7-m\libm.a(lib_a-w_sqrt.o) (__ieee754_sqrt)
e:/cypress/psoc creator/4.2/psoc creator/import/gnu/arm/5.4.1/bin/../lib/gcc/arm-none-eabi/5.4.1/../../../../arm-none-eabi/lib/armv7-m\libm.a(lib_a-s_lib_ver.o)
                              e:/cypress/psoc creator/4.2/psoc creator/import/gnu/arm/5.4.1/bin/../lib/gcc/arm-none-eabi/5.4.1/../../../../arm-none-eabi/lib/armv7-m\libm.a(lib_a-w_sqrt.o) (__fdlib_version)
e:/cypress/psoc creator/4.2/psoc creator/import/gnu/arm/5.4.1/bin/../lib/gcc/arm-none-eabi/5.4.1/../../../../arm-none-eabi/lib/armv7-m\libm.a(lib_a-s_matherr.o)
                              e:/cypress/psoc creator/4.2/psoc creator/import/gnu/arm/5.4.1/bin/../lib/gcc/arm-none-eabi/5.4.1/../../../../arm-none-eabi/lib/armv7-m\libm.a(lib_a-w_sqrt.o) (matherr)
e:/cypress/psoc creator/4.2/psoc creator/import/gnu/arm/5.4.1/bin/../lib/gcc/arm-none-eabi/5.4.1/armv7-m\libgcc.a(_arm_addsubdf3.o)
                              .\CortexM3\ARM_GCC_541\Debug\BME280.o (__aeabi_dsub)
e:/cypress/psoc creator/4.2/psoc creator/import/gnu/arm/5.4.1/bin/../lib/gcc/arm-none-eabi/5.4.1/armv7-m\libgcc.a(_arm_muldivdf3.o)
                              .\CortexM3\ARM_GCC_541\Debug\BME280.o (__aeabi_dmul)
e:/cypress/psoc creator/4.2/psoc creator/import/gnu/arm/5.4.1/bin/../lib/gcc/arm-none-eabi/5.4.1/armv7-m\libgcc.a(_arm_cmpdf2.o)
                              .\CortexM3\ARM_GCC_541\Debug\BME280.o (__aeabi_dcmplt)
[...]
Memory Configuration

Name             Origin             Length             Attributes
rom              0x00000000         0x00040000         xr
ram              0x1fff8000         0x00010000         xrw
*default*        0x00000000         0xffffffff

Linker script and memory map

LOAD e:/cypress/psoc creator/4.2/psoc creator/import/gnu/arm/5.4.1/bin/../lib/gcc/arm-none-eabi/5.4.1/armv7-m/crti.o
LOAD e:/cypress/psoc creator/4.2/psoc creator/import/gnu/arm/5.4.1/bin/../lib/gcc/arm-none-eabi/5.4.1/armv7-m/crtbegin.o
LOAD e:/cypress/psoc creator/4.2/psoc creator/import/gnu/arm/5.4.1/bin/../lib/gcc/arm-none-eabi/5.4.1/../../../../arm-none-eabi/lib/armv7-m/crt0.o
START GROUP
LOAD .\CortexM3\ARM_GCC_541\Debug\BME280.o
LOAD .\CortexM3\ARM_GCC_541\Debug\MCP7940N.o
LOAD .\CortexM3\ARM_GCC_541\Debug\SSD1306.o
LOAD .\CortexM3\ARM_GCC_541\Debug\gfx.o
LOAD .\CortexM3\ARM_GCC_541\Debug\gfx_impl.o
LOAD .\CortexM3\ARM_GCC_541\Debug\i2c_rhea.o
LOAD .\CortexM3\ARM_GCC_541\Debug\i2c_impl.o
LOAD .\CortexM3\ARM_GCC_541\Debug\alarm.o
LOAD .\CortexM3\ARM_GCC_541\Debug\datetime.o
LOAD .\CortexM3\ARM_GCC_541\Debug\rtc.o
LOAD .\CortexM3\ARM_GCC_541\Debug\rtc_impl.o
LOAD .\CortexM3\ARM_GCC_541\Debug\BME280_INTF.o
LOAD .\CortexM3\ARM_GCC_541\Debug\sensor.o
LOAD .\CortexM3\ARM_GCC_541\Debug\sensor_impl.o
LOAD .\CortexM3\ARM_GCC_541\Debug\uart_impl.o
LOAD .\CortexM3\ARM_GCC_541\Debug\uart_rhea.o
LOAD .\CortexM3\ARM_GCC_541\Debug\state.o
LOAD .\CortexM3\ARM_GCC_541\Debug\command.o
LOAD .\CortexM3\ARM_GCC_541\Debug\input.o
LOAD .\CortexM3\ARM_GCC_541\Debug\menu.o
LOAD .\CortexM3\ARM_GCC_541\Debug\main.o
LOAD .\CortexM3\ARM_GCC_541\Debug\cyfitter_cfg.o
LOAD .\CortexM3\ARM_GCC_541\Debug\cymetadata.o
LOAD .\CortexM3\ARM_GCC_541\Debug\Cm3Start.o
LOAD .\CortexM3\ARM_GCC_541\Debug\Rhea.a
LOAD E:\Cypress\PSoC Creator\4.2\PSoC Creator\psoc\content\cycomponentlibrary\CyComponentLibrary.cylib\CortexM3\ARM_GCC_541\Debug\CyComponentLibrary.a
LOAD e:/cypress/psoc creator/4.2/psoc creator/import/gnu/arm/5.4.1/bin/../lib/gcc/arm-none-eabi/5.4.1/../../../../arm-none-eabi/lib/armv7-m\libm.a
END GROUP
START GROUP
LOAD e:/cypress/psoc creator/4.2/psoc creator/import/gnu/arm/5.4.1/bin/../lib/gcc/arm-none-eabi/5.4.1/armv7-m\libgcc.a
LOAD e:/cypress/psoc creator/4.2/psoc creator/import/gnu/arm/5.4.1/bin/../lib/gcc/arm-none-eabi/5.4.1/../../../../arm-none-eabi/lib/armv7-m\libg_nano.a
LOAD e:/cypress/psoc creator/4.2/psoc creator/import/gnu/arm/5.4.1/bin/../lib/gcc/arm-none-eabi/5.4.1/../../../../arm-none-eabi/lib/armv7-m\libc_nano.a
END GROUP
START GROUP
LOAD e:/cypress/psoc creator/4.2/psoc creator/import/gnu/arm/5.4.1/bin/../lib/gcc/arm-none-eabi/5.4.1/armv7-m\libgcc.a
LOAD e:/cypress/psoc creator/4.2/psoc creator/import/gnu/arm/5.4.1/bin/../lib/gcc/arm-none-eabi/5.4.1/../../../../arm-none-eabi/lib/armv7-m\libc_nano.a
END GROUP
LOAD e:/cypress/psoc creator/4.2/psoc creator/import/gnu/arm/5.4.1/bin/../lib/gcc/arm-none-eabi/5.4.1/armv7-m/crtend.o
LOAD e:/cypress/psoc creator/4.2/psoc creator/import/gnu/arm/5.4.1/bin/../lib/gcc/arm-none-eabi/5.4.1/armv7-m/crtn.o
START GROUP
LOAD e:/cypress/psoc creator/4.2/psoc creator/import/gnu/arm/5.4.1/bin/../lib/gcc/arm-none-eabi/5.4.1/armv7-m\libgcc.a
LOAD e:/cypress/psoc creator/4.2/psoc creator/import/gnu/arm/5.4.1/bin/../lib/gcc/arm-none-eabi/5.4.1/../../../../arm-none-eabi/lib/armv7-m\libc.a
LOAD e:/cypress/psoc creator/4.2/psoc creator/import/gnu/arm/5.4.1/bin/../lib/gcc/arm-none-eabi/5.4.1/../../../../arm-none-eabi/lib/armv7-m\libnosys.a
END GROUP
                0x00000000                CY_APPL_ORIGIN = 0x0
                0x00000100                CY_FLASH_ROW_SIZE = 0x100
                0x00000020                CY_ECC_ROW_SIZE = 0x20
                0x00000000                CY_EE_IN_BTLDR = 0x0
                0x00000000                CY_APPL_LOADABLE = 0x0
                0x00000800                CY_EE_SIZE = 0x800
                0x00000001                CY_APPL_NUM = 0x1
                0x00000001                CY_APPL_MAX = 0x1
                0x00000040                CY_METADATA_SIZE = 0x40
                0x00000000                CY_APPL_LOADABLE = 0x0
                0x00000000                CY_CHECKSUM_EXCLUDE_SIZE = ALIGN (0x0, CY_FLASH_ROW_SIZE)
                [!provide]                PROVIDE (__cy_heap_start, _end)
                0x00000001                PROVIDE (__cy_region_num, ((__cy_regions_end - __cy_regions) / 0x10))
                0x20008000                PROVIDE (__cy_stack, (ORIGIN (ram) + LENGTH (ram)))
                [!provide]                PROVIDE (__cy_heap_end, (__cy_stack - 0x800))

.cybootloader   0x00000000        0x0
 *(.cybootloader)
                0x00000000                appl1_start = CY_APPL_ORIGIN?CY_APPL_ORIGIN:ALIGN (CY_FLASH_ROW_SIZE)
                0x0001ff00                appl2_start = (appl1_start + ALIGN ((((LENGTH (rom) - appl1_start) - (0x2 * CY_FLASH_ROW_SIZE)) / 0x2), CY_FLASH_ROW_SIZE))
                0x00000000                appl_start = (CY_APPL_NUM == 0x1)?appl1_start:appl2_start
                0x00000000                ecc_offset = ((appl_start / CY_FLASH_ROW_SIZE) * CY_ECC_ROW_SIZE)
                0x00000000                ee_offset = (CY_APPL_LOADABLE && ! (CY_EE_IN_BTLDR))?((CY_EE_SIZE / CY_APPL_MAX) * (CY_APPL_NUM - 0x1)):0x0
                0x00000800                ee_size = (CY_APPL_LOADABLE && ! (CY_EE_IN_BTLDR))?(CY_EE_SIZE / CY_APPL_MAX):CY_EE_SIZE
                [!provide]                PROVIDE (CY_ECC_OFFSET, ecc_offset)

.text           0x00000000     0x7a7c
 CREATE_OBJECT_SYMBOLS
                0x00000000                PROVIDE (__cy_interrupt_vector, RomVectors)
 *(.romvectors)
 .romvectors    0x00000000       0x10 .\CortexM3\ARM_GCC_541\Debug\Cm3Start.o
                0x00000000                RomVectors
                0x00000001                ASSERT ((. != __cy_interrupt_vector), No interrupt vector)
                0x00000001                ASSERT (CY_APPL_ORIGIN?(SIZEOF (.cybootloader) <= CY_APPL_ORIGIN):0x1, Wrong image location)
                0x00000010                PROVIDE (__cy_reset, Reset)
 *(.text.Reset)
 .text.Reset    0x00000010       0x18 .\CortexM3\ARM_GCC_541\Debug\Cm3Start.o
                0x00000010                Reset
                0x00000001                ASSERT ((. != __cy_reset), No reset code)
 *(.dma_init)
                0x00000001                ASSERT ((((appl_start + .) <= 0x10000) || 0x1), DMA Init must be within the first 64k of flash)
 *(.text .text.* .gnu.linkonce.t.*)
 .text          0x00000028       0x5c e:/cypress/psoc creator/4.2/psoc creator/import/gnu/arm/5.4.1/bin/../lib/gcc/arm-none-eabi/5.4.1/armv7-m/crtbegin.o
 .text.BME280_SetI2CController
                0x00000084       0x28 .\CortexM3\ARM_GCC_541\Debug\BME280.o
                0x00000084                BME280_SetI2CController
 .text.BME280_I2CReader
                0x000000ac       0x88 .\CortexM3\ARM_GCC_541\Debug\BME280.o
                0x000000ac                BME280_I2CReader
 .text.BME280_I2CWriter
                0x00000134       0x68 .\CortexM3\ARM_GCC_541\Debug\BME280.o
                0x00000134                BME280_I2CWriter
 .text.BME280_Init
                0x0000019c      0x188 .\CortexM3\ARM_GCC_541\Debug\BME280.o
                0x0000019c                BME280_Init
 .text.BME280_Reset
                0x00000324       0x20 .\CortexM3\ARM_GCC_541\Debug\BME280.o
                0x00000324                BME280_Reset
 .text.BME280_ReadRegisters
                0x00000344       0x28 .\CortexM3\ARM_GCC_541\Debug\BME280.o
                0x00000344                BME280_ReadRegisters
 .text.BME280_GetTemperatureCelsius
                0x0000036c      0x1c4 .\CortexM3\ARM_GCC_541\Debug\BME280.o
                0x0000036c                BME280_GetTemperatureCelsius
 .text.BME280_GetPressure
                0x00000530      0x3b4 .\CortexM3\ARM_GCC_541\Debug\BME280.o
                0x00000530                BME280_GetPressure
 .text.BME280_GetHumidity
                0x000008e4      0x268 .\CortexM3\ARM_GCC_541\Debug\BME280.o
                0x000008e4                BME280_GetHumidity
 .text.BME280_GetHumidityMode
                0x00000b4c       0x1c .\CortexM3\ARM_GCC_541\Debug\BME280.o
                0x00000b4c                BME280_GetHumidityMode
 .text.BME280_SetHumidityMode
                0x00000b68       0x44 .\CortexM3\ARM_GCC_541\Debug\BME280.o
                0x00000b68                BME280_SetHumidityMode
 .text.BME280_GetTemperatureMode
                0x00000bac       0x1c .\CortexM3\ARM_GCC_541\Debug\BME280.o
                0x00000bac                BME280_GetTemperatureMode
 .text.BME280_SetTemperatureMode
                0x00000bc8       0x44 .\CortexM3\ARM_GCC_541\Debug\BME280.o
                0x00000bc8                BME280_SetTemperatureMode
 .text.BME280_GetPressureMode
                0x00000c0c       0x1c .\CortexM3\ARM_GCC_541\Debug\BME280.o
                0x00000c0c                BME280_GetPressureMode
 .text.BME280_SetPressureMode
                0x00000c28       0x44 .\CortexM3\ARM_GCC_541\Debug\BME280.o
                0x00000c28                BME280_SetPressureMode
 .text.BME280_GetMeasurementMode
                0x00000c6c       0x1c .\CortexM3\ARM_GCC_541\Debug\BME280.o
                0x00000c6c                BME280_GetMeasurementMode
 .text.BME280_SetMeasurementMode
                0x00000c88       0x44 .\CortexM3\ARM_GCC_541\Debug\BME280.o
                0x00000c88                BME280_SetMeasurementMode
 .text.BME280_GetFilterMode
                0x00000ccc       0x1c .\CortexM3\ARM_GCC_541\Debug\BME280.o
                0x00000ccc                BME280_GetFilterMode
 .text.BME280_SetFilterMode
                0x00000ce8       0x44 .\CortexM3\ARM_GCC_541\Debug\BME280.o
                0x00000ce8                BME280_SetFilterMode
 .text.SSD1306_SetI2CController
                0x00000d2c       0x28 .\CortexM3\ARM_GCC_541\Debug\SSD1306.o
                0x00000d2c                SSD1306_SetI2CController
 .text.SSD1306_Init
                0x00000d54       0x40 .\CortexM3\ARM_GCC_541\Debug\SSD1306.o
                0x00000d54                SSD1306_Init
 .text.SSD1306_WriteCommands
                0x00000d94       0x54 .\CortexM3\ARM_GCC_541\Debug\SSD1306.o
                0x00000d94                SSD1306_WriteCommands
 .text.SSD1306_WriteData
                0x00000de8       0x54 .\CortexM3\ARM_GCC_541\Debug\SSD1306.o
                0x00000de8                SSD1306_WriteData
 .text.SSD1306_WritePixel
                0x00000e3c       0x9c .\CortexM3\ARM_GCC_541\Debug\SSD1306.o
                0x00000e3c                SSD1306_WritePixel
 .text.SSD1306_ClearDisplay
                0x00000ed8       0x34 .\CortexM3\ARM_GCC_541\Debug\SSD1306.o
                0x00000ed8                SSD1306_ClearDisplay
 .text.SSD1306_RefreshDisplay
                0x00000f0c       0x64 .\CortexM3\ARM_GCC_541\Debug\SSD1306.o
                0x00000f0c                SSD1306_RefreshDisplay
 .text.rhea_gfx_Initialize
                0x00000f70       0x34 .\CortexM3\ARM_GCC_541\Debug\gfx.o
                0x00000f70                rhea_gfx_Initialize
 .text.rhea_gfx_Clear
                0x00000fa4        0xc .\CortexM3\ARM_GCC_541\Debug\gfx.o
                0x00000fa4                rhea_gfx_Clear
 .text.rhea_gfx_Refresh
                0x00000fb0        0xc .\CortexM3\ARM_GCC_541\Debug\gfx.o
                0x00000fb0                rhea_gfx_Refresh
 .text.rhea_gfx_DrawSymbolHelper
                0x00000fbc       0xdc .\CortexM3\ARM_GCC_541\Debug\gfx.o
                0x00000fbc                rhea_gfx_DrawSymbolHelper
 .text.rhea_gfx_DrawSymbol
                0x00001098       0x28 .\CortexM3\ARM_GCC_541\Debug\gfx.o
                0x00001098                rhea_gfx_DrawSymbol
 .text.rhea_gfx_SetCursor
                0x000010c0       0x30 .\CortexM3\ARM_GCC_541\Debug\gfx.o
                0x000010c0                rhea_gfx_SetCursor
 .text.rhea_gfx_PrintSymbolHelper
                0x000010f0       0x88 .\CortexM3\ARM_GCC_541\Debug\gfx.o
                0x000010f0                rhea_gfx_PrintSymbolHelper
 .text.rhea_gfx_PrintSymbol
                0x00001178       0x1c .\CortexM3\ARM_GCC_541\Debug\gfx.o
                0x00001178                rhea_gfx_PrintSymbol
 .text.rhea_gfx_Print
                0x00001194       0x74 .\CortexM3\ARM_GCC_541\Debug\gfx.o
                0x00001194                rhea_gfx_Print
 .text.rhea_gfx_initialize_impl
                0x00001208       0x3c .\CortexM3\ARM_GCC_541\Debug\gfx_impl.o
                0x00001208                rhea_gfx_initialize_impl
 .text.rhea_gfx_clear_impl
                0x00001244        0xc .\CortexM3\ARM_GCC_541\Debug\gfx_impl.o
                0x00001244                rhea_gfx_clear_impl
 .text.rhea_gfx_refresh_impl
                0x00001250       0x24 .\CortexM3\ARM_GCC_541\Debug\gfx_impl.o
                0x00001250                rhea_gfx_refresh_impl
 .text.rhea_gfx_writePixel_impl
                0x00001274       0x2c .\CortexM3\ARM_GCC_541\Debug\gfx_impl.o
                0x00001274                rhea_gfx_writePixel_impl
 .text.rhea_i2c_Initialize
                0x000012a0        0xc .\CortexM3\ARM_GCC_541\Debug\i2c_rhea.o
                0x000012a0                rhea_i2c_Initialize
 .text.rhea_i2c_MasterSendStart
                0x000012ac       0x24 .\CortexM3\ARM_GCC_541\Debug\i2c_rhea.o
                0x000012ac                rhea_i2c_MasterSendStart
 .text.rhea_i2c_MasterSendStop
                0x000012d0        0xc .\CortexM3\ARM_GCC_541\Debug\i2c_rhea.o
                0x000012d0                rhea_i2c_MasterSendStop
 .text.rhea_i2c_MasterReadByte
                0x000012dc       0x1c .\CortexM3\ARM_GCC_541\Debug\i2c_rhea.o
                0x000012dc                rhea_i2c_MasterReadByte
 .text.rhea_i2c_MasterWriteByte
                0x000012f8       0x1c .\CortexM3\ARM_GCC_541\Debug\i2c_rhea.o
                0x000012f8                rhea_i2c_MasterWriteByte
 .text.rhea_i2c_initialize_impl
                0x00001314        0xc .\CortexM3\ARM_GCC_541\Debug\i2c_impl.o
                0x00001314                rhea_i2c_initialize_impl
 .text.rhea_i2c_masterSendStart_impl
                0x00001320       0x24 .\CortexM3\ARM_GCC_541\Debug\i2c_impl.o
                0x00001320                rhea_i2c_masterSendStart_impl
 .text.rhea_i2c_masterSendStop_impl
                0x00001344        0xc .\CortexM3\ARM_GCC_541\Debug\i2c_impl.o
                0x00001344                rhea_i2c_masterSendStop_impl
 .text.rhea_i2c_masterReadByte_impl
                0x00001350       0x1c .\CortexM3\ARM_GCC_541\Debug\i2c_impl.o
                0x00001350                rhea_i2c_masterReadByte_impl
 .text.rhea_i2c_masterWriteByte_impl
                0x0000136c       0x1c .\CortexM3\ARM_GCC_541\Debug\i2c_impl.o
                0x0000136c                rhea_i2c_masterWriteByte_impl
 .text.bme280_addInterface
                0x00001388      0x148 .\CortexM3\ARM_GCC_541\Debug\BME280_INTF.o
                0x00001388                bme280_addInterface
 .text.bme280_GetTemperatureCelsius
                0x000014d0       0x24 .\CortexM3\ARM_GCC_541\Debug\BME280_INTF.o
                0x000014d0                bme280_GetTemperatureCelsius
 .text.bme280_GetPressure
                0x000014f4       0x30 .\CortexM3\ARM_GCC_541\Debug\BME280_INTF.o
                0x000014f4                bme280_GetPressure
 .text.bme280_GetHumidity
                0x00001524       0x30 .\CortexM3\ARM_GCC_541\Debug\BME280_INTF.o
                0x00001524                bme280_GetHumidity
 .text.bme280_SetFilterMode
                0x00001554       0x1c .\CortexM3\ARM_GCC_541\Debug\BME280_INTF.o
                0x00001554                bme280_SetFilterMode
 .text.bme280_GetFilterMode
                0x00001570       0x18 .\CortexM3\ARM_GCC_541\Debug\BME280_INTF.o
                0x00001570                bme280_GetFilterMode
 .text.bme280_SetTemperatureMode
                0x00001588       0x1c .\CortexM3\ARM_GCC_541\Debug\BME280_INTF.o
                0x00001588                bme280_SetTemperatureMode
 .text.bme280_GetTemperatureMode
                0x000015a4       0x18 .\CortexM3\ARM_GCC_541\Debug\BME280_INTF.o
                0x000015a4                bme280_GetTemperatureMode
 .text.bme280_SetPressureMode
                0x000015bc       0x1c .\CortexM3\ARM_GCC_541\Debug\BME280_INTF.o
                0x000015bc                bme280_SetPressureMode
 .text.bme280_GetPressureMode
                0x000015d8       0x18 .\CortexM3\ARM_GCC_541\Debug\BME280_INTF.o
                0x000015d8                bme280_GetPressureMode
 .text.bme280_SetHumidityMode
                0x000015f0       0x1c .\CortexM3\ARM_GCC_541\Debug\BME280_INTF.o
                0x000015f0                bme280_SetHumidityMode
 .text.bme280_GetHumidityMode
                0x0000160c       0x18 .\CortexM3\ARM_GCC_541\Debug\BME280_INTF.o
                0x0000160c                bme280_GetHumidityMode
 .text.bme280_SetMeasurementMode
                0x00001624       0x1c .\CortexM3\ARM_GCC_541\Debug\BME280_INTF.o
                0x00001624                bme280_SetMeasurementMode
 .text.bme280_GetMeasurementMode
                0x00001640       0x18 .\CortexM3\ARM_GCC_541\Debug\BME280_INTF.o
                0x00001640                bme280_GetMeasurementMode
 .text.rhea_sensor_Initialize
                0x00001658       0x30 .\CortexM3\ARM_GCC_541\Debug\sensor.o
                0x00001658                rhea_sensor_Initialize
 .text.rhea_sensor_AddMeasurement
                0x00001688       0xc4 .\CortexM3\ARM_GCC_541\Debug\sensor.o
                0x00001688                rhea_sensor_AddMeasurement
 .text.rhea_sensor_GetMeasurement
                0x0000174c       0xa4 .\CortexM3\ARM_GCC_541\Debug\sensor.o
                0x0000174c                rhea_sensor_GetMeasurement
 .text.rhea_sensor_GetMeasurementPeriod
                0x000017f0       0xa4 .\CortexM3\ARM_GCC_541\Debug\sensor.o
                0x000017f0                rhea_sensor_GetMeasurementPeriod
 .text.rhea_sensor_SetMeasurementPeriod
                0x00001894       0xc0 .\CortexM3\ARM_GCC_541\Debug\sensor.o
                0x00001894                rhea_sensor_SetMeasurementPeriod
 .text.rhea_sensor_AddAttribute
                0x00001954       0xa0 .\CortexM3\ARM_GCC_541\Debug\sensor.o
                0x00001954                rhea_sensor_AddAttribute
 .text.rhea_sensor_SetAttribute
                0x000019f4       0xd4 .\CortexM3\ARM_GCC_541\Debug\sensor.o
                0x000019f4                rhea_sensor_SetAttribute
 .text.rhea_sensor_periodicMeasure
                0x00001ac8       0xe8 .\CortexM3\ARM_GCC_541\Debug\sensor.o
                0x00001ac8                rhea_sensor_periodicMeasure
 .text.rhea_sensor_initialize_impl
                0x00001bb0       0x1c .\CortexM3\ARM_GCC_541\Debug\sensor_impl.o
                0x00001bb0                rhea_sensor_initialize_impl
 .text.rhea_uart_initialize_impl
                0x00001bcc        0xc .\CortexM3\ARM_GCC_541\Debug\uart_impl.o
                0x00001bcc                rhea_uart_initialize_impl
 .text.rhea_uart_bytesAvailable_impl
                0x00001bd8       0x18 .\CortexM3\ARM_GCC_541\Debug\uart_impl.o
                0x00001bd8                rhea_uart_bytesAvailable_impl
 .text.rhea_uart_readByte_impl
                0x00001bf0       0x10 .\CortexM3\ARM_GCC_541\Debug\uart_impl.o
                0x00001bf0                rhea_uart_readByte_impl
 .text.rhea_uart_writeByte_impl
                0x00001c00       0x1c .\CortexM3\ARM_GCC_541\Debug\uart_impl.o
                0x00001c00                rhea_uart_writeByte_impl
 .text.rhea_uart_Initialize
                0x00001c1c        0xc .\CortexM3\ARM_GCC_541\Debug\uart_rhea.o
                0x00001c1c                rhea_uart_Initialize
 .text.rhea_uart_BytesAvailable
                0x00001c28       0x14 .\CortexM3\ARM_GCC_541\Debug\uart_rhea.o
                0x00001c28                rhea_uart_BytesAvailable
 .text.rhea_uart_ReadByte
                0x00001c3c       0x10 .\CortexM3\ARM_GCC_541\Debug\uart_rhea.o
                0x00001c3c                rhea_uart_ReadByte
 .text.rhea_uart_ReadChar
                0x00001c4c       0x10 .\CortexM3\ARM_GCC_541\Debug\uart_rhea.o
                0x00001c4c                rhea_uart_ReadChar
 .text.rhea_uart_WriteByte
                0x00001c5c       0x1c .\CortexM3\ARM_GCC_541\Debug\uart_rhea.o
                0x00001c5c                rhea_uart_WriteByte
 .text.rhea_uart_WriteChar
                0x00001c78       0x1c .\CortexM3\ARM_GCC_541\Debug\uart_rhea.o
                0x00001c78                rhea_uart_WriteChar
 .text.rhea_uart_WriteString
                0x00001c94       0x40 .\CortexM3\ARM_GCC_541\Debug\uart_rhea.o
                0x00001c94                rhea_uart_WriteString
 .text.rhea_state_nextState
                0x00001cd4       0x7c .\CortexM3\ARM_GCC_541\Debug\state.o
                0x00001cd4                rhea_state_nextState
 .text.ringbufferPutChar
                0x00001d50       0x48 .\CortexM3\ARM_GCC_541\Debug\command.o
                0x00001d50                ringbufferPutChar
 .text.ringbufferGetChar
                0x00001d98       0x44 .\CortexM3\ARM_GCC_541\Debug\command.o
                0x00001d98                ringbufferGetChar
 .text.toArgumentArray
                0x00001ddc       0x50 .\CortexM3\ARM_GCC_541\Debug\command.o
                0x00001ddc                toArgumentArray
 .text.InitializeSerialCommandLine
                0x00001e2c       0x28 .\CortexM3\ARM_GCC_541\Debug\command.o
                0x00001e2c                InitializeSerialCommandLine
 .text.ProcessCommandLine
                0x00001e54      0x11c .\CortexM3\ARM_GCC_541\Debug\command.o
                0x00001e54                ProcessCommandLine
 .text.SERIAL_DATA_ARRIVED
                0x00001f70       0x5c .\CortexM3\ARM_GCC_541\Debug\command.o
                0x00001f70                SERIAL_DATA_ARRIVED
 .text.rhea_print_help
                0x00001fcc       0x14 .\CortexM3\ARM_GCC_541\Debug\command.o
                0x00001fcc                rhea_print_help
 .text.rhea_print_version
                0x00001fe0       0x14 .\CortexM3\ARM_GCC_541\Debug\command.o
                0x00001fe0                rhea_print_version
 .text.rhea_print_error
                0x00001ff4       0x14 .\CortexM3\ARM_GCC_541\Debug\command.o
                0x00001ff4                rhea_print_error
 .text.command_rhea
                0x00002008       0x68 .\CortexM3\ARM_GCC_541\Debug\command.o
                0x00002008                command_rhea
 .text.command_measure
                0x00002070      0x324 .\CortexM3\ARM_GCC_541\Debug\command.o
                0x00002070                command_measure
 .text.InitializeInputButtonInterrupts
                0x00002394       0x48 .\CortexM3\ARM_GCC_541\Debug\input.o
                0x00002394                InitializeInputButtonInterrupts
 .text.BTN_ENTER_ISR
                0x000023dc       0x18 .\CortexM3\ARM_GCC_541\Debug\input.o
                0x000023dc                BTN_ENTER_ISR
 .text.BTN_RIGHT_ISR
                0x000023f4       0x18 .\CortexM3\ARM_GCC_541\Debug\input.o
                0x000023f4                BTN_RIGHT_ISR
 .text.BTN_LEFT_ISR
                0x0000240c       0x18 .\CortexM3\ARM_GCC_541\Debug\input.o
                0x0000240c                BTN_LEFT_ISR
 .text.InitializeMainMenu
                0x00002424      0x1f4 .\CortexM3\ARM_GCC_541\Debug\menu.o
                0x00002424                InitializeMainMenu
 .text.StepMainMenuStateMachine
                0x00002618       0x68 .\CortexM3\ARM_GCC_541\Debug\menu.o
                0x00002618                StepMainMenuStateMachine
 .text.showTemperatureMain
                0x00002680       0x68 .\CortexM3\ARM_GCC_541\Debug\menu.o
                0x00002680                showTemperatureMain
 .text.updateTemperatureMain
                0x000026e8       0x6c .\CortexM3\ARM_GCC_541\Debug\menu.o
                0x000026e8                updateTemperatureMain
 .text.showTemperaturePeriod
                0x00002754       0x84 .\CortexM3\ARM_GCC_541\Debug\menu.o
                0x00002754                showTemperaturePeriod
 .text.increaseTemperaturePeriod
                0x000027d8       0x38 .\CortexM3\ARM_GCC_541\Debug\menu.o
                0x000027d8                increaseTemperaturePeriod
 .text.decreaseTemperaturePeriod
                0x00002810       0x58 .\CortexM3\ARM_GCC_541\Debug\menu.o
                0x00002810                decreaseTemperaturePeriod
 .text.showPressureMain
                0x00002868       0x70 .\CortexM3\ARM_GCC_541\Debug\menu.o
                0x00002868                showPressureMain
 .text.updatePressureMain
                0x000028d8       0x6c .\CortexM3\ARM_GCC_541\Debug\menu.o
                0x000028d8                updatePressureMain
 .text.showPressurePeriod
                0x00002944       0x84 .\CortexM3\ARM_GCC_541\Debug\menu.o
                0x00002944                showPressurePeriod
 .text.increasePressurePeriod
                0x000029c8       0x38 .\CortexM3\ARM_GCC_541\Debug\menu.o
                0x000029c8                increasePressurePeriod
 .text.decreasePressurePeriod
                0x00002a00       0x58 .\CortexM3\ARM_GCC_541\Debug\menu.o
                0x00002a00                decreasePressurePeriod
 .text.showHumidityMain
                0x00002a58       0x68 .\CortexM3\ARM_GCC_541\Debug\menu.o
                0x00002a58                showHumidityMain
 .text.updateHumidityMain
                0x00002ac0       0x6c .\CortexM3\ARM_GCC_541\Debug\menu.o
                0x00002ac0                updateHumidityMain
 .text.showHumidityPeriod
                0x00002b2c       0x84 .\CortexM3\ARM_GCC_541\Debug\menu.o
                0x00002b2c                showHumidityPeriod
 .text.increaseHumidityPeriod
                0x00002bb0       0x38 .\CortexM3\ARM_GCC_541\Debug\menu.o
                0x00002bb0                increaseHumidityPeriod
 .text.decreaseHumidityPeriod
                0x00002be8       0x58 .\CortexM3\ARM_GCC_541\Debug\menu.o
                0x00002be8                decreaseHumidityPeriod
 .text.main     0x00002c40       0x54 .\CortexM3\ARM_GCC_541\Debug\main.o
                0x00002c40                main
 .text.CYMEMZERO
                0x00002c94       0x1c .\CortexM3\ARM_GCC_541\Debug\cyfitter_cfg.o
 .text.CYCONFIGCPY
                0x00002cb0       0x20 .\CortexM3\ARM_GCC_541\Debug\cyfitter_cfg.o
 .text.CyClockStartupError
                0x00002cd0        0xc .\CortexM3\ARM_GCC_541\Debug\cyfitter_cfg.o
 .text.cfg_write_bytes32
                0x00002cdc       0x74 .\CortexM3\ARM_GCC_541\Debug\cyfitter_cfg.o
 .text.ClockSetup
                0x00002d50      0x118 .\CortexM3\ARM_GCC_541\Debug\cyfitter_cfg.o
 .text.AnalogSetDefault
                0x00002e68       0x44 .\CortexM3\ARM_GCC_541\Debug\cyfitter_cfg.o
 .text.cyfitter_cfg
                0x00002eac      0x16c .\CortexM3\ARM_GCC_541\Debug\cyfitter_cfg.o
                0x00002eac                cyfitter_cfg
 .text.IntDefaultHandler
                0x00003018       0x14 .\CortexM3\ARM_GCC_541\Debug\Cm3Start.o
                0x00003018                IntDefaultHandler
 .text._sbrk    0x0000302c       0x54 .\CortexM3\ARM_GCC_541\Debug\Cm3Start.o
                0x0000302c                _sbrk
 .text.Start_c  0x00003080       0x98 .\CortexM3\ARM_GCC_541\Debug\Cm3Start.o
                0x00003080                Start_c
 .text.initialize_psoc
                0x00003118       0x90 .\CortexM3\ARM_GCC_541\Debug\Cm3Start.o
                0x00003118                initialize_psoc
 .text.I2C_Init
                0x000031a8       0x84 .\CortexM3\ARM_GCC_541\Debug\Rhea.a(I2C.o)
                0x000031a8                I2C_Init
 .text.I2C_Enable
                0x0000322c       0x48 .\CortexM3\ARM_GCC_541\Debug\Rhea.a(I2C.o)
                0x0000322c                I2C_Enable
 .text.I2C_Start
                0x00003274       0x30 .\CortexM3\ARM_GCC_541\Debug\Rhea.a(I2C.o)
                0x00003274                I2C_Start
 .text.I2C_ISR  0x000032a4      0x3a8 .\CortexM3\ARM_GCC_541\Debug\Rhea.a(I2C_INT.o)
                0x000032a4                I2C_ISR
 .text.I2C_MasterSendStart
                0x0000364c       0xb8 .\CortexM3\ARM_GCC_541\Debug\Rhea.a(I2C_MASTER.o)
                0x0000364c                I2C_MasterSendStart
 .text.I2C_MasterSendStop
                0x00003704       0x58 .\CortexM3\ARM_GCC_541\Debug\Rhea.a(I2C_MASTER.o)
                0x00003704                I2C_MasterSendStop
 .text.I2C_MasterWriteByte
                0x0000375c       0x80 .\CortexM3\ARM_GCC_541\Debug\Rhea.a(I2C_MASTER.o)
                0x0000375c                I2C_MasterWriteByte
 .text.I2C_MasterReadByte
                0x000037dc       0x78 .\CortexM3\ARM_GCC_541\Debug\Rhea.a(I2C_MASTER.o)
                0x000037dc                I2C_MasterReadByte
 .text.UART_Start
                0x00003854       0x24 .\CortexM3\ARM_GCC_541\Debug\Rhea.a(UART.o)
                0x00003854                UART_Start
 .text.UART_Init
                0x00003878       0x40 .\CortexM3\ARM_GCC_541\Debug\Rhea.a(UART.o)
                0x00003878                UART_Init
 .text.UART_Enable
                0x000038b8       0x60 .\CortexM3\ARM_GCC_541\Debug\Rhea.a(UART.o)
                0x000038b8                UART_Enable
 .text.UART_GetChar
                0x00003918       0x44 .\CortexM3\ARM_GCC_541\Debug\Rhea.a(UART.o)
                0x00003918                UART_GetChar
 .text.UART_GetRxBufferSize
                0x0000395c       0x2c .\CortexM3\ARM_GCC_541\Debug\Rhea.a(UART.o)
                0x0000395c                UART_GetRxBufferSize
 .text.UART_PutChar
                0x00003988       0x34 .\CortexM3\ARM_GCC_541\Debug\Rhea.a(UART.o)
                0x00003988                UART_PutChar
 .text.DEBOUNCE_CLK_Start
                0x000039bc       0x34 .\CortexM3\ARM_GCC_541\Debug\Rhea.a(DEBOUNCE_CLK.o)
                0x000039bc                DEBOUNCE_CLK_Start
 .text.BTN_RIGHT_INTR_StartEx
                0x000039f0       0x24 .\CortexM3\ARM_GCC_541\Debug\Rhea.a(BTN_RIGHT_INTR.o)
                0x000039f0                BTN_RIGHT_INTR_StartEx
 .text.BTN_RIGHT_INTR_SetVector
                0x00003a14       0x24 .\CortexM3\ARM_GCC_541\Debug\Rhea.a(BTN_RIGHT_INTR.o)
                0x00003a14                BTN_RIGHT_INTR_SetVector
 .text.BTN_RIGHT_INTR_SetPriority
                0x00003a38       0x24 .\CortexM3\ARM_GCC_541\Debug\Rhea.a(BTN_RIGHT_INTR.o)
                0x00003a38                BTN_RIGHT_INTR_SetPriority
 .text.BTN_RIGHT_INTR_Enable
                0x00003a5c       0x18 .\CortexM3\ARM_GCC_541\Debug\Rhea.a(BTN_RIGHT_INTR.o)
                0x00003a5c                BTN_RIGHT_INTR_Enable
 .text.BTN_RIGHT_INTR_Disable
                0x00003a74       0x18 .\CortexM3\ARM_GCC_541\Debug\Rhea.a(BTN_RIGHT_INTR.o)
                0x00003a74                BTN_RIGHT_INTR_Disable
 .text.BTN_LEFT_INTR_StartEx
                0x00003a8c       0x24 .\CortexM3\ARM_GCC_541\Debug\Rhea.a(BTN_LEFT_INTR.o)
                0x00003a8c                BTN_LEFT_INTR_StartEx
 .text.BTN_LEFT_INTR_SetVector
                0x00003ab0       0x24 .\CortexM3\ARM_GCC_541\Debug\Rhea.a(BTN_LEFT_INTR.o)
                0x00003ab0                BTN_LEFT_INTR_SetVector
 .text.BTN_LEFT_INTR_SetPriority
                0x00003ad4       0x24 .\CortexM3\ARM_GCC_541\Debug\Rhea.a(BTN_LEFT_INTR.o)
                0x00003ad4                BTN_LEFT_INTR_SetPriority
 .text.BTN_LEFT_INTR_Enable
                0x00003af8       0x18 .\CortexM3\ARM_GCC_541\Debug\Rhea.a(BTN_LEFT_INTR.o)
                0x00003af8                BTN_LEFT_INTR_Enable
 .text.BTN_LEFT_INTR_Disable
                0x00003b10       0x18 .\CortexM3\ARM_GCC_541\Debug\Rhea.a(BTN_LEFT_INTR.o)
                0x00003b10                BTN_LEFT_INTR_Disable
 .text.BTN_ENTER_INTR_StartEx
                0x00003b28       0x24 .\CortexM3\ARM_GCC_541\Debug\Rhea.a(BTN_ENTER_INTR.o)
                0x00003b28                BTN_ENTER_INTR_StartEx
 .text.BTN_ENTER_INTR_SetVector
                0x00003b4c       0x24 .\CortexM3\ARM_GCC_541\Debug\Rhea.a(BTN_ENTER_INTR.o)
                0x00003b4c                BTN_ENTER_INTR_SetVector
 .text.BTN_ENTER_INTR_SetPriority
                0x00003b70       0x24 .\CortexM3\ARM_GCC_541\Debug\Rhea.a(BTN_ENTER_INTR.o)
                0x00003b70                BTN_ENTER_INTR_SetPriority
 .text.BTN_ENTER_INTR_Enable
                0x00003b94       0x18 .\CortexM3\ARM_GCC_541\Debug\Rhea.a(BTN_ENTER_INTR.o)
                0x00003b94                BTN_ENTER_INTR_Enable
 .text.BTN_ENTER_INTR_Disable
                0x00003bac       0x18 .\CortexM3\ARM_GCC_541\Debug\Rhea.a(BTN_ENTER_INTR.o)
                0x00003bac                BTN_ENTER_INTR_Disable
 .text.SENSOR_TIMER_Init
                0x00003bc4       0xa0 .\CortexM3\ARM_GCC_541\Debug\Rhea.a(SENSOR_TIMER.o)
                0x00003bc4                SENSOR_TIMER_Init
 .text.SENSOR_TIMER_Enable
                0x00003c64       0x48 .\CortexM3\ARM_GCC_541\Debug\Rhea.a(SENSOR_TIMER.o)
                0x00003c64                SENSOR_TIMER_Enable
 .text.SENSOR_TIMER_Start
                0x00003cac       0x24 .\CortexM3\ARM_GCC_541\Debug\Rhea.a(SENSOR_TIMER.o)
                0x00003cac                SENSOR_TIMER_Start
 .text.SENSOR_TIMER_SetInterruptMode
                0x00003cd0       0x20 .\CortexM3\ARM_GCC_541\Debug\Rhea.a(SENSOR_TIMER.o)
                0x00003cd0                SENSOR_TIMER_SetInterruptMode
 .text.SENSOR_TIMER_WritePeriod
                0x00003cf0       0x24 .\CortexM3\ARM_GCC_541\Debug\Rhea.a(SENSOR_TIMER.o)
                0x00003cf0                SENSOR_TIMER_WritePeriod
 .text.SENSOR_TIMER_WriteCounter
                0x00003d14       0x20 .\CortexM3\ARM_GCC_541\Debug\Rhea.a(SENSOR_TIMER.o)
                0x00003d14                SENSOR_TIMER_WriteCounter
 .text.SENSOR_1MS_StartEx
                0x00003d34       0x24 .\CortexM3\ARM_GCC_541\Debug\Rhea.a(SENSOR_1MS.o)
                0x00003d34                SENSOR_1MS_StartEx
 .text.SENSOR_1MS_SetVector
                0x00003d58       0x24 .\CortexM3\ARM_GCC_541\Debug\Rhea.a(SENSOR_1MS.o)
                0x00003d58                SENSOR_1MS_SetVector
 .text.SENSOR_1MS_SetPriority
                0x00003d7c       0x24 .\CortexM3\ARM_GCC_541\Debug\Rhea.a(SENSOR_1MS.o)
                0x00003d7c                SENSOR_1MS_SetPriority
 .text.SENSOR_1MS_Enable
                0x00003da0       0x18 .\CortexM3\ARM_GCC_541\Debug\Rhea.a(SENSOR_1MS.o)
                0x00003da0                SENSOR_1MS_Enable
 .text.SENSOR_1MS_Disable
                0x00003db8       0x18 .\CortexM3\ARM_GCC_541\Debug\Rhea.a(SENSOR_1MS.o)
                0x00003db8                SENSOR_1MS_Disable
 .text.UART_IntClock_Start
                0x00003dd0       0x34 .\CortexM3\ARM_GCC_541\Debug\Rhea.a(UART_IntClock.o)
                0x00003dd0                UART_IntClock_Start
 .text.CyHalt   0x00003e04       0x18 .\CortexM3\ARM_GCC_541\Debug\Rhea.a(CyLib.o)
                0x00003e04                CyHalt
 .text.CyDelay  0x00003e1c       0x44 .\CortexM3\ARM_GCC_541\Debug\Rhea.a(CyLib.o)
                0x00003e1c                CyDelay
 .text.CyIntSetVector
                0x00003e60       0x50 .\CortexM3\ARM_GCC_541\Debug\Rhea.a(CyLib.o)
                0x00003e60                CyIntSetVector
 .text.CyIntSetPriority
                0x00003eb0       0x48 .\CortexM3\ARM_GCC_541\Debug\Rhea.a(CyLib.o)
                0x00003eb0                CyIntSetPriority
 .text.UART_RX_INTR_StartEx
                0x00003ef8       0x24 .\CortexM3\ARM_GCC_541\Debug\Rhea.a(UART_RX_INTR.o)
                0x00003ef8                UART_RX_INTR_StartEx
 .text.UART_RX_INTR_SetVector
                0x00003f1c       0x24 .\CortexM3\ARM_GCC_541\Debug\Rhea.a(UART_RX_INTR.o)
                0x00003f1c                UART_RX_INTR_SetVector
 .text.UART_RX_INTR_SetPriority
                0x00003f40       0x24 .\CortexM3\ARM_GCC_541\Debug\Rhea.a(UART_RX_INTR.o)
                0x00003f40                UART_RX_INTR_SetPriority
 .text.UART_RX_INTR_Enable
                0x00003f64       0x18 .\CortexM3\ARM_GCC_541\Debug\Rhea.a(UART_RX_INTR.o)
                0x00003f64                UART_RX_INTR_Enable
 .text.UART_RX_INTR_Disable
                0x00003f7c       0x18 .\CortexM3\ARM_GCC_541\Debug\Rhea.a(UART_RX_INTR.o)
                0x00003f7c                UART_RX_INTR_Disable
 *fill*         0x00003f94        0x4 
 .text          0x00003f98       0x20 .\CortexM3\ARM_GCC_541\Debug\Rhea.a(CyBootAsmGnu.o)
                0x00003f98                CyDelayCycles
                0x00003fa8                CyEnterCriticalSection
                0x00003fb0                CyExitCriticalSection
 .text          0x00003fb8      0x370 e:/cypress/psoc creator/4.2/psoc creator/import/gnu/arm/5.4.1/bin/../lib/gcc/arm-none-eabi/5.4.1/armv7-m\libgcc.a(_arm_addsubdf3.o)
                0x00003fb8                __aeabi_drsub
                0x00003fc0                __aeabi_dsub
                0x00003fc0                __subdf3
                0x00003fc4                __aeabi_dadd
                0x00003fc4                __adddf3
                0x0000423c                __floatunsidf
                0x0000423c                __aeabi_ui2d
                0x0000425c                __floatsidf
                0x0000425c                __aeabi_i2d
                0x00004280                __aeabi_f2d
                0x00004280                __extendsfdf2
                0x000042bc                __floatundidf
                0x000042bc                __aeabi_ul2d
                0x000042cc                __floatdidf
                0x000042cc                __aeabi_l2d
 .text          0x00004328      0x424 e:/cypress/psoc creator/4.2/psoc creator/import/gnu/arm/5.4.1/bin/../lib/gcc/arm-none-eabi/5.4.1/armv7-m\libgcc.a(_arm_muldivdf3.o)
                0x00004328                __aeabi_dmul
                0x00004328                __muldf3
                0x0000457c                __divdf3
                0x0000457c                __aeabi_ddiv
 .text          0x0000474c      0x110 e:/cypress/psoc creator/4.2/psoc creator/import/gnu/arm/5.4.1/bin/../lib/gcc/arm-none-eabi/5.4.1/armv7-m\libgcc.a(_arm_cmpdf2.o)
                0x0000474c                __gtdf2
                0x0000474c                __gedf2
                0x00004754                __ltdf2
                0x00004754                __ledf2
                0x0000475c                __nedf2
                0x0000475c                __eqdf2
                0x0000475c                __cmpdf2
                0x000047d8                __aeabi_cdrcmple
                0x000047e8                __aeabi_cdcmpeq
                0x000047e8                __aeabi_cdcmple
                0x000047f8                __aeabi_dcmpeq
                0x0000480c                __aeabi_dcmplt
                0x00004820                __aeabi_dcmple
                0x00004834                __aeabi_dcmpge
                0x00004848                __aeabi_dcmpgt
 .text          0x0000485c       0x2c e:/cypress/psoc creator/4.2/psoc creator/import/gnu/arm/5.4.1/bin/../lib/gcc/arm-none-eabi/5.4.1/armv7-m\libgcc.a(_arm_unorddf2.o)
                0x0000485c                __unorddf2
                0x0000485c                __aeabi_dcmpun
 .text          0x00004888       0x50 e:/cypress/psoc creator/4.2/psoc creator/import/gnu/arm/5.4.1/bin/../lib/gcc/arm-none-eabi/5.4.1/armv7-m\libgcc.a(_arm_fixdfsi.o)
                0x00004888                __aeabi_d2iz
                0x00004888                __fixdfsi
 .text          0x000048d8       0x40 e:/cypress/psoc creator/4.2/psoc creator/import/gnu/arm/5.4.1/bin/../lib/gcc/arm-none-eabi/5.4.1/armv7-m\libgcc.a(_arm_fixunsdfsi.o)
                0x000048d8                __aeabi_d2uiz
                0x000048d8                __fixunsdfsi
 .text.__errno  0x00004918        0xc e:/cypress/psoc creator/4.2/psoc creator/import/gnu/arm/5.4.1/bin/../lib/gcc/arm-none-eabi/5.4.1/../../../../arm-none-eabi/lib/armv7-m\libg_nano.a(lib_a-errno.o)
                0x00004918                __errno
 .text.reverse_argv_elements
                0x00004924       0x24 e:/cypress/psoc creator/4.2/psoc creator/import/gnu/arm/5.4.1/bin/../lib/gcc/arm-none-eabi/5.4.1/../../../../arm-none-eabi/lib/armv7-m\libg_nano.a(lib_a-getopt.o)
 .text.is_option
                0x00004948       0x1c e:/cypress/psoc creator/4.2/psoc creator/import/gnu/arm/5.4.1/bin/../lib/gcc/arm-none-eabi/5.4.1/../../../../arm-none-eabi/lib/armv7-m\libg_nano.a(lib_a-getopt.o)
 .text.read_globals
                0x00004964       0x34 e:/cypress/psoc creator/4.2/psoc creator/import/gnu/arm/5.4.1/bin/../lib/gcc/arm-none-eabi/5.4.1/../../../../arm-none-eabi/lib/armv7-m\libg_nano.a(lib_a-getopt.o)
 .text.write_globals
                0x00004998       0x34 e:/cypress/psoc creator/4.2/psoc creator/import/gnu/arm/5.4.1/bin/../lib/gcc/arm-none-eabi/5.4.1/../../../../arm-none-eabi/lib/armv7-m\libg_nano.a(lib_a-getopt.o)
 .text.getopt_internal
                0x000049cc      0x4a8 e:/cypress/psoc creator/4.2/psoc creator/import/gnu/arm/5.4.1/bin/../lib/gcc/arm-none-eabi/5.4.1/../../../../arm-none-eabi/lib/armv7-m\libg_nano.a(lib_a-getopt.o)
 .text.getopt_long
                0x00004e74       0x30 e:/cypress/psoc creator/4.2/psoc creator/import/gnu/arm/5.4.1/bin/../lib/gcc/arm-none-eabi/5.4.1/../../../../arm-none-eabi/lib/armv7-m\libg_nano.a(lib_a-getopt.o)
                0x00004e74                getopt_long
 .text.__libc_init_array
                0x00004ea4       0x4c e:/cypress/psoc creator/4.2/psoc creator/import/gnu/arm/5.4.1/bin/../lib/gcc/arm-none-eabi/5.4.1/../../../../arm-none-eabi/lib/armv7-m\libg_nano.a(lib_a-init.o)
                0x00004ea4                __libc_init_array
 .text.memcmp   0x00004ef0       0x1e e:/cypress/psoc creator/4.2/psoc creator/import/gnu/arm/5.4.1/bin/../lib/gcc/arm-none-eabi/5.4.1/../../../../arm-none-eabi/lib/armv7-m\libg_nano.a(lib_a-memcmp.o)
                0x00004ef0                memcmp
 .text.memcpy   0x00004f0e       0x16 e:/cypress/psoc creator/4.2/psoc creator/import/gnu/arm/5.4.1/bin/../lib/gcc/arm-none-eabi/5.4.1/../../../../arm-none-eabi/lib/armv7-m\libg_nano.a(lib_a-memcpy-stub.o)
                0x00004f0e                memcpy
 .text.memset   0x00004f24       0x10 e:/cypress/psoc creator/4.2/psoc creator/import/gnu/arm/5.4.1/bin/../lib/gcc/arm-none-eabi/5.4.1/../../../../arm-none-eabi/lib/armv7-m\libg_nano.a(lib_a-memset.o)
                0x00004f24                memset
 .text.__cvt    0x00004f34       0xc0 e:/cypress/psoc creator/4.2/psoc creator/import/gnu/arm/5.4.1/bin/../lib/gcc/arm-none-eabi/5.4.1/../../../../arm-none-eabi/lib/armv7-m\libg_nano.a(lib_a-nano-vfprintf_float.o)
                0x00004f34                __cvt
 .text.__exponent
                0x00004ff4       0x62 e:/cypress/psoc creator/4.2/psoc creator/import/gnu/arm/5.4.1/bin/../lib/gcc/arm-none-eabi/5.4.1/../../../../arm-none-eabi/lib/armv7-m\libg_nano.a(lib_a-nano-vfprintf_float.o)
                0x00004ff4                __exponent
 *fill*         0x00005056        0x2 
 .text._printf_float
                0x00005058      0x488 e:/cypress/psoc creator/4.2/psoc creator/import/gnu/arm/5.4.1/bin/../lib/gcc/arm-none-eabi/5.4.1/../../../../arm-none-eabi/lib/armv7-m\libg_nano.a(lib_a-nano-vfprintf_float.o)
                0x00005058                _printf_float
 .text._printf_common
                0x000054e0       0xec e:/cypress/psoc creator/4.2/psoc creator/import/gnu/arm/5.4.1/bin/../lib/gcc/arm-none-eabi/5.4.1/../../../../arm-none-eabi/lib/armv7-m\libg_nano.a(lib_a-nano-vfprintf_i.o)
                0x000054e0                _printf_common
 .text._printf_i
                0x000055cc      0x24c e:/cypress/psoc creator/4.2/psoc creator/import/gnu/arm/5.4.1/bin/../lib/gcc/arm-none-eabi/5.4.1/../../../../arm-none-eabi/lib/armv7-m\libg_nano.a(lib_a-nano-vfprintf_i.o)
                0x000055cc                _printf_i
 .text.sprintf  0x00005818       0x48 e:/cypress/psoc creator/4.2/psoc creator/import/gnu/arm/5.4.1/bin/../lib/gcc/arm-none-eabi/5.4.1/../../../../arm-none-eabi/lib/armv7-m\libg_nano.a(lib_a-sprintf.o)
                0x00005818                siprintf
                0x00005818                sprintf
 .text.__sread  0x00005860       0x22 e:/cypress/psoc creator/4.2/psoc creator/import/gnu/arm/5.4.1/bin/../lib/gcc/arm-none-eabi/5.4.1/../../../../arm-none-eabi/lib/armv7-m\libg_nano.a(lib_a-stdio.o)
                0x00005860                __sread
 .text.__swrite
                0x00005882       0x38 e:/cypress/psoc creator/4.2/psoc creator/import/gnu/arm/5.4.1/bin/../lib/gcc/arm-none-eabi/5.4.1/../../../../arm-none-eabi/lib/armv7-m\libg_nano.a(lib_a-stdio.o)
                0x00005882                __swrite
 .text.__sseek  0x000058ba       0x24 e:/cypress/psoc creator/4.2/psoc creator/import/gnu/arm/5.4.1/bin/../lib/gcc/arm-none-eabi/5.4.1/../../../../arm-none-eabi/lib/armv7-m\libg_nano.a(lib_a-stdio.o)
                0x000058ba                __sseek
 .text.__sclose
                0x000058de        0x8 e:/cypress/psoc creator/4.2/psoc creator/import/gnu/arm/5.4.1/bin/../lib/gcc/arm-none-eabi/5.4.1/../../../../arm-none-eabi/lib/armv7-m\libg_nano.a(lib_a-stdio.o)
                0x000058de                __sclose
 .text.strchr   0x000058e6       0x1c e:/cypress/psoc creator/4.2/psoc creator/import/gnu/arm/5.4.1/bin/../lib/gcc/arm-none-eabi/5.4.1/../../../../arm-none-eabi/lib/armv7-m\libg_nano.a(lib_a-strchr.o)
                0x000058e6                strchr
 .text          0x00005902       0x14 e:/cypress/psoc creator/4.2/psoc creator/import/gnu/arm/5.4.1/bin/../lib/gcc/arm-none-eabi/5.4.1/../../../../arm-none-eabi/lib/armv7-m\libg_nano.a(lib_a-strcmp.o)
                0x00005902                strcmp
 .text          0x00005916       0x10 e:/cypress/psoc creator/4.2/psoc creator/import/gnu/arm/5.4.1/bin/../lib/gcc/arm-none-eabi/5.4.1/../../../../arm-none-eabi/lib/armv7-m\libg_nano.a(lib_a-strlen.o)
                0x00005916                strlen
 *fill*         0x00005926        0x2 
 .text.strtok   0x00005928       0x64 e:/cypress/psoc creator/4.2/psoc creator/import/gnu/arm/5.4.1/bin/../lib/gcc/arm-none-eabi/5.4.1/../../../../arm-none-eabi/lib/armv7-m\libg_nano.a(lib_a-strtok.o)
                0x00005928                strtok
 .text.__strtok_r
                0x0000598c       0x56 e:/cypress/psoc creator/4.2/psoc creator/import/gnu/arm/5.4.1/bin/../lib/gcc/arm-none-eabi/5.4.1/../../../../arm-none-eabi/lib/armv7-m\libg_nano.a(lib_a-strtok_r.o)
                0x0000598c                __strtok_r
 *fill*         0x000059e2        0x2 
 .text._strtol_r
                0x000059e4      0x10c e:/cypress/psoc creator/4.2/psoc creator/import/gnu/arm/5.4.1/bin/../lib/gcc/arm-none-eabi/5.4.1/../../../../arm-none-eabi/lib/armv7-m\libg_nano.a(lib_a-strtol.o)
                0x000059e4                _strtol_r
 .text.strtol   0x00005af0       0x14 e:/cypress/psoc creator/4.2/psoc creator/import/gnu/arm/5.4.1/bin/../lib/gcc/arm-none-eabi/5.4.1/../../../../arm-none-eabi/lib/armv7-m\libg_nano.a(lib_a-strtol.o)
                0x00005af0                strtol
 .text._write_r
                0x00005b04       0x24 e:/cypress/psoc creator/4.2/psoc creator/import/gnu/arm/5.4.1/bin/../lib/gcc/arm-none-eabi/5.4.1/../../../../arm-none-eabi/lib/armv7-m\libg_nano.a(lib_a-writer.o)
                0x00005b04                _write_r
 .text._close_r
                0x00005b28       0x20 e:/cypress/psoc creator/4.2/psoc creator/import/gnu/arm/5.4.1/bin/../lib/gcc/arm-none-eabi/5.4.1/../../../../arm-none-eabi/lib/armv7-m\libg_nano.a(lib_a-closer.o)
                0x00005b28                _close_r
 .text.quorem   0x00005b48      0x116 e:/cypress/psoc creator/4.2/psoc creator/import/gnu/arm/5.4.1/bin/../lib/gcc/arm-none-eabi/5.4.1/../../../../arm-none-eabi/lib/armv7-m\libg_nano.a(lib_a-dtoa.o)
 *fill*         0x00005c5e        0x2 
 .text._dtoa_r  0x00005c60      0xb30 e:/cypress/psoc creator/4.2/psoc creator/import/gnu/arm/5.4.1/bin/../lib/gcc/arm-none-eabi/5.4.1/../../../../arm-none-eabi/lib/armv7-m\libg_nano.a(lib_a-dtoa.o)
                0x00005c60                _dtoa_r
 .text._fputc_r
                0x00006790       0x48 e:/cypress/psoc creator/4.2/psoc creator/import/gnu/arm/5.4.1/bin/../lib/gcc/arm-none-eabi/5.4.1/../../../../arm-none-eabi/lib/armv7-m\libg_nano.a(lib_a-fputc.o)
                0x00006790                _fputc_r
 .text.fputc    0x000067d8       0x10 e:/cypress/psoc creator/4.2/psoc creator/import/gnu/arm/5.4.1/bin/../lib/gcc/arm-none-eabi/5.4.1/../../../../arm-none-eabi/lib/armv7-m\libg_nano.a(lib_a-fputc.o)
                0x000067d8                fputc
 .text._fputs_r
                0x000067e8       0x8c e:/cypress/psoc creator/4.2/psoc creator/import/gnu/arm/5.4.1/bin/../lib/gcc/arm-none-eabi/5.4.1/../../../../arm-none-eabi/lib/armv7-m\libg_nano.a(lib_a-fputs.o)
                0x000067e8                _fputs_r
 .text.fputs    0x00006874       0x10 e:/cypress/psoc creator/4.2/psoc creator/import/gnu/arm/5.4.1/bin/../lib/gcc/arm-none-eabi/5.4.1/../../../../arm-none-eabi/lib/armv7-m\libg_nano.a(lib_a-fputs.o)
                0x00006874                fputs
 .text.getenv   0x00006884       0x18 e:/cypress/psoc creator/4.2/psoc creator/import/gnu/arm/5.4.1/bin/../lib/gcc/arm-none-eabi/5.4.1/../../../../arm-none-eabi/lib/armv7-m\libg_nano.a(lib_a-getenv.o)
                0x00006884                getenv
 .text._findenv_r
                0x0000689c       0x78 e:/cypress/psoc creator/4.2/psoc creator/import/gnu/arm/5.4.1/bin/../lib/gcc/arm-none-eabi/5.4.1/../../../../arm-none-eabi/lib/armv7-m\libg_nano.a(lib_a-getenv_r.o)
                0x0000689c                _findenv_r
 .text._localeconv_r
                0x00006914        0x8 e:/cypress/psoc creator/4.2/psoc creator/import/gnu/arm/5.4.1/bin/../lib/gcc/arm-none-eabi/5.4.1/../../../../arm-none-eabi/lib/armv7-m\libg_nano.a(lib_a-locale.o)
                0x00006914                _localeconv_r
 .text._lseek_r
                0x0000691c       0x24 e:/cypress/psoc creator/4.2/psoc creator/import/gnu/arm/5.4.1/bin/../lib/gcc/arm-none-eabi/5.4.1/../../../../arm-none-eabi/lib/armv7-m\libg_nano.a(lib_a-lseekr.o)
                0x0000691c                _lseek_r
 .text.malloc   0x00006940       0x10 e:/cypress/psoc creator/4.2/psoc creator/import/gnu/arm/5.4.1/bin/../lib/gcc/arm-none-eabi/5.4.1/../../../../arm-none-eabi/lib/armv7-m\libg_nano.a(lib_a-malloc.o)
                0x00006940                malloc
 .text.memchr   0x00006950       0x1c e:/cypress/psoc creator/4.2/psoc creator/import/gnu/arm/5.4.1/bin/../lib/gcc/arm-none-eabi/5.4.1/../../../../arm-none-eabi/lib/armv7-m\libg_nano.a(lib_a-memchr-stub.o)
                0x00006950                memchr
 .text._Balloc  0x0000696c       0x6a e:/cypress/psoc creator/4.2/psoc creator/import/gnu/arm/5.4.1/bin/../lib/gcc/arm-none-eabi/5.4.1/../../../../arm-none-eabi/lib/armv7-m\libg_nano.a(lib_a-mprec.o)
                0x0000696c                _Balloc
 .text._Bfree   0x000069d6       0x2e e:/cypress/psoc creator/4.2/psoc creator/import/gnu/arm/5.4.1/bin/../lib/gcc/arm-none-eabi/5.4.1/../../../../arm-none-eabi/lib/armv7-m\libg_nano.a(lib_a-mprec.o)
                0x000069d6                _Bfree
 .text.__multadd
                0x00006a04       0x76 e:/cypress/psoc creator/4.2/psoc creator/import/gnu/arm/5.4.1/bin/../lib/gcc/arm-none-eabi/5.4.1/../../../../arm-none-eabi/lib/armv7-m\libg_nano.a(lib_a-mprec.o)
                0x00006a04                __multadd
 .text.__hi0bits
                0x00006a7a       0x40 e:/cypress/psoc creator/4.2/psoc creator/import/gnu/arm/5.4.1/bin/../lib/gcc/arm-none-eabi/5.4.1/../../../../arm-none-eabi/lib/armv7-m\libg_nano.a(lib_a-mprec.o)
                0x00006a7a                __hi0bits
 .text.__lo0bits
                0x00006aba       0x5a e:/cypress/psoc creator/4.2/psoc creator/import/gnu/arm/5.4.1/bin/../lib/gcc/arm-none-eabi/5.4.1/../../../../arm-none-eabi/lib/armv7-m\libg_nano.a(lib_a-mprec.o)
                0x00006aba                __lo0bits
 .text.__i2b    0x00006b14       0x12 e:/cypress/psoc creator/4.2/psoc creator/import/gnu/arm/5.4.1/bin/../lib/gcc/arm-none-eabi/5.4.1/../../../../arm-none-eabi/lib/armv7-m\libg_nano.a(lib_a-mprec.o)
                0x00006b14                __i2b
 .text.__multiply
                0x00006b26      0x120 e:/cypress/psoc creator/4.2/psoc creator/import/gnu/arm/5.4.1/bin/../lib/gcc/arm-none-eabi/5.4.1/../../../../arm-none-eabi/lib/armv7-m\libg_nano.a(lib_a-mprec.o)
                0x00006b26                __multiply
 *fill*         0x00006c46        0x2 
 .text.__pow5mult
                0x00006c48       0x9c e:/cypress/psoc creator/4.2/psoc creator/import/gnu/arm/5.4.1/bin/../lib/gcc/arm-none-eabi/5.4.1/../../../../arm-none-eabi/lib/armv7-m\libg_nano.a(lib_a-mprec.o)
                0x00006c48                __pow5mult
 .text.__lshift
                0x00006ce4       0xa2 e:/cypress/psoc creator/4.2/psoc creator/import/gnu/arm/5.4.1/bin/../lib/gcc/arm-none-eabi/5.4.1/../../../../arm-none-eabi/lib/armv7-m\libg_nano.a(lib_a-mprec.o)
                0x00006ce4                __lshift
 .text.__mcmp   0x00006d86       0x38 e:/cypress/psoc creator/4.2/psoc creator/import/gnu/arm/5.4.1/bin/../lib/gcc/arm-none-eabi/5.4.1/../../../../arm-none-eabi/lib/armv7-m\libg_nano.a(lib_a-mprec.o)
                0x00006d86                __mcmp
 .text.__mdiff  0x00006dbe       0xbe e:/cypress/psoc creator/4.2/psoc creator/import/gnu/arm/5.4.1/bin/../lib/gcc/arm-none-eabi/5.4.1/../../../../arm-none-eabi/lib/armv7-m\libg_nano.a(lib_a-mprec.o)
                0x00006dbe                __mdiff
 .text.__d2b    0x00006e7c       0x9c e:/cypress/psoc creator/4.2/psoc creator/import/gnu/arm/5.4.1/bin/../lib/gcc/arm-none-eabi/5.4.1/../../../../arm-none-eabi/lib/armv7-m\libg_nano.a(lib_a-mprec.o)
                0x00006e7c                __d2b
 .text._calloc_r
                0x00006f18       0x1c e:/cypress/psoc creator/4.2/psoc creator/import/gnu/arm/5.4.1/bin/../lib/gcc/arm-none-eabi/5.4.1/../../../../arm-none-eabi/lib/armv7-m\libg_nano.a(lib_a-nano-callocr.o)
                0x00006f18                _calloc_r
 .text._free_r  0x00006f34       0x98 e:/cypress/psoc creator/4.2/psoc creator/import/gnu/arm/5.4.1/bin/../lib/gcc/arm-none-eabi/5.4.1/../../../../arm-none-eabi/lib/armv7-m\libg_nano.a(lib_a-nano-freer.o)
                0x00006f34                _free_r
 .text._malloc_r
                0x00006fcc       0xbc e:/cypress/psoc creator/4.2/psoc creator/import/gnu/arm/5.4.1/bin/../lib/gcc/arm-none-eabi/5.4.1/../../../../arm-none-eabi/lib/armv7-m\libg_nano.a(lib_a-nano-mallocr.o)
                0x00006fcc                _malloc_r
 .text.__ssputs_r
                0x00007088       0xb2 e:/cypress/psoc creator/4.2/psoc creator/import/gnu/arm/5.4.1/bin/../lib/gcc/arm-none-eabi/5.4.1/../../../../arm-none-eabi/lib/armv7-m\libg_nano.a(lib_a-nano-svfprintf.o)
                0x00007088                __ssputs_r
 *fill*         0x0000713a        0x2 
 .text._svfprintf_r
                0x0000713c      0x1e8 e:/cypress/psoc creator/4.2/psoc creator/import/gnu/arm/5.4.1/bin/../lib/gcc/arm-none-eabi/5.4.1/../../../../arm-none-eabi/lib/armv7-m\libg_nano.a(lib_a-nano-svfprintf.o)
                0x0000713c                _svfiprintf_r
                0x0000713c                _svfprintf_r
 .text._putc_r  0x00007324       0x6c e:/cypress/psoc creator/4.2/psoc creator/import/gnu/arm/5.4.1/bin/../lib/gcc/arm-none-eabi/5.4.1/../../../../arm-none-eabi/lib/armv7-m\libg_nano.a(lib_a-putc.o)
                0x00007324                _putc_r
 .text._read_r  0x00007390       0x24 e:/cypress/psoc creator/4.2/psoc creator/import/gnu/arm/5.4.1/bin/../lib/gcc/arm-none-eabi/5.4.1/../../../../arm-none-eabi/lib/armv7-m\libg_nano.a(lib_a-readr.o)
                0x00007390                _read_r
 .text._sbrk_r  0x000073b4       0x20 e:/cypress/psoc creator/4.2/psoc creator/import/gnu/arm/5.4.1/bin/../lib/gcc/arm-none-eabi/5.4.1/../../../../arm-none-eabi/lib/armv7-m\libg_nano.a(lib_a-sbrkr.o)
                0x000073b4                _sbrk_r
 .text.strncmp  0x000073d4       0x2a e:/cypress/psoc creator/4.2/psoc creator/import/gnu/arm/5.4.1/bin/../lib/gcc/arm-none-eabi/5.4.1/../../../../arm-none-eabi/lib/armv7-m\libg_nano.a(lib_a-strncmp.o)
                0x000073d4                strncmp
 *fill*         0x000073fe        0x2 
 .text.__swbuf_r
                0x00007400       0xa8 e:/cypress/psoc creator/4.2/psoc creator/import/gnu/arm/5.4.1/bin/../lib/gcc/arm-none-eabi/5.4.1/../../../../arm-none-eabi/lib/armv7-m\libg_nano.a(lib_a-wbuf.o)
                0x00007400                __swbuf_r
 .text.__swsetup_r
                0x000074a8       0xdc e:/cypress/psoc creator/4.2/psoc creator/import/gnu/arm/5.4.1/bin/../lib/gcc/arm-none-eabi/5.4.1/../../../../arm-none-eabi/lib/armv7-m\libg_nano.a(lib_a-wsetup.o)
                0x000074a8                __swsetup_r
 .text.__env_lock
                0x00007584        0x2 e:/cypress/psoc creator/4.2/psoc creator/import/gnu/arm/5.4.1/bin/../lib/gcc/arm-none-eabi/5.4.1/../../../../arm-none-eabi/lib/armv7-m\libg_nano.a(lib_a-envlock.o)
                0x00007584                __env_lock
 .text.__env_unlock
                0x00007586        0x2 e:/cypress/psoc creator/4.2/psoc creator/import/gnu/arm/5.4.1/bin/../lib/gcc/arm-none-eabi/5.4.1/../../../../arm-none-eabi/lib/armv7-m\libg_nano.a(lib_a-envlock.o)
                0x00007586                __env_unlock
 .text.__sflush_r
                0x00007588      0x10c e:/cypress/psoc creator/4.2/psoc creator/import/gnu/arm/5.4.1/bin/../lib/gcc/arm-none-eabi/5.4.1/../../../../arm-none-eabi/lib/armv7-m\libg_nano.a(lib_a-fflush.o)
                0x00007588                __sflush_r
 .text._fflush_r
                0x00007694       0x54 e:/cypress/psoc creator/4.2/psoc creator/import/gnu/arm/5.4.1/bin/../lib/gcc/arm-none-eabi/5.4.1/../../../../arm-none-eabi/lib/armv7-m\libg_nano.a(lib_a-fflush.o)
                0x00007694                _fflush_r
 .text._cleanup_r
                0x000076e8        0xc e:/cypress/psoc creator/4.2/psoc creator/import/gnu/arm/5.4.1/bin/../lib/gcc/arm-none-eabi/5.4.1/../../../../arm-none-eabi/lib/armv7-m\libg_nano.a(lib_a-findfp.o)
                0x000076e8                _cleanup_r
 .text.std.isra.0
                0x000076f4       0x48 e:/cypress/psoc creator/4.2/psoc creator/import/gnu/arm/5.4.1/bin/../lib/gcc/arm-none-eabi/5.4.1/../../../../arm-none-eabi/lib/armv7-m\libg_nano.a(lib_a-findfp.o)
 .text.__sfmoreglue
                0x0000773c       0x2c e:/cypress/psoc creator/4.2/psoc creator/import/gnu/arm/5.4.1/bin/../lib/gcc/arm-none-eabi/5.4.1/../../../../arm-none-eabi/lib/armv7-m\libg_nano.a(lib_a-findfp.o)
                0x0000773c                __sfmoreglue
 .text.__sinit  0x00007768       0x60 e:/cypress/psoc creator/4.2/psoc creator/import/gnu/arm/5.4.1/bin/../lib/gcc/arm-none-eabi/5.4.1/../../../../arm-none-eabi/lib/armv7-m\libg_nano.a(lib_a-findfp.o)
                0x00007768                __sinit
 .text.__sfp    0x000077c8       0x78 e:/cypress/psoc creator/4.2/psoc creator/import/gnu/arm/5.4.1/bin/../lib/gcc/arm-none-eabi/5.4.1/../../../../arm-none-eabi/lib/armv7-m\libg_nano.a(lib_a-findfp.o)
                0x000077c8                __sfp
 .text._fwalk_reent
                0x00007840       0x3c e:/cypress/psoc creator/4.2/psoc creator/import/gnu/arm/5.4.1/bin/../lib/gcc/arm-none-eabi/5.4.1/../../../../arm-none-eabi/lib/armv7-m\libg_nano.a(lib_a-fwalk.o)
                0x00007840                _fwalk_reent
 .text.__swhatbuf_r
                0x0000787c       0x46 e:/cypress/psoc creator/4.2/psoc creator/import/gnu/arm/5.4.1/bin/../lib/gcc/arm-none-eabi/5.4.1/../../../../arm-none-eabi/lib/armv7-m\libg_nano.a(lib_a-makebuf.o)
                0x0000787c                __swhatbuf_r
 *fill*         0x000078c2        0x2 
 .text.__smakebuf_r
                0x000078c4       0x78 e:/cypress/psoc creator/4.2/psoc creator/import/gnu/arm/5.4.1/bin/../lib/gcc/arm-none-eabi/5.4.1/../../../../arm-none-eabi/lib/armv7-m\libg_nano.a(lib_a-makebuf.o)
                0x000078c4                __smakebuf_r
 .text.memmove  0x0000793c       0x36 e:/cypress/psoc creator/4.2/psoc creator/import/gnu/arm/5.4.1/bin/../lib/gcc/arm-none-eabi/5.4.1/../../../../arm-none-eabi/lib/armv7-m\libg_nano.a(lib_a-memmove.o)
                0x0000793c                memmove
 .text.__malloc_lock
                0x00007972        0x2 e:/cypress/psoc creator/4.2/psoc creator/import/gnu/arm/5.4.1/bin/../lib/gcc/arm-none-eabi/5.4.1/../../../../arm-none-eabi/lib/armv7-m\libg_nano.a(lib_a-mlock.o)
                0x00007972                __malloc_lock
 .text.__malloc_unlock
                0x00007974        0x2 e:/cypress/psoc creator/4.2/psoc creator/import/gnu/arm/5.4.1/bin/../lib/gcc/arm-none-eabi/5.4.1/../../../../arm-none-eabi/lib/armv7-m\libg_nano.a(lib_a-mlock.o)
                0x00007974                __malloc_unlock
 .text._realloc_r
                0x00007976       0x4c e:/cypress/psoc creator/4.2/psoc creator/import/gnu/arm/5.4.1/bin/../lib/gcc/arm-none-eabi/5.4.1/../../../../arm-none-eabi/lib/armv7-m\libg_nano.a(lib_a-nano-reallocr.o)
                0x00007976                _realloc_r
 *fill*         0x000079c2        0x2 
 .text._fstat_r
                0x000079c4       0x24 e:/cypress/psoc creator/4.2/psoc creator/import/gnu/arm/5.4.1/bin/../lib/gcc/arm-none-eabi/5.4.1/../../../../arm-none-eabi/lib/armv7-m\libg_nano.a(lib_a-fstatr.o)
                0x000079c4                _fstat_r
 .text._isatty_r
                0x000079e8       0x20 e:/cypress/psoc creator/4.2/psoc creator/import/gnu/arm/5.4.1/bin/../lib/gcc/arm-none-eabi/5.4.1/../../../../arm-none-eabi/lib/armv7-m\libg_nano.a(lib_a-isattyr.o)
                0x000079e8                _isatty_r
 .text._malloc_usable_size_r
                0x00007a08       0x14 e:/cypress/psoc creator/4.2/psoc creator/import/gnu/arm/5.4.1/bin/../lib/gcc/arm-none-eabi/5.4.1/../../../../arm-none-eabi/lib/armv7-m\libg_nano.a(lib_a-nano-msizer.o)
                0x00007a08                _malloc_usable_size_r
 .text._close   0x00007a1c       0x10 e:/cypress/psoc creator/4.2/psoc creator/import/gnu/arm/5.4.1/bin/../lib/gcc/arm-none-eabi/5.4.1/../../../../arm-none-eabi/lib/armv7-m\libnosys.a(close.o)
                0x00007a1c                _close
 .text._fstat   0x00007a2c       0x10 e:/cypress/psoc creator/4.2/psoc creator/import/gnu/arm/5.4.1/bin/../lib/gcc/arm-none-eabi/5.4.1/../../../../arm-none-eabi/lib/armv7-m\libnosys.a(fstat.o)
                0x00007a2c                _fstat
 .text._isatty  0x00007a3c       0x10 e:/cypress/psoc creator/4.2/psoc creator/import/gnu/arm/5.4.1/bin/../lib/gcc/arm-none-eabi/5.4.1/../../../../arm-none-eabi/lib/armv7-m\libnosys.a(isatty.o)
                0x00007a3c                _isatty
 .text._lseek   0x00007a4c       0x10 e:/cypress/psoc creator/4.2/psoc creator/import/gnu/arm/5.4.1/bin/../lib/gcc/arm-none-eabi/5.4.1/../../../../arm-none-eabi/lib/armv7-m\libnosys.a(lseek.o)
                0x00007a4c                _lseek
 .text._read    0x00007a5c       0x10 e:/cypress/psoc creator/4.2/psoc creator/import/gnu/arm/5.4.1/bin/../lib/gcc/arm-none-eabi/5.4.1/../../../../arm-none-eabi/lib/armv7-m\libnosys.a(read.o)
                0x00007a5c                _read
 .text._write   0x00007a6c       0x10 e:/cypress/psoc creator/4.2/psoc creator/import/gnu/arm/5.4.1/bin/../lib/gcc/arm-none-eabi/5.4.1/../../../../arm-none-eabi/lib/armv7-m\libnosys.a(write.o)
                0x00007a6c                _write
 *(.plt)
 *(.gnu.warning)
 *(.glue_7t)
 .glue_7t       0x00007a7c        0x0 linker stubs
 *(.glue_7)
 .glue_7        0x00007a7c        0x0 linker stubs
 *(.vfp11_veneer)
 .vfp11_veneer  0x00007a7c        0x0 linker stubs
 *(.bootloader)
 *(.ARM.extab* .gnu.linkonce.armextab.*)
 *(.gcc_except_table)

.v4_bx          0x00007a7c        0x0
 .v4_bx         0x00007a7c        0x0 linker stubs

.iplt           0x00007a7c        0x0
 .iplt          0x00007a7c        0x0 e:/cypress/psoc creator/4.2/psoc creator/import/gnu/arm/5.4.1/bin/../lib/gcc/arm-none-eabi/5.4.1/armv7-m/crtbegin.o

.eh_frame_hdr
 *(.eh_frame_hdr)

.eh_frame       0x00007a7c        0x4
 *(.eh_frame)
 .eh_frame      0x00007a7c        0x0 e:/cypress/psoc creator/4.2/psoc creator/import/gnu/arm/5.4.1/bin/../lib/gcc/arm-none-eabi/5.4.1/armv7-m/crtbegin.o
 .eh_frame      0x00007a7c        0x4 e:/cypress/psoc creator/4.2/psoc creator/import/gnu/arm/5.4.1/bin/../lib/gcc/arm-none-eabi/5.4.1/armv7-m/crtend.o
                [!provide]                PROVIDE (__exidx_start, .)

.ARM.exidx
 *(.ARM.exidx* .gnu.linkonce.armexidx.*)
                0x00007a80                __exidx_end = .

.rodata         0x00007a80     0x1198
 *(.rodata .rodata.* .gnu.linkonce.r.*)
 .rodata        0x00007a80       0x1b .\CortexM3\ARM_GCC_541\Debug\SSD1306.o
 *fill*         0x00007a9b        0x1 
 .rodata        0x00007a9c        0xc .\CortexM3\ARM_GCC_541\Debug\gfx.o
 .rodata        0x00007aa8        0xc .\CortexM3\ARM_GCC_541\Debug\gfx_impl.o
 .rodata        0x00007ab4       0x7c .\CortexM3\ARM_GCC_541\Debug\BME280_INTF.o
 .rodata        0x00007b30      0xbbe .\CortexM3\ARM_GCC_541\Debug\command.o
 *fill*         0x000086ee        0x2 
 .rodata        0x000086f0      0x14e .\CortexM3\ARM_GCC_541\Debug\menu.o
 *fill*         0x0000883e        0x2 
 .rodata        0x00008840       0x58 .\CortexM3\ARM_GCC_541\Debug\cyfitter_cfg.o
 .rodata.str1.1
                0x00008898       0x81 e:/cypress/psoc creator/4.2/psoc creator/import/gnu/arm/5.4.1/bin/../lib/gcc/arm-none-eabi/5.4.1/../../../../arm-none-eabi/lib/armv7-m\libg_nano.a(lib_a-getopt.o)
                                 0x84 (size before relaxing)
 .rodata.str1.1
                0x00008919        0x2 e:/cypress/psoc creator/4.2/psoc creator/import/gnu/arm/5.4.1/bin/../lib/gcc/arm-none-eabi/5.4.1/../../../../arm-none-eabi/lib/armv7-m\libg_nano.a(lib_a-impure.o)
 *fill*         0x0000891b        0x1 
 .rodata._global_impure_ptr
                0x0000891c        0x4 e:/cypress/psoc creator/4.2/psoc creator/import/gnu/arm/5.4.1/bin/../lib/gcc/arm-none-eabi/5.4.1/../../../../arm-none-eabi/lib/armv7-m\libg_nano.a(lib_a-impure.o)
                0x0000891c                _global_impure_ptr
 .rodata.str1.1
                0x00008920       0x12 e:/cypress/psoc creator/4.2/psoc creator/import/gnu/arm/5.4.1/bin/../lib/gcc/arm-none-eabi/5.4.1/../../../../arm-none-eabi/lib/armv7-m\libg_nano.a(lib_a-nano-vfprintf_float.o)
 .rodata.str1.1
                0x00008932       0x22 e:/cypress/psoc creator/4.2/psoc creator/import/gnu/arm/5.4.1/bin/../lib/gcc/arm-none-eabi/5.4.1/../../../../arm-none-eabi/lib/armv7-m\libg_nano.a(lib_a-nano-vfprintf_i.o)
 .rodata._ctype_
                0x00008954      0x101 e:/cypress/psoc creator/4.2/psoc creator/import/gnu/arm/5.4.1/bin/../lib/gcc/arm-none-eabi/5.4.1/../../../../arm-none-eabi/lib/armv7-m\libg_nano.a(lib_a-ctype_.o)
                0x00008954                _ctype_
 .rodata.str1.1
                0x00008a55        0xd e:/cypress/psoc creator/4.2/psoc creator/import/gnu/arm/5.4.1/bin/../lib/gcc/arm-none-eabi/5.4.1/../../../../arm-none-eabi/lib/armv7-m\libg_nano.a(lib_a-dtoa.o)
                                  0xf (size before relaxing)
 .rodata.str1.1
                0x00008a62        0x8 e:/cypress/psoc creator/4.2/psoc creator/import/gnu/arm/5.4.1/bin/../lib/gcc/arm-none-eabi/5.4.1/../../../../arm-none-eabi/lib/armv7-m\libg_nano.a(lib_a-locale.o)
                                  0xb (size before relaxing)
 *fill*         0x00008a6a        0x6 
 .rodata.__mprec_tens
                0x00008a70       0xc8 e:/cypress/psoc creator/4.2/psoc creator/import/gnu/arm/5.4.1/bin/../lib/gcc/arm-none-eabi/5.4.1/../../../../arm-none-eabi/lib/armv7-m\libg_nano.a(lib_a-mprec.o)
                0x00008a70                __mprec_tens
 .rodata.p05.5408
                0x00008b38        0xc e:/cypress/psoc creator/4.2/psoc creator/import/gnu/arm/5.4.1/bin/../lib/gcc/arm-none-eabi/5.4.1/../../../../arm-none-eabi/lib/armv7-m\libg_nano.a(lib_a-mprec.o)
 *fill*         0x00008b44        0x4 
 .rodata.__mprec_bigtens
                0x00008b48       0x28 e:/cypress/psoc creator/4.2/psoc creator/import/gnu/arm/5.4.1/bin/../lib/gcc/arm-none-eabi/5.4.1/../../../../arm-none-eabi/lib/armv7-m\libg_nano.a(lib_a-mprec.o)
                0x00008b48                __mprec_bigtens
 .rodata.str1.1
                0x00008b70       0x11 e:/cypress/psoc creator/4.2/psoc creator/import/gnu/arm/5.4.1/bin/../lib/gcc/arm-none-eabi/5.4.1/../../../../arm-none-eabi/lib/armv7-m\libg_nano.a(lib_a-nano-svfprintf.o)
 *fill*         0x00008b81        0x3 
 .rodata.__sf_fake_stdin
                0x00008b84       0x20 e:/cypress/psoc creator/4.2/psoc creator/import/gnu/arm/5.4.1/bin/../lib/gcc/arm-none-eabi/5.4.1/../../../../arm-none-eabi/lib/armv7-m\libg_nano.a(lib_a-findfp.o)
                0x00008b84                __sf_fake_stdin
 .rodata.__sf_fake_stdout
                0x00008ba4       0x20 e:/cypress/psoc creator/4.2/psoc creator/import/gnu/arm/5.4.1/bin/../lib/gcc/arm-none-eabi/5.4.1/../../../../arm-none-eabi/lib/armv7-m\libg_nano.a(lib_a-findfp.o)
                0x00008ba4                __sf_fake_stdout
 .rodata.__sf_fake_stderr
                0x00008bc4       0x20 e:/cypress/psoc creator/4.2/psoc creator/import/gnu/arm/5.4.1/bin/../lib/gcc/arm-none-eabi/5.4.1/../../../../arm-none-eabi/lib/armv7-m\libg_nano.a(lib_a-findfp.o)
                0x00008bc4                __sf_fake_stderr
                0x00008be4                . = ALIGN (0x4)
 *(.init)
 .init          0x00008be4        0x4 e:/cypress/psoc creator/4.2/psoc creator/import/gnu/arm/5.4.1/bin/../lib/gcc/arm-none-eabi/5.4.1/armv7-m/crti.o
                0x00008be4                _init
 .init          0x00008be8        0x8 e:/cypress/psoc creator/4.2/psoc creator/import/gnu/arm/5.4.1/bin/../lib/gcc/arm-none-eabi/5.4.1/armv7-m/crtn.o
                0x00008bf0                . = ALIGN (0x4)
                0x00008bf0                __preinit_array_start = .
 *(.preinit_array)
                0x00008bf0                __preinit_array_end = .
                0x00008bf0                . = ALIGN (0x4)
                0x00008bf0                __init_array_start = .
 *(SORT(.init_array.*))
 *(.init_array)
 .init_array    0x00008bf0        0x4 e:/cypress/psoc creator/4.2/psoc creator/import/gnu/arm/5.4.1/bin/../lib/gcc/arm-none-eabi/5.4.1/armv7-m/crtbegin.o
 .init_array    0x00008bf4        0x4 .\CortexM3\ARM_GCC_541\Debug\Cm3Start.o
                0x00008bf8                __init_array_end = .
                0x00008bf8                . = ALIGN (0x4)
 *(.fini)
 .fini          0x00008bf8        0x4 e:/cypress/psoc creator/4.2/psoc creator/import/gnu/arm/5.4.1/bin/../lib/gcc/arm-none-eabi/5.4.1/armv7-m/crti.o
                0x00008bf8                _fini
 .fini          0x00008bfc        0x8 e:/cypress/psoc creator/4.2/psoc creator/import/gnu/arm/5.4.1/bin/../lib/gcc/arm-none-eabi/5.4.1/armv7-m/crtn.o
                0x00008c04                . = ALIGN (0x4)
                0x00008c04                __fini_array_start = .
 *(.fini_array)
 .fini_array    0x00008c04        0x4 e:/cypress/psoc creator/4.2/psoc creator/import/gnu/arm/5.4.1/bin/../lib/gcc/arm-none-eabi/5.4.1/armv7-m/crtbegin.o
 *(SORT(.fini_array.*))
                0x00008c08                __fini_array_end = .
                0x00008c08                . = ALIGN (0x4)
 *crtbegin.o(.ctors)
 *(EXCLUDE_FILE(*crtend.o) .ctors)
 *(SORT(.ctors.*))
 *crtend.o(.ctors)
                0x00008c08                . = ALIGN (0x4)
 *crtbegin.o(.dtors)
 *(EXCLUDE_FILE(*crtend.o) .dtors)
 *(SORT(.dtors.*))
 *crtend.o(.dtors)
                0x00008c08                . = ALIGN (0x4)
                0x00008c08                __cy_regions = .
                0x00008c08        0x4 LONG 0x8c18 __cy_region_init_ram
                0x00008c0c        0x4 LONG 0x1fff80c8 __cy_region_start_data
                0x00008c10        0x4 LONG 0x980 __cy_region_init_size_ram
                0x00008c14        0x4 LONG 0xeb0 __cy_region_zero_size_ram
                0x00008c18                __cy_regions_end = .
                0x00008c18                . = ALIGN (0x8)
                0x00008c18                _etext = .

.cy_checksum_exclude
                0x00008c18        0x0
 *(.cy_checksum_exclude)

.ramvectors     0x1fff8000       0xc0
                0x1fff8000                __cy_region_start_ram = .
 *(.ramvectors)
 .ramvectors    0x1fff8000       0xc0 .\CortexM3\ARM_GCC_541\Debug\Cm3Start.o
                0x1fff8000                CyRamVectors

.noinit         0x1fff80c0        0x5
 *(.noinit)
 .noinit        0x1fff80c0        0x4 .\CortexM3\ARM_GCC_541\Debug\Cm3Start.o
 .noinit        0x1fff80c4        0x1 .\CortexM3\ARM_GCC_541\Debug\Rhea.a(CyLib.o)
                0x1fff80c4                CyResetStatus

.data           0x1fff80c8      0x980 load address 0x00008c18
                0x1fff80c8                __cy_region_start_data = .
 *(.jcr)
 .jcr           0x1fff80c8        0x0 e:/cypress/psoc creator/4.2/psoc creator/import/gnu/arm/5.4.1/bin/../lib/gcc/arm-none-eabi/5.4.1/armv7-m/crtbegin.o
 .jcr           0x1fff80c8        0x4 e:/cypress/psoc creator/4.2/psoc creator/import/gnu/arm/5.4.1/bin/../lib/gcc/arm-none-eabi/5.4.1/armv7-m/crtend.o
 *(.got.plt)
 *(.got)
 *(.shdata)
 *(.data .data.* .gnu.linkonce.d.*)
 .data          0x1fff80cc      0x8b8 .\CortexM3\ARM_GCC_541\Debug\gfx.o
                0x1fff80cc                codefont_8x8_data
                0x1fff8644                codefont_8x8_descriptors
 .data          0x1fff8984        0x4 .\CortexM3\ARM_GCC_541\Debug\Cm3Start.o
 .data          0x1fff8988       0x10 .\CortexM3\ARM_GCC_541\Debug\Rhea.a(CyLib.o)
                0x1fff8988                cydelay_freq_hz
                0x1fff898c                cydelay_freq_khz
                0x1fff8990                cydelay_freq_mhz
                0x1fff8994                cydelay_32k_ms
 .data.optopt   0x1fff8998        0x4 e:/cypress/psoc creator/4.2/psoc creator/import/gnu/arm/5.4.1/bin/../lib/gcc/arm-none-eabi/5.4.1/../../../../arm-none-eabi/lib/armv7-m\libg_nano.a(lib_a-getopt.o)
                0x1fff8998                optopt
 .data.opterr   0x1fff899c        0x4 e:/cypress/psoc creator/4.2/psoc creator/import/gnu/arm/5.4.1/bin/../lib/gcc/arm-none-eabi/5.4.1/../../../../arm-none-eabi/lib/armv7-m\libg_nano.a(lib_a-getopt.o)
                0x1fff899c                opterr
 .data.impure_data
                0x1fff89a0       0x60 e:/cypress/psoc creator/4.2/psoc creator/import/gnu/arm/5.4.1/bin/../lib/gcc/arm-none-eabi/5.4.1/../../../../arm-none-eabi/lib/armv7-m\libg_nano.a(lib_a-impure.o)
 .data._impure_ptr
                0x1fff8a00        0x4 e:/cypress/psoc creator/4.2/psoc creator/import/gnu/arm/5.4.1/bin/../lib/gcc/arm-none-eabi/5.4.1/../../../../arm-none-eabi/lib/armv7-m\libg_nano.a(lib_a-impure.o)
                0x1fff8a00                _impure_ptr
 .data.__ctype_ptr__
                0x1fff8a04        0x4 e:/cypress/psoc creator/4.2/psoc creator/import/gnu/arm/5.4.1/bin/../lib/gcc/arm-none-eabi/5.4.1/../../../../arm-none-eabi/lib/armv7-m\libg_nano.a(lib_a-ctype_.o)
                0x1fff8a04                __ctype_ptr__
 .data.lconv    0x1fff8a08       0x38 e:/cypress/psoc creator/4.2/psoc creator/import/gnu/arm/5.4.1/bin/../lib/gcc/arm-none-eabi/5.4.1/../../../../arm-none-eabi/lib/armv7-m\libg_nano.a(lib_a-locale.o)
 .data.environ  0x1fff8a40        0x4 e:/cypress/psoc creator/4.2/psoc creator/import/gnu/arm/5.4.1/bin/../lib/gcc/arm-none-eabi/5.4.1/../../../../arm-none-eabi/lib/armv7-m\libg_nano.a(lib_a-environ.o)
                0x1fff8a40                environ
                0x1fff8a48                . = ALIGN (0x8)
 *fill*         0x1fff8a44        0x4 
 *(.ram)
                0x1fff8a48                _edata = .

.igot.plt       0x1fff8a48        0x0 load address 0x00009598
 .igot.plt      0x1fff8a48        0x0 e:/cypress/psoc creator/4.2/psoc creator/import/gnu/arm/5.4.1/bin/../lib/gcc/arm-none-eabi/5.4.1/armv7-m/crtbegin.o

.bss            0x1fff8a48      0xeb0 load address 0x00009598
                0x1fff8a48                PROVIDE (__bss_start__, .)
 *(.shbss)
 *(.bss .bss.* .gnu.linkonce.b.*)
 .bss           0x1fff8a48       0x1c e:/cypress/psoc creator/4.2/psoc creator/import/gnu/arm/5.4.1/bin/../lib/gcc/arm-none-eabi/5.4.1/armv7-m/crtbegin.o
 .bss           0x1fff8a64       0x41 .\CortexM3\ARM_GCC_541\Debug\BME280.o
 *fill*         0x1fff8aa5        0x3 
 .bss           0x1fff8aa8      0x40c .\CortexM3\ARM_GCC_541\Debug\SSD1306.o
 .bss           0x1fff8eb4       0x10 .\CortexM3\ARM_GCC_541\Debug\gfx.o
 *fill*         0x1fff8ec4        0x4 
 .bss           0x1fff8ec8      0x810 .\CortexM3\ARM_GCC_541\Debug\sensor.o
 .bss           0x1fff96d8        0x1 .\CortexM3\ARM_GCC_541\Debug\command.o
                0x1fff96d8                serial_data_ready
 .bss           0x1fff96d9        0x3 .\CortexM3\ARM_GCC_541\Debug\input.o
                0x1fff96d9                button_enter_pressed
                0x1fff96da                button_right_pressed
                0x1fff96db                button_left_pressed
 *fill*         0x1fff96dc        0x4 
 .bss           0x1fff96e0       0xd8 .\CortexM3\ARM_GCC_541\Debug\menu.o
 .bss           0x1fff97b8        0x1 .\CortexM3\ARM_GCC_541\Debug\Rhea.a(I2C.o)
                0x1fff97b8                I2C_initVar
 .bss           0x1fff97b9        0x2 .\CortexM3\ARM_GCC_541\Debug\Rhea.a(UART.o)
                0x1fff97b9                UART_initVar
 .bss           0x1fff97bb        0x1 .\CortexM3\ARM_GCC_541\Debug\Rhea.a(SENSOR_TIMER.o)
                0x1fff97bb                SENSOR_TIMER_initVar
 .bss.optwhere  0x1fff97bc        0x4 e:/cypress/psoc creator/4.2/psoc creator/import/gnu/arm/5.4.1/bin/../lib/gcc/arm-none-eabi/5.4.1/../../../../arm-none-eabi/lib/armv7-m\libg_nano.a(lib_a-getopt.o)
 .bss.optind    0x1fff97c0        0x4 e:/cypress/psoc creator/4.2/psoc creator/import/gnu/arm/5.4.1/bin/../lib/gcc/arm-none-eabi/5.4.1/../../../../arm-none-eabi/lib/armv7-m\libg_nano.a(lib_a-getopt.o)
                0x1fff97c0                optind
 .bss.optarg    0x1fff97c4        0x4 e:/cypress/psoc creator/4.2/psoc creator/import/gnu/arm/5.4.1/bin/../lib/gcc/arm-none-eabi/5.4.1/../../../../arm-none-eabi/lib/armv7-m\libg_nano.a(lib_a-getopt.o)
                0x1fff97c4                optarg
 .bss.__malloc_sbrk_start
                0x1fff97c8        0x4 e:/cypress/psoc creator/4.2/psoc creator/import/gnu/arm/5.4.1/bin/../lib/gcc/arm-none-eabi/5.4.1/../../../../arm-none-eabi/lib/armv7-m\libg_nano.a(lib_a-nano-mallocr.o)
                0x1fff97c8                __malloc_sbrk_start
 .bss.__malloc_free_list
                0x1fff97cc        0x4 e:/cypress/psoc creator/4.2/psoc creator/import/gnu/arm/5.4.1/bin/../lib/gcc/arm-none-eabi/5.4.1/../../../../arm-none-eabi/lib/armv7-m\libg_nano.a(lib_a-nano-mallocr.o)
                0x1fff97cc                __malloc_free_list
 .bss.initial_env
                0x1fff97d0        0x4 e:/cypress/psoc creator/4.2/psoc creator/import/gnu/arm/5.4.1/bin/../lib/gcc/arm-none-eabi/5.4.1/../../../../arm-none-eabi/lib/armv7-m\libg_nano.a(lib_a-environ.o)
 *(COMMON)
 COMMON         0x1fff97d4      0x102 .\CortexM3\ARM_GCC_541\Debug\command.o
                0x1fff97d4                serialBuffer
 *fill*         0x1fff98d6        0x2 
 COMMON         0x1fff98d8        0x8 .\CortexM3\ARM_GCC_541\Debug\menu.o
                0x1fff98d8                mainStateMachine
 COMMON         0x1fff98e0        0x1 .\CortexM3\ARM_GCC_541\Debug\Rhea.a(I2C.o)
                0x1fff98e0                I2C_state
 *fill*         0x1fff98e1        0x3 
 COMMON         0x1fff98e4       0x10 .\CortexM3\ARM_GCC_541\Debug\Rhea.a(I2C_MASTER.o)
                0x1fff98e4                I2C_mstrWrBufIndex
                0x1fff98e5                I2C_mstrWrBufSize
                0x1fff98e6                I2C_mstrStatus
                0x1fff98e8                I2C_mstrRdBufPtr
                0x1fff98ec                I2C_mstrControl
                0x1fff98ed                I2C_mstrRdBufSize
                0x1fff98ee                I2C_mstrRdBufIndex
                0x1fff98f0                I2C_mstrWrBufPtr
 COMMON         0x1fff98f4        0x4 e:/cypress/psoc creator/4.2/psoc creator/import/gnu/arm/5.4.1/bin/../lib/gcc/arm-none-eabi/5.4.1/../../../../arm-none-eabi/lib/armv7-m\libg_nano.a(lib_a-reent.o)
                0x1fff98f4                errno
                0x1fff98f8                . = ALIGN (0x8)
 *(.ram.b)
                0x1fff98f8                _end = .
                0x1fff98f8                __end = .
                0x1fff98f8                PROVIDE (end, .)
                0x1fff98f8                PROVIDE (__bss_end__, .)
                0x00008c18                __cy_region_init_ram = LOADADDR (.data)
                0x00000980                __cy_region_init_size_ram = (_edata - ADDR (.data))
                0x00000eb0                __cy_region_zero_size_ram = (_end - _edata)

.heap           0x1fff98f8      0x200 load address 0x00009598
                0x1fff98f8                . = _end
                0x1fff9af8                . = (. + 0x200)
 *fill*         0x1fff98f8      0x200 
                0x1fff9af8                __cy_heap_limit = .

.stack          0x20007800      0x800
                0x20007800                __cy_stack_limit = .
                0x20008000                . = (. + 0x800)
 *fill*         0x20007800      0x800 
                0x00000001                ASSERT ((__cy_stack_limit >= __cy_heap_limit), region RAM overflowed with stack)
                0x00000000                cy_checksum_exclude_size = (CY_APPL_LOADABLE == 0x1)?SIZEOF (.cy_checksum_exclude):0x0
                0x00000001                ASSERT ((cy_checksum_exclude_size <= CY_CHECKSUM_EXCLUDE_SIZE), CY_BOOT: Section .cy_checksum_exclude size exceedes specified limit.)

.cyloadermeta
 *(.cyloadermeta)

.cyloadablemeta
 *(.cyloadablemeta)

.cyconfigecc    0x80000000      0x498
 *(.cyconfigecc)
 .cyconfigecc   0x80000000      0x498 .\CortexM3\ARM_GCC_541\Debug\cymetadata.o
                0x80000000                cy_meta_configecc

.cycustnvl      0x90000000        0x4
 *(.cycustnvl)
 .cycustnvl     0x90000000        0x4 .\CortexM3\ARM_GCC_541\Debug\cymetadata.o
                0x90000000                cy_meta_custnvl

.cywolatch      0x90100000        0x4
 *(.cywolatch)
 .cywolatch     0x90100000        0x4 .\CortexM3\ARM_GCC_541\Debug\cymetadata.o
                0x90100000                cy_meta_wonvl

.cyeeprom       0x90200000        0x0
 *(.cyeeprom)
                0x00000001                ASSERT ((. <= ((0x90200000 + ee_offset) + ee_size)), .cyeeprom data will not fit in EEPROM)

.cyflashprotect
                0x90400000      0x100
 *(.cyflashprotect)
 .cyflashprotect
                0x90400000      0x100 .\CortexM3\ARM_GCC_541\Debug\cymetadata.o
                0x90400000                cy_meta_flashprotect

.cymeta         0x90500000        0xc
 *(.cymeta)
 .cymeta        0x90500000        0xc .\CortexM3\ARM_GCC_541\Debug\cymetadata.o
                0x90500000                cy_metadata

.rel.dyn        0x00009598        0x0 load address 0x9050000c
 .rel.iplt      0x00009598        0x0 e:/cypress/psoc creator/4.2/psoc creator/import/gnu/arm/5.4.1/bin/../lib/gcc/arm-none-eabi/5.4.1/armv7-m/crtbegin.o

.stab           0x00000000       0x9c
 *(.stab)
 .stab          0x00000000       0x24 e:/cypress/psoc creator/4.2/psoc creator/import/gnu/arm/5.4.1/bin/../lib/gcc/arm-none-eabi/5.4.1/../../../../arm-none-eabi/lib/armv7-m\libnosys.a(close.o)
 .stab          0x00000024       0x18 e:/cypress/psoc creator/4.2/psoc creator/import/gnu/arm/5.4.1/bin/../lib/gcc/arm-none-eabi/5.4.1/../../../../arm-none-eabi/lib/armv7-m\libnosys.a(fstat.o)
                                 0x24 (size before relaxing)
 .stab          0x0000003c       0x18 e:/cypress/psoc creator/4.2/psoc creator/import/gnu/arm/5.4.1/bin/../lib/gcc/arm-none-eabi/5.4.1/../../../../arm-none-eabi/lib/armv7-m\libnosys.a(isatty.o)
                                 0x24 (size before relaxing)
 .stab          0x00000054       0x18 e:/cypress/psoc creator/4.2/psoc creator/import/gnu/arm/5.4.1/bin/../lib/gcc/arm-none-eabi/5.4.1/../../../../arm-none-eabi/lib/armv7-m\libnosys.a(lseek.o)
                                 0x24 (size before relaxing)
 .stab          0x0000006c       0x18 e:/cypress/psoc creator/4.2/psoc creator/import/gnu/arm/5.4.1/bin/../lib/gcc/arm-none-eabi/5.4.1/../../../../arm-none-eabi/lib/armv7-m\libnosys.a(read.o)
                                 0x24 (size before relaxing)
 .stab          0x00000084       0x18 e:/cypress/psoc creator/4.2/psoc creator/import/gnu/arm/5.4.1/bin/../lib/gcc/arm-none-eabi/5.4.1/../../../../arm-none-eabi/lib/armv7-m\libnosys.a(write.o)
                                 0x24 (size before relaxing)

.stabstr        0x00000000      0x14d
 *(.stabstr)
 .stabstr       0x00000000      0x14d e:/cypress/psoc creator/4.2/psoc creator/import/gnu/arm/5.4.1/bin/../lib/gcc/arm-none-eabi/5.4.1/../../../../arm-none-eabi/lib/armv7-m\libnosys.a(close.o)

.debug
 *(.debug)

.line
 *(.line)

.debug_srcinfo
 *(.debug_srcinfo)

.debug_sfnames
 *(.debug_sfnames)

.debug_aranges  0x00000000     0x15c8
 *(.debug_aranges)
 .debug_aranges
                0x00000000      0x108 .\CortexM3\ARM_GCC_541\Debug\BME280.o
 .debug_aranges
                0x00000108      0x298 .\CortexM3\ARM_GCC_541\Debug\MCP7940N.o
 .debug_aranges
                0x000003a0       0x68 .\CortexM3\ARM_GCC_541\Debug\SSD1306.o
 .debug_aranges
                0x00000408       0xc0 .\CortexM3\ARM_GCC_541\Debug\gfx.o
 .debug_aranges
                0x000004c8       0x40 .\CortexM3\ARM_GCC_541\Debug\gfx_impl.o
 .debug_aranges
                0x00000508       0x40 .\CortexM3\ARM_GCC_541\Debug\i2c_rhea.o
 .debug_aranges
                0x00000548       0x40 .\CortexM3\ARM_GCC_541\Debug\i2c_impl.o
 .debug_aranges
                0x00000588       0x30 .\CortexM3\ARM_GCC_541\Debug\alarm.o
 .debug_aranges
                0x000005b8       0x50 .\CortexM3\ARM_GCC_541\Debug\datetime.o
 .debug_aranges
                0x00000608       0x68 .\CortexM3\ARM_GCC_541\Debug\rtc.o
 .debug_aranges
                0x00000670       0x78 .\CortexM3\ARM_GCC_541\Debug\rtc_impl.o
 .debug_aranges
                0x000006e8       0x88 .\CortexM3\ARM_GCC_541\Debug\BME280_INTF.o
 .debug_aranges
                0x00000770       0x68 .\CortexM3\ARM_GCC_541\Debug\sensor.o
 .debug_aranges
                0x000007d8       0x20 .\CortexM3\ARM_GCC_541\Debug\sensor_impl.o
 .debug_aranges
                0x000007f8       0x38 .\CortexM3\ARM_GCC_541\Debug\uart_impl.o
 .debug_aranges
                0x00000830       0x78 .\CortexM3\ARM_GCC_541\Debug\uart_rhea.o
 .debug_aranges
                0x000008a8       0x20 .\CortexM3\ARM_GCC_541\Debug\state.o
 .debug_aranges
                0x000008c8       0x70 .\CortexM3\ARM_GCC_541\Debug\command.o
 .debug_aranges
                0x00000938       0x38 .\CortexM3\ARM_GCC_541\Debug\input.o
 .debug_aranges
                0x00000970       0xa0 .\CortexM3\ARM_GCC_541\Debug\menu.o
 .debug_aranges
                0x00000a10       0x30 .\CortexM3\ARM_GCC_541\Debug\main.o
 .debug_aranges
                0x00000a40       0x60 .\CortexM3\ARM_GCC_541\Debug\cyfitter_cfg.o
 .debug_aranges
                0x00000aa0       0x18 .\CortexM3\ARM_GCC_541\Debug\cymetadata.o
 .debug_aranges
                0x00000ab8       0x48 .\CortexM3\ARM_GCC_541\Debug\Cm3Start.o
 .debug_aranges
                0x00000b00       0x38 .\CortexM3\ARM_GCC_541\Debug\Rhea.a(I2C.o)
 .debug_aranges
                0x00000b38       0x20 .\CortexM3\ARM_GCC_541\Debug\Rhea.a(I2C_INT.o)
 .debug_aranges
                0x00000b58       0x38 .\CortexM3\ARM_GCC_541\Debug\Rhea.a(I2C_PM.o)
 .debug_aranges
                0x00000b90       0x80 .\CortexM3\ARM_GCC_541\Debug\Rhea.a(I2C_MASTER.o)
 .debug_aranges
                0x00000c10       0xf0 .\CortexM3\ARM_GCC_541\Debug\Rhea.a(UART.o)
 .debug_aranges
                0x00000d00       0x80 .\CortexM3\ARM_GCC_541\Debug\Rhea.a(RTC_INTR.o)
 .debug_aranges
                0x00000d80       0x70 .\CortexM3\ARM_GCC_541\Debug\Rhea.a(DEBOUNCE_CLK.o)
 .debug_aranges
                0x00000df0       0x80 .\CortexM3\ARM_GCC_541\Debug\Rhea.a(BTN_RIGHT_INTR.o)
 .debug_aranges
                0x00000e70       0x80 .\CortexM3\ARM_GCC_541\Debug\Rhea.a(BTN_LEFT_INTR.o)
 .debug_aranges
                0x00000ef0       0x80 .\CortexM3\ARM_GCC_541\Debug\Rhea.a(BTN_ENTER_INTR.o)
 .debug_aranges
                0x00000f70       0x88 .\CortexM3\ARM_GCC_541\Debug\Rhea.a(SENSOR_TIMER.o)
 .debug_aranges
                0x00000ff8       0x80 .\CortexM3\ARM_GCC_541\Debug\Rhea.a(SENSOR_1MS.o)
 .debug_aranges
                0x00001078       0x70 .\CortexM3\ARM_GCC_541\Debug\Rhea.a(UART_IntClock.o)
 .debug_aranges
                0x000010e8      0x2a0 .\CortexM3\ARM_GCC_541\Debug\Rhea.a(CyLib.o)
 .debug_aranges
                0x00001388       0x98 .\CortexM3\ARM_GCC_541\Debug\Rhea.a(cyPm.o)
 .debug_aranges
                0x00001420       0x80 .\CortexM3\ARM_GCC_541\Debug\Rhea.a(UART_RX_INTR.o)
 .debug_aranges
                0x000014a0       0x20 .\CortexM3\ARM_GCC_541\Debug\Rhea.a(CyBootAsmGnu.o)
 .debug_aranges
                0x000014c0       0x88 .\CortexM3\ARM_GCC_541\Debug\Rhea.a(CyFlash.o)
 .debug_aranges
                0x00001548       0x80 .\CortexM3\ARM_GCC_541\Debug\Rhea.a(CySpc.o)

.debug_pubnames
 *(.debug_pubnames)

.debug_info     0x00000000     0xa698
 *(.debug_info .gnu.linkonce.wi.*)
 .debug_info    0x00000000      0x929 .\CortexM3\ARM_GCC_541\Debug\BME280.o
 .debug_info    0x00000929     0x1464 .\CortexM3\ARM_GCC_541\Debug\MCP7940N.o
 .debug_info    0x00001d8d      0x325 .\CortexM3\ARM_GCC_541\Debug\SSD1306.o
 .debug_info    0x000020b2      0x91a .\CortexM3\ARM_GCC_541\Debug\gfx.o
 .debug_info    0x000029cc      0x229 .\CortexM3\ARM_GCC_541\Debug\gfx_impl.o
 .debug_info    0x00002bf5      0x11e .\CortexM3\ARM_GCC_541\Debug\i2c_rhea.o
 .debug_info    0x00002d13      0x16c .\CortexM3\ARM_GCC_541\Debug\i2c_impl.o
 .debug_info    0x00002e7f      0x313 .\CortexM3\ARM_GCC_541\Debug\alarm.o
 .debug_info    0x00003192      0x5fd .\CortexM3\ARM_GCC_541\Debug\datetime.o
 .debug_info    0x0000378f      0x44b .\CortexM3\ARM_GCC_541\Debug\rtc.o
 .debug_info    0x00003bda      0x6e8 .\CortexM3\ARM_GCC_541\Debug\rtc_impl.o
 .debug_info    0x000042c2      0x2ea .\CortexM3\ARM_GCC_541\Debug\BME280_INTF.o
 .debug_info    0x000045ac      0x4ba .\CortexM3\ARM_GCC_541\Debug\sensor.o
 .debug_info    0x00004a66       0xc7 .\CortexM3\ARM_GCC_541\Debug\sensor_impl.o
 .debug_info    0x00004b2d      0x141 .\CortexM3\ARM_GCC_541\Debug\uart_impl.o
 .debug_info    0x00004c6e      0x31a .\CortexM3\ARM_GCC_541\Debug\uart_rhea.o
 .debug_info    0x00004f88      0x19c .\CortexM3\ARM_GCC_541\Debug\state.o
 .debug_info    0x00005124      0x546 .\CortexM3\ARM_GCC_541\Debug\command.o
 .debug_info    0x0000566a      0x148 .\CortexM3\ARM_GCC_541\Debug\input.o
 .debug_info    0x000057b2      0x51e .\CortexM3\ARM_GCC_541\Debug\menu.o
 .debug_info    0x00005cd0      0x1de .\CortexM3\ARM_GCC_541\Debug\main.o
 .debug_info    0x00005eae      0x452 .\CortexM3\ARM_GCC_541\Debug\cyfitter_cfg.o
 .debug_info    0x00006300      0x136 .\CortexM3\ARM_GCC_541\Debug\cymetadata.o
 .debug_info    0x00006436      0x32b .\CortexM3\ARM_GCC_541\Debug\Cm3Start.o
 .debug_info    0x00006761      0x201 .\CortexM3\ARM_GCC_541\Debug\Rhea.a(I2C.o)
 .debug_info    0x00006962      0x156 .\CortexM3\ARM_GCC_541\Debug\Rhea.a(I2C_INT.o)
 .debug_info    0x00006ab8      0x19a .\CortexM3\ARM_GCC_541\Debug\Rhea.a(I2C_PM.o)
 .debug_info    0x00006c52      0x3f8 .\CortexM3\ARM_GCC_541\Debug\Rhea.a(I2C_MASTER.o)
 .debug_info    0x0000704a      0x50a .\CortexM3\ARM_GCC_541\Debug\Rhea.a(UART.o)
 .debug_info    0x00007554      0x241 .\CortexM3\ARM_GCC_541\Debug\Rhea.a(RTC_INTR.o)
 .debug_info    0x00007795      0x25d .\CortexM3\ARM_GCC_541\Debug\Rhea.a(DEBOUNCE_CLK.o)
 .debug_info    0x000079f2      0x241 .\CortexM3\ARM_GCC_541\Debug\Rhea.a(BTN_RIGHT_INTR.o)
 .debug_info    0x00007c33      0x241 .\CortexM3\ARM_GCC_541\Debug\Rhea.a(BTN_LEFT_INTR.o)
 .debug_info    0x00007e74      0x241 .\CortexM3\ARM_GCC_541\Debug\Rhea.a(BTN_ENTER_INTR.o)
 .debug_info    0x000080b5      0x245 .\CortexM3\ARM_GCC_541\Debug\Rhea.a(SENSOR_TIMER.o)
 .debug_info    0x000082fa      0x241 .\CortexM3\ARM_GCC_541\Debug\Rhea.a(SENSOR_1MS.o)
 .debug_info    0x0000853b      0x25d .\CortexM3\ARM_GCC_541\Debug\Rhea.a(UART_IntClock.o)
 .debug_info    0x00008798      0xe51 .\CortexM3\ARM_GCC_541\Debug\Rhea.a(CyLib.o)
 .debug_info    0x000095e9      0x57a .\CortexM3\ARM_GCC_541\Debug\Rhea.a(cyPm.o)
 .debug_info    0x00009b63      0x241 .\CortexM3\ARM_GCC_541\Debug\Rhea.a(UART_RX_INTR.o)
 .debug_info    0x00009da4       0x7b .\CortexM3\ARM_GCC_541\Debug\Rhea.a(CyBootAsmGnu.o)
 .debug_info    0x00009e1f      0x3b9 .\CortexM3\ARM_GCC_541\Debug\Rhea.a(CyFlash.o)
 .debug_info    0x0000a1d8      0x4c0 .\CortexM3\ARM_GCC_541\Debug\Rhea.a(CySpc.o)

.debug_abbrev   0x00000000     0x3367
 *(.debug_abbrev)
 .debug_abbrev  0x00000000      0x209 .\CortexM3\ARM_GCC_541\Debug\BME280.o
 .debug_abbrev  0x00000209      0x25a .\CortexM3\ARM_GCC_541\Debug\MCP7940N.o
 .debug_abbrev  0x00000463      0x153 .\CortexM3\ARM_GCC_541\Debug\SSD1306.o
 .debug_abbrev  0x000005b6      0x1a3 .\CortexM3\ARM_GCC_541\Debug\gfx.o
 .debug_abbrev  0x00000759       0xec .\CortexM3\ARM_GCC_541\Debug\gfx_impl.o
 .debug_abbrev  0x00000845       0xbb .\CortexM3\ARM_GCC_541\Debug\i2c_rhea.o
 .debug_abbrev  0x00000900       0xbb .\CortexM3\ARM_GCC_541\Debug\i2c_impl.o
 .debug_abbrev  0x000009bb      0x10a .\CortexM3\ARM_GCC_541\Debug\alarm.o
 .debug_abbrev  0x00000ac5      0x14f .\CortexM3\ARM_GCC_541\Debug\datetime.o
 .debug_abbrev  0x00000c14      0x182 .\CortexM3\ARM_GCC_541\Debug\rtc.o
 .debug_abbrev  0x00000d96      0x1ac .\CortexM3\ARM_GCC_541\Debug\rtc_impl.o
 .debug_abbrev  0x00000f42       0xee .\CortexM3\ARM_GCC_541\Debug\BME280_INTF.o
 .debug_abbrev  0x00001030      0x12e .\CortexM3\ARM_GCC_541\Debug\sensor.o
 .debug_abbrev  0x0000115e       0x67 .\CortexM3\ARM_GCC_541\Debug\sensor_impl.o
 .debug_abbrev  0x000011c5       0xaa .\CortexM3\ARM_GCC_541\Debug\uart_impl.o