Archive member included to satisfy reference by file (symbol)

.\CortexM3\ARM_GCC_541\Debug\Rhea.a(I2C.o)
                              .\CortexM3\ARM_GCC_541\Debug\i2c_impl.o (I2C_Start)
.\CortexM3\ARM_GCC_541\Debug\Rhea.a(I2C_INT.o)
                              .\CortexM3\ARM_GCC_541\Debug\Rhea.a(I2C.o) (I2C_ISR)
.\CortexM3\ARM_GCC_541\Debug\Rhea.a(I2C_PM.o)
                              .\CortexM3\ARM_GCC_541\Debug\Rhea.a(I2C.o) (I2C_backup)
.\CortexM3\ARM_GCC_541\Debug\Rhea.a(I2C_MASTER.o)
                              .\CortexM3\ARM_GCC_541\Debug\Rhea.a(I2C.o) (I2C_mstrStatus)
.\CortexM3\ARM_GCC_541\Debug\Rhea.a(UART.o)
                              .\CortexM3\ARM_GCC_541\Debug\uart_impl.o (UART_Start)
.\CortexM3\ARM_GCC_541\Debug\Rhea.a(RTC_INTR.o)
                              .\CortexM3\ARM_GCC_541\Debug\rtc_impl.o (RTC_INTR_StartEx)
.\CortexM3\ARM_GCC_541\Debug\Rhea.a(BTN_RIGHT_INTR.o)
                              .\CortexM3\ARM_GCC_541\Debug\input.o (BTN_RIGHT_INTR_StartEx)
.\CortexM3\ARM_GCC_541\Debug\Rhea.a(BTN_LEFT_INTR.o)
                              .\CortexM3\ARM_GCC_541\Debug\input.o (BTN_LEFT_INTR_StartEx)
.\CortexM3\ARM_GCC_541\Debug\Rhea.a(BTN_ENTER_INTR.o)
                              .\CortexM3\ARM_GCC_541\Debug\input.o (BTN_ENTER_INTR_StartEx)
.\CortexM3\ARM_GCC_541\Debug\Rhea.a(SENSOR_TIMER.o)
                              .\CortexM3\ARM_GCC_541\Debug\sensor_impl.o (SENSOR_TIMER_Start)
.\CortexM3\ARM_GCC_541\Debug\Rhea.a(SENSOR_1MS.o)
                              .\CortexM3\ARM_GCC_541\Debug\sensor_impl.o (SENSOR_1MS_StartEx)
.\CortexM3\ARM_GCC_541\Debug\Rhea.a(UART_IntClock.o)
                              .\CortexM3\ARM_GCC_541\Debug\Rhea.a(UART.o) (UART_IntClock_Start)
.\CortexM3\ARM_GCC_541\Debug\Rhea.a(CyLib.o)
                              .\CortexM3\ARM_GCC_541\Debug\Cm3Start.o (CyHalt)
.\CortexM3\ARM_GCC_541\Debug\Rhea.a(cyPm.o)
                              .\CortexM3\ARM_GCC_541\Debug\Rhea.a(CyLib.o) (CyPmReadStatus)
.\CortexM3\ARM_GCC_541\Debug\Rhea.a(UART_RX_INTR.o)
                              .\CortexM3\ARM_GCC_541\Debug\command.o (UART_RX_INTR_StartEx)
.\CortexM3\ARM_GCC_541\Debug\Rhea.a(CyBootAsmGnu.o)
                              .\CortexM3\ARM_GCC_541\Debug\cyfitter_cfg.o (CyDelayCycles)
.\CortexM3\ARM_GCC_541\Debug\Rhea.a(CyFlash.o)
                              .\CortexM3\ARM_GCC_541\Debug\Rhea.a(cyPm.o) (CyFlash_SetWaitCycles)
.\CortexM3\ARM_GCC_541\Debug\Rhea.a(CySpc.o)
                              .\CortexM3\ARM_GCC_541\Debug\Rhea.a(CyFlash.o) (CySpcStart)
e:/cypress/psoc creator/4.2/psoc creator/import/gnu/arm/5.4.1/bin/../lib/gcc/arm-none-eabi/5.4.1/../../../../arm-none-eabi/lib/armv7-m\libm.a(lib_a-s_floor.o)
                              .\CortexM3\ARM_GCC_541\Debug\datetime.o (floor)
e:/cypress/psoc creator/4.2/psoc creator/import/gnu/arm/5.4.1/bin/../lib/gcc/arm-none-eabi/5.4.1/../../../../arm-none-eabi/lib/armv7-m\libm.a(lib_a-w_sqrt.o)
                              .\CortexM3\ARM_GCC_541\Debug\gfx.o (sqrt)
e:/cypress/psoc creator/4.2/psoc creator/import/gnu/arm/5.4.1/bin/../lib/gcc/arm-none-eabi/5.4.1/../../../../arm-none-eabi/lib/armv7-m\libm.a(lib_a-e_sqrt.o)
                              e:/cypress/psoc creator/4.2/psoc creator/import/gnu/arm/5.4.1/bin/../lib/gcc/arm-none-eabi/5.4.1/../../../../arm-none-eabi/lib/armv7-m\libm.a(lib_a-w_sqrt.o) (__ieee754_sqrt)
e:/cypress/psoc creator/4.2/psoc creator/import/gnu/arm/5.4.1/bin/../lib/gcc/arm-none-eabi/5.4.1/../../../../arm-none-eabi/lib/armv7-m\libm.a(lib_a-s_lib_ver.o)
                              e:/cypress/psoc creator/4.2/psoc creator/import/gnu/arm/5.4.1/bin/../lib/gcc/arm-none-eabi/5.4.1/../../../../arm-none-eabi/lib/armv7-m\libm.a(lib_a-w_sqrt.o) (__fdlib_version)
e:/cypress/psoc creator/4.2/psoc creator/import/gnu/arm/5.4.1/bin/../lib/gcc/arm-none-eabi/5.4.1/../../../../arm-none-eabi/lib/armv7-m\libm.a(lib_a-s_matherr.o)
                              e:/cypress/psoc creator/4.2/psoc creator/import/gnu/arm/5.4.1/bin/../lib/gcc/arm-none-eabi/5.4.1/../../../../arm-none-eabi/lib/armv7-m\libm.a(lib_a-w_sqrt.o) (matherr)
e:/cypress/psoc creator/4.2/psoc creator/import/gnu/arm/5.4.1/bin/../lib/gcc/arm-none-eabi/5.4.1/armv7-m\libgcc.a(_arm_addsubdf3.o)
                              .\CortexM3\ARM_GCC_541\Debug\BME280.o (__aeabi_dsub)
e:/cypress/psoc creator/4.2/psoc creator/import/gnu/arm/5.4.1/bin/../lib/gcc/arm-none-eabi/5.4.1/armv7-m\libgcc.a(_arm_muldivdf3.o)
                              .\CortexM3\ARM_GCC_541\Debug\BME280.o (__aeabi_dmul)
e:/cypress/psoc creator/4.2/psoc creator/import/gnu/arm/5.4.1/bin/../lib/gcc/arm-none-eabi/5.4.1/armv7-m\libgcc.a(_arm_cmpdf2.o)
                              .\CortexM3\ARM_GCC_541\Debug\BME280.o (__aeabi_dcmplt)
e:/cypress/psoc creator/4.2/psoc creator/import/gnu/arm/5.4.1/bin/../lib/gcc/arm-none-eabi/5.4.1/armv7-m\libgcc.a(_arm_unorddf2.o)
[...]
Memory Configuration

Name             Origin             Length             Attributes
rom              0x00000000         0x00040000         xr
ram              0x1fff8000         0x00010000         xrw
*default*        0x00000000         0xffffffff

Linker script and memory map

LOAD e:/cypress/psoc creator/4.2/psoc creator/import/gnu/arm/5.4.1/bin/../lib/gcc/arm-none-eabi/5.4.1/armv7-m/crti.o
LOAD e:/cypress/psoc creator/4.2/psoc creator/import/gnu/arm/5.4.1/bin/../lib/gcc/arm-none-eabi/5.4.1/armv7-m/crtbegin.o
LOAD e:/cypress/psoc creator/4.2/psoc creator/import/gnu/arm/5.4.1/bin/../lib/gcc/arm-none-eabi/5.4.1/../../../../arm-none-eabi/lib/armv7-m/crt0.o
START GROUP
LOAD .\CortexM3\ARM_GCC_541\Debug\BME280.o
LOAD .\CortexM3\ARM_GCC_541\Debug\MCP7940N.o
LOAD .\CortexM3\ARM_GCC_541\Debug\SSD1306.o
LOAD .\CortexM3\ARM_GCC_541\Debug\gfx.o
LOAD .\CortexM3\ARM_GCC_541\Debug\gfx_impl.o
LOAD .\CortexM3\ARM_GCC_541\Debug\i2c_rhea.o
LOAD .\CortexM3\ARM_GCC_541\Debug\i2c_impl.o
LOAD .\CortexM3\ARM_GCC_541\Debug\alarm.o
LOAD .\CortexM3\ARM_GCC_541\Debug\datetime.o
LOAD .\CortexM3\ARM_GCC_541\Debug\rtc.o
LOAD .\CortexM3\ARM_GCC_541\Debug\rtc_impl.o
LOAD .\CortexM3\ARM_GCC_541\Debug\BME280_INTF.o
LOAD .\CortexM3\ARM_GCC_541\Debug\sensor.o
LOAD .\CortexM3\ARM_GCC_541\Debug\sensor_impl.o
LOAD .\CortexM3\ARM_GCC_541\Debug\uart_impl.o
LOAD .\CortexM3\ARM_GCC_541\Debug\uart_rhea.o
LOAD .\CortexM3\ARM_GCC_541\Debug\state.o
LOAD .\CortexM3\ARM_GCC_541\Debug\command.o
LOAD .\CortexM3\ARM_GCC_541\Debug\input.o
LOAD .\CortexM3\ARM_GCC_541\Debug\menu.o
LOAD .\CortexM3\ARM_GCC_541\Debug\main.o
LOAD .\CortexM3\ARM_GCC_541\Debug\cyfitter_cfg.o
LOAD .\CortexM3\ARM_GCC_541\Debug\cymetadata.o
LOAD .\CortexM3\ARM_GCC_541\Debug\Cm3Start.o
LOAD .\CortexM3\ARM_GCC_541\Debug\Rhea.a
LOAD E:\Cypress\PSoC Creator\4.2\PSoC Creator\psoc\content\cycomponentlibrary\CyComponentLibrary.cylib\CortexM3\ARM_GCC_541\Debug\CyComponentLibrary.a
LOAD e:/cypress/psoc creator/4.2/psoc creator/import/gnu/arm/5.4.1/bin/../lib/gcc/arm-none-eabi/5.4.1/../../../../arm-none-eabi/lib/armv7-m\libm.a
END GROUP
START GROUP
LOAD e:/cypress/psoc creator/4.2/psoc creator/import/gnu/arm/5.4.1/bin/../lib/gcc/arm-none-eabi/5.4.1/armv7-m\libgcc.a
LOAD e:/cypress/psoc creator/4.2/psoc creator/import/gnu/arm/5.4.1/bin/../lib/gcc/arm-none-eabi/5.4.1/../../../../arm-none-eabi/lib/armv7-m\libg_nano.a
LOAD e:/cypress/psoc creator/4.2/psoc creator/import/gnu/arm/5.4.1/bin/../lib/gcc/arm-none-eabi/5.4.1/../../../../arm-none-eabi/lib/armv7-m\libc_nano.a
END GROUP
START GROUP
LOAD e:/cypress/psoc creator/4.2/psoc creator/import/gnu/arm/5.4.1/bin/../lib/gcc/arm-none-eabi/5.4.1/armv7-m\libgcc.a
LOAD e:/cypress/psoc creator/4.2/psoc creator/import/gnu/arm/5.4.1/bin/../lib/gcc/arm-none-eabi/5.4.1/../../../../arm-none-eabi/lib/armv7-m\libc_nano.a
END GROUP
LOAD e:/cypress/psoc creator/4.2/psoc creator/import/gnu/arm/5.4.1/bin/../lib/gcc/arm-none-eabi/5.4.1/armv7-m/crtend.o
LOAD e:/cypress/psoc creator/4.2/psoc creator/import/gnu/arm/5.4.1/bin/../lib/gcc/arm-none-eabi/5.4.1/armv7-m/crtn.o
START GROUP
LOAD e:/cypress/psoc creator/4.2/psoc creator/import/gnu/arm/5.4.1/bin/../lib/gcc/arm-none-eabi/5.4.1/armv7-m\libgcc.a
LOAD e:/cypress/psoc creator/4.2/psoc creator/import/gnu/arm/5.4.1/bin/../lib/gcc/arm-none-eabi/5.4.1/../../../../arm-none-eabi/lib/armv7-m\libc.a
LOAD e:/cypress/psoc creator/4.2/psoc creator/import/gnu/arm/5.4.1/bin/../lib/gcc/arm-none-eabi/5.4.1/../../../../arm-none-eabi/lib/armv7-m\libnosys.a
END GROUP
                0x00000000                CY_APPL_ORIGIN = 0x0
                0x00000100                CY_FLASH_ROW_SIZE = 0x100
                0x00000020                CY_ECC_ROW_SIZE = 0x20
                0x00000000                CY_EE_IN_BTLDR = 0x0
                0x00000000                CY_APPL_LOADABLE = 0x0
                0x00000800                CY_EE_SIZE = 0x800
                0x00000001                CY_APPL_NUM = 0x1
                0x00000001                CY_APPL_MAX = 0x1
                0x00000040                CY_METADATA_SIZE = 0x40
                0x00000000                CY_APPL_LOADABLE = 0x0
                0x00000000                CY_CHECKSUM_EXCLUDE_SIZE = ALIGN (0x0, CY_FLASH_ROW_SIZE)
                [!provide]                PROVIDE (__cy_heap_start, _end)
                0x00000001                PROVIDE (__cy_region_num, ((__cy_regions_end - __cy_regions) / 0x10))
                0x20008000                PROVIDE (__cy_stack, (ORIGIN (ram) + LENGTH (ram)))
                [!provide]                PROVIDE (__cy_heap_end, (__cy_stack - 0x800))

.cybootloader   0x00000000        0x0
 *(.cybootloader)
                0x00000000                appl1_start = CY_APPL_ORIGIN?CY_APPL_ORIGIN:ALIGN (CY_FLASH_ROW_SIZE)
                0x0001ff00                appl2_start = (appl1_start + ALIGN ((((LENGTH (rom) - appl1_start) - (0x2 * CY_FLASH_ROW_SIZE)) / 0x2), CY_FLASH_ROW_SIZE))
                0x00000000                appl_start = (CY_APPL_NUM == 0x1)?appl1_start:appl2_start
                0x00000000                ecc_offset = ((appl_start / CY_FLASH_ROW_SIZE) * CY_ECC_ROW_SIZE)
                0x00000000                ee_offset = (CY_APPL_LOADABLE && ! (CY_EE_IN_BTLDR))?((CY_EE_SIZE / CY_APPL_MAX) * (CY_APPL_NUM - 0x1)):0x0
                0x00000800                ee_size = (CY_APPL_LOADABLE && ! (CY_EE_IN_BTLDR))?(CY_EE_SIZE / CY_APPL_MAX):CY_EE_SIZE
                [!provide]                PROVIDE (CY_ECC_OFFSET, ecc_offset)

.text           0x00000000     0x2e90
 CREATE_OBJECT_SYMBOLS
                0x00000000                PROVIDE (__cy_interrupt_vector, RomVectors)
 *(.romvectors)
 .romvectors    0x00000000       0x10 .\CortexM3\ARM_GCC_541\Debug\Cm3Start.o
                0x00000000                RomVectors
                0x00000001                ASSERT ((. != __cy_interrupt_vector), No interrupt vector)
                0x00000001                ASSERT (CY_APPL_ORIGIN?(SIZEOF (.cybootloader) <= CY_APPL_ORIGIN):0x1, Wrong image location)
                0x00000010                PROVIDE (__cy_reset, Reset)
 *(.text.Reset)
 .text.Reset    0x00000010       0x18 .\CortexM3\ARM_GCC_541\Debug\Cm3Start.o
                0x00000010                Reset
                0x00000001                ASSERT ((. != __cy_reset), No reset code)
 *(.dma_init)
                0x00000001                ASSERT ((((appl_start + .) <= 0x10000) || 0x1), DMA Init must be within the first 64k of flash)
 *(.text .text.* .gnu.linkonce.t.*)
 .text          0x00000028       0x5c e:/cypress/psoc creator/4.2/psoc creator/import/gnu/arm/5.4.1/bin/../lib/gcc/arm-none-eabi/5.4.1/armv7-m/crtbegin.o
 .text.BME280_SetI2CController
                0x00000084       0x1c .\CortexM3\ARM_GCC_541\Debug\BME280.o
                0x00000084                BME280_SetI2CController
 .text.BME280_I2CReader
                0x000000a0       0x54 .\CortexM3\ARM_GCC_541\Debug\BME280.o
                0x000000a0                BME280_I2CReader
 .text.BME280_I2CWriter
                0x000000f4       0x44 .\CortexM3\ARM_GCC_541\Debug\BME280.o
                0x000000f4                BME280_I2CWriter
 .text.BME280_Reset
                0x00000138       0x1c .\CortexM3\ARM_GCC_541\Debug\BME280.o
                0x00000138                BME280_Reset
 .text.BME280_Init
                0x00000154      0x130 .\CortexM3\ARM_GCC_541\Debug\BME280.o
                0x00000154                BME280_Init
 .text.BME280_ReadRegisters
                0x00000284       0x28 .\CortexM3\ARM_GCC_541\Debug\BME280.o
                0x00000284                BME280_ReadRegisters
 .text.BME280_GetTemperatureCelsius
                0x000002ac      0x12c .\CortexM3\ARM_GCC_541\Debug\BME280.o
                0x000002ac                BME280_GetTemperatureCelsius
 .text.BME280_GetPressure
                0x000003d8      0x284 .\CortexM3\ARM_GCC_541\Debug\BME280.o
                0x000003d8                BME280_GetPressure
 .text.BME280_GetHumidity
                0x0000065c      0x1ac .\CortexM3\ARM_GCC_541\Debug\BME280.o
                0x0000065c                BME280_GetHumidity
 .text.BME280_GetHumidityMode
                0x00000808       0x10 .\CortexM3\ARM_GCC_541\Debug\BME280.o
                0x00000808                BME280_GetHumidityMode
 .text.BME280_SetHumidityMode
                0x00000818       0x20 .\CortexM3\ARM_GCC_541\Debug\BME280.o
                0x00000818                BME280_SetHumidityMode
 .text.BME280_GetTemperatureMode
                0x00000838       0x10 .\CortexM3\ARM_GCC_541\Debug\BME280.o
                0x00000838                BME280_GetTemperatureMode
 .text.BME280_SetTemperatureMode
                0x00000848       0x20 .\CortexM3\ARM_GCC_541\Debug\BME280.o
                0x00000848                BME280_SetTemperatureMode
 .text.BME280_GetPressureMode
                0x00000868       0x10 .\CortexM3\ARM_GCC_541\Debug\BME280.o
                0x00000868                BME280_GetPressureMode
 .text.BME280_SetPressureMode
                0x00000878       0x20 .\CortexM3\ARM_GCC_541\Debug\BME280.o
                0x00000878                BME280_SetPressureMode
 .text.BME280_GetMeasurementMode
                0x00000898       0x10 .\CortexM3\ARM_GCC_541\Debug\BME280.o
                0x00000898                BME280_GetMeasurementMode
 .text.BME280_SetMeasurementMode
                0x000008a8       0x20 .\CortexM3\ARM_GCC_541\Debug\BME280.o
                0x000008a8                BME280_SetMeasurementMode
 .text.BME280_GetFilterMode
                0x000008c8       0x10 .\CortexM3\ARM_GCC_541\Debug\BME280.o
                0x000008c8                BME280_GetFilterMode
 .text.BME280_SetFilterMode
                0x000008d8       0x20 .\CortexM3\ARM_GCC_541\Debug\BME280.o
                0x000008d8                BME280_SetFilterMode
 .text.SSD1306_SetI2CController
                0x000008f8       0x20 .\CortexM3\ARM_GCC_541\Debug\SSD1306.o
                0x000008f8                SSD1306_SetI2CController
 .text.SSD1306_WriteCommands
                0x00000918       0x38 .\CortexM3\ARM_GCC_541\Debug\SSD1306.o
                0x00000918                SSD1306_WriteCommands
 .text.SSD1306_WriteData
                0x00000950       0x38 .\CortexM3\ARM_GCC_541\Debug\SSD1306.o
                0x00000950                SSD1306_WriteData
 .text.SSD1306_WritePixel
                0x00000988       0x40 .\CortexM3\ARM_GCC_541\Debug\SSD1306.o
                0x00000988                SSD1306_WritePixel
 .text.SSD1306_ClearDisplay
                0x000009c8       0x1c .\CortexM3\ARM_GCC_541\Debug\SSD1306.o
                0x000009c8                SSD1306_ClearDisplay
 .text.SSD1306_Init
                0x000009e4       0x34 .\CortexM3\ARM_GCC_541\Debug\SSD1306.o
                0x000009e4                SSD1306_Init
 .text.SSD1306_RefreshDisplay
                0x00000a18       0x4c .\CortexM3\ARM_GCC_541\Debug\SSD1306.o
                0x00000a18                SSD1306_RefreshDisplay
 .text.rhea_gfx_Initialize
                0x00000a64       0x20 .\CortexM3\ARM_GCC_541\Debug\gfx.o
                0x00000a64                rhea_gfx_Initialize
 .text.rhea_gfx_Clear
                0x00000a84        0x8 .\CortexM3\ARM_GCC_541\Debug\gfx.o
                0x00000a84                rhea_gfx_Clear
 .text.rhea_gfx_Refresh
                0x00000a8c        0x8 .\CortexM3\ARM_GCC_541\Debug\gfx.o
                0x00000a8c                rhea_gfx_Refresh
 .text.rhea_gfx_DrawSymbolHelper
                0x00000a94       0x98 .\CortexM3\ARM_GCC_541\Debug\gfx.o
                0x00000a94                rhea_gfx_DrawSymbolHelper
 .text.rhea_gfx_SetCursor
                0x00000b2c        0xc .\CortexM3\ARM_GCC_541\Debug\gfx.o
                0x00000b2c                rhea_gfx_SetCursor
 .text.rhea_gfx_PrintSymbolHelper
                0x00000b38       0x58 .\CortexM3\ARM_GCC_541\Debug\gfx.o
                0x00000b38                rhea_gfx_PrintSymbolHelper
 .text.rhea_gfx_PrintSymbol
                0x00000b90        0xc .\CortexM3\ARM_GCC_541\Debug\gfx.o
                0x00000b90                rhea_gfx_PrintSymbol
 .text.rhea_gfx_Print
                0x00000b9c       0x40 .\CortexM3\ARM_GCC_541\Debug\gfx.o
                0x00000b9c                rhea_gfx_Print
 .text.rhea_gfx_initialize_impl
                0x00000bdc       0x20 .\CortexM3\ARM_GCC_541\Debug\gfx_impl.o
                0x00000bdc                rhea_gfx_initialize_impl
 .text.rhea_gfx_clear_impl
                0x00000bfc        0xc .\CortexM3\ARM_GCC_541\Debug\gfx_impl.o
                0x00000bfc                rhea_gfx_clear_impl
 .text.rhea_gfx_refresh_impl
                0x00000c08        0x8 .\CortexM3\ARM_GCC_541\Debug\gfx_impl.o
                0x00000c08                rhea_gfx_refresh_impl
 .text.rhea_gfx_writePixel_impl
                0x00000c10        0xc .\CortexM3\ARM_GCC_541\Debug\gfx_impl.o
                0x00000c10                rhea_gfx_writePixel_impl
 .text.rhea_i2c_Initialize
                0x00000c1c        0x8 .\CortexM3\ARM_GCC_541\Debug\i2c_rhea.o
                0x00000c1c                rhea_i2c_Initialize
 .text.rhea_i2c_MasterSendStart
                0x00000c24        0x8 .\CortexM3\ARM_GCC_541\Debug\i2c_rhea.o
                0x00000c24                rhea_i2c_MasterSendStart
 .text.rhea_i2c_MasterSendStop
                0x00000c2c        0x8 .\CortexM3\ARM_GCC_541\Debug\i2c_rhea.o
                0x00000c2c                rhea_i2c_MasterSendStop
 .text.rhea_i2c_MasterReadByte
                0x00000c34        0x8 .\CortexM3\ARM_GCC_541\Debug\i2c_rhea.o
                0x00000c34                rhea_i2c_MasterReadByte
 .text.rhea_i2c_MasterWriteByte
                0x00000c3c        0x8 .\CortexM3\ARM_GCC_541\Debug\i2c_rhea.o
                0x00000c3c                rhea_i2c_MasterWriteByte
 .text.rhea_i2c_initialize_impl
                0x00000c44        0x8 .\CortexM3\ARM_GCC_541\Debug\i2c_impl.o
                0x00000c44                rhea_i2c_initialize_impl
 .text.rhea_i2c_masterSendStart_impl
                0x00000c4c        0x8 .\CortexM3\ARM_GCC_541\Debug\i2c_impl.o
                0x00000c4c                rhea_i2c_masterSendStart_impl
 .text.rhea_i2c_masterSendStop_impl
                0x00000c54        0x8 .\CortexM3\ARM_GCC_541\Debug\i2c_impl.o
                0x00000c54                rhea_i2c_masterSendStop_impl
 .text.rhea_i2c_masterReadByte_impl
                0x00000c5c        0x8 .\CortexM3\ARM_GCC_541\Debug\i2c_impl.o
                0x00000c5c                rhea_i2c_masterReadByte_impl
 .text.rhea_i2c_masterWriteByte_impl
                0x00000c64        0x8 .\CortexM3\ARM_GCC_541\Debug\i2c_impl.o
                0x00000c64                rhea_i2c_masterWriteByte_impl
 .text.bme280_GetTemperatureCelsius
                0x00000c6c       0x1c .\CortexM3\ARM_GCC_541\Debug\BME280_INTF.o
                0x00000c6c                bme280_GetTemperatureCelsius
 .text.bme280_SetMeasurementMode
                0x00000c88        0xc .\CortexM3\ARM_GCC_541\Debug\BME280_INTF.o
                0x00000c88                bme280_SetMeasurementMode
 .text.bme280_GetPressure
                0x00000c94       0x1c .\CortexM3\ARM_GCC_541\Debug\BME280_INTF.o
                0x00000c94                bme280_GetPressure
 .text.bme280_GetHumidity
                0x00000cb0       0x1c .\CortexM3\ARM_GCC_541\Debug\BME280_INTF.o
                0x00000cb0                bme280_GetHumidity
 .text.bme280_SetFilterMode
                0x00000ccc        0xc .\CortexM3\ARM_GCC_541\Debug\BME280_INTF.o
                0x00000ccc                bme280_SetFilterMode
 .text.bme280_GetFilterMode
                0x00000cd8        0xc .\CortexM3\ARM_GCC_541\Debug\BME280_INTF.o
                0x00000cd8                bme280_GetFilterMode
 .text.bme280_SetTemperatureMode
                0x00000ce4        0xc .\CortexM3\ARM_GCC_541\Debug\BME280_INTF.o
                0x00000ce4                bme280_SetTemperatureMode
 .text.bme280_GetTemperatureMode
                0x00000cf0        0xc .\CortexM3\ARM_GCC_541\Debug\BME280_INTF.o
                0x00000cf0                bme280_GetTemperatureMode
 .text.bme280_SetPressureMode
                0x00000cfc        0xc .\CortexM3\ARM_GCC_541\Debug\BME280_INTF.o
                0x00000cfc                bme280_SetPressureMode
 .text.bme280_GetPressureMode
                0x00000d08        0xc .\CortexM3\ARM_GCC_541\Debug\BME280_INTF.o
                0x00000d08                bme280_GetPressureMode
 .text.bme280_SetHumidityMode
                0x00000d14        0xc .\CortexM3\ARM_GCC_541\Debug\BME280_INTF.o
                0x00000d14                bme280_SetHumidityMode
 .text.bme280_GetHumidityMode
                0x00000d20        0xc .\CortexM3\ARM_GCC_541\Debug\BME280_INTF.o
                0x00000d20                bme280_GetHumidityMode
 .text.bme280_GetMeasurementMode
                0x00000d2c        0xc .\CortexM3\ARM_GCC_541\Debug\BME280_INTF.o
                0x00000d2c                bme280_GetMeasurementMode
 .text.bme280_addInterface
                0x00000d38      0x134 .\CortexM3\ARM_GCC_541\Debug\BME280_INTF.o
                0x00000d38                bme280_addInterface
 .text.rhea_sensor_Initialize
                0x00000e6c       0x20 .\CortexM3\ARM_GCC_541\Debug\sensor.o
                0x00000e6c                rhea_sensor_Initialize
 .text.rhea_sensor_AddMeasurement
                0x00000e8c       0x58 .\CortexM3\ARM_GCC_541\Debug\sensor.o
                0x00000e8c                rhea_sensor_AddMeasurement
 .text.rhea_sensor_TakeMeasurement
                0x00000ee4       0x78 .\CortexM3\ARM_GCC_541\Debug\sensor.o
                0x00000ee4                rhea_sensor_TakeMeasurement
 .text.rhea_sensor_GetMeasurement
                0x00000f5c       0x64 .\CortexM3\ARM_GCC_541\Debug\sensor.o
                0x00000f5c                rhea_sensor_GetMeasurement
 .text.rhea_sensor_AddAttribute
                0x00000fc0       0x58 .\CortexM3\ARM_GCC_541\Debug\sensor.o
                0x00000fc0                rhea_sensor_AddAttribute
 .text.rhea_sensor_SetAttribute
                0x00001018       0x84 .\CortexM3\ARM_GCC_541\Debug\sensor.o
                0x00001018                rhea_sensor_SetAttribute
 .text.rhea_sensor_periodicMeasure
                0x0000109c       0x70 .\CortexM3\ARM_GCC_541\Debug\sensor.o
                0x0000109c                rhea_sensor_periodicMeasure
 .text.rhea_sensor_initialize_impl
                0x0000110c       0x18 .\CortexM3\ARM_GCC_541\Debug\sensor_impl.o
                0x0000110c                rhea_sensor_initialize_impl
 .text.rhea_uart_initialize_impl
                0x00001124        0x8 .\CortexM3\ARM_GCC_541\Debug\uart_impl.o
                0x00001124                rhea_uart_initialize_impl
 .text.rhea_uart_Initialize
                0x0000112c        0x8 .\CortexM3\ARM_GCC_541\Debug\uart_rhea.o
                0x0000112c                rhea_uart_Initialize
 .text.test_sensor
                0x00001134       0xd0 .\CortexM3\ARM_GCC_541\Debug\main.o
                0x00001134                test_sensor
 .text.main     0x00001204       0x1c .\CortexM3\ARM_GCC_541\Debug\main.o
                0x00001204                main
 .text.CyClockStartupError
                0x00001220        0x4 .\CortexM3\ARM_GCC_541\Debug\cyfitter_cfg.o
 .text.cfg_write_bytes32
                0x00001224       0x34 .\CortexM3\ARM_GCC_541\Debug\cyfitter_cfg.o
 .text.AnalogSetDefault
                0x00001258       0x28 .\CortexM3\ARM_GCC_541\Debug\cyfitter_cfg.o
 .text.CYMEMZERO
                0x00001280        0xc .\CortexM3\ARM_GCC_541\Debug\cyfitter_cfg.o
 .text.ClockSetup
                0x0000128c       0xc0 .\CortexM3\ARM_GCC_541\Debug\cyfitter_cfg.o
 .text.CYCONFIGCPY
                0x0000134c        0x8 .\CortexM3\ARM_GCC_541\Debug\cyfitter_cfg.o
 .text.cyfitter_cfg
                0x00001354      0x10c .\CortexM3\ARM_GCC_541\Debug\cyfitter_cfg.o
                0x00001354                cyfitter_cfg
 .text.IntDefaultHandler
                0x00001460       0x10 .\CortexM3\ARM_GCC_541\Debug\Cm3Start.o
                0x00001460                IntDefaultHandler
 .text._sbrk    0x00001470       0x30 .\CortexM3\ARM_GCC_541\Debug\Cm3Start.o
                0x00001470                _sbrk
 .text.Start_c  0x000014a0       0x4c .\CortexM3\ARM_GCC_541\Debug\Cm3Start.o
                0x000014a0                Start_c
 .text.initialize_psoc
                0x000014ec       0x68 .\CortexM3\ARM_GCC_541\Debug\Cm3Start.o
                0x000014ec                initialize_psoc
 .text.I2C_Init
                0x00001554       0x68 .\CortexM3\ARM_GCC_541\Debug\Rhea.a(I2C.o)
                0x00001554                I2C_Init
 .text.I2C_Enable
                0x000015bc       0x24 .\CortexM3\ARM_GCC_541\Debug\Rhea.a(I2C.o)
                0x000015bc                I2C_Enable
 .text.I2C_Start
                0x000015e0       0x28 .\CortexM3\ARM_GCC_541\Debug\Rhea.a(I2C.o)
                0x000015e0                I2C_Start
 .text.I2C_ISR  0x00001608      0x2d0 .\CortexM3\ARM_GCC_541\Debug\Rhea.a(I2C_INT.o)
                0x00001608                I2C_ISR
 .text.I2C_MasterSendStart
                0x000018d8       0x80 .\CortexM3\ARM_GCC_541\Debug\Rhea.a(I2C_MASTER.o)
                0x000018d8                I2C_MasterSendStart
 .text.I2C_MasterSendStop
                0x00001958       0x38 .\CortexM3\ARM_GCC_541\Debug\Rhea.a(I2C_MASTER.o)
                0x00001958                I2C_MasterSendStop
 .text.I2C_MasterWriteByte
                0x00001990       0x58 .\CortexM3\ARM_GCC_541\Debug\Rhea.a(I2C_MASTER.o)
                0x00001990                I2C_MasterWriteByte
 .text.I2C_MasterReadByte
                0x000019e8       0x58 .\CortexM3\ARM_GCC_541\Debug\Rhea.a(I2C_MASTER.o)
                0x000019e8                I2C_MasterReadByte
 .text.UART_Init
                0x00001a40       0x14 .\CortexM3\ARM_GCC_541\Debug\Rhea.a(UART.o)
                0x00001a40                UART_Init
 .text.UART_Enable
                0x00001a54       0x2c .\CortexM3\ARM_GCC_541\Debug\Rhea.a(UART.o)
                0x00001a54                UART_Enable
 .text.UART_Start
                0x00001a80       0x1c .\CortexM3\ARM_GCC_541\Debug\Rhea.a(UART.o)
                0x00001a80                UART_Start
 .text.SENSOR_TIMER_Enable
                0x00001a9c       0x28 .\CortexM3\ARM_GCC_541\Debug\Rhea.a(SENSOR_TIMER.o)
                0x00001a9c                SENSOR_TIMER_Enable
 .text.SENSOR_TIMER_SetInterruptMode
                0x00001ac4        0xc .\CortexM3\ARM_GCC_541\Debug\Rhea.a(SENSOR_TIMER.o)
                0x00001ac4                SENSOR_TIMER_SetInterruptMode
 .text.SENSOR_TIMER_WritePeriod
                0x00001ad0        0xc .\CortexM3\ARM_GCC_541\Debug\Rhea.a(SENSOR_TIMER.o)
                0x00001ad0                SENSOR_TIMER_WritePeriod
 .text.SENSOR_TIMER_WriteCounter
                0x00001adc        0xc .\CortexM3\ARM_GCC_541\Debug\Rhea.a(SENSOR_TIMER.o)
                0x00001adc                SENSOR_TIMER_WriteCounter
 .text.SENSOR_TIMER_Init
                0x00001ae8       0x68 .\CortexM3\ARM_GCC_541\Debug\Rhea.a(SENSOR_TIMER.o)
                0x00001ae8                SENSOR_TIMER_Init
 .text.SENSOR_TIMER_Start
                0x00001b50       0x1c .\CortexM3\ARM_GCC_541\Debug\Rhea.a(SENSOR_TIMER.o)
                0x00001b50                SENSOR_TIMER_Start
 .text.SENSOR_1MS_SetVector
                0x00001b6c        0xc .\CortexM3\ARM_GCC_541\Debug\Rhea.a(SENSOR_1MS.o)
                0x00001b6c                SENSOR_1MS_SetVector
 .text.SENSOR_1MS_SetPriority
                0x00001b78       0x10 .\CortexM3\ARM_GCC_541\Debug\Rhea.a(SENSOR_1MS.o)
                0x00001b78                SENSOR_1MS_SetPriority
 .text.SENSOR_1MS_Enable
                0x00001b88        0xc .\CortexM3\ARM_GCC_541\Debug\Rhea.a(SENSOR_1MS.o)
                0x00001b88                SENSOR_1MS_Enable
 .text.SENSOR_1MS_Disable
                0x00001b94        0xc .\CortexM3\ARM_GCC_541\Debug\Rhea.a(SENSOR_1MS.o)
                0x00001b94                SENSOR_1MS_Disable
 .text.SENSOR_1MS_StartEx
                0x00001ba0       0x1c .\CortexM3\ARM_GCC_541\Debug\Rhea.a(SENSOR_1MS.o)
                0x00001ba0                SENSOR_1MS_StartEx
 .text.UART_IntClock_Start
                0x00001bbc       0x1c .\CortexM3\ARM_GCC_541\Debug\Rhea.a(UART_IntClock.o)
                0x00001bbc                UART_IntClock_Start
 .text.CyHalt   0x00001bd8        0x4 .\CortexM3\ARM_GCC_541\Debug\Rhea.a(CyLib.o)
                0x00001bd8                CyHalt
 .text.CyDelay  0x00001bdc       0x2c .\CortexM3\ARM_GCC_541\Debug\Rhea.a(CyLib.o)
                0x00001bdc                CyDelay
 .text.CyIntSetVector
                0x00001c08       0x28 .\CortexM3\ARM_GCC_541\Debug\Rhea.a(CyLib.o)
                0x00001c08                CyIntSetVector
 .text.CyIntSetPriority
                0x00001c30       0x30 .\CortexM3\ARM_GCC_541\Debug\Rhea.a(CyLib.o)
                0x00001c30                CyIntSetPriority
 .text          0x00001c60       0x20 .\CortexM3\ARM_GCC_541\Debug\Rhea.a(CyBootAsmGnu.o)
                0x00001c60                CyDelayCycles
                0x00001c70                CyEnterCriticalSection
                0x00001c78                CyExitCriticalSection
 .text          0x00001c80      0x370 e:/cypress/psoc creator/4.2/psoc creator/import/gnu/arm/5.4.1/bin/../lib/gcc/arm-none-eabi/5.4.1/armv7-m\libgcc.a(_arm_addsubdf3.o)
                0x00001c80                __aeabi_drsub
                0x00001c88                __aeabi_dsub
                0x00001c88                __subdf3
                0x00001c8c                __aeabi_dadd
                0x00001c8c                __adddf3
                0x00001f04                __floatunsidf
                0x00001f04                __aeabi_ui2d
                0x00001f24                __floatsidf
                0x00001f24                __aeabi_i2d
                0x00001f48                __aeabi_f2d
                0x00001f48                __extendsfdf2
                0x00001f84                __floatundidf
                0x00001f84                __aeabi_ul2d
                0x00001f94                __floatdidf
                0x00001f94                __aeabi_l2d
 .text          0x00001ff0      0x424 e:/cypress/psoc creator/4.2/psoc creator/import/gnu/arm/5.4.1/bin/../lib/gcc/arm-none-eabi/5.4.1/armv7-m\libgcc.a(_arm_muldivdf3.o)
                0x00001ff0                __aeabi_dmul
                0x00001ff0                __muldf3
                0x00002244                __divdf3
                0x00002244                __aeabi_ddiv
 .text          0x00002414      0x110 e:/cypress/psoc creator/4.2/psoc creator/import/gnu/arm/5.4.1/bin/../lib/gcc/arm-none-eabi/5.4.1/armv7-m\libgcc.a(_arm_cmpdf2.o)
                0x00002414                __gtdf2
                0x00002414                __gedf2
                0x0000241c                __ltdf2
                0x0000241c                __ledf2
                0x00002424                __nedf2
                0x00002424                __eqdf2
                0x00002424                __cmpdf2
                0x000024a0                __aeabi_cdrcmple
                0x000024b0                __aeabi_cdcmpeq
                0x000024b0                __aeabi_cdcmple
                0x000024c0                __aeabi_dcmpeq
                0x000024d4                __aeabi_dcmplt
                0x000024e8                __aeabi_dcmple
                0x000024fc                __aeabi_dcmpge
                0x00002510                __aeabi_dcmpgt
 .text          0x00002524       0x50 e:/cypress/psoc creator/4.2/psoc creator/import/gnu/arm/5.4.1/bin/../lib/gcc/arm-none-eabi/5.4.1/armv7-m\libgcc.a(_arm_fixdfsi.o)
                0x00002524                __aeabi_d2iz
                0x00002524                __fixdfsi
 .text          0x00002574       0x40 e:/cypress/psoc creator/4.2/psoc creator/import/gnu/arm/5.4.1/bin/../lib/gcc/arm-none-eabi/5.4.1/armv7-m\libgcc.a(_arm_fixunsdfsi.o)
                0x00002574                __aeabi_d2uiz
                0x00002574                __fixunsdfsi
 .text.__errno  0x000025b4        0xc e:/cypress/psoc creator/4.2/psoc creator/import/gnu/arm/5.4.1/bin/../lib/gcc/arm-none-eabi/5.4.1/../../../../arm-none-eabi/lib/armv7-m\libg_nano.a(lib_a-errno.o)
                0x000025b4                __errno
 .text.__libc_init_array
                0x000025c0       0x4c e:/cypress/psoc creator/4.2/psoc creator/import/gnu/arm/5.4.1/bin/../lib/gcc/arm-none-eabi/5.4.1/../../../../arm-none-eabi/lib/armv7-m\libg_nano.a(lib_a-init.o)
                0x000025c0                __libc_init_array
 .text.memcpy   0x0000260c       0x16 e:/cypress/psoc creator/4.2/psoc creator/import/gnu/arm/5.4.1/bin/../lib/gcc/arm-none-eabi/5.4.1/../../../../arm-none-eabi/lib/armv7-m\libg_nano.a(lib_a-memcpy-stub.o)
                0x0000260c                memcpy
 .text.memset   0x00002622       0x10 e:/cypress/psoc creator/4.2/psoc creator/import/gnu/arm/5.4.1/bin/../lib/gcc/arm-none-eabi/5.4.1/../../../../arm-none-eabi/lib/armv7-m\libg_nano.a(lib_a-memset.o)
                0x00002622                memset
 *fill*         0x00002632        0x2 
 .text.sprintf  0x00002634       0x48 e:/cypress/psoc creator/4.2/psoc creator/import/gnu/arm/5.4.1/bin/../lib/gcc/arm-none-eabi/5.4.1/../../../../arm-none-eabi/lib/armv7-m\libg_nano.a(lib_a-sprintf.o)
                0x00002634                siprintf
                0x00002634                sprintf
 .text          0x0000267c       0x14 e:/cypress/psoc creator/4.2/psoc creator/import/gnu/arm/5.4.1/bin/../lib/gcc/arm-none-eabi/5.4.1/../../../../arm-none-eabi/lib/armv7-m\libg_nano.a(lib_a-strcmp.o)
                0x0000267c                strcmp
 .text.__ssputs_r
                0x00002690       0xb2 e:/cypress/psoc creator/4.2/psoc creator/import/gnu/arm/5.4.1/bin/../lib/gcc/arm-none-eabi/5.4.1/../../../../arm-none-eabi/lib/armv7-m\libg_nano.a(lib_a-nano-svfprintf.o)
                0x00002690                __ssputs_r
 *fill*         0x00002742        0x2 
 .text._svfprintf_r
                0x00002744      0x1e8 e:/cypress/psoc creator/4.2/psoc creator/import/gnu/arm/5.4.1/bin/../lib/gcc/arm-none-eabi/5.4.1/../../../../arm-none-eabi/lib/armv7-m\libg_nano.a(lib_a-nano-svfprintf.o)
                0x00002744                _svfiprintf_r
                0x00002744                _svfprintf_r
 .text._printf_common
                0x0000292c       0xec e:/cypress/psoc creator/4.2/psoc creator/import/gnu/arm/5.4.1/bin/../lib/gcc/arm-none-eabi/5.4.1/../../../../arm-none-eabi/lib/armv7-m\libg_nano.a(lib_a-nano-vfprintf_i.o)
                0x0000292c                _printf_common
 .text._printf_i
                0x00002a18      0x24c e:/cypress/psoc creator/4.2/psoc creator/import/gnu/arm/5.4.1/bin/../lib/gcc/arm-none-eabi/5.4.1/../../../../arm-none-eabi/lib/armv7-m\libg_nano.a(lib_a-nano-vfprintf_i.o)
                0x00002a18                _printf_i
 .text.memchr   0x00002c64       0x1c e:/cypress/psoc creator/4.2/psoc creator/import/gnu/arm/5.4.1/bin/../lib/gcc/arm-none-eabi/5.4.1/../../../../arm-none-eabi/lib/armv7-m\libg_nano.a(lib_a-memchr-stub.o)
                0x00002c64                memchr
 .text.memmove  0x00002c80       0x36 e:/cypress/psoc creator/4.2/psoc creator/import/gnu/arm/5.4.1/bin/../lib/gcc/arm-none-eabi/5.4.1/../../../../arm-none-eabi/lib/armv7-m\libg_nano.a(lib_a-memmove.o)
                0x00002c80                memmove
 *fill*         0x00002cb6        0x2 
 .text._free_r  0x00002cb8       0x98 e:/cypress/psoc creator/4.2/psoc creator/import/gnu/arm/5.4.1/bin/../lib/gcc/arm-none-eabi/5.4.1/../../../../arm-none-eabi/lib/armv7-m\libg_nano.a(lib_a-nano-freer.o)
                0x00002cb8                _free_r
 .text._malloc_r
                0x00002d50       0xbc e:/cypress/psoc creator/4.2/psoc creator/import/gnu/arm/5.4.1/bin/../lib/gcc/arm-none-eabi/5.4.1/../../../../arm-none-eabi/lib/armv7-m\libg_nano.a(lib_a-nano-mallocr.o)
                0x00002d50                _malloc_r
 .text._realloc_r
                0x00002e0c       0x4c e:/cypress/psoc creator/4.2/psoc creator/import/gnu/arm/5.4.1/bin/../lib/gcc/arm-none-eabi/5.4.1/../../../../arm-none-eabi/lib/armv7-m\libg_nano.a(lib_a-nano-reallocr.o)
                0x00002e0c                _realloc_r
 .text._sbrk_r  0x00002e58       0x20 e:/cypress/psoc creator/4.2/psoc creator/import/gnu/arm/5.4.1/bin/../lib/gcc/arm-none-eabi/5.4.1/../../../../arm-none-eabi/lib/armv7-m\libg_nano.a(lib_a-sbrkr.o)
                0x00002e58                _sbrk_r
 .text.__malloc_lock
                0x00002e78        0x2 e:/cypress/psoc creator/4.2/psoc creator/import/gnu/arm/5.4.1/bin/../lib/gcc/arm-none-eabi/5.4.1/../../../../arm-none-eabi/lib/armv7-m\libg_nano.a(lib_a-mlock.o)
                0x00002e78                __malloc_lock
 .text.__malloc_unlock
                0x00002e7a        0x2 e:/cypress/psoc creator/4.2/psoc creator/import/gnu/arm/5.4.1/bin/../lib/gcc/arm-none-eabi/5.4.1/../../../../arm-none-eabi/lib/armv7-m\libg_nano.a(lib_a-mlock.o)
                0x00002e7a                __malloc_unlock
 .text._malloc_usable_size_r
                0x00002e7c       0x14 e:/cypress/psoc creator/4.2/psoc creator/import/gnu/arm/5.4.1/bin/../lib/gcc/arm-none-eabi/5.4.1/../../../../arm-none-eabi/lib/armv7-m\libg_nano.a(lib_a-nano-msizer.o)
                0x00002e7c                _malloc_usable_size_r
 *(.plt)
 *(.gnu.warning)
 *(.glue_7t)
 .glue_7t       0x00002e90        0x0 linker stubs
 *(.glue_7)
 .glue_7        0x00002e90        0x0 linker stubs
 *(.vfp11_veneer)
 .vfp11_veneer  0x00002e90        0x0 linker stubs
 *(.bootloader)
 *(.ARM.extab* .gnu.linkonce.armextab.*)
 *(.gcc_except_table)

.v4_bx          0x00002e90        0x0
 .v4_bx         0x00002e90        0x0 linker stubs

.iplt           0x00002e90        0x0
 .iplt          0x00002e90        0x0 e:/cypress/psoc creator/4.2/psoc creator/import/gnu/arm/5.4.1/bin/../lib/gcc/arm-none-eabi/5.4.1/armv7-m/crtbegin.o

.eh_frame_hdr
 *(.eh_frame_hdr)

.eh_frame       0x00002e90        0x4
 *(.eh_frame)
 .eh_frame      0x00002e90        0x0 e:/cypress/psoc creator/4.2/psoc creator/import/gnu/arm/5.4.1/bin/../lib/gcc/arm-none-eabi/5.4.1/armv7-m/crtbegin.o
 .eh_frame      0x00002e90        0x4 e:/cypress/psoc creator/4.2/psoc creator/import/gnu/arm/5.4.1/bin/../lib/gcc/arm-none-eabi/5.4.1/armv7-m/crtend.o
                [!provide]                PROVIDE (__exidx_start, .)

.ARM.exidx
 *(.ARM.exidx* .gnu.linkonce.armexidx.*)
                0x00002e94                __exidx_end = .

.rodata         0x00002e94      0x1ec
 *(.rodata .rodata.* .gnu.linkonce.r.*)
 .rodata        0x00002e94       0x1b .\CortexM3\ARM_GCC_541\Debug\SSD1306.o
 *fill*         0x00002eaf        0x1 
 .rodata        0x00002eb0        0xc .\CortexM3\ARM_GCC_541\Debug\gfx.o
 .rodata        0x00002ebc        0xc .\CortexM3\ARM_GCC_541\Debug\gfx_impl.o
 .rodata        0x00002ec8       0x10 .\CortexM3\ARM_GCC_541\Debug\BME280_INTF.o
 .rodata.str1.4
                0x00002ed8       0x69 .\CortexM3\ARM_GCC_541\Debug\BME280_INTF.o
 *fill*         0x00002f41        0x3 
 .rodata.str1.4
                0x00002f44       0x2c .\CortexM3\ARM_GCC_541\Debug\main.o
                                 0x5a (size before relaxing)
 .rodata        0x00002f70       0x46 .\CortexM3\ARM_GCC_541\Debug\cyfitter_cfg.o
 .rodata.str1.1
                0x00002fb6        0x2 e:/cypress/psoc creator/4.2/psoc creator/import/gnu/arm/5.4.1/bin/../lib/gcc/arm-none-eabi/5.4.1/../../../../arm-none-eabi/lib/armv7-m\libg_nano.a(lib_a-impure.o)
 .rodata.str1.1
                0x00002fb8       0x11 e:/cypress/psoc creator/4.2/psoc creator/import/gnu/arm/5.4.1/bin/../lib/gcc/arm-none-eabi/5.4.1/../../../../arm-none-eabi/lib/armv7-m\libg_nano.a(lib_a-nano-svfprintf.o)
 .rodata.str1.1
                0x00002fc9       0x22 e:/cypress/psoc creator/4.2/psoc creator/import/gnu/arm/5.4.1/bin/../lib/gcc/arm-none-eabi/5.4.1/../../../../arm-none-eabi/lib/armv7-m\libg_nano.a(lib_a-nano-vfprintf_i.o)
 *fill*         0x00002feb        0x1 
 .rodata.__sf_fake_stdin
                0x00002fec       0x20 e:/cypress/psoc creator/4.2/psoc creator/import/gnu/arm/5.4.1/bin/../lib/gcc/arm-none-eabi/5.4.1/../../../../arm-none-eabi/lib/armv7-m\libg_nano.a(lib_a-findfp.o)
                0x00002fec                __sf_fake_stdin
 .rodata.__sf_fake_stdout
                0x0000300c       0x20 e:/cypress/psoc creator/4.2/psoc creator/import/gnu/arm/5.4.1/bin/../lib/gcc/arm-none-eabi/5.4.1/../../../../arm-none-eabi/lib/armv7-m\libg_nano.a(lib_a-findfp.o)
                0x0000300c                __sf_fake_stdout
 .rodata.__sf_fake_stderr
                0x0000302c       0x20 e:/cypress/psoc creator/4.2/psoc creator/import/gnu/arm/5.4.1/bin/../lib/gcc/arm-none-eabi/5.4.1/../../../../arm-none-eabi/lib/armv7-m\libg_nano.a(lib_a-findfp.o)
                0x0000302c                __sf_fake_stderr
                0x0000304c                . = ALIGN (0x4)
 *(.init)
 .init          0x0000304c        0x4 e:/cypress/psoc creator/4.2/psoc creator/import/gnu/arm/5.4.1/bin/../lib/gcc/arm-none-eabi/5.4.1/armv7-m/crti.o
                0x0000304c                _init
 .init          0x00003050        0x8 e:/cypress/psoc creator/4.2/psoc creator/import/gnu/arm/5.4.1/bin/../lib/gcc/arm-none-eabi/5.4.1/armv7-m/crtn.o
                0x00003058                . = ALIGN (0x4)
                0x00003058                __preinit_array_start = .
 *(.preinit_array)
                0x00003058                __preinit_array_end = .
                0x00003058                . = ALIGN (0x4)
                0x00003058                __init_array_start = .
 *(SORT(.init_array.*))
 *(.init_array)
 .init_array    0x00003058        0x4 e:/cypress/psoc creator/4.2/psoc creator/import/gnu/arm/5.4.1/bin/../lib/gcc/arm-none-eabi/5.4.1/armv7-m/crtbegin.o
 .init_array    0x0000305c        0x4 .\CortexM3\ARM_GCC_541\Debug\Cm3Start.o
                0x00003060                __init_array_end = .
                0x00003060                . = ALIGN (0x4)
 *(.fini)
 .fini          0x00003060        0x4 e:/cypress/psoc creator/4.2/psoc creator/import/gnu/arm/5.4.1/bin/../lib/gcc/arm-none-eabi/5.4.1/armv7-m/crti.o
                0x00003060                _fini
 .fini          0x00003064        0x8 e:/cypress/psoc creator/4.2/psoc creator/import/gnu/arm/5.4.1/bin/../lib/gcc/arm-none-eabi/5.4.1/armv7-m/crtn.o
                0x0000306c                . = ALIGN (0x4)
                0x0000306c                __fini_array_start = .
 *(.fini_array)
 .fini_array    0x0000306c        0x4 e:/cypress/psoc creator/4.2/psoc creator/import/gnu/arm/5.4.1/bin/../lib/gcc/arm-none-eabi/5.4.1/armv7-m/crtbegin.o
 *(SORT(.fini_array.*))
                0x00003070                __fini_array_end = .
                0x00003070                . = ALIGN (0x4)
 *crtbegin.o(.ctors)
 *(EXCLUDE_FILE(*crtend.o) .ctors)
 *(SORT(.ctors.*))
 *crtend.o(.ctors)
                0x00003070                . = ALIGN (0x4)
 *crtbegin.o(.dtors)
 *(EXCLUDE_FILE(*crtend.o) .dtors)
 *(SORT(.dtors.*))
 *crtend.o(.dtors)
                0x00003070                . = ALIGN (0x4)
                0x00003070                __cy_regions = .
                0x00003070        0x4 LONG 0x3080 __cy_region_init_ram
                0x00003074        0x4 LONG 0x1fff80c8 __cy_region_start_data
                0x00003078        0x4 LONG 0x6c0 __cy_region_init_size_ram
                0x0000307c        0x4 LONG 0xcb8 __cy_region_zero_size_ram
                0x00003080                __cy_regions_end = .
                0x00003080                . = ALIGN (0x8)
                0x00003080                _etext = .

.cy_checksum_exclude
                0x00003080        0x0
 *(.cy_checksum_exclude)

.ramvectors     0x1fff8000       0xc0
                0x1fff8000                __cy_region_start_ram = .
 *(.ramvectors)
 .ramvectors    0x1fff8000       0xc0 .\CortexM3\ARM_GCC_541\Debug\Cm3Start.o
                0x1fff8000                CyRamVectors

.noinit         0x1fff80c0        0x1
 *(.noinit)
 .noinit        0x1fff80c0        0x1 .\CortexM3\ARM_GCC_541\Debug\Rhea.a(CyLib.o)
                0x1fff80c0                CyResetStatus

.data           0x1fff80c8      0x6c0 load address 0x00003080
                0x1fff80c8                __cy_region_start_data = .
 *(.jcr)
 .jcr           0x1fff80c8        0x0 e:/cypress/psoc creator/4.2/psoc creator/import/gnu/arm/5.4.1/bin/../lib/gcc/arm-none-eabi/5.4.1/armv7-m/crtbegin.o
 .jcr           0x1fff80c8        0x4 e:/cypress/psoc creator/4.2/psoc creator/import/gnu/arm/5.4.1/bin/../lib/gcc/arm-none-eabi/5.4.1/armv7-m/crtend.o
 *(.got.plt)
 *(.got)
 *(.shdata)
 *(.data .data.* .gnu.linkonce.d.*)
 .data          0x1fff80cc      0x640 .\CortexM3\ARM_GCC_541\Debug\gfx.o
                0x1fff80cc                codefont_8x8_descriptors
                0x1fff83ec                codefont_8x8_data
 .data          0x1fff870c        0x4 .\CortexM3\ARM_GCC_541\Debug\Cm3Start.o
 .data          0x1fff8710       0x10 .\CortexM3\ARM_GCC_541\Debug\Rhea.a(CyLib.o)
                0x1fff8710                cydelay_32k_ms
                0x1fff8714                cydelay_freq_khz
                0x1fff8718                cydelay_freq_mhz
                0x1fff871c                cydelay_freq_hz
 .data.impure_data
                0x1fff8720       0x60 e:/cypress/psoc creator/4.2/psoc creator/import/gnu/arm/5.4.1/bin/../lib/gcc/arm-none-eabi/5.4.1/../../../../arm-none-eabi/lib/armv7-m\libg_nano.a(lib_a-impure.o)
 .data._impure_ptr
                0x1fff8780        0x4 e:/cypress/psoc creator/4.2/psoc creator/import/gnu/arm/5.4.1/bin/../lib/gcc/arm-none-eabi/5.4.1/../../../../arm-none-eabi/lib/armv7-m\libg_nano.a(lib_a-impure.o)
                0x1fff8780                _impure_ptr
                0x1fff8788                . = ALIGN (0x8)
 *fill*         0x1fff8784        0x4 
 *(.ram)
                0x1fff8788                _edata = .

.igot.plt       0x1fff8788        0x0 load address 0x00003740
 .igot.plt      0x1fff8788        0x0 e:/cypress/psoc creator/4.2/psoc creator/import/gnu/arm/5.4.1/bin/../lib/gcc/arm-none-eabi/5.4.1/armv7-m/crtbegin.o

.bss            0x1fff8788      0xcb8 load address 0x00003740
                0x1fff8788                PROVIDE (__bss_start__, .)
 *(.shbss)
 *(.bss .bss.* .gnu.linkonce.b.*)
 .bss           0x1fff8788       0x1c e:/cypress/psoc creator/4.2/psoc creator/import/gnu/arm/5.4.1/bin/../lib/gcc/arm-none-eabi/5.4.1/armv7-m/crtbegin.o
 .bss           0x1fff87a4       0x41 .\CortexM3\ARM_GCC_541\Debug\BME280.o
 *fill*         0x1fff87e5        0x3 
 .bss           0x1fff87e8      0x40c .\CortexM3\ARM_GCC_541\Debug\SSD1306.o
 .bss           0x1fff8bf4       0x10 .\CortexM3\ARM_GCC_541\Debug\gfx.o
 *fill*         0x1fff8c04        0x4 
 .bss           0x1fff8c08      0x810 .\CortexM3\ARM_GCC_541\Debug\sensor.o
 .bss           0x1fff9418        0x1 .\CortexM3\ARM_GCC_541\Debug\Rhea.a(I2C.o)
                0x1fff9418                I2C_initVar
 .bss           0x1fff9419        0x1 .\CortexM3\ARM_GCC_541\Debug\Rhea.a(UART.o)
                0x1fff9419                UART_initVar
 .bss           0x1fff941a        0x1 .\CortexM3\ARM_GCC_541\Debug\Rhea.a(SENSOR_TIMER.o)
                0x1fff941a                SENSOR_TIMER_initVar
 *fill*         0x1fff941b        0x1 
 .bss.__malloc_sbrk_start
                0x1fff941c        0x4 e:/cypress/psoc creator/4.2/psoc creator/import/gnu/arm/5.4.1/bin/../lib/gcc/arm-none-eabi/5.4.1/../../../../arm-none-eabi/lib/armv7-m\libg_nano.a(lib_a-nano-mallocr.o)
                0x1fff941c                __malloc_sbrk_start
 .bss.__malloc_free_list
                0x1fff9420        0x4 e:/cypress/psoc creator/4.2/psoc creator/import/gnu/arm/5.4.1/bin/../lib/gcc/arm-none-eabi/5.4.1/../../../../arm-none-eabi/lib/armv7-m\libg_nano.a(lib_a-nano-mallocr.o)
                0x1fff9420                __malloc_free_list
 *(COMMON)
 COMMON         0x1fff9424        0x1 .\CortexM3\ARM_GCC_541\Debug\Rhea.a(I2C.o)
                0x1fff9424                I2C_state
 *fill*         0x1fff9425        0x3 
 COMMON         0x1fff9428       0x10 .\CortexM3\ARM_GCC_541\Debug\Rhea.a(I2C_MASTER.o)
                0x1fff9428                I2C_mstrWrBufIndex
                0x1fff9429                I2C_mstrWrBufSize
                0x1fff942a                I2C_mstrStatus
                0x1fff942c                I2C_mstrRdBufPtr
                0x1fff9430                I2C_mstrControl
                0x1fff9431                I2C_mstrRdBufSize
                0x1fff9432                I2C_mstrRdBufIndex
                0x1fff9434                I2C_mstrWrBufPtr
 COMMON         0x1fff9438        0x4 e:/cypress/psoc creator/4.2/psoc creator/import/gnu/arm/5.4.1/bin/../lib/gcc/arm-none-eabi/5.4.1/../../../../arm-none-eabi/lib/armv7-m\libg_nano.a(lib_a-reent.o)
                0x1fff9438                errno
                0x1fff9440                . = ALIGN (0x8)
 *fill*         0x1fff943c        0x4 
 *(.ram.b)
                0x1fff9440                _end = .
                0x1fff9440                __end = .
                0x1fff9440                PROVIDE (end, .)
                0x1fff9440                PROVIDE (__bss_end__, .)
                0x00003080                __cy_region_init_ram = LOADADDR (.data)
                0x000006c0                __cy_region_init_size_ram = (_edata - ADDR (.data))
                0x00000cb8                __cy_region_zero_size_ram = (_end - _edata)

.heap           0x1fff9440       0x80 load address 0x00003740
                0x1fff9440                . = _end
                0x1fff94c0                . = (. + 0x80)
 *fill*         0x1fff9440       0x80 
                0x1fff94c0                __cy_heap_limit = .

.stack          0x20007800      0x800
                0x20007800                __cy_stack_limit = .
                0x20008000                . = (. + 0x800)
 *fill*         0x20007800      0x800 
                0x00000001                ASSERT ((__cy_stack_limit >= __cy_heap_limit), region RAM overflowed with stack)
                0x00000000                cy_checksum_exclude_size = (CY_APPL_LOADABLE == 0x1)?SIZEOF (.cy_checksum_exclude):0x0
                0x00000001                ASSERT ((cy_checksum_exclude_size <= CY_CHECKSUM_EXCLUDE_SIZE), CY_BOOT: Section .cy_checksum_exclude size exceedes specified limit.)

.cyloadermeta
 *(.cyloadermeta)

.cyloadablemeta
 *(.cyloadablemeta)

.cyconfigecc    0x80000000      0x4d4
 *(.cyconfigecc)
 .cyconfigecc   0x80000000      0x4d4 .\CortexM3\ARM_GCC_541\Debug\cymetadata.o
                0x80000000                cy_meta_configecc

.cycustnvl      0x90000000        0x4
 *(.cycustnvl)
 .cycustnvl     0x90000000        0x4 .\CortexM3\ARM_GCC_541\Debug\cymetadata.o
                0x90000000                cy_meta_custnvl

.cywolatch      0x90100000        0x4
 *(.cywolatch)
 .cywolatch     0x90100000        0x4 .\CortexM3\ARM_GCC_541\Debug\cymetadata.o
                0x90100000                cy_meta_wonvl

.cyeeprom       0x90200000        0x0
 *(.cyeeprom)
                0x00000001                ASSERT ((. <= ((0x90200000 + ee_offset) + ee_size)), .cyeeprom data will not fit in EEPROM)

.cyflashprotect
                0x90400000      0x100
 *(.cyflashprotect)
 .cyflashprotect
                0x90400000      0x100 .\CortexM3\ARM_GCC_541\Debug\cymetadata.o
                0x90400000                cy_meta_flashprotect

.cymeta         0x90500000        0xc
 *(.cymeta)
 .cymeta        0x90500000        0xc .\CortexM3\ARM_GCC_541\Debug\cymetadata.o
                0x90500000                cy_metadata

.rel.dyn        0x00003740        0x0 load address 0x9050000c
 .rel.iplt      0x00003740        0x0 e:/cypress/psoc creator/4.2/psoc creator/import/gnu/arm/5.4.1/bin/../lib/gcc/arm-none-eabi/5.4.1/armv7-m/crtbegin.o

.stab           0x00000000       0x6c
 *(.stab)
 .stab          0x00000000       0x24 e:/cypress/psoc creator/4.2/psoc creator/import/gnu/arm/5.4.1/bin/../lib/gcc/arm-none-eabi/5.4.1/../../../../arm-none-eabi/lib/armv7-m\libnosys.a(close.o)
 .stab          0x00000024       0x18 e:/cypress/psoc creator/4.2/psoc creator/import/gnu/arm/5.4.1/bin/../lib/gcc/arm-none-eabi/5.4.1/../../../../arm-none-eabi/lib/armv7-m\libnosys.a(lseek.o)
                                 0x24 (size before relaxing)
 .stab          0x0000003c       0x18 e:/cypress/psoc creator/4.2/psoc creator/import/gnu/arm/5.4.1/bin/../lib/gcc/arm-none-eabi/5.4.1/../../../../arm-none-eabi/lib/armv7-m\libnosys.a(read.o)
                                 0x24 (size before relaxing)
 .stab          0x00000054       0x18 e:/cypress/psoc creator/4.2/psoc creator/import/gnu/arm/5.4.1/bin/../lib/gcc/arm-none-eabi/5.4.1/../../../../arm-none-eabi/lib/armv7-m\libnosys.a(write.o)
                                 0x24 (size before relaxing)

.stabstr        0x00000000       0xdf
 *(.stabstr)
 .stabstr       0x00000000       0xdf e:/cypress/psoc creator/4.2/psoc creator/import/gnu/arm/5.4.1/bin/../lib/gcc/arm-none-eabi/5.4.1/../../../../arm-none-eabi/lib/armv7-m\libnosys.a(close.o)

.debug
 *(.debug)

.line
 *(.line)

.debug_srcinfo
 *(.debug_srcinfo)

.debug_sfnames
 *(.debug_sfnames)

.debug_aranges  0x00000000     0x1510
 *(.debug_aranges)
 .debug_aranges
                0x00000000      0x108 .\CortexM3\ARM_GCC_541\Debug\BME280.o
 .debug_aranges
                0x00000108      0x298 .\CortexM3\ARM_GCC_541\Debug\MCP7940N.o
 .debug_aranges
                0x000003a0       0x68 .\CortexM3\ARM_GCC_541\Debug\SSD1306.o
 .debug_aranges
                0x00000408       0xc0 .\CortexM3\ARM_GCC_541\Debug\gfx.o
 .debug_aranges
                0x000004c8       0x40 .\CortexM3\ARM_GCC_541\Debug\gfx_impl.o
 .debug_aranges
                0x00000508       0x40 .\CortexM3\ARM_GCC_541\Debug\i2c_rhea.o
 .debug_aranges
                0x00000548       0x40 .\CortexM3\ARM_GCC_541\Debug\i2c_impl.o
 .debug_aranges
                0x00000588       0x30 .\CortexM3\ARM_GCC_541\Debug\alarm.o
 .debug_aranges
                0x000005b8       0x50 .\CortexM3\ARM_GCC_541\Debug\datetime.o
 .debug_aranges
                0x00000608       0x68 .\CortexM3\ARM_GCC_541\Debug\rtc.o
 .debug_aranges
                0x00000670       0x78 .\CortexM3\ARM_GCC_541\Debug\rtc_impl.o
 .debug_aranges
                0x000006e8       0x88 .\CortexM3\ARM_GCC_541\Debug\BME280_INTF.o
 .debug_aranges
                0x00000770       0x68 .\CortexM3\ARM_GCC_541\Debug\sensor.o
 .debug_aranges
                0x000007d8       0x20 .\CortexM3\ARM_GCC_541\Debug\sensor_impl.o
 .debug_aranges
                0x000007f8       0x38 .\CortexM3\ARM_GCC_541\Debug\uart_impl.o
 .debug_aranges
                0x00000830       0x78 .\CortexM3\ARM_GCC_541\Debug\uart_rhea.o
 .debug_aranges
                0x000008a8       0x20 .\CortexM3\ARM_GCC_541\Debug\state.o
 .debug_aranges
                0x000008c8       0x38 .\CortexM3\ARM_GCC_541\Debug\command.o
 .debug_aranges
                0x00000900       0x38 .\CortexM3\ARM_GCC_541\Debug\input.o
 .debug_aranges
                0x00000938       0x88 .\CortexM3\ARM_GCC_541\Debug\menu.o
 .debug_aranges
                0x000009c0       0x30 .\CortexM3\ARM_GCC_541\Debug\main.o
 .debug_aranges
                0x000009f0       0x58 .\CortexM3\ARM_GCC_541\Debug\cyfitter_cfg.o
 .debug_aranges
                0x00000a48       0x18 .\CortexM3\ARM_GCC_541\Debug\cymetadata.o
 .debug_aranges
                0x00000a60       0x48 .\CortexM3\ARM_GCC_541\Debug\Cm3Start.o
 .debug_aranges
                0x00000aa8       0x38 .\CortexM3\ARM_GCC_541\Debug\Rhea.a(I2C.o)
 .debug_aranges
                0x00000ae0       0x20 .\CortexM3\ARM_GCC_541\Debug\Rhea.a(I2C_INT.o)
 .debug_aranges
                0x00000b00       0x38 .\CortexM3\ARM_GCC_541\Debug\Rhea.a(I2C_PM.o)
 .debug_aranges
                0x00000b38       0x80 .\CortexM3\ARM_GCC_541\Debug\Rhea.a(I2C_MASTER.o)
 .debug_aranges
                0x00000bb8      0x100 .\CortexM3\ARM_GCC_541\Debug\Rhea.a(UART.o)
 .debug_aranges
                0x00000cb8       0x80 .\CortexM3\ARM_GCC_541\Debug\Rhea.a(RTC_INTR.o)
 .debug_aranges
                0x00000d38       0x80 .\CortexM3\ARM_GCC_541\Debug\Rhea.a(BTN_RIGHT_INTR.o)
 .debug_aranges
                0x00000db8       0x80 .\CortexM3\ARM_GCC_541\Debug\Rhea.a(BTN_LEFT_INTR.o)
 .debug_aranges
                0x00000e38       0x80 .\CortexM3\ARM_GCC_541\Debug\Rhea.a(BTN_ENTER_INTR.o)
 .debug_aranges
                0x00000eb8       0x88 .\CortexM3\ARM_GCC_541\Debug\Rhea.a(SENSOR_TIMER.o)
 .debug_aranges
                0x00000f40       0x80 .\CortexM3\ARM_GCC_541\Debug\Rhea.a(SENSOR_1MS.o)
 .debug_aranges
                0x00000fc0       0x70 .\CortexM3\ARM_GCC_541\Debug\Rhea.a(UART_IntClock.o)
 .debug_aranges
                0x00001030      0x2a0 .\CortexM3\ARM_GCC_541\Debug\Rhea.a(CyLib.o)
 .debug_aranges
                0x000012d0       0x98 .\CortexM3\ARM_GCC_541\Debug\Rhea.a(cyPm.o)
 .debug_aranges
                0x00001368       0x80 .\CortexM3\ARM_GCC_541\Debug\Rhea.a(UART_RX_INTR.o)
 .debug_aranges
                0x000013e8       0x20 .\CortexM3\ARM_GCC_541\Debug\Rhea.a(CyBootAsmGnu.o)
 .debug_aranges
                0x00001408       0x88 .\CortexM3\ARM_GCC_541\Debug\Rhea.a(CyFlash.o)
 .debug_aranges
                0x00001490       0x80 .\CortexM3\ARM_GCC_541\Debug\Rhea.a(CySpc.o)

.debug_pubnames
 *(.debug_pubnames)

.debug_info     0x00000000     0xde7d
 *(.debug_info .gnu.linkonce.wi.*)
 .debug_info    0x00000000      0xca9 .\CortexM3\ARM_GCC_541\Debug\BME280.o
 .debug_info    0x00000ca9     0x1e25 .\CortexM3\ARM_GCC_541\Debug\MCP7940N.o
 .debug_info    0x00002ace      0x481 .\CortexM3\ARM_GCC_541\Debug\SSD1306.o
 .debug_info    0x00002f4f      0xc5c .\CortexM3\ARM_GCC_541\Debug\gfx.o
 .debug_info    0x00003bab      0x24d .\CortexM3\ARM_GCC_541\Debug\gfx_impl.o
 .debug_info    0x00003df8      0x194 .\CortexM3\ARM_GCC_541\Debug\i2c_rhea.o
 .debug_info    0x00003f8c      0x1de .\CortexM3\ARM_GCC_541\Debug\i2c_impl.o
 .debug_info    0x0000416a      0x4b6 .\CortexM3\ARM_GCC_541\Debug\alarm.o
 .debug_info    0x00004620      0x8a6 .\CortexM3\ARM_GCC_541\Debug\datetime.o
 .debug_info    0x00004ec6      0x5ac .\CortexM3\ARM_GCC_541\Debug\rtc.o
 .debug_info    0x00005472      0x983 .\CortexM3\ARM_GCC_541\Debug\rtc_impl.o
 .debug_info    0x00005df5      0x687 .\CortexM3\ARM_GCC_541\Debug\BME280_INTF.o
 .debug_info    0x0000647c      0x5d2 .\CortexM3\ARM_GCC_541\Debug\sensor.o
 .debug_info    0x00006a4e      0x108 .\CortexM3\ARM_GCC_541\Debug\sensor_impl.o
 .debug_info    0x00006b56      0x1a1 .\CortexM3\ARM_GCC_541\Debug\uart_impl.o
 .debug_info    0x00006cf7      0x398 .\CortexM3\ARM_GCC_541\Debug\uart_rhea.o
 .debug_info    0x0000708f      0x1aa .\CortexM3\ARM_GCC_541\Debug\state.o
 .debug_info    0x00007239      0x23c .\CortexM3\ARM_GCC_541\Debug\command.o
 .debug_info    0x00007475      0x1af .\CortexM3\ARM_GCC_541\Debug\input.o
 .debug_info    0x00007624      0x8c3 .\CortexM3\ARM_GCC_541\Debug\menu.o
 .debug_info    0x00007ee7      0x496 .\CortexM3\ARM_GCC_541\Debug\main.o
 .debug_info    0x0000837d      0x580 .\CortexM3\ARM_GCC_541\Debug\cyfitter_cfg.o
 .debug_info    0x000088fd      0x136 .\CortexM3\ARM_GCC_541\Debug\cymetadata.o
 .debug_info    0x00008a33      0x3bb .\CortexM3\ARM_GCC_541\Debug\Cm3Start.o
 .debug_info    0x00008dee      0x2ad .\CortexM3\ARM_GCC_541\Debug\Rhea.a(I2C.o)
 .debug_info    0x0000909b      0x184 .\CortexM3\ARM_GCC_541\Debug\Rhea.a(I2C_INT.o)
 .debug_info    0x0000921f      0x207 .\CortexM3\ARM_GCC_541\Debug\Rhea.a(I2C_PM.o)
 .debug_info    0x00009426      0x407 .\CortexM3\ARM_GCC_541\Debug\Rhea.a(I2C_MASTER.o)
 .debug_info    0x0000982d      0x696 .\CortexM3\ARM_GCC_541\Debug\Rhea.a(UART.o)
 .debug_info    0x00009ec3      0x2d2 .\CortexM3\ARM_GCC_541\Debug\Rhea.a(RTC_INTR.o)
 .debug_info    0x0000a195      0x2d2 .\CortexM3\ARM_GCC_541\Debug\Rhea.a(BTN_RIGHT_INTR.o)
 .debug_info    0x0000a467      0x2d2 .\CortexM3\ARM_GCC_541\Debug\Rhea.a(BTN_LEFT_INTR.o)
 .debug_info    0x0000a739      0x2d2 .\CortexM3\ARM_GCC_541\Debug\Rhea.a(BTN_ENTER_INTR.o)
 .debug_info    0x0000aa0b      0x295 .\CortexM3\ARM_GCC_541\Debug\Rhea.a(SENSOR_TIMER.o)
 .debug_info    0x0000aca0      0x2d2 .\CortexM3\ARM_GCC_541\Debug\Rhea.a(SENSOR_1MS.o)
 .debug_info    0x0000af72      0x283 .\CortexM3\ARM_GCC_541\Debug\Rhea.a(UART_IntClock.o)
 .debug_info    0x0000b1f5     0x1374 .\CortexM3\ARM_GCC_541\Debug\Rhea.a(CyLib.o)
 .debug_info    0x0000c569      0xa2a .\CortexM3\ARM_GCC_541\Debug\Rhea.a(cyPm.o)
 .debug_info    0x0000cf93      0x2d2 .\CortexM3\ARM_GCC_541\Debug\Rhea.a(UART_RX_INTR.o)
 .debug_info    0x0000d265       0x7b .\CortexM3\ARM_GCC_541\Debug\Rhea.a(CyBootAsmGnu.o)
 .debug_info    0x0000d2e0      0x64d .\CortexM3\ARM_GCC_541\Debug\Rhea.a(CyFlash.o)
 .debug_info    0x0000d92d      0x550 .\CortexM3\ARM_GCC_541\Debug\Rhea.a(CySpc.o)

.debug_abbrev   0x00000000     0x386c
 *(.debug_abbrev)
 .debug_abbrev  0x00000000      0x25c .\CortexM3\ARM_GCC_541\Debug\BME280.o
 .debug_abbrev  0x0000025c      0x24e .\CortexM3\ARM_GCC_541\Debug\MCP7940N.o
 .debug_abbrev  0x000004aa      0x1a7 .\CortexM3\ARM_GCC_541\Debug\SSD1306.o
 .debug_abbrev  0x00000651      0x1fd .\CortexM3\ARM_GCC_541\Debug\gfx.o
 .debug_abbrev  0x0000084e       0xef .\CortexM3\ARM_GCC_541\Debug\gfx_impl.o
 .debug_abbrev  0x0000093d       0xa7 .\CortexM3\ARM_GCC_541\Debug\i2c_rhea.o
 .debug_abbrev  0x000009e4       0xbf .\CortexM3\ARM_GCC_541\Debug\i2c_impl.o
 .debug_abbrev  0x00000aa3      0x199 .\CortexM3\ARM_GCC_541\Debug\alarm.o
 .debug_abbrev  0x00000c3c      0x1d3 .\CortexM3\ARM_GCC_541\Debug\datetime.o
 .debug_abbrev  0x00000e0f      0x1f8 .\CortexM3\ARM_GCC_541\Debug\rtc.o
 .debug_abbrev  0x00001007      0x1f8 .\CortexM3\ARM_GCC_541\Debug\rtc_impl.o
 .debug_abbrev  0x000011ff      0x141 .\CortexM3\ARM_GCC_541\Debug\BME280_INTF.o
 .debug_abbrev  0x00001340      0x181 .\CortexM3\ARM_GCC_541\Debug\sensor.o
 .debug_abbrev  0x000014c1       0x85 .\CortexM3\ARM_GCC_541\Debug\sensor_impl.o
 .debug_abbrev  0x00001546       0xb0 .\CortexM3\ARM_GCC_541\Debug\uart_impl.o
 .debug_abbrev  0x000015f6       0xe6 .\CortexM3\ARM_GCC_541\Debug\uart_rhea.o
 .debug_abbrev  0x000016dc       0xba .\CortexM3\ARM_GCC_541\Debug\state.o
 .debug_abbrev  0x00001796      0x146 .\CortexM3\ARM_GCC_541\Debug\command.o
 .debug_abbrev  0x000018dc       0xc7 .\CortexM3\ARM_GCC_541\Debug\input.o
 .debug_abbrev  0x000019a3      0x175 .\CortexM3\ARM_GCC_541\Debug\menu.o
 .debug_abbrev  0x00001b18      0x126 .\CortexM3\ARM_GCC_541\Debug\main.o
 .debug_abbrev  0x00001c3e      0x20d .\CortexM3\ARM_GCC_541\Debug\cyfitter_cfg.o
 .debug_abbrev  0x00001e4b       0x77 .\CortexM3\ARM_GCC_541\Debug\cymetadata.o
 .debug_abbrev  0x00001ec2      0x1e8 .\CortexM3\ARM_GCC_541\Debug\Cm3Start.o
 .debug_abbrev  0x000020aa      0x10a .\CortexM3\ARM_GCC_541\Debug\Rhea.a(I2C.o)
 .debug_abbrev  0x000021b4       0xb6 .\CortexM3\ARM_GCC_541\Debug\Rhea.a(I2C_INT.o)
 .debug_abbrev  0x0000226a       0xfe .\CortexM3\ARM_GCC_541\Debug\Rhea.a(I2C_PM.o)
 .debug_abbrev  0x00002368      0x13c .\CortexM3\ARM_GCC_541\Debug\Rhea.a(I2C_MASTER.o)
 .debug_abbrev  0x000024a4      0x175 .\CortexM3\ARM_GCC_541\Debug\Rhea.a(UART.o)
 .debug_abbrev  0x00002619      0x173 .\CortexM3\ARM_GCC_541\Debug\Rhea.a(RTC_INTR.o)
 .debug_abbrev  0x0000278c      0x173 .\CortexM3\ARM_GCC_541\Debug\Rhea.a(BTN_RIGHT_INTR.o)
 .debug_abbrev  0x000028ff      0x173 .\CortexM3\ARM_GCC_541\Debug\Rhea.a(BTN_LEFT_INTR.o)
 .debug_abbrev  0x00002a72      0x173 .\CortexM3\ARM_GCC_541\Debug\Rhea.a(BTN_ENTER_INTR.o)
 .debug_abbrev  0x00002be5      0x11a .\CortexM3\ARM_GCC_541\Debug\Rhea.a(SENSOR_TIMER.o)
 .debug_abbrev  0x00002cff      0x173 .\CortexM3\ARM_GCC_541\Debug\Rhea.a(SENSOR_1MS.o)
 .debug_abbrev  0x00002e72      0x139 .\CortexM3\ARM_GCC_541\Debug\Rhea.a(UART_IntClock.o)
 .debug_abbrev  0x00002fab      0x254 .\CortexM3\ARM_GCC_541\Debug\Rhea.a(CyLib.o)
 .debug_abbrev  0x000031ff      0x1ab .\CortexM3\ARM_GCC_541\Debug\Rhea.a(cyPm.o)
 .debug_abbrev  0x000033aa      0x173 .\CortexM3\ARM_GCC_541\Debug\Rhea.a(UART_RX_INTR.o)
 .debug_abbrev  0x0000351d       0x14 .\CortexM3\ARM_GCC_541\Debug\Rhea.a(CyBootAsmGnu.o)
 .debug_abbrev  0x00003531      0x1a7 .\CortexM3\ARM_GCC_541\Debug\Rhea.a(CyFlash.o)
 .debug_abbrev  0x000036d8      0x194 .\CortexM3\ARM_GCC_541\Debug\Rhea.a(CySpc.o)

.debug_line     0x00000000     0x5f62
 *(.debug_line)
 .debug_line    0x00000000      0x427 .\CortexM3\ARM_GCC_541\Debug\BME280.o
 .debug_line    0x00000427      0x893 .\CortexM3\ARM_GCC_541\Debug\MCP7940N.o
 .debug_line    0x00000cba      0x229 .\CortexM3\ARM_GCC_541\Debug\SSD1306.o
 .debug_line    0x00000ee3      0x44c .\CortexM3\ARM_GCC_541\Debug\gfx.o
 .debug_line    0x0000132f      0x193 .\CortexM3\ARM_GCC_541\Debug\gfx_impl.o
 .debug_line    0x000014c2      0x169 .\CortexM3\ARM_GCC_541\Debug\i2c_rhea.o
 .debug_line    0x0000162b      0x189 .\CortexM3\ARM_GCC_541\Debug\i2c_impl.o
 .debug_line    0x000017b4      0x24d .\CortexM3\ARM_GCC_541\Debug\alarm.o
 .debug_line    0x00001a01      0x3e5 .\CortexM3\ARM_GCC_541\Debug\datetime.o
 .debug_line    0x00001de6      0x281 .\CortexM3\ARM_GCC_541\Debug\rtc.o
 .debug_line    0x00002067      0x306 .\CortexM3\ARM_GCC_541\Debug\rtc_impl.o
 .debug_line    0x0000236d      0x29b .\CortexM3\ARM_GCC_541\Debug\BME280_INTF.o
 .debug_line    0x00002608      0x2e5 .\CortexM3\ARM_GCC_541\Debug\sensor.o
 .debug_line    0x000028ed      0x199 .\CortexM3\ARM_GCC_541\Debug\sensor_impl.o
 .debug_line    0x00002a86      0x17c .\CortexM3\ARM_GCC_541\Debug\uart_impl.o
 .debug_line    0x00002c02      0x211 .\CortexM3\ARM_GCC_541\Debug\uart_rhea.o
 .debug_line    0x00002e13      0x14c .\CortexM3\ARM_GCC_541\Debug\state.o
 .debug_line    0x00002f5f      0x1cf .\CortexM3\ARM_GCC_541\Debug\command.o
 .debug_line    0x0000312e      0x1b1 .\CortexM3\ARM_GCC_541\Debug\input.o
 .debug_line    0x000032df      0x314 .\CortexM3\ARM_GCC_541\Debug\menu.o
 .debug_line    0x000035f3      0x260 .\CortexM3\ARM_GCC_541\Debug\main.o
 .debug_line    0x00003853      0x1e1 .\CortexM3\ARM_GCC_541\Debug\cyfitter_cfg.o
 .debug_line    0x00003a34      0x119 .\CortexM3\ARM_GCC_541\Debug\cymetadata.o
 .debug_line    0x00003b4d      0x20c .\CortexM3\ARM_GCC_541\Debug\Cm3Start.o
 .debug_line    0x00003d59       0xd9 .\CortexM3\ARM_GCC_541\Debug\Rhea.a(I2C.o)
 .debug_line    0x00003e32      0x114 .\CortexM3\ARM_GCC_541\Debug\Rhea.a(I2C_INT.o)
 .debug_line    0x00003f46       0xbb .\CortexM3\ARM_GCC_541\Debug\Rhea.a(I2C_PM.o)
 .debug_line    0x00004001      0x1fd .\CortexM3\ARM_GCC_541\Debug\Rhea.a(I2C_MASTER.o)
 .debug_line    0x000041fe      0x2dc .\CortexM3\ARM_GCC_541\Debug\Rhea.a(UART.o)
 .debug_line    0x000044da      0x135 .\CortexM3\ARM_GCC_541\Debug\Rhea.a(RTC_INTR.o)
 .debug_line    0x0000460f      0x13b .\CortexM3\ARM_GCC_541\Debug\Rhea.a(BTN_RIGHT_INTR.o)
 .debug_line    0x0000474a      0x13a .\CortexM3\ARM_GCC_541\Debug\Rhea.a(BTN_LEFT_INTR.o)
 .debug_line    0x00004884      0x13b .\CortexM3\ARM_GCC_541\Debug\Rhea.a(BTN_ENTER_INTR.o)
 .debug_line    0x000049bf      0x15a .\CortexM3\ARM_GCC_541\Debug\Rhea.a(SENSOR_TIMER.o)
 .debug_line    0x00004b19      0x137 .\CortexM3\ARM_GCC_541\Debug\Rhea.a(SENSOR_1MS.o)
 .debug_line    0x00004c50      0x17c .\CortexM3\ARM_GCC_541\Debug\Rhea.a(UART_IntClock.o)
 .debug_line    0x00004dcc      0x816 .\CortexM3\ARM_GCC_541\Debug\Rhea.a(CyLib.o)
 .debug_line    0x000055e2      0x367 .\CortexM3\ARM_GCC_541\Debug\Rhea.a(cyPm.o)
 .debug_line    0x00005949      0x139 .\CortexM3\ARM_GCC_541\Debug\Rhea.a(UART_RX_INTR.o)
 .debug_line    0x00005a82       0x66 .\CortexM3\ARM_GCC_541\Debug\Rhea.a(CyBootAsmGnu.o)
 .debug_line    0x00005ae8      0x21a .\CortexM3\ARM_GCC_541\Debug\Rhea.a(CyFlash.o)
 .debug_line    0x00005d02      0x260 .\CortexM3\ARM_GCC_541\Debug\Rhea.a(CySpc.o)

.debug_frame    0x00000000     0x4514
 *(.debug_frame)
 .debug_frame   0x00000000      0x37c .\CortexM3\ARM_GCC_541\Debug\BME280.o
 .debug_frame   0x0000037c      0x74c .\CortexM3\ARM_GCC_541\Debug\MCP7940N.o
 .debug_frame   0x00000ac8      0x120 .\CortexM3\ARM_GCC_541\Debug\SSD1306.o
 .debug_frame   0x00000be8      0x30c .\CortexM3\ARM_GCC_541\Debug\gfx.o
 .debug_frame   0x00000ef4       0x9c .\CortexM3\ARM_GCC_541\Debug\gfx_impl.o
 .debug_frame   0x00000f90       0x9c .\CortexM3\ARM_GCC_541\Debug\i2c_rhea.o
 .debug_frame   0x0000102c       0x9c .\CortexM3\ARM_GCC_541\Debug\i2c_impl.o
 .debug_frame   0x000010c8       0x78 .\CortexM3\ARM_GCC_541\Debug\alarm.o
 .debug_frame   0x00001140      0x150 .\CortexM3\ARM_GCC_541\Debug\datetime.o
 .debug_frame   0x00001290      0x148 .\CortexM3\ARM_GCC_541\Debug\rtc.o
 .debug_frame   0x000013d8      0x1a8 .\CortexM3\ARM_GCC_541\Debug\rtc_impl.o
 .debug_frame   0x00001580      0x1bc .\CortexM3\ARM_GCC_541\Debug\BME280_INTF.o
 .debug_frame   0x0000173c      0x19c .\CortexM3\ARM_GCC_541\Debug\sensor.o
 .debug_frame   0x000018d8       0x2c .\CortexM3\ARM_GCC_541\Debug\sensor_impl.o
 .debug_frame   0x00001904       0x80 .\CortexM3\ARM_GCC_541\Debug\uart_impl.o
 .debug_frame   0x00001984      0x180 .\CortexM3\ARM_GCC_541\Debug\uart_rhea.o
 .debug_frame   0x00001b04       0x3c .\CortexM3\ARM_GCC_541\Debug\state.o
 .debug_frame   0x00001b40       0x74 .\CortexM3\ARM_GCC_541\Debug\command.o
 .debug_frame   0x00001bb4       0x5c .\CortexM3\ARM_GCC_541\Debug\input.o
 .debug_frame   0x00001c10      0x1ac .\CortexM3\ARM_GCC_541\Debug\menu.o
 .debug_frame   0x00001dbc       0x74 .\CortexM3\ARM_GCC_541\Debug\main.o
 .debug_frame   0x00001e30       0xe4 .\CortexM3\ARM_GCC_541\Debug\cyfitter_cfg.o
 .debug_frame   0x00001f14       0xb8 .\CortexM3\ARM_GCC_541\Debug\Cm3Start.o
 .debug_frame   0x00001fcc       0x94 .\CortexM3\ARM_GCC_541\Debug\Rhea.a(I2C.o)
 .debug_frame   0x00002060       0x30 .\CortexM3\ARM_GCC_541\Debug\Rhea.a(I2C_INT.o)
 .debug_frame   0x00002090       0x74 .\CortexM3\ARM_GCC_541\Debug\Rhea.a(I2C_PM.o)
 .debug_frame   0x00002104      0x138 .\CortexM3\ARM_GCC_541\Debug\Rhea.a(I2C_MASTER.o)
 .debug_frame   0x0000223c      0x2a4 .\CortexM3\ARM_GCC_541\Debug\Rhea.a(UART.o)
 .debug_frame   0x000024e0      0x104 .\CortexM3\ARM_GCC_541\Debug\Rhea.a(RTC_INTR.o)
 .debug_frame   0x000025e4      0x104 .\CortexM3\ARM_GCC_541\Debug\Rhea.a(BTN_RIGHT_INTR.o)
 .debug_frame   0x000026e8      0x104 .\CortexM3\ARM_GCC_541\Debug\Rhea.a(BTN_LEFT_INTR.o)
 .debug_frame   0x000027ec      0x104 .\CortexM3\ARM_GCC_541\Debug\Rhea.a(BTN_ENTER_INTR.o)
 .debug_frame   0x000028f0      0x108 .\CortexM3\ARM_GCC_541\Debug\Rhea.a(SENSOR_TIMER.o)
 .debug_frame   0x000029f8      0x104 .\CortexM3\ARM_GCC_541\Debug\Rhea.a(SENSOR_1MS.o)
 .debug_frame   0x00002afc       0xe0 .\CortexM3\ARM_GCC_541\Debug\Rhea.a(UART_IntClock.o)
 .debug_frame   0x00002bdc      0x738 .\CortexM3\ARM_GCC_541\Debug\Rhea.a(CyLib.o)
 .debug_frame   0x00003314      0x1f8 .\CortexM3\ARM_GCC_541\Debug\Rhea.a(cyPm.o)
 .debug_frame   0x0000350c      0x104 .\CortexM3\ARM_GCC_541\Debug\Rhea.a(UART_RX_INTR.o)
 .debug_frame   0x00003610      0x194 .\CortexM3\ARM_GCC_541\Debug\Rhea.a(CyFlash.o)
 .debug_frame   0x000037a4      0x180 .\CortexM3\ARM_GCC_541\Debug\Rhea.a(CySpc.o)
 .debug_frame   0x00003924       0x34 e:/cypress/psoc creator/4.2/psoc creator/import/gnu/arm/5.4.1/bin/../lib/gcc/arm-none-eabi/5.4.1/../../../../arm-none-eabi/lib/armv7-m\libm.a(lib_a-s_floor.o)
 .debug_frame   0x00003958       0x44 e:/cypress/psoc creator/4.2/psoc creator/import/gnu/arm/5.4.1/bin/../lib/gcc/arm-none-eabi/5.4.1/../../../../arm-none-eabi/lib/armv7-m\libm.a(lib_a-w_sqrt.o)
 .debug_frame   0x0000399c       0x30 e:/cypress/psoc creator/4.2/psoc creator/import/gnu/arm/5.4.1/bin/../lib/gcc/arm-none-eabi/5.4.1/../../../../arm-none-eabi/lib/armv7-m\libm.a(lib_a-e_sqrt.o)
 .debug_frame   0x000039cc       0x20 e:/cypress/psoc creator/4.2/psoc creator/import/gnu/arm/5.4.1/bin/../lib/gcc/arm-none-eabi/5.4.1/../../../../arm-none-eabi/lib/armv7-m\libm.a(lib_a-s_matherr.o)
 .debug_frame   0x000039ec       0x44 e:/cypress/psoc creator/4.2/psoc creator/import/gnu/arm/5.4.1/bin/../lib/gcc/arm-none-eabi/5.4.1/armv7-m\libgcc.a(_aeabi_ldivmod.o)
 .debug_frame   0x00003a30       0x3c e:/cypress/psoc creator/4.2/psoc creator/import/gnu/arm/5.4.1/bin/../lib/gcc/arm-none-eabi/5.4.1/armv7-m\libgcc.a(_fixdfdi.o)
 .debug_frame   0x00003a6c       0x2c e:/cypress/psoc creator/4.2/psoc creator/import/gnu/arm/5.4.1/bin/../lib/gcc/arm-none-eabi/5.4.1/armv7-m\libgcc.a(_fixunsdfdi.o)
 .debug_frame   0x00003a98       0x38 e:/cypress/psoc creator/4.2/psoc creator/import/gnu/arm/5.4.1/bin/../lib/gcc/arm-none-eabi/5.4.1/armv7-m\libgcc.a(_udivmoddi4.o)
 .debug_frame   0x00003ad0       0x20 e:/cypress/psoc creator/4.2/psoc creator/import/gnu/arm/5.4.1/bin/../lib/gcc/arm-none-eabi/5.4.1/../../../../arm-none-eabi/lib/armv7-m\libg_nano.a(lib_a-errno.o)
 .debug_frame   0x00003af0       0x28 e:/cypress/psoc creator/4.2/psoc creator/import/gnu/arm/5.4.1/bin/../lib/gcc/arm-none-eabi/5.4.1/../../../../arm-none-eabi/lib/armv7-m\libg_nano.a(lib_a-exit.o)
 .debug_frame   0x00003b18       0x2c e:/cypress/psoc creator/4.2/psoc creator/import/gnu/arm/5.4.1/bin/../lib/gcc/arm-none-eabi/5.4.1/../../../../arm-none-eabi/lib/armv7-m\libg_nano.a(lib_a-init.o)
 .debug_frame   0x00003b44       0x28 e:/cypress/psoc creator/4.2/psoc creator/import/gnu/arm/5.4.1/bin/../lib/gcc/arm-none-eabi/5.4.1/../../../../arm-none-eabi/lib/armv7-m\libg_nano.a(lib_a-memcpy-stub.o)
 .debug_frame   0x00003b6c       0x20 e:/cypress/psoc creator/4.2/psoc creator/import/gnu/arm/5.4.1/bin/../lib/gcc/arm-none-eabi/5.4.1/../../../../arm-none-eabi/lib/armv7-m\libg_nano.a(lib_a-memset.o)
 .debug_frame   0x00003b8c       0x70 e:/cypress/psoc creator/4.2/psoc creator/import/gnu/arm/5.4.1/bin/../lib/gcc/arm-none-eabi/5.4.1/../../../../arm-none-eabi/lib/armv7-m\libg_nano.a(lib_a-sprintf.o)
 .debug_frame   0x00003bfc       0x80 e:/cypress/psoc creator/4.2/psoc creator/import/gnu/arm/5.4.1/bin/../lib/gcc/arm-none-eabi/5.4.1/../../../../arm-none-eabi/lib/armv7-m\libg_nano.a(lib_a-sscanf.o)
 .debug_frame   0x00003c7c       0x88 e:/cypress/psoc creator/4.2/psoc creator/import/gnu/arm/5.4.1/bin/../lib/gcc/arm-none-eabi/5.4.1/../../../../arm-none-eabi/lib/armv7-m\libg_nano.a(lib_a-stdio.o)
 .debug_frame   0x00003d04       0x28 e:/cypress/psoc creator/4.2/psoc creator/import/gnu/arm/5.4.1/bin/../lib/gcc/arm-none-eabi/5.4.1/../../../../arm-none-eabi/lib/armv7-m\libg_nano.a(lib_a-strcat.o)
 .debug_frame   0x00003d2c       0x20 e:/cypress/psoc creator/4.2/psoc creator/import/gnu/arm/5.4.1/bin/../lib/gcc/arm-none-eabi/5.4.1/../../../../arm-none-eabi/lib/armv7-m\libg_nano.a(lib_a-strcmp.o)
 .debug_frame   0x00003d4c       0x20 e:/cypress/psoc creator/4.2/psoc creator/import/gnu/arm/5.4.1/bin/../lib/gcc/arm-none-eabi/5.4.1/../../../../arm-none-eabi/lib/armv7-m\libg_nano.a(lib_a-strcpy.o)
 .debug_frame   0x00003d6c       0x2c e:/cypress/psoc creator/4.2/psoc creator/import/gnu/arm/5.4.1/bin/../lib/gcc/arm-none-eabi/5.4.1/../../../../arm-none-eabi/lib/armv7-m\libg_nano.a(lib_a-writer.o)
 .debug_frame   0x00003d98       0x2c e:/cypress/psoc creator/4.2/psoc creator/import/gnu/arm/5.4.1/bin/../lib/gcc/arm-none-eabi/5.4.1/../../../../arm-none-eabi/lib/armv7-m\libg_nano.a(lib_a-closer.o)
 .debug_frame   0x00003dc4       0x2c e:/cypress/psoc creator/4.2/psoc creator/import/gnu/arm/5.4.1/bin/../lib/gcc/arm-none-eabi/5.4.1/../../../../arm-none-eabi/lib/armv7-m\libg_nano.a(lib_a-lseekr.o)
 .debug_frame   0x00003df0       0x90 e:/cypress/psoc creator/4.2/psoc creator/import/gnu/arm/5.4.1/bin/../lib/gcc/arm-none-eabi/5.4.1/../../../../arm-none-eabi/lib/armv7-m\libg_nano.a(lib_a-nano-svfprintf.o)
 .debug_frame   0x00003e80       0x74 e:/cypress/psoc creator/4.2/psoc creator/import/gnu/arm/5.4.1/bin/../lib/gcc/arm-none-eabi/5.4.1/../../../../arm-none-eabi/lib/armv7-m\libg_nano.a(lib_a-nano-svfscanf.o)
 .debug_frame   0x00003ef4       0x60 e:/cypress/psoc creator/4.2/psoc creator/import/gnu/arm/5.4.1/bin/../lib/gcc/arm-none-eabi/5.4.1/../../../../arm-none-eabi/lib/armv7-m\libg_nano.a(lib_a-nano-vfprintf_i.o)
 .debug_frame   0x00003f54       0x60 e:/cypress/psoc creator/4.2/psoc creator/import/gnu/arm/5.4.1/bin/../lib/gcc/arm-none-eabi/5.4.1/../../../../arm-none-eabi/lib/armv7-m\libg_nano.a(lib_a-nano-vfscanf_i.o)
 .debug_frame   0x00003fb4       0x2c e:/cypress/psoc creator/4.2/psoc creator/import/gnu/arm/5.4.1/bin/../lib/gcc/arm-none-eabi/5.4.1/../../../../arm-none-eabi/lib/armv7-m\libg_nano.a(lib_a-readr.o)
 .debug_frame   0x00003fe0       0x5c e:/cypress/psoc creator/4.2/psoc creator/import/gnu/arm/5.4.1/bin/../lib/gcc/arm-none-eabi/5.4.1/../../../../arm-none-eabi/lib/armv7-m\libg_nano.a(lib_a-reent.o)
 .debug_frame   0x0000403c       0x2c e:/cypress/psoc creator/4.2/psoc creator/import/gnu/arm/5.4.1/bin/../lib/gcc/arm-none-eabi/5.4.1/../../../../arm-none-eabi/lib/armv7-m\libg_nano.a(lib_a-sccl.o)
 .debug_frame   0x00004068       0x44 e:/cypress/psoc creator/4.2/psoc creator/import/gnu/arm/5.4.1/bin/../lib/gcc/arm-none-eabi/5.4.1/../../../../arm-none-eabi/lib/armv7-m\libg_nano.a(lib_a-strtol.o)
 .debug_frame   0x000040ac       0x44 e:/cypress/psoc creator/4.2/psoc creator/import/gnu/arm/5.4.1/bin/../lib/gcc/arm-none-eabi/5.4.1/../../../../arm-none-eabi/lib/armv7-m\libg_nano.a(lib_a-strtoul.o)
 .debug_frame   0x000040f0       0x60 e:/cypress/psoc creator/4.2/psoc creator/import/gnu/arm/5.4.1/bin/../lib/gcc/arm-none-eabi/5.4.1/../../../../arm-none-eabi/lib/armv7-m\libg_nano.a(lib_a-ungetc.o)
 .debug_frame   0x00004150       0x68 e:/cypress/psoc creator/4.2/psoc creator/import/gnu/arm/5.4.1/bin/../lib/gcc/arm-none-eabi/5.4.1/../../../../arm-none-eabi/lib/armv7-m\libg_nano.a(lib_a-fflush.o)
 .debug_frame   0x000041b8      0x11c e:/cypress/psoc creator/4.2/psoc creator/import/gnu/arm/5.4.1/bin/../lib/gcc/arm-none-eabi/5.4.1/../../../../arm-none-eabi/lib/armv7-m\libg_nano.a(lib_a-findfp.o)
 .debug_frame   0x000042d4       0x54 e:/cypress/psoc creator/4.2/psoc creator/import/gnu/arm/5.4.1/bin/../lib/gcc/arm-none-eabi/5.4.1/../../../../arm-none-eabi/lib/armv7-m\libg_nano.a(lib_a-fwalk.o)
 .debug_frame   0x00004328       0x28 e:/cypress/psoc creator/4.2/psoc creator/import/gnu/arm/5.4.1/bin/../lib/gcc/arm-none-eabi/5.4.1/../../../../arm-none-eabi/lib/armv7-m\libg_nano.a(lib_a-memchr-stub.o)
 .debug_frame   0x00004350       0x28 e:/cypress/psoc creator/4.2/psoc creator/import/gnu/arm/5.4.1/bin/../lib/gcc/arm-none-eabi/5.4.1/../../../../arm-none-eabi/lib/armv7-m\libg_nano.a(lib_a-memmove.o)
 .debug_frame   0x00004378       0x38 e:/cypress/psoc creator/4.2/psoc creator/import/gnu/arm/5.4.1/bin/../lib/gcc/arm-none-eabi/5.4.1/../../../../arm-none-eabi/lib/armv7-m\libg_nano.a(lib_a-nano-freer.o)
 .debug_frame   0x000043b0       0x2c e:/cypress/psoc creator/4.2/psoc creator/import/gnu/arm/5.4.1/bin/../lib/gcc/arm-none-eabi/5.4.1/../../../../arm-none-eabi/lib/armv7-m\libg_nano.a(lib_a-nano-mallocr.o)
 .debug_frame   0x000043dc       0x3c e:/cypress/psoc creator/4.2/psoc creator/import/gnu/arm/5.4.1/bin/../lib/gcc/arm-none-eabi/5.4.1/../../../../arm-none-eabi/lib/armv7-m\libg_nano.a(lib_a-nano-reallocr.o)
 .debug_frame   0x00004418       0x2c e:/cypress/psoc creator/4.2/psoc creator/import/gnu/arm/5.4.1/bin/../lib/gcc/arm-none-eabi/5.4.1/../../../../arm-none-eabi/lib/armv7-m\libg_nano.a(lib_a-sbrkr.o)
 .debug_frame   0x00004444       0x30 e:/cypress/psoc creator/4.2/psoc creator/import/gnu/arm/5.4.1/bin/../lib/gcc/arm-none-eabi/5.4.1/../../../../arm-none-eabi/lib/armv7-m\libg_nano.a(lib_a-mlock.o)
 .debug_frame   0x00004474       0x20 e:/cypress/psoc creator/4.2/psoc creator/import/gnu/arm/5.4.1/bin/../lib/gcc/arm-none-eabi/5.4.1/../../../../arm-none-eabi/lib/armv7-m\libg_nano.a(lib_a-nano-msizer.o)
 .debug_frame   0x00004494       0x20 e:/cypress/psoc creator/4.2/psoc creator/import/gnu/arm/5.4.1/bin/../lib/gcc/arm-none-eabi/5.4.1/../../../../arm-none-eabi/lib/armv7-m\libnosys.a(close.o)
 .debug_frame   0x000044b4       0x20 e:/cypress/psoc creator/4.2/psoc creator/import/gnu/arm/5.4.1/bin/../lib/gcc/arm-none-eabi/5.4.1/../../../../arm-none-eabi/lib/armv7-m\libnosys.a(lseek.o)
 .debug_frame   0x000044d4       0x20 e:/cypress/psoc creator/4.2/psoc creator/import/gnu/arm/5.4.1/bin/../lib/gcc/arm-none-eabi/5.4.1/../../../../arm-none-eabi/lib/armv7-m\libnosys.a(read.o)
 .debug_frame   0x000044f4       0x20 e:/cypress/psoc creator/4.2/psoc creator/import/gnu/arm/5.4.1/bin/../lib/gcc/arm-none-eabi/5.4.1/../../../../arm-none-eabi/lib/armv7-m\libnosys.a(write.o)

.debug_str      0x00000000     0x4afe
 *(.debug_str)
 .debug_str     0x00000000      0x6ae .\CortexM3\ARM_GCC_541\Debug\BME280.o
                                0x760 (size before relaxing)
 .debug_str     0x000006ae      0x9c5 .\CortexM3\ARM_GCC_541\Debug\MCP7940N.o
                                0xbce (size before relaxing)
 .debug_str     0x00001073      0x162 .\CortexM3\ARM_GCC_541\Debug\SSD1306.o
                                0x315 (size before relaxing)
 .debug_str     0x000011d5      0x3a2 .\CortexM3\ARM_GCC_541\Debug\gfx.o
                                0x573 (size before relaxing)
 .debug_str     0x00001577       0x14 .\CortexM3\ARM_GCC_541\Debug\gfx_impl.o
                                0x2db (size before relaxing)
 .debug_str     0x0000158b      0x123 .\CortexM3\ARM_GCC_541\Debug\i2c_rhea.o
                                0x27c (size before relaxing)
 .debug_str     0x000016ae       0x79 .\CortexM3\ARM_GCC_541\Debug\i2c_impl.o
                                0x2a4 (size before relaxing)
 .debug_str     0x00001727      0x1fb .\CortexM3\ARM_GCC_541\Debug\alarm.o
                                0x3cf (size before relaxing)
 .debug_str     0x00001922      0x19d .\CortexM3\ARM_GCC_541\Debug\datetime.o
                                0x473 (size before relaxing)
 .debug_str     0x00001abf      0x268 .\CortexM3\ARM_GCC_541\Debug\rtc.o
                                0x509 (size before relaxing)
 .debug_str     0x00001d27      0x16c .\CortexM3\ARM_GCC_541\Debug\rtc_impl.o
                                0x701 (size before relaxing)
 .debug_str     0x00001e93      0x1c3 .\CortexM3\ARM_GCC_541\Debug\BME280_INTF.o
                                0x4ed (size before relaxing)
 .debug_str     0x00002056      0x26f .\CortexM3\ARM_GCC_541\Debug\sensor.o
                                0x45c (size before relaxing)
 .debug_str     0x000022c5       0x40 .\CortexM3\ARM_GCC_541\Debug\sensor_impl.o
                                0x1f5 (size before relaxing)
 .debug_str     0x00002305       0xb9 .\CortexM3\ARM_GCC_541\Debug\uart_impl.o
                                0x269 (size before relaxing)
 .debug_str     0x000023be      0x118 .\CortexM3\ARM_GCC_541\Debug\uart_rhea.o
                                0x308 (size before relaxing)
 .debug_str     0x000024d6       0xe5 .\CortexM3\ARM_GCC_541\Debug\state.o
                                0x247 (size before relaxing)
 .debug_str     0x000025bb       0xda .\CortexM3\ARM_GCC_541\Debug\command.o
                                0x2bf (size before relaxing)
 .debug_str     0x00002695       0xe5 .\CortexM3\ARM_GCC_541\Debug\input.o
                                0x27c (size before relaxing)
 .debug_str     0x0000277a      0x22c .\CortexM3\ARM_GCC_541\Debug\menu.o
                                0x557 (size before relaxing)
 .debug_str     0x000029a6       0x61 .\CortexM3\ARM_GCC_541\Debug\main.o
                                0x322 (size before relaxing)
 .debug_str     0x00002a07      0x1a1 .\CortexM3\ARM_GCC_541\Debug\cyfitter_cfg.o
                                0x335 (size before relaxing)
 .debug_str     0x00002ba8       0x75 .\CortexM3\ARM_GCC_541\Debug\cymetadata.o
                                0x1cf (size before relaxing)
 .debug_str     0x00002c1d      0x13e .\CortexM3\ARM_GCC_541\Debug\Cm3Start.o
                                0x2f5 (size before relaxing)
 .debug_str     0x00002d5b      0x12f .\CortexM3\ARM_GCC_541\Debug\Rhea.a(I2C.o)
                                0x2cc (size before relaxing)
 .debug_str     0x00002e8a       0x86 .\CortexM3\ARM_GCC_541\Debug\Rhea.a(I2C_INT.o)
                                0x24a (size before relaxing)
 .debug_str     0x00002f10       0x56 .\CortexM3\ARM_GCC_541\Debug\Rhea.a(I2C_PM.o)
                                0x268 (size before relaxing)
 .debug_str     0x00002f66      0x122 .\CortexM3\ARM_GCC_541\Debug\Rhea.a(I2C_MASTER.o)
                                0x38f (size before relaxing)
 .debug_str     0x00003088      0x277 .\CortexM3\ARM_GCC_541\Debug\Rhea.a(UART.o)
                                0x47b (size before relaxing)
 .debug_str     0x000032ff      0x117 .\CortexM3\ARM_GCC_541\Debug\Rhea.a(RTC_INTR.o)
                                0x2bb (size before relaxing)
 .debug_str     0x00003416      0x14d .\CortexM3\ARM_GCC_541\Debug\Rhea.a(BTN_RIGHT_INTR.o)
                                0x30f (size before relaxing)
 .debug_str     0x00003563      0x140 .\CortexM3\ARM_GCC_541\Debug\Rhea.a(BTN_LEFT_INTR.o)
                                0x301 (size before relaxing)
 .debug_str     0x000036a3      0x14d .\CortexM3\ARM_GCC_541\Debug\Rhea.a(BTN_ENTER_INTR.o)
                                0x30f (size before relaxing)
 .debug_str     0x000037f0      0x1b0 .\CortexM3\ARM_GCC_541\Debug\Rhea.a(SENSOR_TIMER.o)
                                0x350 (size before relaxing)
 .debug_str     0x000039a0      0x119 .\CortexM3\ARM_GCC_541\Debug\Rhea.a(SENSOR_1MS.o)
                                0x2d7 (size before relaxing)
 .debug_str     0x00003ab9      0x183 .\CortexM3\ARM_GCC_541\Debug\Rhea.a(UART_IntClock.o)
                                0x321 (size before relaxing)
 .debug_str     0x00003c3c      0x7ca .\CortexM3\ARM_GCC_541\Debug\Rhea.a(CyLib.o)
                                0xa32 (size before relaxing)
 .debug_str     0x00004406      0x365 .\CortexM3\ARM_GCC_541\Debug\Rhea.a(cyPm.o)
                                0x71e (size before relaxing)
 .debug_str     0x0000476b      0x133 .\CortexM3\ARM_GCC_541\Debug\Rhea.a(UART_RX_INTR.o)
                                0x2f3 (size before relaxing)
 .debug_str     0x0000489e      0x1b4 .\CortexM3\ARM_GCC_541\Debug\Rhea.a(CyFlash.o)
                                0x3ab (size before relaxing)
 .debug_str     0x00004a52       0xac .\CortexM3\ARM_GCC_541\Debug\Rhea.a(CySpc.o)
                                0x323 (size before relaxing)

.debug_loc      0x00000000     0x7413
 *(.debug_loc)
 .debug_loc     0x00000000      0x6fb .\CortexM3\ARM_GCC_541\Debug\BME280.o
 .debug_loc     0x000006fb     0x155d .\CortexM3\ARM_GCC_541\Debug\MCP7940N.o
 .debug_loc     0x00001c58      0x211 .\CortexM3\ARM_GCC_541\Debug\SSD1306.o
 .debug_loc     0x00001e69      0xb6d .\CortexM3\ARM_GCC_541\Debug\gfx.o
 .debug_loc     0x000029d6       0x63 .\CortexM3\ARM_GCC_541\Debug\gfx_impl.o
 .debug_loc     0x00002a39       0x84 .\CortexM3\ARM_GCC_541\Debug\i2c_rhea.o
 .debug_loc     0x00002abd       0x84 .\CortexM3\ARM_GCC_541\Debug\i2c_impl.o
 .debug_loc     0x00002b41      0x137 .\CortexM3\ARM_GCC_541\Debug\alarm.o
 .debug_loc     0x00002c78      0xb8f .\CortexM3\ARM_GCC_541\Debug\datetime.o
 .debug_loc     0x00003807      0x1a8 .\CortexM3\ARM_GCC_541\Debug\rtc.o
 .debug_loc     0x000039af      0x8dd .\CortexM3\ARM_GCC_541\Debug\rtc_impl.o
 .debug_loc     0x0000428c       0xc8 .\CortexM3\ARM_GCC_541\Debug\BME280_INTF.o
 .debug_loc     0x00004354      0x52c .\CortexM3\ARM_GCC_541\Debug\sensor.o
 .debug_loc     0x00004880       0x21 .\CortexM3\ARM_GCC_541\Debug\uart_impl.o
 .debug_loc     0x000048a1      0x248 .\CortexM3\ARM_GCC_541\Debug\uart_rhea.o
 .debug_loc     0x00004ae9       0xdb .\CortexM3\ARM_GCC_541\Debug\state.o
 .debug_loc     0x00004bc4       0x72 .\CortexM3\ARM_GCC_541\Debug\command.o
 .debug_loc     0x00004c36      0x1c9 .\CortexM3\ARM_GCC_541\Debug\menu.o
 .debug_loc     0x00004dff       0x5a .\CortexM3\ARM_GCC_541\Debug\main.o
 .debug_loc     0x00004e59      0x259 .\CortexM3\ARM_GCC_541\Debug\cyfitter_cfg.o
 .debug_loc     0x000050b2      0x144 .\CortexM3\ARM_GCC_541\Debug\Cm3Start.o
 .debug_loc     0x000051f6       0x39 .\CortexM3\ARM_GCC_541\Debug\Rhea.a(I2C.o)
 .debug_loc     0x0000522f       0x29 .\CortexM3\ARM_GCC_541\Debug\Rhea.a(I2C_INT.o)
 .debug_loc     0x00005258       0x13 .\CortexM3\ARM_GCC_541\Debug\Rhea.a(I2C_PM.o)
 .debug_loc     0x0000526b      0x52f .\CortexM3\ARM_GCC_541\Debug\Rhea.a(I2C_MASTER.o)
 .debug_loc     0x0000579a      0x29d .\CortexM3\ARM_GCC_541\Debug\Rhea.a(UART.o)
 .debug_loc     0x00005a37       0x56 .\CortexM3\ARM_GCC_541\Debug\Rhea.a(RTC_INTR.o)
 .debug_loc     0x00005a8d       0x56 .\CortexM3\ARM_GCC_541\Debug\Rhea.a(BTN_RIGHT_INTR.o)
 .debug_loc     0x00005ae3       0x56 .\CortexM3\ARM_GCC_541\Debug\Rhea.a(BTN_LEFT_INTR.o)
 .debug_loc     0x00005b39       0x56 .\CortexM3\ARM_GCC_541\Debug\Rhea.a(BTN_ENTER_INTR.o)
 .debug_loc     0x00005b8f       0x56 .\CortexM3\ARM_GCC_541\Debug\Rhea.a(SENSOR_1MS.o)
 .debug_loc     0x00005be5      0x12c .\CortexM3\ARM_GCC_541\Debug\Rhea.a(UART_IntClock.o)
 .debug_loc     0x00005d11      0xa11 .\CortexM3\ARM_GCC_541\Debug\Rhea.a(CyLib.o)
 .debug_loc     0x00006722      0x1e4 .\CortexM3\ARM_GCC_541\Debug\Rhea.a(cyPm.o)
 .debug_loc     0x00006906       0x56 .\CortexM3\ARM_GCC_541\Debug\Rhea.a(UART_RX_INTR.o)
 .debug_loc     0x0000695c      0x3b2 .\CortexM3\ARM_GCC_541\Debug\Rhea.a(CyFlash.o)
 .debug_loc     0x00006d0e      0x705 .\CortexM3\ARM_GCC_541\Debug\Rhea.a(CySpc.o)

.debug_macinfo
 *(.debug_macinfo)

.debug_ranges   0x00000000     0x1360
 *(.debug_ranges)
 .debug_ranges  0x00000000       0xf8 .\CortexM3\ARM_GCC_541\Debug\BME280.o
 .debug_ranges  0x000000f8      0x288 .\CortexM3\ARM_GCC_541\Debug\MCP7940N.o
 .debug_ranges  0x00000380       0x58 .\CortexM3\ARM_GCC_541\Debug\SSD1306.o
 .debug_ranges  0x000003d8      0x110 .\CortexM3\ARM_GCC_541\Debug\gfx.o
 .debug_ranges  0x000004e8       0x30 .\CortexM3\ARM_GCC_541\Debug\gfx_impl.o
 .debug_ranges  0x00000518       0x30 .\CortexM3\ARM_GCC_541\Debug\i2c_rhea.o
 .debug_ranges  0x00000548       0x30 .\CortexM3\ARM_GCC_541\Debug\i2c_impl.o
 .debug_ranges  0x00000578       0x20 .\CortexM3\ARM_GCC_541\Debug\alarm.o
 .debug_ranges  0x00000598       0xd0 .\CortexM3\ARM_GCC_541\Debug\datetime.o
 .debug_ranges  0x00000668       0x70 .\CortexM3\ARM_GCC_541\Debug\rtc.o
 .debug_ranges  0x000006d8       0x68 .\CortexM3\ARM_GCC_541\Debug\rtc_impl.o
 .debug_ranges  0x00000740       0x78 .\CortexM3\ARM_GCC_541\Debug\BME280_INTF.o
 .debug_ranges  0x000007b8       0x58 .\CortexM3\ARM_GCC_541\Debug\sensor.o
 .debug_ranges  0x00000810       0x10 .\CortexM3\ARM_GCC_541\Debug\sensor_impl.o
 .debug_ranges  0x00000820       0x28 .\CortexM3\ARM_GCC_541\Debug\uart_impl.o
 .debug_ranges  0x00000848       0x68 .\CortexM3\ARM_GCC_541\Debug\uart_rhea.o
 .debug_ranges  0x000008b0       0x10 .\CortexM3\ARM_GCC_541\Debug\state.o
 .debug_ranges  0x000008c0       0x28 .\CortexM3\ARM_GCC_541\Debug\command.o
 .debug_ranges  0x000008e8       0x28 .\CortexM3\ARM_GCC_541\Debug\input.o
 .debug_ranges  0x00000910       0x78 .\CortexM3\ARM_GCC_541\Debug\menu.o
 .debug_ranges  0x00000988       0x20 .\CortexM3\ARM_GCC_541\Debug\main.o
 .debug_ranges  0x000009a8       0x48 .\CortexM3\ARM_GCC_541\Debug\cyfitter_cfg.o
 .debug_ranges  0x000009f0       0x38 .\CortexM3\ARM_GCC_541\Debug\Cm3Start.o
 .debug_ranges  0x00000a28       0x28 .\CortexM3\ARM_GCC_541\Debug\Rhea.a(I2C.o)
 .debug_ranges  0x00000a50       0x10 .\CortexM3\ARM_GCC_541\Debug\Rhea.a(I2C_INT.o)
 .debug_ranges  0x00000a60       0x28 .\CortexM3\ARM_GCC_541\Debug\Rhea.a(I2C_PM.o)
 .debug_ranges  0x00000a88       0x70 .\CortexM3\ARM_GCC_541\Debug\Rhea.a(I2C_MASTER.o)
 .debug_ranges  0x00000af8       0xf0 .\CortexM3\ARM_GCC_541\Debug\Rhea.a(UART.o)
 .debug_ranges  0x00000be8       0x70 .\CortexM3\ARM_GCC_541\Debug\Rhea.a(RTC_INTR.o)
 .debug_ranges  0x00000c58       0x70 .\CortexM3\ARM_GCC_541\Debug\Rhea.a(BTN_RIGHT_INTR.o)
 .debug_ranges  0x00000cc8       0x70 .\CortexM3\ARM_GCC_541\Debug\Rhea.a(BTN_LEFT_INTR.o)
 .debug_ranges  0x00000d38       0x70 .\CortexM3\ARM_GCC_541\Debug\Rhea.a(BTN_ENTER_INTR.o)
 .debug_ranges  0x00000da8       0x78 .\CortexM3\ARM_GCC_541\Debug\Rhea.a(SENSOR_TIMER.o)
 .debug_ranges  0x00000e20       0x70 .\CortexM3\ARM_GCC_541\Debug\Rhea.a(SENSOR_1MS.o)
 .debug_ranges  0x00000e90       0x60 .\CortexM3\ARM_GCC_541\Debug\Rhea.a(UART_IntClock.o)
 .debug_ranges  0x00000ef0      0x290 .\CortexM3\ARM_GCC_541\Debug\Rhea.a(CyLib.o)
 .debug_ranges  0x00001180       0x88 .\CortexM3\ARM_GCC_541\Debug\Rhea.a(cyPm.o)
 .debug_ranges  0x00001208       0x70 .\CortexM3\ARM_GCC_541\Debug\Rhea.a(UART_RX_INTR.o)
 .debug_ranges  0x00001278       0x78 .\CortexM3\ARM_GCC_541\Debug\Rhea.a(CyFlash.o)
 .debug_ranges  0x000012f0       0x70 .\CortexM3\ARM_GCC_541\Debug\Rhea.a(CySpc.o)

.comment        0x00000000       0x6e
 .comment       0x00000000       0x6e .\CortexM3\ARM_GCC_541\Debug\BME280.o
                                 0x6f (size before relaxing)
 .comment       0x0000006e       0x6f .\CortexM3\ARM_GCC_541\Debug\MCP7940N.o
 .comment       0x0000006e       0x6f .\CortexM3\ARM_GCC_541\Debug\SSD1306.o
 .comment       0x0000006e       0x6f .\CortexM3\ARM_GCC_541\Debug\gfx.o
 .comment       0x0000006e       0x6f .\CortexM3\ARM_GCC_541\Debug\gfx_impl.o
 .comment       0x0000006e       0x6f .\CortexM3\ARM_GCC_541\Debug\i2c_rhea.o
 .comment       0x0000006e       0x6f .\CortexM3\ARM_GCC_541\Debug\i2c_impl.o
 .comment       0x0000006e       0x6f .\CortexM3\ARM_GCC_541\Debug\alarm.o
 .comment       0x0000006e       0x6f .\CortexM3\ARM_GCC_541\Debug\datetime.o
 .comment       0x0000006e       0x6f .\CortexM3\ARM_GCC_541\Debug\rtc.o
 .comment       0x0000006e       0x6f .\CortexM3\ARM_GCC_541\Debug\rtc_impl.o
 .comment       0x0000006e       0x6f .\CortexM3\ARM_GCC_541\Debug\BME280_INTF.o
 .comment       0x0000006e       0x6f .\CortexM3\ARM_GCC_541\Debug\sensor.o
 .comment       0x0000006e       0x6f .\CortexM3\ARM_GCC_541\Debug\sensor_impl.o
 .comment       0x0000006e       0x6f .\CortexM3\ARM_GCC_541\Debug\uart_impl.o
 .comment       0x0000006e       0x6f .\CortexM3\ARM_GCC_541\Debug\uart_rhea.o
 .comment       0x0000006e       0x6f .\CortexM3\ARM_GCC_541\Debug\state.o
 .comment       0x0000006e       0x6f .\CortexM3\ARM_GCC_541\Debug\command.o
 .comment       0x0000006e       0x6f .\CortexM3\ARM_GCC_541\Debug\input.o
 .comment       0x0000006e       0x6f .\CortexM3\ARM_GCC_541\Debug\menu.o
 .comment       0x0000006e       0x6f .\CortexM3\ARM_GCC_541\Debug\main.o
 .comment       0x0000006e       0x6f .\CortexM3\ARM_GCC_541\Debug\cyfitter_cfg.o
 .comment       0x0000006e       0x6f .\CortexM3\ARM_GCC_541\Debug\cymetadata.o
 .comment       0x0000006e       0x6f .\CortexM3\ARM_GCC_541\Debug\Cm3Start.o
 .comment       0x0000006e       0x6f .\CortexM3\ARM_GCC_541\Debug\Rhea.a(I2C.o)
 .comment       0x0000006e       0x6f .\CortexM3\ARM_GCC_541\Debug\Rhea.a(I2C_INT.o)
 .comment       0x0000006e       0x6f .\CortexM3\ARM_GCC_541\Debug\Rhea.a(I2C_PM.o)
 .comment       0x0000006e       0x6f .\CortexM3\ARM_GCC_541\Debug\Rhea.a(I2C_MASTER.o)
 .comment       0x0000006e       0x6f .\CortexM3\ARM_GCC_541\Debug\Rhea.a(UART.o)
 .comment       0x0000006e       0x6f .\CortexM3\ARM_GCC_541\Debug\Rhea.a(RTC_INTR.o)
 .comment       0x0000006e       0x6f .\CortexM3\ARM_GCC_541\Debug\Rhea.a(BTN_RIGHT_INTR.o)
 .comment       0x0000006e       0x6f .\CortexM3\ARM_GCC_541\Debug\Rhea.a(BTN_LEFT_INTR.o)
 .comment       0x0000006e       0x6f .\CortexM3\ARM_GCC_541\Debug\Rhea.a(BTN_ENTER_INTR.o)
 .comment       0x0000006e       0x6f .\CortexM3\ARM_GCC_541\Debug\Rhea.a(SENSOR_TIMER.o)
 .comment       0x0000006e       0x6f .\CortexM3\ARM_GCC_541\Debug\Rhea.a(SENSOR_1MS.o)
 .comment       0x0000006e       0x6f .\CortexM3\ARM_GCC_541\Debug\Rhea.a(UART_IntClock.o)
 .comment       0x0000006e       0x6f .\CortexM3\ARM_GCC_541\Debug\Rhea.a(CyLib.o)
 .comment       0x0000006e       0x6f .\CortexM3\ARM_GCC_541\Debug\Rhea.a(cyPm.o)
 .comment       0x0000006e       0x6f .\CortexM3\ARM_GCC_541\Debug\Rhea.a(UART_RX_INTR.o)
 .comment       0x0000006e       0x6f .\CortexM3\ARM_GCC_541\Debug\Rhea.a(CyFlash.o)
 .comment       0x0000006e       0x6f .\CortexM3\ARM_GCC_541\Debug\Rhea.a(CySpc.o)

.debug_weaknames
 *(.debug_weaknames)

.debug_funcnames
 *(.debug_funcnames)

.debug_typenames
 *(.debug_typenames)

.debug_varnames
 *(.debug_varnames)

.note.gnu.arm.ident
 *(.note.gnu.arm.ident)

.ARM.attributes
                0x00000000       0x29
 *(.ARM.attributes)
 .ARM.attributes
                0x00000000       0x1d e:/cypress/psoc creator/4.2/psoc creator/import/gnu/arm/5.4.1/bin/../lib/gcc/arm-none-eabi/5.4.1/armv7-m/crti.o
 .ARM.attributes
                0x0000001d       0x2d e:/cypress/psoc creator/4.2/psoc creator/import/gnu/arm/5.4.1/bin/../lib/gcc/arm-none-eabi/5.4.1/armv7-m/crtbegin.o
 .ARM.attributes
                0x0000004a       0x1b e:/cypress/psoc creator/4.2/psoc creator/import/gnu/arm/5.4.1/bin/../lib/gcc/arm-none-eabi/5.4.1/../../../../arm-none-eabi/lib/armv7-m/crt0.o
 .ARM.attributes
                0x00000065       0x33 .\CortexM3\ARM_GCC_541\Debug\BME280.o
 .ARM.attributes
                0x00000098       0x33 .\CortexM3\ARM_GCC_541\Debug\MCP7940N.o
 .ARM.attributes
                0x000000cb       0x33 .\CortexM3\ARM_GCC_541\Debug\SSD1306.o
 .ARM.attributes
                0x000000fe       0x33 .\CortexM3\ARM_GCC_541\Debug\gfx.o
 .ARM.attributes
                0x00000131       0x33 .\CortexM3\ARM_GCC_541\Debug\gfx_impl.o
 .ARM.attributes
                0x00000164       0x33 .\CortexM3\ARM_GCC_541\Debug\i2c_rhea.o
 .ARM.attributes
                0x00000197       0x33 .\CortexM3\ARM_GCC_541\Debug\i2c_impl.o
 .ARM.attributes
                0x000001ca       0x33 .\CortexM3\ARM_GCC_541\Debug\alarm.o
 .ARM.attributes
                0x000001fd       0x33 .\CortexM3\ARM_GCC_541\Debug\datetime.o
 .ARM.attributes
                0x00000230       0x33 .\CortexM3\ARM_GCC_541\Debug\rtc.o
 .ARM.attributes
                0x00000263       0x33 .\CortexM3\ARM_GCC_541\Debug\rtc_impl.o
 .ARM.attributes
                0x00000296       0x33 .\CortexM3\ARM_GCC_541\Debug\BME280_INTF.o
 .ARM.attributes
                0x000002c9       0x33 .\CortexM3\ARM_GCC_541\Debug\sensor.o
 .ARM.attributes
                0x000002fc       0x33 .\CortexM3\ARM_GCC_541\Debug\sensor_impl.o
 .ARM.attributes
                0x0000032f       0x33 .\CortexM3\ARM_GCC_541\Debug\uart_impl.o
 .ARM.attributes
                0x00000362       0x33 .\CortexM3\ARM_GCC_541\Debug\uart_rhea.o
 .ARM.attributes
                0x00000395       0x33 .\CortexM3\ARM_GCC_541\Debug\state.o
 .ARM.attributes