Archive member included to satisfy reference by file (symbol)

.\CortexM3\ARM_GCC_541\Debug\Rhea.a(I2C.o)
                              .\CortexM3\ARM_GCC_541\Debug\i2c_impl.o (I2C_Start)
.\CortexM3\ARM_GCC_541\Debug\Rhea.a(I2C_INT.o)
                              .\CortexM3\ARM_GCC_541\Debug\Rhea.a(I2C.o) (I2C_ISR)
.\CortexM3\ARM_GCC_541\Debug\Rhea.a(I2C_PM.o)
                              .\CortexM3\ARM_GCC_541\Debug\Rhea.a(I2C.o) (I2C_backup)
.\CortexM3\ARM_GCC_541\Debug\Rhea.a(I2C_MASTER.o)
                              .\CortexM3\ARM_GCC_541\Debug\Rhea.a(I2C.o) (I2C_mstrStatus)
.\CortexM3\ARM_GCC_541\Debug\Rhea.a(UART.o)
                              .\CortexM3\ARM_GCC_541\Debug\uart_impl.o (UART_Start)
.\CortexM3\ARM_GCC_541\Debug\Rhea.a(RTC_INTR.o)
                              .\CortexM3\ARM_GCC_541\Debug\rtc_impl.o (RTC_INTR_StartEx)
.\CortexM3\ARM_GCC_541\Debug\Rhea.a(DEBOUNCE_CLK.o)
                              .\CortexM3\ARM_GCC_541\Debug\input.o (DEBOUNCE_CLK_Start)
.\CortexM3\ARM_GCC_541\Debug\Rhea.a(BTN_RIGHT_INTR.o)
                              .\CortexM3\ARM_GCC_541\Debug\input.o (BTN_RIGHT_INTR_StartEx)
.\CortexM3\ARM_GCC_541\Debug\Rhea.a(BTN_LEFT_INTR.o)
                              .\CortexM3\ARM_GCC_541\Debug\input.o (BTN_LEFT_INTR_StartEx)
.\CortexM3\ARM_GCC_541\Debug\Rhea.a(BTN_ENTER_INTR.o)
                              .\CortexM3\ARM_GCC_541\Debug\input.o (BTN_ENTER_INTR_StartEx)
.\CortexM3\ARM_GCC_541\Debug\Rhea.a(SENSOR_TIMER.o)
                              .\CortexM3\ARM_GCC_541\Debug\sensor_impl.o (SENSOR_TIMER_Start)
.\CortexM3\ARM_GCC_541\Debug\Rhea.a(SENSOR_1MS.o)
                              .\CortexM3\ARM_GCC_541\Debug\sensor_impl.o (SENSOR_1MS_StartEx)
.\CortexM3\ARM_GCC_541\Debug\Rhea.a(UART_IntClock.o)
                              .\CortexM3\ARM_GCC_541\Debug\Rhea.a(UART.o) (UART_IntClock_Start)
.\CortexM3\ARM_GCC_541\Debug\Rhea.a(CyLib.o)
                              .\CortexM3\ARM_GCC_541\Debug\Cm3Start.o (CyResetStatus)
.\CortexM3\ARM_GCC_541\Debug\Rhea.a(cyPm.o)
                              .\CortexM3\ARM_GCC_541\Debug\Rhea.a(CyLib.o) (CyPmReadStatus)
.\CortexM3\ARM_GCC_541\Debug\Rhea.a(UART_RX_INTR.o)
                              .\CortexM3\ARM_GCC_541\Debug\command.o (UART_RX_INTR_StartEx)
.\CortexM3\ARM_GCC_541\Debug\Rhea.a(CyBootAsmGnu.o)
                              .\CortexM3\ARM_GCC_541\Debug\cyfitter_cfg.o (CyDelayCycles)
.\CortexM3\ARM_GCC_541\Debug\Rhea.a(CyFlash.o)
                              .\CortexM3\ARM_GCC_541\Debug\Rhea.a(cyPm.o) (CyFlash_SetWaitCycles)
.\CortexM3\ARM_GCC_541\Debug\Rhea.a(CySpc.o)
                              .\CortexM3\ARM_GCC_541\Debug\Rhea.a(CyFlash.o) (CySpcStart)
e:/cypress/psoc creator/4.2/psoc creator/import/gnu/arm/5.4.1/bin/../lib/gcc/arm-none-eabi/5.4.1/../../../../arm-none-eabi/lib/armv7-m\libm.a(lib_a-s_floor.o)
                              .\CortexM3\ARM_GCC_541\Debug\datetime.o (floor)
e:/cypress/psoc creator/4.2/psoc creator/import/gnu/arm/5.4.1/bin/../lib/gcc/arm-none-eabi/5.4.1/../../../../arm-none-eabi/lib/armv7-m\libm.a(lib_a-w_sqrt.o)
                              .\CortexM3\ARM_GCC_541\Debug\gfx.o (sqrt)
e:/cypress/psoc creator/4.2/psoc creator/import/gnu/arm/5.4.1/bin/../lib/gcc/arm-none-eabi/5.4.1/../../../../arm-none-eabi/lib/armv7-m\libm.a(lib_a-e_sqrt.o)
                              e:/cypress/psoc creator/4.2/psoc creator/import/gnu/arm/5.4.1/bin/../lib/gcc/arm-none-eabi/5.4.1/../../../../arm-none-eabi/lib/armv7-m\libm.a(lib_a-w_sqrt.o) (__ieee754_sqrt)
e:/cypress/psoc creator/4.2/psoc creator/import/gnu/arm/5.4.1/bin/../lib/gcc/arm-none-eabi/5.4.1/../../../../arm-none-eabi/lib/armv7-m\libm.a(lib_a-s_lib_ver.o)
                              e:/cypress/psoc creator/4.2/psoc creator/import/gnu/arm/5.4.1/bin/../lib/gcc/arm-none-eabi/5.4.1/../../../../arm-none-eabi/lib/armv7-m\libm.a(lib_a-w_sqrt.o) (__fdlib_version)
e:/cypress/psoc creator/4.2/psoc creator/import/gnu/arm/5.4.1/bin/../lib/gcc/arm-none-eabi/5.4.1/../../../../arm-none-eabi/lib/armv7-m\libm.a(lib_a-s_matherr.o)
                              e:/cypress/psoc creator/4.2/psoc creator/import/gnu/arm/5.4.1/bin/../lib/gcc/arm-none-eabi/5.4.1/../../../../arm-none-eabi/lib/armv7-m\libm.a(lib_a-w_sqrt.o) (matherr)
e:/cypress/psoc creator/4.2/psoc creator/import/gnu/arm/5.4.1/bin/../lib/gcc/arm-none-eabi/5.4.1/armv7-m\libgcc.a(_arm_addsubdf3.o)
                              .\CortexM3\ARM_GCC_541\Debug\BME280.o (__aeabi_dsub)
e:/cypress/psoc creator/4.2/psoc creator/import/gnu/arm/5.4.1/bin/../lib/gcc/arm-none-eabi/5.4.1/armv7-m\libgcc.a(_arm_muldivdf3.o)
                              .\CortexM3\ARM_GCC_541\Debug\BME280.o (__aeabi_dmul)
e:/cypress/psoc creator/4.2/psoc creator/import/gnu/arm/5.4.1/bin/../lib/gcc/arm-none-eabi/5.4.1/armv7-m\libgcc.a(_arm_cmpdf2.o)
                              .\CortexM3\ARM_GCC_541\Debug\BME280.o (__aeabi_dcmplt)
[...]
Memory Configuration

Name             Origin             Length             Attributes
rom              0x00000000         0x00040000         xr
ram              0x1fff8000         0x00010000         xrw
*default*        0x00000000         0xffffffff

Linker script and memory map

LOAD e:/cypress/psoc creator/4.2/psoc creator/import/gnu/arm/5.4.1/bin/../lib/gcc/arm-none-eabi/5.4.1/armv7-m/crti.o
LOAD e:/cypress/psoc creator/4.2/psoc creator/import/gnu/arm/5.4.1/bin/../lib/gcc/arm-none-eabi/5.4.1/armv7-m/crtbegin.o
LOAD e:/cypress/psoc creator/4.2/psoc creator/import/gnu/arm/5.4.1/bin/../lib/gcc/arm-none-eabi/5.4.1/../../../../arm-none-eabi/lib/armv7-m/crt0.o
START GROUP
LOAD .\CortexM3\ARM_GCC_541\Debug\BME280.o
LOAD .\CortexM3\ARM_GCC_541\Debug\MCP7940N.o
LOAD .\CortexM3\ARM_GCC_541\Debug\SSD1306.o
LOAD .\CortexM3\ARM_GCC_541\Debug\gfx.o
LOAD .\CortexM3\ARM_GCC_541\Debug\gfx_impl.o
LOAD .\CortexM3\ARM_GCC_541\Debug\i2c_rhea.o
LOAD .\CortexM3\ARM_GCC_541\Debug\i2c_impl.o
LOAD .\CortexM3\ARM_GCC_541\Debug\alarm.o
LOAD .\CortexM3\ARM_GCC_541\Debug\datetime.o
LOAD .\CortexM3\ARM_GCC_541\Debug\rtc.o
LOAD .\CortexM3\ARM_GCC_541\Debug\rtc_impl.o
LOAD .\CortexM3\ARM_GCC_541\Debug\BME280_INTF.o
LOAD .\CortexM3\ARM_GCC_541\Debug\sensor.o
LOAD .\CortexM3\ARM_GCC_541\Debug\sensor_impl.o
LOAD .\CortexM3\ARM_GCC_541\Debug\uart_impl.o
LOAD .\CortexM3\ARM_GCC_541\Debug\uart_rhea.o
LOAD .\CortexM3\ARM_GCC_541\Debug\state.o
LOAD .\CortexM3\ARM_GCC_541\Debug\command.o
LOAD .\CortexM3\ARM_GCC_541\Debug\input.o
LOAD .\CortexM3\ARM_GCC_541\Debug\menu.o
LOAD .\CortexM3\ARM_GCC_541\Debug\main.o
LOAD .\CortexM3\ARM_GCC_541\Debug\cyfitter_cfg.o
LOAD .\CortexM3\ARM_GCC_541\Debug\cymetadata.o
LOAD .\CortexM3\ARM_GCC_541\Debug\Cm3Start.o
LOAD .\CortexM3\ARM_GCC_541\Debug\Rhea.a
LOAD E:\Cypress\PSoC Creator\4.2\PSoC Creator\psoc\content\cycomponentlibrary\CyComponentLibrary.cylib\CortexM3\ARM_GCC_541\Debug\CyComponentLibrary.a
LOAD e:/cypress/psoc creator/4.2/psoc creator/import/gnu/arm/5.4.1/bin/../lib/gcc/arm-none-eabi/5.4.1/../../../../arm-none-eabi/lib/armv7-m\libm.a
END GROUP
START GROUP
LOAD e:/cypress/psoc creator/4.2/psoc creator/import/gnu/arm/5.4.1/bin/../lib/gcc/arm-none-eabi/5.4.1/armv7-m\libgcc.a
LOAD e:/cypress/psoc creator/4.2/psoc creator/import/gnu/arm/5.4.1/bin/../lib/gcc/arm-none-eabi/5.4.1/../../../../arm-none-eabi/lib/armv7-m\libg_nano.a
LOAD e:/cypress/psoc creator/4.2/psoc creator/import/gnu/arm/5.4.1/bin/../lib/gcc/arm-none-eabi/5.4.1/../../../../arm-none-eabi/lib/armv7-m\libc_nano.a
END GROUP
START GROUP
LOAD e:/cypress/psoc creator/4.2/psoc creator/import/gnu/arm/5.4.1/bin/../lib/gcc/arm-none-eabi/5.4.1/armv7-m\libgcc.a
LOAD e:/cypress/psoc creator/4.2/psoc creator/import/gnu/arm/5.4.1/bin/../lib/gcc/arm-none-eabi/5.4.1/../../../../arm-none-eabi/lib/armv7-m\libc_nano.a
END GROUP
LOAD e:/cypress/psoc creator/4.2/psoc creator/import/gnu/arm/5.4.1/bin/../lib/gcc/arm-none-eabi/5.4.1/armv7-m/crtend.o
LOAD e:/cypress/psoc creator/4.2/psoc creator/import/gnu/arm/5.4.1/bin/../lib/gcc/arm-none-eabi/5.4.1/armv7-m/crtn.o
START GROUP
LOAD e:/cypress/psoc creator/4.2/psoc creator/import/gnu/arm/5.4.1/bin/../lib/gcc/arm-none-eabi/5.4.1/armv7-m\libgcc.a
LOAD e:/cypress/psoc creator/4.2/psoc creator/import/gnu/arm/5.4.1/bin/../lib/gcc/arm-none-eabi/5.4.1/../../../../arm-none-eabi/lib/armv7-m\libc.a
LOAD e:/cypress/psoc creator/4.2/psoc creator/import/gnu/arm/5.4.1/bin/../lib/gcc/arm-none-eabi/5.4.1/../../../../arm-none-eabi/lib/armv7-m\libnosys.a
END GROUP
                0x00000000                CY_APPL_ORIGIN = 0x0
                0x00000100                CY_FLASH_ROW_SIZE = 0x100
                0x00000020                CY_ECC_ROW_SIZE = 0x20
                0x00000000                CY_EE_IN_BTLDR = 0x0
                0x00000000                CY_APPL_LOADABLE = 0x0
                0x00000800                CY_EE_SIZE = 0x800
                0x00000001                CY_APPL_NUM = 0x1
                0x00000001                CY_APPL_MAX = 0x1
                0x00000040                CY_METADATA_SIZE = 0x40
                0x00000000                CY_APPL_LOADABLE = 0x0
                0x00000000                CY_CHECKSUM_EXCLUDE_SIZE = ALIGN (0x0, CY_FLASH_ROW_SIZE)
                [!provide]                PROVIDE (__cy_heap_start, _end)
                0x00000001                PROVIDE (__cy_region_num, ((__cy_regions_end - __cy_regions) / 0x10))
                0x20008000                PROVIDE (__cy_stack, (ORIGIN (ram) + LENGTH (ram)))
                [!provide]                PROVIDE (__cy_heap_end, (__cy_stack - 0x800))

.cybootloader   0x00000000        0x0
 *(.cybootloader)
                0x00000000                appl1_start = CY_APPL_ORIGIN?CY_APPL_ORIGIN:ALIGN (CY_FLASH_ROW_SIZE)
                0x0001ff00                appl2_start = (appl1_start + ALIGN ((((LENGTH (rom) - appl1_start) - (0x2 * CY_FLASH_ROW_SIZE)) / 0x2), CY_FLASH_ROW_SIZE))
                0x00000000                appl_start = (CY_APPL_NUM == 0x1)?appl1_start:appl2_start
                0x00000000                ecc_offset = ((appl_start / CY_FLASH_ROW_SIZE) * CY_ECC_ROW_SIZE)
                0x00000000                ee_offset = (CY_APPL_LOADABLE && ! (CY_EE_IN_BTLDR))?((CY_EE_SIZE / CY_APPL_MAX) * (CY_APPL_NUM - 0x1)):0x0
                0x00000800                ee_size = (CY_APPL_LOADABLE && ! (CY_EE_IN_BTLDR))?(CY_EE_SIZE / CY_APPL_MAX):CY_EE_SIZE
                [!provide]                PROVIDE (CY_ECC_OFFSET, ecc_offset)

.text           0x00000000     0x81b4
 CREATE_OBJECT_SYMBOLS
                0x00000000                PROVIDE (__cy_interrupt_vector, RomVectors)
 *(.romvectors)
 .romvectors    0x00000000       0x10 .\CortexM3\ARM_GCC_541\Debug\Cm3Start.o
                0x00000000                RomVectors
                0x00000001                ASSERT ((. != __cy_interrupt_vector), No interrupt vector)
                0x00000001                ASSERT (CY_APPL_ORIGIN?(SIZEOF (.cybootloader) <= CY_APPL_ORIGIN):0x1, Wrong image location)
                0x00000010                PROVIDE (__cy_reset, Reset)
 *(.text.Reset)
 .text.Reset    0x00000010       0x18 .\CortexM3\ARM_GCC_541\Debug\Cm3Start.o
                0x00000010                Reset
                0x00000001                ASSERT ((. != __cy_reset), No reset code)
 *(.dma_init)
                0x00000001                ASSERT ((((appl_start + .) <= 0x10000) || 0x1), DMA Init must be within the first 64k of flash)
 *(.text .text.* .gnu.linkonce.t.*)
 .text          0x00000028       0x5c e:/cypress/psoc creator/4.2/psoc creator/import/gnu/arm/5.4.1/bin/../lib/gcc/arm-none-eabi/5.4.1/armv7-m/crtbegin.o
 .text.BME280_SetI2CController
                0x00000084       0x28 .\CortexM3\ARM_GCC_541\Debug\BME280.o
                0x00000084                BME280_SetI2CController
 .text.BME280_I2CReader
                0x000000ac       0x88 .\CortexM3\ARM_GCC_541\Debug\BME280.o
                0x000000ac                BME280_I2CReader
 .text.BME280_I2CWriter
                0x00000134       0x68 .\CortexM3\ARM_GCC_541\Debug\BME280.o
                0x00000134                BME280_I2CWriter
 .text.BME280_Init
                0x0000019c      0x188 .\CortexM3\ARM_GCC_541\Debug\BME280.o
                0x0000019c                BME280_Init
 .text.BME280_Reset
                0x00000324       0x20 .\CortexM3\ARM_GCC_541\Debug\BME280.o
                0x00000324                BME280_Reset
 .text.BME280_ReadRegisters
                0x00000344       0x28 .\CortexM3\ARM_GCC_541\Debug\BME280.o
                0x00000344                BME280_ReadRegisters
 .text.BME280_GetTemperatureCelsius
                0x0000036c      0x1cc .\CortexM3\ARM_GCC_541\Debug\BME280.o
                0x0000036c                BME280_GetTemperatureCelsius
 .text.BME280_GetPressure
                0x00000538      0x3b4 .\CortexM3\ARM_GCC_541\Debug\BME280.o
                0x00000538                BME280_GetPressure
 .text.BME280_GetHumidity
                0x000008ec      0x268 .\CortexM3\ARM_GCC_541\Debug\BME280.o
                0x000008ec                BME280_GetHumidity
 .text.BME280_GetHumidityMode
                0x00000b54       0x1c .\CortexM3\ARM_GCC_541\Debug\BME280.o
                0x00000b54                BME280_GetHumidityMode
 .text.BME280_SetHumidityMode
                0x00000b70       0x44 .\CortexM3\ARM_GCC_541\Debug\BME280.o
                0x00000b70                BME280_SetHumidityMode
 .text.BME280_GetTemperatureMode
                0x00000bb4       0x1c .\CortexM3\ARM_GCC_541\Debug\BME280.o
                0x00000bb4                BME280_GetTemperatureMode
 .text.BME280_SetTemperatureMode
                0x00000bd0       0x44 .\CortexM3\ARM_GCC_541\Debug\BME280.o
                0x00000bd0                BME280_SetTemperatureMode
 .text.BME280_GetPressureMode
                0x00000c14       0x1c .\CortexM3\ARM_GCC_541\Debug\BME280.o
                0x00000c14                BME280_GetPressureMode
 .text.BME280_SetPressureMode
                0x00000c30       0x44 .\CortexM3\ARM_GCC_541\Debug\BME280.o
                0x00000c30                BME280_SetPressureMode
 .text.BME280_GetMeasurementMode
                0x00000c74       0x1c .\CortexM3\ARM_GCC_541\Debug\BME280.o
                0x00000c74                BME280_GetMeasurementMode
 .text.BME280_SetMeasurementMode
                0x00000c90       0x44 .\CortexM3\ARM_GCC_541\Debug\BME280.o
                0x00000c90                BME280_SetMeasurementMode
 .text.BME280_GetFilterMode
                0x00000cd4       0x1c .\CortexM3\ARM_GCC_541\Debug\BME280.o
                0x00000cd4                BME280_GetFilterMode
 .text.BME280_SetFilterMode
                0x00000cf0       0x44 .\CortexM3\ARM_GCC_541\Debug\BME280.o
                0x00000cf0                BME280_SetFilterMode
 .text.SSD1306_SetI2CController
                0x00000d34       0x28 .\CortexM3\ARM_GCC_541\Debug\SSD1306.o
                0x00000d34                SSD1306_SetI2CController
 .text.SSD1306_Init
                0x00000d5c       0x40 .\CortexM3\ARM_GCC_541\Debug\SSD1306.o
                0x00000d5c                SSD1306_Init
 .text.SSD1306_WriteCommands
                0x00000d9c       0x54 .\CortexM3\ARM_GCC_541\Debug\SSD1306.o
                0x00000d9c                SSD1306_WriteCommands
 .text.SSD1306_WriteData
                0x00000df0       0x54 .\CortexM3\ARM_GCC_541\Debug\SSD1306.o
                0x00000df0                SSD1306_WriteData
 .text.SSD1306_WritePixel
                0x00000e44       0x9c .\CortexM3\ARM_GCC_541\Debug\SSD1306.o
                0x00000e44                SSD1306_WritePixel
 .text.SSD1306_ClearDisplay
                0x00000ee0       0x34 .\CortexM3\ARM_GCC_541\Debug\SSD1306.o
                0x00000ee0                SSD1306_ClearDisplay
 .text.SSD1306_RefreshDisplay
                0x00000f14       0x64 .\CortexM3\ARM_GCC_541\Debug\SSD1306.o
                0x00000f14                SSD1306_RefreshDisplay
 .text.rhea_gfx_Initialize
                0x00000f78       0x34 .\CortexM3\ARM_GCC_541\Debug\gfx.o
                0x00000f78                rhea_gfx_Initialize
 .text.rhea_gfx_Clear
                0x00000fac        0xc .\CortexM3\ARM_GCC_541\Debug\gfx.o
                0x00000fac                rhea_gfx_Clear
 .text.rhea_gfx_Refresh
                0x00000fb8        0xc .\CortexM3\ARM_GCC_541\Debug\gfx.o
                0x00000fb8                rhea_gfx_Refresh
 .text.rhea_gfx_DrawSymbolHelper
                0x00000fc4       0xdc .\CortexM3\ARM_GCC_541\Debug\gfx.o
                0x00000fc4                rhea_gfx_DrawSymbolHelper
 .text.rhea_gfx_SetCursor
                0x000010a0       0x30 .\CortexM3\ARM_GCC_541\Debug\gfx.o
                0x000010a0                rhea_gfx_SetCursor
 .text.rhea_gfx_PrintSymbolHelper
                0x000010d0       0x88 .\CortexM3\ARM_GCC_541\Debug\gfx.o
                0x000010d0                rhea_gfx_PrintSymbolHelper
 .text.rhea_gfx_PrintSymbol
                0x00001158       0x1c .\CortexM3\ARM_GCC_541\Debug\gfx.o
                0x00001158                rhea_gfx_PrintSymbol
 .text.rhea_gfx_Print
                0x00001174       0x74 .\CortexM3\ARM_GCC_541\Debug\gfx.o
                0x00001174                rhea_gfx_Print
 .text.rhea_gfx_initialize_impl
                0x000011e8       0x3c .\CortexM3\ARM_GCC_541\Debug\gfx_impl.o
                0x000011e8                rhea_gfx_initialize_impl
 .text.rhea_gfx_clear_impl
                0x00001224        0xc .\CortexM3\ARM_GCC_541\Debug\gfx_impl.o
                0x00001224                rhea_gfx_clear_impl
 .text.rhea_gfx_refresh_impl
                0x00001230       0x24 .\CortexM3\ARM_GCC_541\Debug\gfx_impl.o
                0x00001230                rhea_gfx_refresh_impl
 .text.rhea_gfx_writePixel_impl
                0x00001254       0x2c .\CortexM3\ARM_GCC_541\Debug\gfx_impl.o
                0x00001254                rhea_gfx_writePixel_impl
 .text.rhea_i2c_Initialize
                0x00001280        0xc .\CortexM3\ARM_GCC_541\Debug\i2c_rhea.o
                0x00001280                rhea_i2c_Initialize
 .text.rhea_i2c_MasterSendStart
                0x0000128c       0x24 .\CortexM3\ARM_GCC_541\Debug\i2c_rhea.o
                0x0000128c                rhea_i2c_MasterSendStart
 .text.rhea_i2c_MasterSendStop
                0x000012b0        0xc .\CortexM3\ARM_GCC_541\Debug\i2c_rhea.o
                0x000012b0                rhea_i2c_MasterSendStop
 .text.rhea_i2c_MasterReadByte
                0x000012bc       0x1c .\CortexM3\ARM_GCC_541\Debug\i2c_rhea.o
                0x000012bc                rhea_i2c_MasterReadByte
 .text.rhea_i2c_MasterWriteByte
                0x000012d8       0x1c .\CortexM3\ARM_GCC_541\Debug\i2c_rhea.o
                0x000012d8                rhea_i2c_MasterWriteByte
 .text.rhea_i2c_initialize_impl
                0x000012f4        0xc .\CortexM3\ARM_GCC_541\Debug\i2c_impl.o
                0x000012f4                rhea_i2c_initialize_impl
 .text.rhea_i2c_masterSendStart_impl
                0x00001300       0x24 .\CortexM3\ARM_GCC_541\Debug\i2c_impl.o
                0x00001300                rhea_i2c_masterSendStart_impl
 .text.rhea_i2c_masterSendStop_impl
                0x00001324        0xc .\CortexM3\ARM_GCC_541\Debug\i2c_impl.o
                0x00001324                rhea_i2c_masterSendStop_impl
 .text.rhea_i2c_masterReadByte_impl
                0x00001330       0x1c .\CortexM3\ARM_GCC_541\Debug\i2c_impl.o
                0x00001330                rhea_i2c_masterReadByte_impl
 .text.rhea_i2c_masterWriteByte_impl
                0x0000134c       0x1c .\CortexM3\ARM_GCC_541\Debug\i2c_impl.o
                0x0000134c                rhea_i2c_masterWriteByte_impl
 .text.bme280_addInterface
                0x00001368      0x148 .\CortexM3\ARM_GCC_541\Debug\BME280_INTF.o
                0x00001368                bme280_addInterface
 .text.bme280_GetTemperatureCelsius
                0x000014b0       0x30 .\CortexM3\ARM_GCC_541\Debug\BME280_INTF.o
                0x000014b0                bme280_GetTemperatureCelsius
 .text.bme280_GetPressure
                0x000014e0       0x30 .\CortexM3\ARM_GCC_541\Debug\BME280_INTF.o
                0x000014e0                bme280_GetPressure
 .text.bme280_GetHumidity
                0x00001510       0x30 .\CortexM3\ARM_GCC_541\Debug\BME280_INTF.o
                0x00001510                bme280_GetHumidity
 .text.bme280_SetFilterMode
                0x00001540       0x1c .\CortexM3\ARM_GCC_541\Debug\BME280_INTF.o
                0x00001540                bme280_SetFilterMode
 .text.bme280_GetFilterMode
                0x0000155c       0x18 .\CortexM3\ARM_GCC_541\Debug\BME280_INTF.o
                0x0000155c                bme280_GetFilterMode
 .text.bme280_SetTemperatureMode
                0x00001574       0x1c .\CortexM3\ARM_GCC_541\Debug\BME280_INTF.o
                0x00001574                bme280_SetTemperatureMode
 .text.bme280_GetTemperatureMode
                0x00001590       0x18 .\CortexM3\ARM_GCC_541\Debug\BME280_INTF.o
                0x00001590                bme280_GetTemperatureMode
 .text.bme280_SetPressureMode
                0x000015a8       0x1c .\CortexM3\ARM_GCC_541\Debug\BME280_INTF.o
                0x000015a8                bme280_SetPressureMode
 .text.bme280_GetPressureMode
                0x000015c4       0x18 .\CortexM3\ARM_GCC_541\Debug\BME280_INTF.o
                0x000015c4                bme280_GetPressureMode
 .text.bme280_SetHumidityMode
                0x000015dc       0x1c .\CortexM3\ARM_GCC_541\Debug\BME280_INTF.o
                0x000015dc                bme280_SetHumidityMode
 .text.bme280_GetHumidityMode
                0x000015f8       0x18 .\CortexM3\ARM_GCC_541\Debug\BME280_INTF.o
                0x000015f8                bme280_GetHumidityMode
 .text.bme280_SetMeasurementMode
                0x00001610       0x1c .\CortexM3\ARM_GCC_541\Debug\BME280_INTF.o
                0x00001610                bme280_SetMeasurementMode
 .text.bme280_GetMeasurementMode
                0x0000162c       0x18 .\CortexM3\ARM_GCC_541\Debug\BME280_INTF.o
                0x0000162c                bme280_GetMeasurementMode
 .text.rhea_sensor_Initialize
                0x00001644       0x30 .\CortexM3\ARM_GCC_541\Debug\sensor.o
                0x00001644                rhea_sensor_Initialize
 .text.rhea_sensor_AddMeasurement
                0x00001674       0xc4 .\CortexM3\ARM_GCC_541\Debug\sensor.o
                0x00001674                rhea_sensor_AddMeasurement
 .text.rhea_sensor_GetMeasurement
                0x00001738       0xa4 .\CortexM3\ARM_GCC_541\Debug\sensor.o
                0x00001738                rhea_sensor_GetMeasurement
 .text.rhea_sensor_GetMeasurementPeriod
                0x000017dc       0xa4 .\CortexM3\ARM_GCC_541\Debug\sensor.o
                0x000017dc                rhea_sensor_GetMeasurementPeriod
 .text.rhea_sensor_SetMeasurementPeriod
                0x00001880       0xc0 .\CortexM3\ARM_GCC_541\Debug\sensor.o
                0x00001880                rhea_sensor_SetMeasurementPeriod
 .text.rhea_sensor_AddAttribute
                0x00001940       0xa0 .\CortexM3\ARM_GCC_541\Debug\sensor.o
                0x00001940                rhea_sensor_AddAttribute
 .text.rhea_sensor_SetAttribute
                0x000019e0       0xd4 .\CortexM3\ARM_GCC_541\Debug\sensor.o
                0x000019e0                rhea_sensor_SetAttribute
 .text.rhea_sensor_periodicMeasure
                0x00001ab4       0xe8 .\CortexM3\ARM_GCC_541\Debug\sensor.o
                0x00001ab4                rhea_sensor_periodicMeasure
 .text.rhea_sensor_initialize_impl
                0x00001b9c       0x1c .\CortexM3\ARM_GCC_541\Debug\sensor_impl.o
                0x00001b9c                rhea_sensor_initialize_impl
 .text.rhea_uart_initialize_impl
                0x00001bb8        0xc .\CortexM3\ARM_GCC_541\Debug\uart_impl.o
                0x00001bb8                rhea_uart_initialize_impl
 .text.rhea_uart_readByte_impl
                0x00001bc4       0x10 .\CortexM3\ARM_GCC_541\Debug\uart_impl.o
                0x00001bc4                rhea_uart_readByte_impl
 .text.rhea_uart_writeByte_impl
                0x00001bd4       0x1c .\CortexM3\ARM_GCC_541\Debug\uart_impl.o
                0x00001bd4                rhea_uart_writeByte_impl
 .text.rhea_uart_Initialize
                0x00001bf0        0xc .\CortexM3\ARM_GCC_541\Debug\uart_rhea.o
                0x00001bf0                rhea_uart_Initialize
 .text.rhea_uart_ReadByte
                0x00001bfc       0x10 .\CortexM3\ARM_GCC_541\Debug\uart_rhea.o
                0x00001bfc                rhea_uart_ReadByte
 .text.rhea_uart_ReadChar
                0x00001c0c       0x10 .\CortexM3\ARM_GCC_541\Debug\uart_rhea.o
                0x00001c0c                rhea_uart_ReadChar
 .text.rhea_uart_WriteByte
                0x00001c1c       0x1c .\CortexM3\ARM_GCC_541\Debug\uart_rhea.o
                0x00001c1c                rhea_uart_WriteByte
 .text.rhea_uart_WriteBytes
                0x00001c38       0x60 .\CortexM3\ARM_GCC_541\Debug\uart_rhea.o
                0x00001c38                rhea_uart_WriteBytes
 .text.rhea_uart_WriteBuffer
                0x00001c98       0x20 .\CortexM3\ARM_GCC_541\Debug\uart_rhea.o
                0x00001c98                rhea_uart_WriteBuffer
 .text.rhea_uart_WriteChar
                0x00001cb8       0x1c .\CortexM3\ARM_GCC_541\Debug\uart_rhea.o
                0x00001cb8                rhea_uart_WriteChar
 .text.rhea_uart_WriteString
                0x00001cd4       0x40 .\CortexM3\ARM_GCC_541\Debug\uart_rhea.o
                0x00001cd4                rhea_uart_WriteString
 .text.rhea_state_nextState
                0x00001d14       0x7c .\CortexM3\ARM_GCC_541\Debug\state.o
                0x00001d14                rhea_state_nextState
 .text.toArgumentArray
                0x00001d90       0x50 .\CortexM3\ARM_GCC_541\Debug\command.o
                0x00001d90                toArgumentArray
 .text.InitializeSerialCommandLine
                0x00001de0       0x30 .\CortexM3\ARM_GCC_541\Debug\command.o
                0x00001de0                InitializeSerialCommandLine
 .text.ProcessCommandLine
                0x00001e10       0xec .\CortexM3\ARM_GCC_541\Debug\command.o
                0x00001e10                ProcessCommandLine
 .text.SERIAL_DATA_ARRIVED
                0x00001efc       0x78 .\CortexM3\ARM_GCC_541\Debug\command.o
                0x00001efc                SERIAL_DATA_ARRIVED
 .text.rhea_print_help
                0x00001f74       0x14 .\CortexM3\ARM_GCC_541\Debug\command.o
                0x00001f74                rhea_print_help
 .text.rhea_print_version
                0x00001f88       0x14 .\CortexM3\ARM_GCC_541\Debug\command.o
                0x00001f88                rhea_print_version
 .text.rhea_print_error
                0x00001f9c       0x14 .\CortexM3\ARM_GCC_541\Debug\command.o
                0x00001f9c                rhea_print_error
 .text.command_rhea
                0x00001fb0       0x68 .\CortexM3\ARM_GCC_541\Debug\command.o
                0x00001fb0                command_rhea
 .text.command_measure
                0x00002018      0x330 .\CortexM3\ARM_GCC_541\Debug\command.o
                0x00002018                command_measure
 .text.InitializeInputButtonInterrupts
                0x00002348       0x48 .\CortexM3\ARM_GCC_541\Debug\input.o
                0x00002348                InitializeInputButtonInterrupts
 .text.BTN_ENTER_ISR
                0x00002390       0x18 .\CortexM3\ARM_GCC_541\Debug\input.o
                0x00002390                BTN_ENTER_ISR
 .text.BTN_RIGHT_ISR
                0x000023a8       0x18 .\CortexM3\ARM_GCC_541\Debug\input.o
                0x000023a8                BTN_RIGHT_ISR
 .text.BTN_LEFT_ISR
                0x000023c0       0x18 .\CortexM3\ARM_GCC_541\Debug\input.o
                0x000023c0                BTN_LEFT_ISR
 .text.InitializeMainMenu
                0x000023d8      0x1f4 .\CortexM3\ARM_GCC_541\Debug\menu.o
                0x000023d8                InitializeMainMenu
 .text.StepMainMenuStateMachine
                0x000025cc       0x68 .\CortexM3\ARM_GCC_541\Debug\menu.o
                0x000025cc                StepMainMenuStateMachine
 .text.showTemperatureMain
                0x00002634       0x64 .\CortexM3\ARM_GCC_541\Debug\menu.o
                0x00002634                showTemperatureMain
 .text.updateTemperatureMain
                0x00002698       0x6c .\CortexM3\ARM_GCC_541\Debug\menu.o
                0x00002698                updateTemperatureMain
 .text.showTemperaturePeriod
                0x00002704       0x7c .\CortexM3\ARM_GCC_541\Debug\menu.o
                0x00002704                showTemperaturePeriod
 .text.increaseTemperaturePeriod
                0x00002780       0x38 .\CortexM3\ARM_GCC_541\Debug\menu.o
                0x00002780                increaseTemperaturePeriod
 .text.decreaseTemperaturePeriod
                0x000027b8       0x58 .\CortexM3\ARM_GCC_541\Debug\menu.o
                0x000027b8                decreaseTemperaturePeriod
 .text.showPressureMain
                0x00002810       0x64 .\CortexM3\ARM_GCC_541\Debug\menu.o
                0x00002810                showPressureMain
 *fill*         0x00002874        0x4 
 .text.updatePressureMain
                0x00002878       0x6c .\CortexM3\ARM_GCC_541\Debug\menu.o
                0x00002878                updatePressureMain
 .text.showPressurePeriod
                0x000028e4       0x7c .\CortexM3\ARM_GCC_541\Debug\menu.o
                0x000028e4                showPressurePeriod
 .text.increasePressurePeriod
                0x00002960       0x38 .\CortexM3\ARM_GCC_541\Debug\menu.o
                0x00002960                increasePressurePeriod
 .text.decreasePressurePeriod
                0x00002998       0x58 .\CortexM3\ARM_GCC_541\Debug\menu.o
                0x00002998                decreasePressurePeriod
 .text.showHumidityMain
                0x000029f0       0x60 .\CortexM3\ARM_GCC_541\Debug\menu.o
                0x000029f0                showHumidityMain
 .text.updateHumidityMain
                0x00002a50       0x6c .\CortexM3\ARM_GCC_541\Debug\menu.o
                0x00002a50                updateHumidityMain
 .text.showHumidityPeriod
                0x00002abc       0x7c .\CortexM3\ARM_GCC_541\Debug\menu.o
                0x00002abc                showHumidityPeriod
 .text.increaseHumidityPeriod
                0x00002b38       0x38 .\CortexM3\ARM_GCC_541\Debug\menu.o
                0x00002b38                increaseHumidityPeriod
 .text.decreaseHumidityPeriod
                0x00002b70       0x58 .\CortexM3\ARM_GCC_541\Debug\menu.o
                0x00002b70                decreaseHumidityPeriod
 .text.main     0x00002bc8       0x40 .\CortexM3\ARM_GCC_541\Debug\main.o
                0x00002bc8                main
 .text.CYMEMZERO
                0x00002c08       0x1c .\CortexM3\ARM_GCC_541\Debug\cyfitter_cfg.o
 .text.CYCONFIGCPY
                0x00002c24       0x20 .\CortexM3\ARM_GCC_541\Debug\cyfitter_cfg.o
 .text.CyClockStartupError
                0x00002c44        0xc .\CortexM3\ARM_GCC_541\Debug\cyfitter_cfg.o
 .text.cfg_write_bytes32
                0x00002c50       0x74 .\CortexM3\ARM_GCC_541\Debug\cyfitter_cfg.o
 .text.ClockSetup
                0x00002cc4      0x118 .\CortexM3\ARM_GCC_541\Debug\cyfitter_cfg.o
 .text.AnalogSetDefault
                0x00002ddc       0x44 .\CortexM3\ARM_GCC_541\Debug\cyfitter_cfg.o
 .text.cyfitter_cfg
                0x00002e20      0x16c .\CortexM3\ARM_GCC_541\Debug\cyfitter_cfg.o
                0x00002e20                cyfitter_cfg
 .text.IntDefaultHandler
                0x00002f8c       0x14 .\CortexM3\ARM_GCC_541\Debug\Cm3Start.o
                0x00002f8c                IntDefaultHandler
 .text._sbrk    0x00002fa0       0x50 .\CortexM3\ARM_GCC_541\Debug\Cm3Start.o
                0x00002fa0                _sbrk
 .text.Start_c  0x00002ff0       0x98 .\CortexM3\ARM_GCC_541\Debug\Cm3Start.o
                0x00002ff0                Start_c
 .text.initialize_psoc
                0x00003088       0x90 .\CortexM3\ARM_GCC_541\Debug\Cm3Start.o
                0x00003088                initialize_psoc
 .text.I2C_Init
                0x00003118       0x84 .\CortexM3\ARM_GCC_541\Debug\Rhea.a(I2C.o)
                0x00003118                I2C_Init
 .text.I2C_Enable
                0x0000319c       0x48 .\CortexM3\ARM_GCC_541\Debug\Rhea.a(I2C.o)
                0x0000319c                I2C_Enable
 .text.I2C_Start
                0x000031e4       0x30 .\CortexM3\ARM_GCC_541\Debug\Rhea.a(I2C.o)
                0x000031e4                I2C_Start
 .text.I2C_ISR  0x00003214      0x3a8 .\CortexM3\ARM_GCC_541\Debug\Rhea.a(I2C_INT.o)
                0x00003214                I2C_ISR
 .text.I2C_MasterSendStart
                0x000035bc       0xb8 .\CortexM3\ARM_GCC_541\Debug\Rhea.a(I2C_MASTER.o)
                0x000035bc                I2C_MasterSendStart
 .text.I2C_MasterSendStop
                0x00003674       0x58 .\CortexM3\ARM_GCC_541\Debug\Rhea.a(I2C_MASTER.o)
                0x00003674                I2C_MasterSendStop
 .text.I2C_MasterWriteByte
                0x000036cc       0x80 .\CortexM3\ARM_GCC_541\Debug\Rhea.a(I2C_MASTER.o)
                0x000036cc                I2C_MasterWriteByte
 .text.I2C_MasterReadByte
                0x0000374c       0x78 .\CortexM3\ARM_GCC_541\Debug\Rhea.a(I2C_MASTER.o)
                0x0000374c                I2C_MasterReadByte
 .text.UART_Start
                0x000037c4       0x24 .\CortexM3\ARM_GCC_541\Debug\Rhea.a(UART.o)
                0x000037c4                UART_Start
 .text.UART_Init
                0x000037e8       0x40 .\CortexM3\ARM_GCC_541\Debug\Rhea.a(UART.o)
                0x000037e8                UART_Init
 .text.UART_Enable
                0x00003828       0x60 .\CortexM3\ARM_GCC_541\Debug\Rhea.a(UART.o)
                0x00003828                UART_Enable
 .text.UART_GetChar
                0x00003888       0x44 .\CortexM3\ARM_GCC_541\Debug\Rhea.a(UART.o)
                0x00003888                UART_GetChar
 .text.UART_PutChar
                0x000038cc       0x34 .\CortexM3\ARM_GCC_541\Debug\Rhea.a(UART.o)
                0x000038cc                UART_PutChar
 .text.DEBOUNCE_CLK_Start
                0x00003900       0x34 .\CortexM3\ARM_GCC_541\Debug\Rhea.a(DEBOUNCE_CLK.o)
                0x00003900                DEBOUNCE_CLK_Start
 .text.BTN_RIGHT_INTR_StartEx
                0x00003934       0x24 .\CortexM3\ARM_GCC_541\Debug\Rhea.a(BTN_RIGHT_INTR.o)
                0x00003934                BTN_RIGHT_INTR_StartEx
 .text.BTN_RIGHT_INTR_SetVector
                0x00003958       0x24 .\CortexM3\ARM_GCC_541\Debug\Rhea.a(BTN_RIGHT_INTR.o)
                0x00003958                BTN_RIGHT_INTR_SetVector
 .text.BTN_RIGHT_INTR_SetPriority
                0x0000397c       0x24 .\CortexM3\ARM_GCC_541\Debug\Rhea.a(BTN_RIGHT_INTR.o)
                0x0000397c                BTN_RIGHT_INTR_SetPriority
 .text.BTN_RIGHT_INTR_Enable
                0x000039a0       0x18 .\CortexM3\ARM_GCC_541\Debug\Rhea.a(BTN_RIGHT_INTR.o)
                0x000039a0                BTN_RIGHT_INTR_Enable
 .text.BTN_RIGHT_INTR_Disable
                0x000039b8       0x18 .\CortexM3\ARM_GCC_541\Debug\Rhea.a(BTN_RIGHT_INTR.o)
                0x000039b8                BTN_RIGHT_INTR_Disable
 .text.BTN_LEFT_INTR_StartEx
                0x000039d0       0x24 .\CortexM3\ARM_GCC_541\Debug\Rhea.a(BTN_LEFT_INTR.o)
                0x000039d0                BTN_LEFT_INTR_StartEx
 .text.BTN_LEFT_INTR_SetVector
                0x000039f4       0x24 .\CortexM3\ARM_GCC_541\Debug\Rhea.a(BTN_LEFT_INTR.o)
                0x000039f4                BTN_LEFT_INTR_SetVector
 .text.BTN_LEFT_INTR_SetPriority
                0x00003a18       0x24 .\CortexM3\ARM_GCC_541\Debug\Rhea.a(BTN_LEFT_INTR.o)
                0x00003a18                BTN_LEFT_INTR_SetPriority
 .text.BTN_LEFT_INTR_Enable
                0x00003a3c       0x18 .\CortexM3\ARM_GCC_541\Debug\Rhea.a(BTN_LEFT_INTR.o)
                0x00003a3c                BTN_LEFT_INTR_Enable
 .text.BTN_LEFT_INTR_Disable
                0x00003a54       0x18 .\CortexM3\ARM_GCC_541\Debug\Rhea.a(BTN_LEFT_INTR.o)
                0x00003a54                BTN_LEFT_INTR_Disable
 .text.BTN_ENTER_INTR_StartEx
                0x00003a6c       0x24 .\CortexM3\ARM_GCC_541\Debug\Rhea.a(BTN_ENTER_INTR.o)
                0x00003a6c                BTN_ENTER_INTR_StartEx
 .text.BTN_ENTER_INTR_SetVector
                0x00003a90       0x24 .\CortexM3\ARM_GCC_541\Debug\Rhea.a(BTN_ENTER_INTR.o)
                0x00003a90                BTN_ENTER_INTR_SetVector
 .text.BTN_ENTER_INTR_SetPriority
                0x00003ab4       0x24 .\CortexM3\ARM_GCC_541\Debug\Rhea.a(BTN_ENTER_INTR.o)
                0x00003ab4                BTN_ENTER_INTR_SetPriority
 .text.BTN_ENTER_INTR_Enable
                0x00003ad8       0x18 .\CortexM3\ARM_GCC_541\Debug\Rhea.a(BTN_ENTER_INTR.o)
                0x00003ad8                BTN_ENTER_INTR_Enable
 .text.BTN_ENTER_INTR_Disable
                0x00003af0       0x18 .\CortexM3\ARM_GCC_541\Debug\Rhea.a(BTN_ENTER_INTR.o)
                0x00003af0                BTN_ENTER_INTR_Disable
 .text.SENSOR_TIMER_Init
                0x00003b08       0xa0 .\CortexM3\ARM_GCC_541\Debug\Rhea.a(SENSOR_TIMER.o)
                0x00003b08                SENSOR_TIMER_Init
 .text.SENSOR_TIMER_Enable
                0x00003ba8       0x48 .\CortexM3\ARM_GCC_541\Debug\Rhea.a(SENSOR_TIMER.o)
                0x00003ba8                SENSOR_TIMER_Enable
 .text.SENSOR_TIMER_Start
                0x00003bf0       0x24 .\CortexM3\ARM_GCC_541\Debug\Rhea.a(SENSOR_TIMER.o)
                0x00003bf0                SENSOR_TIMER_Start
 .text.SENSOR_TIMER_SetInterruptMode
                0x00003c14       0x20 .\CortexM3\ARM_GCC_541\Debug\Rhea.a(SENSOR_TIMER.o)
                0x00003c14                SENSOR_TIMER_SetInterruptMode
 .text.SENSOR_TIMER_WritePeriod
                0x00003c34       0x24 .\CortexM3\ARM_GCC_541\Debug\Rhea.a(SENSOR_TIMER.o)
                0x00003c34                SENSOR_TIMER_WritePeriod
 .text.SENSOR_TIMER_WriteCounter
                0x00003c58       0x20 .\CortexM3\ARM_GCC_541\Debug\Rhea.a(SENSOR_TIMER.o)
                0x00003c58                SENSOR_TIMER_WriteCounter
 .text.SENSOR_1MS_StartEx
                0x00003c78       0x24 .\CortexM3\ARM_GCC_541\Debug\Rhea.a(SENSOR_1MS.o)
                0x00003c78                SENSOR_1MS_StartEx
 .text.SENSOR_1MS_SetVector
                0x00003c9c       0x24 .\CortexM3\ARM_GCC_541\Debug\Rhea.a(SENSOR_1MS.o)
                0x00003c9c                SENSOR_1MS_SetVector
 .text.SENSOR_1MS_SetPriority
                0x00003cc0       0x24 .\CortexM3\ARM_GCC_541\Debug\Rhea.a(SENSOR_1MS.o)
                0x00003cc0                SENSOR_1MS_SetPriority
 .text.SENSOR_1MS_Enable
                0x00003ce4       0x18 .\CortexM3\ARM_GCC_541\Debug\Rhea.a(SENSOR_1MS.o)
                0x00003ce4                SENSOR_1MS_Enable
 .text.SENSOR_1MS_Disable
                0x00003cfc       0x18 .\CortexM3\ARM_GCC_541\Debug\Rhea.a(SENSOR_1MS.o)
                0x00003cfc                SENSOR_1MS_Disable
 .text.UART_IntClock_Start
                0x00003d14       0x34 .\CortexM3\ARM_GCC_541\Debug\Rhea.a(UART_IntClock.o)
                0x00003d14                UART_IntClock_Start
 .text.CyHalt   0x00003d48       0x18 .\CortexM3\ARM_GCC_541\Debug\Rhea.a(CyLib.o)
                0x00003d48                CyHalt
 .text.CyIntSetVector
                0x00003d60       0x50 .\CortexM3\ARM_GCC_541\Debug\Rhea.a(CyLib.o)
                0x00003d60                CyIntSetVector
 .text.CyIntSetPriority
                0x00003db0       0x48 .\CortexM3\ARM_GCC_541\Debug\Rhea.a(CyLib.o)
                0x00003db0                CyIntSetPriority
 .text.UART_RX_INTR_StartEx
                0x00003df8       0x24 .\CortexM3\ARM_GCC_541\Debug\Rhea.a(UART_RX_INTR.o)
                0x00003df8                UART_RX_INTR_StartEx
 .text.UART_RX_INTR_SetVector
                0x00003e1c       0x24 .\CortexM3\ARM_GCC_541\Debug\Rhea.a(UART_RX_INTR.o)
                0x00003e1c                UART_RX_INTR_SetVector
 .text.UART_RX_INTR_SetPriority
                0x00003e40       0x24 .\CortexM3\ARM_GCC_541\Debug\Rhea.a(UART_RX_INTR.o)
                0x00003e40                UART_RX_INTR_SetPriority
 .text.UART_RX_INTR_Enable
                0x00003e64       0x18 .\CortexM3\ARM_GCC_541\Debug\Rhea.a(UART_RX_INTR.o)
                0x00003e64                UART_RX_INTR_Enable
 .text.UART_RX_INTR_Disable
                0x00003e7c       0x18 .\CortexM3\ARM_GCC_541\Debug\Rhea.a(UART_RX_INTR.o)
                0x00003e7c                UART_RX_INTR_Disable
 *fill*         0x00003e94        0x4 
 .text          0x00003e98       0x20 .\CortexM3\ARM_GCC_541\Debug\Rhea.a(CyBootAsmGnu.o)
                0x00003e98                CyDelayCycles
                0x00003ea8                CyEnterCriticalSection
                0x00003eb0                CyExitCriticalSection
 .text          0x00003eb8      0x370 e:/cypress/psoc creator/4.2/psoc creator/import/gnu/arm/5.4.1/bin/../lib/gcc/arm-none-eabi/5.4.1/armv7-m\libgcc.a(_arm_addsubdf3.o)
                0x00003eb8                __aeabi_drsub
                0x00003ec0                __aeabi_dsub
                0x00003ec0                __subdf3
                0x00003ec4                __aeabi_dadd
                0x00003ec4                __adddf3
                0x0000413c                __floatunsidf
                0x0000413c                __aeabi_ui2d
                0x0000415c                __floatsidf
                0x0000415c                __aeabi_i2d
                0x00004180                __aeabi_f2d
                0x00004180                __extendsfdf2
                0x000041bc                __floatundidf
                0x000041bc                __aeabi_ul2d
                0x000041cc                __floatdidf
                0x000041cc                __aeabi_l2d
 .text          0x00004228      0x424 e:/cypress/psoc creator/4.2/psoc creator/import/gnu/arm/5.4.1/bin/../lib/gcc/arm-none-eabi/5.4.1/armv7-m\libgcc.a(_arm_muldivdf3.o)
                0x00004228                __aeabi_dmul
                0x00004228                __muldf3
                0x0000447c                __divdf3
                0x0000447c                __aeabi_ddiv
 .text          0x0000464c      0x110 e:/cypress/psoc creator/4.2/psoc creator/import/gnu/arm/5.4.1/bin/../lib/gcc/arm-none-eabi/5.4.1/armv7-m\libgcc.a(_arm_cmpdf2.o)
                0x0000464c                __gtdf2
                0x0000464c                __gedf2
                0x00004654                __ltdf2
                0x00004654                __ledf2
                0x0000465c                __nedf2
                0x0000465c                __eqdf2
                0x0000465c                __cmpdf2
                0x000046d8                __aeabi_cdrcmple
                0x000046e8                __aeabi_cdcmpeq
                0x000046e8                __aeabi_cdcmple
                0x000046f8                __aeabi_dcmpeq
                0x0000470c                __aeabi_dcmplt
                0x00004720                __aeabi_dcmple
                0x00004734                __aeabi_dcmpge
                0x00004748                __aeabi_dcmpgt
 .text          0x0000475c       0x2c e:/cypress/psoc creator/4.2/psoc creator/import/gnu/arm/5.4.1/bin/../lib/gcc/arm-none-eabi/5.4.1/armv7-m\libgcc.a(_arm_unorddf2.o)
                0x0000475c                __unorddf2
                0x0000475c                __aeabi_dcmpun
 .text          0x00004788       0x50 e:/cypress/psoc creator/4.2/psoc creator/import/gnu/arm/5.4.1/bin/../lib/gcc/arm-none-eabi/5.4.1/armv7-m\libgcc.a(_arm_fixdfsi.o)
                0x00004788                __aeabi_d2iz
                0x00004788                __fixdfsi
 .text          0x000047d8       0x40 e:/cypress/psoc creator/4.2/psoc creator/import/gnu/arm/5.4.1/bin/../lib/gcc/arm-none-eabi/5.4.1/armv7-m\libgcc.a(_arm_fixunsdfsi.o)
                0x000047d8                __aeabi_d2uiz
                0x000047d8                __fixunsdfsi
 .text.__errno  0x00004818        0xc e:/cypress/psoc creator/4.2/psoc creator/import/gnu/arm/5.4.1/bin/../lib/gcc/arm-none-eabi/5.4.1/../../../../arm-none-eabi/lib/armv7-m\libg_nano.a(lib_a-errno.o)
                0x00004818                __errno
 .text.reverse_argv_elements
                0x00004824       0x24 e:/cypress/psoc creator/4.2/psoc creator/import/gnu/arm/5.4.1/bin/../lib/gcc/arm-none-eabi/5.4.1/../../../../arm-none-eabi/lib/armv7-m\libg_nano.a(lib_a-getopt.o)
 .text.is_option
                0x00004848       0x1c e:/cypress/psoc creator/4.2/psoc creator/import/gnu/arm/5.4.1/bin/../lib/gcc/arm-none-eabi/5.4.1/../../../../arm-none-eabi/lib/armv7-m\libg_nano.a(lib_a-getopt.o)
 .text.read_globals
                0x00004864       0x34 e:/cypress/psoc creator/4.2/psoc creator/import/gnu/arm/5.4.1/bin/../lib/gcc/arm-none-eabi/5.4.1/../../../../arm-none-eabi/lib/armv7-m\libg_nano.a(lib_a-getopt.o)
 .text.write_globals
                0x00004898       0x34 e:/cypress/psoc creator/4.2/psoc creator/import/gnu/arm/5.4.1/bin/../lib/gcc/arm-none-eabi/5.4.1/../../../../arm-none-eabi/lib/armv7-m\libg_nano.a(lib_a-getopt.o)
 .text.getopt_internal
                0x000048cc      0x4a8 e:/cypress/psoc creator/4.2/psoc creator/import/gnu/arm/5.4.1/bin/../lib/gcc/arm-none-eabi/5.4.1/../../../../arm-none-eabi/lib/armv7-m\libg_nano.a(lib_a-getopt.o)
 .text.getopt_long
                0x00004d74       0x30 e:/cypress/psoc creator/4.2/psoc creator/import/gnu/arm/5.4.1/bin/../lib/gcc/arm-none-eabi/5.4.1/../../../../arm-none-eabi/lib/armv7-m\libg_nano.a(lib_a-getopt.o)
                0x00004d74                getopt_long
 .text.__libc_init_array
                0x00004da4       0x4c e:/cypress/psoc creator/4.2/psoc creator/import/gnu/arm/5.4.1/bin/../lib/gcc/arm-none-eabi/5.4.1/../../../../arm-none-eabi/lib/armv7-m\libg_nano.a(lib_a-init.o)
                0x00004da4                __libc_init_array
 .text.memcmp   0x00004df0       0x1e e:/cypress/psoc creator/4.2/psoc creator/import/gnu/arm/5.4.1/bin/../lib/gcc/arm-none-eabi/5.4.1/../../../../arm-none-eabi/lib/armv7-m\libg_nano.a(lib_a-memcmp.o)
                0x00004df0                memcmp
 .text.memcpy   0x00004e0e       0x16 e:/cypress/psoc creator/4.2/psoc creator/import/gnu/arm/5.4.1/bin/../lib/gcc/arm-none-eabi/5.4.1/../../../../arm-none-eabi/lib/armv7-m\libg_nano.a(lib_a-memcpy-stub.o)
                0x00004e0e                memcpy
 .text.memset   0x00004e24       0x10 e:/cypress/psoc creator/4.2/psoc creator/import/gnu/arm/5.4.1/bin/../lib/gcc/arm-none-eabi/5.4.1/../../../../arm-none-eabi/lib/armv7-m\libg_nano.a(lib_a-memset.o)
                0x00004e24                memset
 .text.__cvt    0x00004e34       0xc0 e:/cypress/psoc creator/4.2/psoc creator/import/gnu/arm/5.4.1/bin/../lib/gcc/arm-none-eabi/5.4.1/../../../../arm-none-eabi/lib/armv7-m\libg_nano.a(lib_a-nano-vfprintf_float.o)
                0x00004e34                __cvt
 .text.__exponent
                0x00004ef4       0x62 e:/cypress/psoc creator/4.2/psoc creator/import/gnu/arm/5.4.1/bin/../lib/gcc/arm-none-eabi/5.4.1/../../../../arm-none-eabi/lib/armv7-m\libg_nano.a(lib_a-nano-vfprintf_float.o)
                0x00004ef4                __exponent
 *fill*         0x00004f56        0x2 
 .text._printf_float
                0x00004f58      0x488 e:/cypress/psoc creator/4.2/psoc creator/import/gnu/arm/5.4.1/bin/../lib/gcc/arm-none-eabi/5.4.1/../../../../arm-none-eabi/lib/armv7-m\libg_nano.a(lib_a-nano-vfprintf_float.o)
                0x00004f58                _printf_float
 .text._printf_common
                0x000053e0       0xec e:/cypress/psoc creator/4.2/psoc creator/import/gnu/arm/5.4.1/bin/../lib/gcc/arm-none-eabi/5.4.1/../../../../arm-none-eabi/lib/armv7-m\libg_nano.a(lib_a-nano-vfprintf_i.o)
                0x000053e0                _printf_common
 .text._printf_i
                0x000054cc      0x24c e:/cypress/psoc creator/4.2/psoc creator/import/gnu/arm/5.4.1/bin/../lib/gcc/arm-none-eabi/5.4.1/../../../../arm-none-eabi/lib/armv7-m\libg_nano.a(lib_a-nano-vfprintf_i.o)
                0x000054cc                _printf_i
 .text.sprintf  0x00005718       0x48 e:/cypress/psoc creator/4.2/psoc creator/import/gnu/arm/5.4.1/bin/../lib/gcc/arm-none-eabi/5.4.1/../../../../arm-none-eabi/lib/armv7-m\libg_nano.a(lib_a-sprintf.o)
                0x00005718                siprintf
                0x00005718                sprintf
 .text.sscanf   0x00005760       0x54 e:/cypress/psoc creator/4.2/psoc creator/import/gnu/arm/5.4.1/bin/../lib/gcc/arm-none-eabi/5.4.1/../../../../arm-none-eabi/lib/armv7-m\libg_nano.a(lib_a-sscanf.o)
                0x00005760                siscanf
                0x00005760                sscanf
 .text.__sread  0x000057b4       0x22 e:/cypress/psoc creator/4.2/psoc creator/import/gnu/arm/5.4.1/bin/../lib/gcc/arm-none-eabi/5.4.1/../../../../arm-none-eabi/lib/armv7-m\libg_nano.a(lib_a-stdio.o)
                0x000057b4                __sread
 .text.__seofread
                0x000057d6        0x4 e:/cypress/psoc creator/4.2/psoc creator/import/gnu/arm/5.4.1/bin/../lib/gcc/arm-none-eabi/5.4.1/../../../../arm-none-eabi/lib/armv7-m\libg_nano.a(lib_a-stdio.o)
                0x000057d6                __seofread
 .text.__swrite
                0x000057da       0x38 e:/cypress/psoc creator/4.2/psoc creator/import/gnu/arm/5.4.1/bin/../lib/gcc/arm-none-eabi/5.4.1/../../../../arm-none-eabi/lib/armv7-m\libg_nano.a(lib_a-stdio.o)
                0x000057da                __swrite
 .text.__sseek  0x00005812       0x24 e:/cypress/psoc creator/4.2/psoc creator/import/gnu/arm/5.4.1/bin/../lib/gcc/arm-none-eabi/5.4.1/../../../../arm-none-eabi/lib/armv7-m\libg_nano.a(lib_a-stdio.o)
                0x00005812                __sseek
 .text.__sclose
                0x00005836        0x8 e:/cypress/psoc creator/4.2/psoc creator/import/gnu/arm/5.4.1/bin/../lib/gcc/arm-none-eabi/5.4.1/../../../../arm-none-eabi/lib/armv7-m\libg_nano.a(lib_a-stdio.o)
                0x00005836                __sclose
 .text.strchr   0x0000583e       0x1c e:/cypress/psoc creator/4.2/psoc creator/import/gnu/arm/5.4.1/bin/../lib/gcc/arm-none-eabi/5.4.1/../../../../arm-none-eabi/lib/armv7-m\libg_nano.a(lib_a-strchr.o)
                0x0000583e                strchr
 .text          0x0000585a       0x14 e:/cypress/psoc creator/4.2/psoc creator/import/gnu/arm/5.4.1/bin/../lib/gcc/arm-none-eabi/5.4.1/../../../../arm-none-eabi/lib/armv7-m\libg_nano.a(lib_a-strcmp.o)
                0x0000585a                strcmp
 .text          0x0000586e       0x10 e:/cypress/psoc creator/4.2/psoc creator/import/gnu/arm/5.4.1/bin/../lib/gcc/arm-none-eabi/5.4.1/../../../../arm-none-eabi/lib/armv7-m\libg_nano.a(lib_a-strlen.o)
                0x0000586e                strlen
 *fill*         0x0000587e        0x2 
 .text.strtok   0x00005880       0x64 e:/cypress/psoc creator/4.2/psoc creator/import/gnu/arm/5.4.1/bin/../lib/gcc/arm-none-eabi/5.4.1/../../../../arm-none-eabi/lib/armv7-m\libg_nano.a(lib_a-strtok.o)
                0x00005880                strtok
 .text.__strtok_r
                0x000058e4       0x56 e:/cypress/psoc creator/4.2/psoc creator/import/gnu/arm/5.4.1/bin/../lib/gcc/arm-none-eabi/5.4.1/../../../../arm-none-eabi/lib/armv7-m\libg_nano.a(lib_a-strtok_r.o)
                0x000058e4                __strtok_r
 *fill*         0x0000593a        0x2 
 .text._strtol_r
                0x0000593c      0x10c e:/cypress/psoc creator/4.2/psoc creator/import/gnu/arm/5.4.1/bin/../lib/gcc/arm-none-eabi/5.4.1/../../../../arm-none-eabi/lib/armv7-m\libg_nano.a(lib_a-strtol.o)
                0x0000593c                _strtol_r
 .text.strtol   0x00005a48       0x14 e:/cypress/psoc creator/4.2/psoc creator/import/gnu/arm/5.4.1/bin/../lib/gcc/arm-none-eabi/5.4.1/../../../../arm-none-eabi/lib/armv7-m\libg_nano.a(lib_a-strtol.o)
                0x00005a48                strtol
 .text._write_r
                0x00005a5c       0x24 e:/cypress/psoc creator/4.2/psoc creator/import/gnu/arm/5.4.1/bin/../lib/gcc/arm-none-eabi/5.4.1/../../../../arm-none-eabi/lib/armv7-m\libg_nano.a(lib_a-writer.o)
                0x00005a5c                _write_r
 .text._close_r
                0x00005a80       0x20 e:/cypress/psoc creator/4.2/psoc creator/import/gnu/arm/5.4.1/bin/../lib/gcc/arm-none-eabi/5.4.1/../../../../arm-none-eabi/lib/armv7-m\libg_nano.a(lib_a-closer.o)
                0x00005a80                _close_r
 .text.quorem   0x00005aa0      0x116 e:/cypress/psoc creator/4.2/psoc creator/import/gnu/arm/5.4.1/bin/../lib/gcc/arm-none-eabi/5.4.1/../../../../arm-none-eabi/lib/armv7-m\libg_nano.a(lib_a-dtoa.o)
 *fill*         0x00005bb6        0x2 
 .text._dtoa_r  0x00005bb8      0xb30 e:/cypress/psoc creator/4.2/psoc creator/import/gnu/arm/5.4.1/bin/../lib/gcc/arm-none-eabi/5.4.1/../../../../arm-none-eabi/lib/armv7-m\libg_nano.a(lib_a-dtoa.o)
                0x00005bb8                _dtoa_r
 .text._fputc_r
                0x000066e8       0x48 e:/cypress/psoc creator/4.2/psoc creator/import/gnu/arm/5.4.1/bin/../lib/gcc/arm-none-eabi/5.4.1/../../../../arm-none-eabi/lib/armv7-m\libg_nano.a(lib_a-fputc.o)
                0x000066e8                _fputc_r
 .text.fputc    0x00006730       0x10 e:/cypress/psoc creator/4.2/psoc creator/import/gnu/arm/5.4.1/bin/../lib/gcc/arm-none-eabi/5.4.1/../../../../arm-none-eabi/lib/armv7-m\libg_nano.a(lib_a-fputc.o)
                0x00006730                fputc
 .text._fputs_r
                0x00006740       0x8c e:/cypress/psoc creator/4.2/psoc creator/import/gnu/arm/5.4.1/bin/../lib/gcc/arm-none-eabi/5.4.1/../../../../arm-none-eabi/lib/armv7-m\libg_nano.a(lib_a-fputs.o)
                0x00006740                _fputs_r
 .text.fputs    0x000067cc       0x10 e:/cypress/psoc creator/4.2/psoc creator/import/gnu/arm/5.4.1/bin/../lib/gcc/arm-none-eabi/5.4.1/../../../../arm-none-eabi/lib/armv7-m\libg_nano.a(lib_a-fputs.o)
                0x000067cc                fputs
 .text.getenv   0x000067dc       0x18 e:/cypress/psoc creator/4.2/psoc creator/import/gnu/arm/5.4.1/bin/../lib/gcc/arm-none-eabi/5.4.1/../../../../arm-none-eabi/lib/armv7-m\libg_nano.a(lib_a-getenv.o)
                0x000067dc                getenv
 .text._findenv_r
                0x000067f4       0x78 e:/cypress/psoc creator/4.2/psoc creator/import/gnu/arm/5.4.1/bin/../lib/gcc/arm-none-eabi/5.4.1/../../../../arm-none-eabi/lib/armv7-m\libg_nano.a(lib_a-getenv_r.o)
                0x000067f4                _findenv_r
 .text._localeconv_r
                0x0000686c        0x8 e:/cypress/psoc creator/4.2/psoc creator/import/gnu/arm/5.4.1/bin/../lib/gcc/arm-none-eabi/5.4.1/../../../../arm-none-eabi/lib/armv7-m\libg_nano.a(lib_a-locale.o)
                0x0000686c                _localeconv_r
 .text._lseek_r
                0x00006874       0x24 e:/cypress/psoc creator/4.2/psoc creator/import/gnu/arm/5.4.1/bin/../lib/gcc/arm-none-eabi/5.4.1/../../../../arm-none-eabi/lib/armv7-m\libg_nano.a(lib_a-lseekr.o)
                0x00006874                _lseek_r
 .text.malloc   0x00006898       0x10 e:/cypress/psoc creator/4.2/psoc creator/import/gnu/arm/5.4.1/bin/../lib/gcc/arm-none-eabi/5.4.1/../../../../arm-none-eabi/lib/armv7-m\libg_nano.a(lib_a-malloc.o)
                0x00006898                malloc
 .text.memchr   0x000068a8       0x1c e:/cypress/psoc creator/4.2/psoc creator/import/gnu/arm/5.4.1/bin/../lib/gcc/arm-none-eabi/5.4.1/../../../../arm-none-eabi/lib/armv7-m\libg_nano.a(lib_a-memchr-stub.o)
                0x000068a8                memchr
 .text._Balloc  0x000068c4       0x6a e:/cypress/psoc creator/4.2/psoc creator/import/gnu/arm/5.4.1/bin/../lib/gcc/arm-none-eabi/5.4.1/../../../../arm-none-eabi/lib/armv7-m\libg_nano.a(lib_a-mprec.o)
                0x000068c4                _Balloc
 .text._Bfree   0x0000692e       0x2e e:/cypress/psoc creator/4.2/psoc creator/import/gnu/arm/5.4.1/bin/../lib/gcc/arm-none-eabi/5.4.1/../../../../arm-none-eabi/lib/armv7-m\libg_nano.a(lib_a-mprec.o)
                0x0000692e                _Bfree
 .text.__multadd
                0x0000695c       0x76 e:/cypress/psoc creator/4.2/psoc creator/import/gnu/arm/5.4.1/bin/../lib/gcc/arm-none-eabi/5.4.1/../../../../arm-none-eabi/lib/armv7-m\libg_nano.a(lib_a-mprec.o)
                0x0000695c                __multadd
 .text.__hi0bits
                0x000069d2       0x40 e:/cypress/psoc creator/4.2/psoc creator/import/gnu/arm/5.4.1/bin/../lib/gcc/arm-none-eabi/5.4.1/../../../../arm-none-eabi/lib/armv7-m\libg_nano.a(lib_a-mprec.o)
                0x000069d2                __hi0bits
 .text.__lo0bits
                0x00006a12       0x5a e:/cypress/psoc creator/4.2/psoc creator/import/gnu/arm/5.4.1/bin/../lib/gcc/arm-none-eabi/5.4.1/../../../../arm-none-eabi/lib/armv7-m\libg_nano.a(lib_a-mprec.o)
                0x00006a12                __lo0bits
 .text.__i2b    0x00006a6c       0x12 e:/cypress/psoc creator/4.2/psoc creator/import/gnu/arm/5.4.1/bin/../lib/gcc/arm-none-eabi/5.4.1/../../../../arm-none-eabi/lib/armv7-m\libg_nano.a(lib_a-mprec.o)
                0x00006a6c                __i2b
 .text.__multiply
                0x00006a7e      0x120 e:/cypress/psoc creator/4.2/psoc creator/import/gnu/arm/5.4.1/bin/../lib/gcc/arm-none-eabi/5.4.1/../../../../arm-none-eabi/lib/armv7-m\libg_nano.a(lib_a-mprec.o)
                0x00006a7e                __multiply
 *fill*         0x00006b9e        0x2 
 .text.__pow5mult
                0x00006ba0       0x9c e:/cypress/psoc creator/4.2/psoc creator/import/gnu/arm/5.4.1/bin/../lib/gcc/arm-none-eabi/5.4.1/../../../../arm-none-eabi/lib/armv7-m\libg_nano.a(lib_a-mprec.o)
                0x00006ba0                __pow5mult
 .text.__lshift
                0x00006c3c       0xa2 e:/cypress/psoc creator/4.2/psoc creator/import/gnu/arm/5.4.1/bin/../lib/gcc/arm-none-eabi/5.4.1/../../../../arm-none-eabi/lib/armv7-m\libg_nano.a(lib_a-mprec.o)
                0x00006c3c                __lshift
 .text.__mcmp   0x00006cde       0x38 e:/cypress/psoc creator/4.2/psoc creator/import/gnu/arm/5.4.1/bin/../lib/gcc/arm-none-eabi/5.4.1/../../../../arm-none-eabi/lib/armv7-m\libg_nano.a(lib_a-mprec.o)
                0x00006cde                __mcmp
 .text.__mdiff  0x00006d16       0xbe e:/cypress/psoc creator/4.2/psoc creator/import/gnu/arm/5.4.1/bin/../lib/gcc/arm-none-eabi/5.4.1/../../../../arm-none-eabi/lib/armv7-m\libg_nano.a(lib_a-mprec.o)
                0x00006d16                __mdiff
 .text.__d2b    0x00006dd4       0x9c e:/cypress/psoc creator/4.2/psoc creator/import/gnu/arm/5.4.1/bin/../lib/gcc/arm-none-eabi/5.4.1/../../../../arm-none-eabi/lib/armv7-m\libg_nano.a(lib_a-mprec.o)
                0x00006dd4                __d2b
 .text._calloc_r
                0x00006e70       0x1c e:/cypress/psoc creator/4.2/psoc creator/import/gnu/arm/5.4.1/bin/../lib/gcc/arm-none-eabi/5.4.1/../../../../arm-none-eabi/lib/armv7-m\libg_nano.a(lib_a-nano-callocr.o)
                0x00006e70                _calloc_r
 .text._free_r  0x00006e8c       0x98 e:/cypress/psoc creator/4.2/psoc creator/import/gnu/arm/5.4.1/bin/../lib/gcc/arm-none-eabi/5.4.1/../../../../arm-none-eabi/lib/armv7-m\libg_nano.a(lib_a-nano-freer.o)
                0x00006e8c                _free_r
 .text._malloc_r
                0x00006f24       0xbc e:/cypress/psoc creator/4.2/psoc creator/import/gnu/arm/5.4.1/bin/../lib/gcc/arm-none-eabi/5.4.1/../../../../arm-none-eabi/lib/armv7-m\libg_nano.a(lib_a-nano-mallocr.o)
                0x00006f24                _malloc_r
 .text.__ssputs_r
                0x00006fe0       0xb2 e:/cypress/psoc creator/4.2/psoc creator/import/gnu/arm/5.4.1/bin/../lib/gcc/arm-none-eabi/5.4.1/../../../../arm-none-eabi/lib/armv7-m\libg_nano.a(lib_a-nano-svfprintf.o)
                0x00006fe0                __ssputs_r
 *fill*         0x00007092        0x2 
 .text._svfprintf_r
                0x00007094      0x1e8 e:/cypress/psoc creator/4.2/psoc creator/import/gnu/arm/5.4.1/bin/../lib/gcc/arm-none-eabi/5.4.1/../../../../arm-none-eabi/lib/armv7-m\libg_nano.a(lib_a-nano-svfprintf.o)
                0x00007094                _svfiprintf_r
                0x00007094                _svfprintf_r
 .text._sungetc_r
                0x0000727c       0x7c e:/cypress/psoc creator/4.2/psoc creator/import/gnu/arm/5.4.1/bin/../lib/gcc/arm-none-eabi/5.4.1/../../../../arm-none-eabi/lib/armv7-m\libg_nano.a(lib_a-nano-svfscanf.o)
                0x0000727c                _sungetc_r
 .text.__ssrefill_r
                0x000072f8       0x3a e:/cypress/psoc creator/4.2/psoc creator/import/gnu/arm/5.4.1/bin/../lib/gcc/arm-none-eabi/5.4.1/../../../../arm-none-eabi/lib/armv7-m\libg_nano.a(lib_a-nano-svfscanf.o)
                0x000072f8                __ssrefill_r
 *fill*         0x00007332        0x2 
 .text.__ssvfscanf_r
                0x00007334      0x2a8 e:/cypress/psoc creator/4.2/psoc creator/import/gnu/arm/5.4.1/bin/../lib/gcc/arm-none-eabi/5.4.1/../../../../arm-none-eabi/lib/armv7-m\libg_nano.a(lib_a-nano-svfscanf.o)
                0x00007334                __ssvfiscanf_r
                0x00007334                __ssvfscanf_r
 .text._scanf_chars
                0x000075dc       0xcc e:/cypress/psoc creator/4.2/psoc creator/import/gnu/arm/5.4.1/bin/../lib/gcc/arm-none-eabi/5.4.1/../../../../arm-none-eabi/lib/armv7-m\libg_nano.a(lib_a-nano-vfscanf_i.o)
                0x000075dc                _scanf_chars
 .text._scanf_i
                0x000076a8      0x1e4 e:/cypress/psoc creator/4.2/psoc creator/import/gnu/arm/5.4.1/bin/../lib/gcc/arm-none-eabi/5.4.1/../../../../arm-none-eabi/lib/armv7-m\libg_nano.a(lib_a-nano-vfscanf_i.o)
                0x000076a8                _scanf_i
 .text._putc_r  0x0000788c       0x6c e:/cypress/psoc creator/4.2/psoc creator/import/gnu/arm/5.4.1/bin/../lib/gcc/arm-none-eabi/5.4.1/../../../../arm-none-eabi/lib/armv7-m\libg_nano.a(lib_a-putc.o)
                0x0000788c                _putc_r
 .text._read_r  0x000078f8       0x24 e:/cypress/psoc creator/4.2/psoc creator/import/gnu/arm/5.4.1/bin/../lib/gcc/arm-none-eabi/5.4.1/../../../../arm-none-eabi/lib/armv7-m\libg_nano.a(lib_a-readr.o)
                0x000078f8                _read_r
 .text._sbrk_r  0x0000791c       0x20 e:/cypress/psoc creator/4.2/psoc creator/import/gnu/arm/5.4.1/bin/../lib/gcc/arm-none-eabi/5.4.1/../../../../arm-none-eabi/lib/armv7-m\libg_nano.a(lib_a-sbrkr.o)
                0x0000791c                _sbrk_r
 .text.__sccl   0x0000793c       0x60 e:/cypress/psoc creator/4.2/psoc creator/import/gnu/arm/5.4.1/bin/../lib/gcc/arm-none-eabi/5.4.1/../../../../arm-none-eabi/lib/armv7-m\libg_nano.a(lib_a-sccl.o)
                0x0000793c                __sccl
 .text.strncmp  0x0000799c       0x2a e:/cypress/psoc creator/4.2/psoc creator/import/gnu/arm/5.4.1/bin/../lib/gcc/arm-none-eabi/5.4.1/../../../../arm-none-eabi/lib/armv7-m\libg_nano.a(lib_a-strncmp.o)
                0x0000799c                strncmp
 *fill*         0x000079c6        0x2 
 .text._strtoul_r
                0x000079c8       0xfc e:/cypress/psoc creator/4.2/psoc creator/import/gnu/arm/5.4.1/bin/../lib/gcc/arm-none-eabi/5.4.1/../../../../arm-none-eabi/lib/armv7-m\libg_nano.a(lib_a-strtoul.o)
                0x000079c8                _strtoul_r
 .text.__submore
                0x00007ac4       0x72 e:/cypress/psoc creator/4.2/psoc creator/import/gnu/arm/5.4.1/bin/../lib/gcc/arm-none-eabi/5.4.1/../../../../arm-none-eabi/lib/armv7-m\libg_nano.a(lib_a-ungetc.o)
                0x00007ac4                __submore
 *fill*         0x00007b36        0x2 
 .text.__swbuf_r
                0x00007b38       0xa8 e:/cypress/psoc creator/4.2/psoc creator/import/gnu/arm/5.4.1/bin/../lib/gcc/arm-none-eabi/5.4.1/../../../../arm-none-eabi/lib/armv7-m\libg_nano.a(lib_a-wbuf.o)
                0x00007b38                __swbuf_r
 .text.__swsetup_r
                0x00007be0       0xdc e:/cypress/psoc creator/4.2/psoc creator/import/gnu/arm/5.4.1/bin/../lib/gcc/arm-none-eabi/5.4.1/../../../../arm-none-eabi/lib/armv7-m\libg_nano.a(lib_a-wsetup.o)
                0x00007be0                __swsetup_r
 .text.__env_lock
                0x00007cbc        0x2 e:/cypress/psoc creator/4.2/psoc creator/import/gnu/arm/5.4.1/bin/../lib/gcc/arm-none-eabi/5.4.1/../../../../arm-none-eabi/lib/armv7-m\libg_nano.a(lib_a-envlock.o)
                0x00007cbc                __env_lock
 .text.__env_unlock
                0x00007cbe        0x2 e:/cypress/psoc creator/4.2/psoc creator/import/gnu/arm/5.4.1/bin/../lib/gcc/arm-none-eabi/5.4.1/../../../../arm-none-eabi/lib/armv7-m\libg_nano.a(lib_a-envlock.o)
                0x00007cbe                __env_unlock
 .text.__sflush_r
                0x00007cc0      0x10c e:/cypress/psoc creator/4.2/psoc creator/import/gnu/arm/5.4.1/bin/../lib/gcc/arm-none-eabi/5.4.1/../../../../arm-none-eabi/lib/armv7-m\libg_nano.a(lib_a-fflush.o)
                0x00007cc0                __sflush_r
 .text._fflush_r
                0x00007dcc       0x54 e:/cypress/psoc creator/4.2/psoc creator/import/gnu/arm/5.4.1/bin/../lib/gcc/arm-none-eabi/5.4.1/../../../../arm-none-eabi/lib/armv7-m\libg_nano.a(lib_a-fflush.o)
                0x00007dcc                _fflush_r
 .text._cleanup_r
                0x00007e20        0xc e:/cypress/psoc creator/4.2/psoc creator/import/gnu/arm/5.4.1/bin/../lib/gcc/arm-none-eabi/5.4.1/../../../../arm-none-eabi/lib/armv7-m\libg_nano.a(lib_a-findfp.o)
                0x00007e20                _cleanup_r
 .text.std.isra.0
                0x00007e2c       0x48 e:/cypress/psoc creator/4.2/psoc creator/import/gnu/arm/5.4.1/bin/../lib/gcc/arm-none-eabi/5.4.1/../../../../arm-none-eabi/lib/armv7-m\libg_nano.a(lib_a-findfp.o)
 .text.__sfmoreglue
                0x00007e74       0x2c e:/cypress/psoc creator/4.2/psoc creator/import/gnu/arm/5.4.1/bin/../lib/gcc/arm-none-eabi/5.4.1/../../../../arm-none-eabi/lib/armv7-m\libg_nano.a(lib_a-findfp.o)
                0x00007e74                __sfmoreglue
 .text.__sinit  0x00007ea0       0x60 e:/cypress/psoc creator/4.2/psoc creator/import/gnu/arm/5.4.1/bin/../lib/gcc/arm-none-eabi/5.4.1/../../../../arm-none-eabi/lib/armv7-m\libg_nano.a(lib_a-findfp.o)
                0x00007ea0                __sinit
 .text.__sfp    0x00007f00       0x78 e:/cypress/psoc creator/4.2/psoc creator/import/gnu/arm/5.4.1/bin/../lib/gcc/arm-none-eabi/5.4.1/../../../../arm-none-eabi/lib/armv7-m\libg_nano.a(lib_a-findfp.o)
                0x00007f00                __sfp
 .text._fwalk_reent
                0x00007f78       0x3c e:/cypress/psoc creator/4.2/psoc creator/import/gnu/arm/5.4.1/bin/../lib/gcc/arm-none-eabi/5.4.1/../../../../arm-none-eabi/lib/armv7-m\libg_nano.a(lib_a-fwalk.o)
                0x00007f78                _fwalk_reent
 .text.__swhatbuf_r
                0x00007fb4       0x46 e:/cypress/psoc creator/4.2/psoc creator/import/gnu/arm/5.4.1/bin/../lib/gcc/arm-none-eabi/5.4.1/../../../../arm-none-eabi/lib/armv7-m\libg_nano.a(lib_a-makebuf.o)
                0x00007fb4                __swhatbuf_r
 *fill*         0x00007ffa        0x2 
 .text.__smakebuf_r
                0x00007ffc       0x78 e:/cypress/psoc creator/4.2/psoc creator/import/gnu/arm/5.4.1/bin/../lib/gcc/arm-none-eabi/5.4.1/../../../../arm-none-eabi/lib/armv7-m\libg_nano.a(lib_a-makebuf.o)
                0x00007ffc                __smakebuf_r
 .text.memmove  0x00008074       0x36 e:/cypress/psoc creator/4.2/psoc creator/import/gnu/arm/5.4.1/bin/../lib/gcc/arm-none-eabi/5.4.1/../../../../arm-none-eabi/lib/armv7-m\libg_nano.a(lib_a-memmove.o)
                0x00008074                memmove
 .text.__malloc_lock
                0x000080aa        0x2 e:/cypress/psoc creator/4.2/psoc creator/import/gnu/arm/5.4.1/bin/../lib/gcc/arm-none-eabi/5.4.1/../../../../arm-none-eabi/lib/armv7-m\libg_nano.a(lib_a-mlock.o)
                0x000080aa                __malloc_lock
 .text.__malloc_unlock
                0x000080ac        0x2 e:/cypress/psoc creator/4.2/psoc creator/import/gnu/arm/5.4.1/bin/../lib/gcc/arm-none-eabi/5.4.1/../../../../arm-none-eabi/lib/armv7-m\libg_nano.a(lib_a-mlock.o)
                0x000080ac                __malloc_unlock
 .text._realloc_r
                0x000080ae       0x4c e:/cypress/psoc creator/4.2/psoc creator/import/gnu/arm/5.4.1/bin/../lib/gcc/arm-none-eabi/5.4.1/../../../../arm-none-eabi/lib/armv7-m\libg_nano.a(lib_a-nano-reallocr.o)
                0x000080ae                _realloc_r
 *fill*         0x000080fa        0x2 
 .text._fstat_r
                0x000080fc       0x24 e:/cypress/psoc creator/4.2/psoc creator/import/gnu/arm/5.4.1/bin/../lib/gcc/arm-none-eabi/5.4.1/../../../../arm-none-eabi/lib/armv7-m\libg_nano.a(lib_a-fstatr.o)
                0x000080fc                _fstat_r
 .text._isatty_r
                0x00008120       0x20 e:/cypress/psoc creator/4.2/psoc creator/import/gnu/arm/5.4.1/bin/../lib/gcc/arm-none-eabi/5.4.1/../../../../arm-none-eabi/lib/armv7-m\libg_nano.a(lib_a-isattyr.o)
                0x00008120                _isatty_r
 .text._malloc_usable_size_r
                0x00008140       0x14 e:/cypress/psoc creator/4.2/psoc creator/import/gnu/arm/5.4.1/bin/../lib/gcc/arm-none-eabi/5.4.1/../../../../arm-none-eabi/lib/armv7-m\libg_nano.a(lib_a-nano-msizer.o)
                0x00008140                _malloc_usable_size_r
 .text._close   0x00008154       0x10 e:/cypress/psoc creator/4.2/psoc creator/import/gnu/arm/5.4.1/bin/../lib/gcc/arm-none-eabi/5.4.1/../../../../arm-none-eabi/lib/armv7-m\libnosys.a(close.o)
                0x00008154                _close
 .text._fstat   0x00008164       0x10 e:/cypress/psoc creator/4.2/psoc creator/import/gnu/arm/5.4.1/bin/../lib/gcc/arm-none-eabi/5.4.1/../../../../arm-none-eabi/lib/armv7-m\libnosys.a(fstat.o)
                0x00008164                _fstat
 .text._isatty  0x00008174       0x10 e:/cypress/psoc creator/4.2/psoc creator/import/gnu/arm/5.4.1/bin/../lib/gcc/arm-none-eabi/5.4.1/../../../../arm-none-eabi/lib/armv7-m\libnosys.a(isatty.o)
                0x00008174                _isatty
 .text._lseek   0x00008184       0x10 e:/cypress/psoc creator/4.2/psoc creator/import/gnu/arm/5.4.1/bin/../lib/gcc/arm-none-eabi/5.4.1/../../../../arm-none-eabi/lib/armv7-m\libnosys.a(lseek.o)
                0x00008184                _lseek
 .text._read    0x00008194       0x10 e:/cypress/psoc creator/4.2/psoc creator/import/gnu/arm/5.4.1/bin/../lib/gcc/arm-none-eabi/5.4.1/../../../../arm-none-eabi/lib/armv7-m\libnosys.a(read.o)
                0x00008194                _read
 .text._write   0x000081a4       0x10 e:/cypress/psoc creator/4.2/psoc creator/import/gnu/arm/5.4.1/bin/../lib/gcc/arm-none-eabi/5.4.1/../../../../arm-none-eabi/lib/armv7-m\libnosys.a(write.o)
                0x000081a4                _write
 *(.plt)
 *(.gnu.warning)
 *(.glue_7t)
 .glue_7t       0x000081b4        0x0 linker stubs
 *(.glue_7)
 .glue_7        0x000081b4        0x0 linker stubs
 *(.vfp11_veneer)
 .vfp11_veneer  0x000081b4        0x0 linker stubs
 *(.bootloader)
 *(.ARM.extab* .gnu.linkonce.armextab.*)
 *(.gcc_except_table)

.v4_bx          0x000081b4        0x0
 .v4_bx         0x000081b4        0x0 linker stubs

.iplt           0x000081b4        0x0
 .iplt          0x000081b4        0x0 e:/cypress/psoc creator/4.2/psoc creator/import/gnu/arm/5.4.1/bin/../lib/gcc/arm-none-eabi/5.4.1/armv7-m/crtbegin.o

.eh_frame_hdr
 *(.eh_frame_hdr)

.eh_frame       0x000081b4        0x4
 *(.eh_frame)
 .eh_frame      0x000081b4        0x0 e:/cypress/psoc creator/4.2/psoc creator/import/gnu/arm/5.4.1/bin/../lib/gcc/arm-none-eabi/5.4.1/armv7-m/crtbegin.o
 .eh_frame      0x000081b4        0x4 e:/cypress/psoc creator/4.2/psoc creator/import/gnu/arm/5.4.1/bin/../lib/gcc/arm-none-eabi/5.4.1/armv7-m/crtend.o
                [!provide]                PROVIDE (__exidx_start, .)

.ARM.exidx
 *(.ARM.exidx* .gnu.linkonce.armexidx.*)
                0x000081b8                __exidx_end = .

.rodata         0x000081b8     0x11a0
 *(.rodata .rodata.* .gnu.linkonce.r.*)
 .rodata        0x000081b8       0x1b .\CortexM3\ARM_GCC_541\Debug\SSD1306.o
 *fill*         0x000081d3        0x1 
 .rodata        0x000081d4        0xc .\CortexM3\ARM_GCC_541\Debug\gfx.o
 .rodata        0x000081e0        0xc .\CortexM3\ARM_GCC_541\Debug\gfx_impl.o
 .rodata        0x000081ec       0x7c .\CortexM3\ARM_GCC_541\Debug\BME280_INTF.o
 .rodata        0x00008268      0xbbe .\CortexM3\ARM_GCC_541\Debug\command.o
 *fill*         0x00008e26        0x2 
 .rodata        0x00008e28      0x134 .\CortexM3\ARM_GCC_541\Debug\menu.o
 .rodata        0x00008f5c       0x58 .\CortexM3\ARM_GCC_541\Debug\cyfitter_cfg.o
 .rodata.str1.1
                0x00008fb4       0x81 e:/cypress/psoc creator/4.2/psoc creator/import/gnu/arm/5.4.1/bin/../lib/gcc/arm-none-eabi/5.4.1/../../../../arm-none-eabi/lib/armv7-m\libg_nano.a(lib_a-getopt.o)
                                 0x84 (size before relaxing)
 .rodata.str1.1
                0x00009035        0x2 e:/cypress/psoc creator/4.2/psoc creator/import/gnu/arm/5.4.1/bin/../lib/gcc/arm-none-eabi/5.4.1/../../../../arm-none-eabi/lib/armv7-m\libg_nano.a(lib_a-impure.o)
 *fill*         0x00009037        0x1 
 .rodata._global_impure_ptr
                0x00009038        0x4 e:/cypress/psoc creator/4.2/psoc creator/import/gnu/arm/5.4.1/bin/../lib/gcc/arm-none-eabi/5.4.1/../../../../arm-none-eabi/lib/armv7-m\libg_nano.a(lib_a-impure.o)
                0x00009038                _global_impure_ptr
 .rodata.str1.1
                0x0000903c       0x10 e:/cypress/psoc creator/4.2/psoc creator/import/gnu/arm/5.4.1/bin/../lib/gcc/arm-none-eabi/5.4.1/../../../../arm-none-eabi/lib/armv7-m\libg_nano.a(lib_a-nano-vfprintf_float.o)
                                 0x12 (size before relaxing)
 .rodata.str1.1
                0x0000904c       0x22 e:/cypress/psoc creator/4.2/psoc creator/import/gnu/arm/5.4.1/bin/../lib/gcc/arm-none-eabi/5.4.1/../../../../arm-none-eabi/lib/armv7-m\libg_nano.a(lib_a-nano-vfprintf_i.o)
 .rodata._ctype_
                0x0000906e      0x101 e:/cypress/psoc creator/4.2/psoc creator/import/gnu/arm/5.4.1/bin/../lib/gcc/arm-none-eabi/5.4.1/../../../../arm-none-eabi/lib/armv7-m\libg_nano.a(lib_a-ctype_.o)
                0x0000906e                _ctype_
 .rodata.str1.1
                0x0000916f        0xd e:/cypress/psoc creator/4.2/psoc creator/import/gnu/arm/5.4.1/bin/../lib/gcc/arm-none-eabi/5.4.1/../../../../arm-none-eabi/lib/armv7-m\libg_nano.a(lib_a-dtoa.o)
                                  0xf (size before relaxing)
 .rodata.str1.1
                0x0000917c        0x8 e:/cypress/psoc creator/4.2/psoc creator/import/gnu/arm/5.4.1/bin/../lib/gcc/arm-none-eabi/5.4.1/../../../../arm-none-eabi/lib/armv7-m\libg_nano.a(lib_a-locale.o)
                                  0xb (size before relaxing)
 *fill*         0x00009184        0x4 
 .rodata.__mprec_tens
                0x00009188       0xc8 e:/cypress/psoc creator/4.2/psoc creator/import/gnu/arm/5.4.1/bin/../lib/gcc/arm-none-eabi/5.4.1/../../../../arm-none-eabi/lib/armv7-m\libg_nano.a(lib_a-mprec.o)
                0x00009188                __mprec_tens
 .rodata.p05.5408
                0x00009250        0xc e:/cypress/psoc creator/4.2/psoc creator/import/gnu/arm/5.4.1/bin/../lib/gcc/arm-none-eabi/5.4.1/../../../../arm-none-eabi/lib/armv7-m\libg_nano.a(lib_a-mprec.o)
 *fill*         0x0000925c        0x4 
 .rodata.__mprec_bigtens
                0x00009260       0x28 e:/cypress/psoc creator/4.2/psoc creator/import/gnu/arm/5.4.1/bin/../lib/gcc/arm-none-eabi/5.4.1/../../../../arm-none-eabi/lib/armv7-m\libg_nano.a(lib_a-mprec.o)
                0x00009260                __mprec_bigtens
 .rodata.str1.1
                0x00009288       0x11 e:/cypress/psoc creator/4.2/psoc creator/import/gnu/arm/5.4.1/bin/../lib/gcc/arm-none-eabi/5.4.1/../../../../arm-none-eabi/lib/armv7-m\libg_nano.a(lib_a-nano-svfprintf.o)
 .rodata.str1.1
                0x00009299        0x4 e:/cypress/psoc creator/4.2/psoc creator/import/gnu/arm/5.4.1/bin/../lib/gcc/arm-none-eabi/5.4.1/../../../../arm-none-eabi/lib/armv7-m\libg_nano.a(lib_a-nano-svfscanf.o)
 *fill*         0x00009299        0x3 
 .rodata        0x0000929c        0xc e:/cypress/psoc creator/4.2/psoc creator/import/gnu/arm/5.4.1/bin/../lib/gcc/arm-none-eabi/5.4.1/../../../../arm-none-eabi/lib/armv7-m\libg_nano.a(lib_a-nano-vfscanf_i.o)
 .rodata.str1.1
                0x000092a8       0x1b e:/cypress/psoc creator/4.2/psoc creator/import/gnu/arm/5.4.1/bin/../lib/gcc/arm-none-eabi/5.4.1/../../../../arm-none-eabi/lib/armv7-m\libg_nano.a(lib_a-nano-vfscanf_i.o)
 *fill*         0x000092c3        0x1 
 .rodata.__sf_fake_stdin
                0x000092c4       0x20 e:/cypress/psoc creator/4.2/psoc creator/import/gnu/arm/5.4.1/bin/../lib/gcc/arm-none-eabi/5.4.1/../../../../arm-none-eabi/lib/armv7-m\libg_nano.a(lib_a-findfp.o)
                0x000092c4                __sf_fake_stdin
 .rodata.__sf_fake_stdout
                0x000092e4       0x20 e:/cypress/psoc creator/4.2/psoc creator/import/gnu/arm/5.4.1/bin/../lib/gcc/arm-none-eabi/5.4.1/../../../../arm-none-eabi/lib/armv7-m\libg_nano.a(lib_a-findfp.o)
                0x000092e4                __sf_fake_stdout
 .rodata.__sf_fake_stderr
                0x00009304       0x20 e:/cypress/psoc creator/4.2/psoc creator/import/gnu/arm/5.4.1/bin/../lib/gcc/arm-none-eabi/5.4.1/../../../../arm-none-eabi/lib/armv7-m\libg_nano.a(lib_a-findfp.o)
                0x00009304                __sf_fake_stderr
                0x00009324                . = ALIGN (0x4)
 *(.init)
 .init          0x00009324        0x4 e:/cypress/psoc creator/4.2/psoc creator/import/gnu/arm/5.4.1/bin/../lib/gcc/arm-none-eabi/5.4.1/armv7-m/crti.o
                0x00009324                _init
 .init          0x00009328        0x8 e:/cypress/psoc creator/4.2/psoc creator/import/gnu/arm/5.4.1/bin/../lib/gcc/arm-none-eabi/5.4.1/armv7-m/crtn.o
                0x00009330                . = ALIGN (0x4)
                0x00009330                __preinit_array_start = .
 *(.preinit_array)
                0x00009330                __preinit_array_end = .
                0x00009330                . = ALIGN (0x4)
                0x00009330                __init_array_start = .
 *(SORT(.init_array.*))
 *(.init_array)
 .init_array    0x00009330        0x4 e:/cypress/psoc creator/4.2/psoc creator/import/gnu/arm/5.4.1/bin/../lib/gcc/arm-none-eabi/5.4.1/armv7-m/crtbegin.o
 .init_array    0x00009334        0x4 .\CortexM3\ARM_GCC_541\Debug\Cm3Start.o
                0x00009338                __init_array_end = .
                0x00009338                . = ALIGN (0x4)
 *(.fini)
 .fini          0x00009338        0x4 e:/cypress/psoc creator/4.2/psoc creator/import/gnu/arm/5.4.1/bin/../lib/gcc/arm-none-eabi/5.4.1/armv7-m/crti.o
                0x00009338                _fini
 .fini          0x0000933c        0x8 e:/cypress/psoc creator/4.2/psoc creator/import/gnu/arm/5.4.1/bin/../lib/gcc/arm-none-eabi/5.4.1/armv7-m/crtn.o
                0x00009344                . = ALIGN (0x4)
                0x00009344                __fini_array_start = .
 *(.fini_array)
 .fini_array    0x00009344        0x4 e:/cypress/psoc creator/4.2/psoc creator/import/gnu/arm/5.4.1/bin/../lib/gcc/arm-none-eabi/5.4.1/armv7-m/crtbegin.o
 *(SORT(.fini_array.*))
                0x00009348                __fini_array_end = .
                0x00009348                . = ALIGN (0x4)
 *crtbegin.o(.ctors)
 *(EXCLUDE_FILE(*crtend.o) .ctors)
 *(SORT(.ctors.*))
 *crtend.o(.ctors)
                0x00009348                . = ALIGN (0x4)
 *crtbegin.o(.dtors)
 *(EXCLUDE_FILE(*crtend.o) .dtors)
 *(SORT(.dtors.*))
 *crtend.o(.dtors)
                0x00009348                . = ALIGN (0x4)
                0x00009348                __cy_regions = .
                0x00009348        0x4 LONG 0x9358 __cy_region_init_ram
                0x0000934c        0x4 LONG 0x1fff80c8 __cy_region_start_data
                0x00009350        0x4 LONG 0x6f8 __cy_region_init_size_ram
                0x00009354        0x4 LONG 0xeb8 __cy_region_zero_size_ram
                0x00009358                __cy_regions_end = .
                0x00009358                . = ALIGN (0x8)
                0x00009358                _etext = .

.cy_checksum_exclude
                0x00009358        0x0
 *(.cy_checksum_exclude)

.ramvectors     0x1fff8000       0xc0
                0x1fff8000                __cy_region_start_ram = .
 *(.ramvectors)
 .ramvectors    0x1fff8000       0xc0 .\CortexM3\ARM_GCC_541\Debug\Cm3Start.o
                0x1fff8000                CyRamVectors

.noinit         0x1fff80c0        0x5
 *(.noinit)
 .noinit        0x1fff80c0        0x4 .\CortexM3\ARM_GCC_541\Debug\Cm3Start.o
 .noinit        0x1fff80c4        0x1 .\CortexM3\ARM_GCC_541\Debug\Rhea.a(CyLib.o)
                0x1fff80c4                CyResetStatus

.data           0x1fff80c8      0x6f8 load address 0x00009358
                0x1fff80c8                __cy_region_start_data = .
 *(.jcr)
 .jcr           0x1fff80c8        0x0 e:/cypress/psoc creator/4.2/psoc creator/import/gnu/arm/5.4.1/bin/../lib/gcc/arm-none-eabi/5.4.1/armv7-m/crtbegin.o
 .jcr           0x1fff80c8        0x4 e:/cypress/psoc creator/4.2/psoc creator/import/gnu/arm/5.4.1/bin/../lib/gcc/arm-none-eabi/5.4.1/armv7-m/crtend.o
 *(.got.plt)
 *(.got)
 *(.shdata)
 *(.data .data.* .gnu.linkonce.d.*)
 .data          0x1fff80cc      0x640 .\CortexM3\ARM_GCC_541\Debug\gfx.o
                0x1fff80cc                codefont_8x8_data
                0x1fff83ec                codefont_8x8_descriptors
 .data          0x1fff870c        0x4 .\CortexM3\ARM_GCC_541\Debug\Cm3Start.o
 .data.optopt   0x1fff8710        0x4 e:/cypress/psoc creator/4.2/psoc creator/import/gnu/arm/5.4.1/bin/../lib/gcc/arm-none-eabi/5.4.1/../../../../arm-none-eabi/lib/armv7-m\libg_nano.a(lib_a-getopt.o)
                0x1fff8710                optopt
 .data.opterr   0x1fff8714        0x4 e:/cypress/psoc creator/4.2/psoc creator/import/gnu/arm/5.4.1/bin/../lib/gcc/arm-none-eabi/5.4.1/../../../../arm-none-eabi/lib/armv7-m\libg_nano.a(lib_a-getopt.o)
                0x1fff8714                opterr
 .data.impure_data
                0x1fff8718       0x60 e:/cypress/psoc creator/4.2/psoc creator/import/gnu/arm/5.4.1/bin/../lib/gcc/arm-none-eabi/5.4.1/../../../../arm-none-eabi/lib/armv7-m\libg_nano.a(lib_a-impure.o)
 .data._impure_ptr
                0x1fff8778        0x4 e:/cypress/psoc creator/4.2/psoc creator/import/gnu/arm/5.4.1/bin/../lib/gcc/arm-none-eabi/5.4.1/../../../../arm-none-eabi/lib/armv7-m\libg_nano.a(lib_a-impure.o)
                0x1fff8778                _impure_ptr
 .data.__ctype_ptr__
                0x1fff877c        0x4 e:/cypress/psoc creator/4.2/psoc creator/import/gnu/arm/5.4.1/bin/../lib/gcc/arm-none-eabi/5.4.1/../../../../arm-none-eabi/lib/armv7-m\libg_nano.a(lib_a-ctype_.o)
                0x1fff877c                __ctype_ptr__
 .data.lconv    0x1fff8780       0x38 e:/cypress/psoc creator/4.2/psoc creator/import/gnu/arm/5.4.1/bin/../lib/gcc/arm-none-eabi/5.4.1/../../../../arm-none-eabi/lib/armv7-m\libg_nano.a(lib_a-locale.o)
 .data.environ  0x1fff87b8        0x4 e:/cypress/psoc creator/4.2/psoc creator/import/gnu/arm/5.4.1/bin/../lib/gcc/arm-none-eabi/5.4.1/../../../../arm-none-eabi/lib/armv7-m\libg_nano.a(lib_a-environ.o)
                0x1fff87b8                environ
                0x1fff87c0                . = ALIGN (0x8)
 *fill*         0x1fff87bc        0x4 
 *(.ram)
                0x1fff87c0                _edata = .

.igot.plt       0x1fff87c0        0x0 load address 0x00009a50
 .igot.plt      0x1fff87c0        0x0 e:/cypress/psoc creator/4.2/psoc creator/import/gnu/arm/5.4.1/bin/../lib/gcc/arm-none-eabi/5.4.1/armv7-m/crtbegin.o

.bss            0x1fff87c0      0xeb8 load address 0x00009a50
                0x1fff87c0                PROVIDE (__bss_start__, .)
 *(.shbss)
 *(.bss .bss.* .gnu.linkonce.b.*)
 .bss           0x1fff87c0       0x1c e:/cypress/psoc creator/4.2/psoc creator/import/gnu/arm/5.4.1/bin/../lib/gcc/arm-none-eabi/5.4.1/armv7-m/crtbegin.o
 .bss           0x1fff87dc       0x41 .\CortexM3\ARM_GCC_541\Debug\BME280.o
 *fill*         0x1fff881d        0x3 
 .bss           0x1fff8820      0x40c .\CortexM3\ARM_GCC_541\Debug\SSD1306.o
 .bss           0x1fff8c2c       0x10 .\CortexM3\ARM_GCC_541\Debug\gfx.o
 *fill*         0x1fff8c3c        0x4 
 .bss           0x1fff8c40      0x810 .\CortexM3\ARM_GCC_541\Debug\sensor.o
 .bss           0x1fff9450        0x1 .\CortexM3\ARM_GCC_541\Debug\command.o
                0x1fff9450                serial_data_ready
 .bss           0x1fff9451        0x3 .\CortexM3\ARM_GCC_541\Debug\input.o
                0x1fff9451                button_enter_pressed
                0x1fff9452                button_right_pressed
                0x1fff9453                button_left_pressed
 *fill*         0x1fff9454        0x4 
 .bss           0x1fff9458       0xd8 .\CortexM3\ARM_GCC_541\Debug\menu.o
 .bss           0x1fff9530        0x1 .\CortexM3\ARM_GCC_541\Debug\Rhea.a(I2C.o)
                0x1fff9530                I2C_initVar
 .bss           0x1fff9531        0x2 .\CortexM3\ARM_GCC_541\Debug\Rhea.a(UART.o)
                0x1fff9531                UART_initVar
 .bss           0x1fff9533        0x1 .\CortexM3\ARM_GCC_541\Debug\Rhea.a(SENSOR_TIMER.o)
                0x1fff9533                SENSOR_TIMER_initVar
 .bss.optwhere  0x1fff9534        0x4 e:/cypress/psoc creator/4.2/psoc creator/import/gnu/arm/5.4.1/bin/../lib/gcc/arm-none-eabi/5.4.1/../../../../arm-none-eabi/lib/armv7-m\libg_nano.a(lib_a-getopt.o)
 .bss.optind    0x1fff9538        0x4 e:/cypress/psoc creator/4.2/psoc creator/import/gnu/arm/5.4.1/bin/../lib/gcc/arm-none-eabi/5.4.1/../../../../arm-none-eabi/lib/armv7-m\libg_nano.a(lib_a-getopt.o)
                0x1fff9538                optind
 .bss.optarg    0x1fff953c        0x4 e:/cypress/psoc creator/4.2/psoc creator/import/gnu/arm/5.4.1/bin/../lib/gcc/arm-none-eabi/5.4.1/../../../../arm-none-eabi/lib/armv7-m\libg_nano.a(lib_a-getopt.o)
                0x1fff953c                optarg
 .bss.__malloc_sbrk_start
                0x1fff9540        0x4 e:/cypress/psoc creator/4.2/psoc creator/import/gnu/arm/5.4.1/bin/../lib/gcc/arm-none-eabi/5.4.1/../../../../arm-none-eabi/lib/armv7-m\libg_nano.a(lib_a-nano-mallocr.o)
                0x1fff9540                __malloc_sbrk_start
 .bss.__malloc_free_list
                0x1fff9544        0x4 e:/cypress/psoc creator/4.2/psoc creator/import/gnu/arm/5.4.1/bin/../lib/gcc/arm-none-eabi/5.4.1/../../../../arm-none-eabi/lib/armv7-m\libg_nano.a(lib_a-nano-mallocr.o)
                0x1fff9544                __malloc_free_list
 .bss.initial_env
                0x1fff9548        0x4 e:/cypress/psoc creator/4.2/psoc creator/import/gnu/arm/5.4.1/bin/../lib/gcc/arm-none-eabi/5.4.1/../../../../arm-none-eabi/lib/armv7-m\libg_nano.a(lib_a-environ.o)
 *(COMMON)
 COMMON         0x1fff954c      0x105 .\CortexM3\ARM_GCC_541\Debug\command.o
                0x1fff954c                bufferSize
                0x1fff9550                serialBuffer
 *fill*         0x1fff9651        0x3 
 COMMON         0x1fff9654        0x8 .\CortexM3\ARM_GCC_541\Debug\menu.o
                0x1fff9654                mainStateMachine
 COMMON         0x1fff965c        0x1 .\CortexM3\ARM_GCC_541\Debug\Rhea.a(I2C.o)
                0x1fff965c                I2C_state
 *fill*         0x1fff965d        0x3 
 COMMON         0x1fff9660       0x10 .\CortexM3\ARM_GCC_541\Debug\Rhea.a(I2C_MASTER.o)
                0x1fff9660                I2C_mstrWrBufIndex
                0x1fff9661                I2C_mstrWrBufSize
                0x1fff9662                I2C_mstrStatus
                0x1fff9664                I2C_mstrRdBufPtr
                0x1fff9668                I2C_mstrControl
                0x1fff9669                I2C_mstrRdBufSize
                0x1fff966a                I2C_mstrRdBufIndex
                0x1fff966c                I2C_mstrWrBufPtr
 COMMON         0x1fff9670        0x4 e:/cypress/psoc creator/4.2/psoc creator/import/gnu/arm/5.4.1/bin/../lib/gcc/arm-none-eabi/5.4.1/../../../../arm-none-eabi/lib/armv7-m\libg_nano.a(lib_a-reent.o)
                0x1fff9670                errno
                0x1fff9678                . = ALIGN (0x8)
 *fill*         0x1fff9674        0x4 
 *(.ram.b)
                0x1fff9678                _end = .
                0x1fff9678                __end = .
                0x1fff9678                PROVIDE (end, .)
                0x1fff9678                PROVIDE (__bss_end__, .)
                0x00009358                __cy_region_init_ram = LOADADDR (.data)
                0x000006f8                __cy_region_init_size_ram = (_edata - ADDR (.data))
                0x00000eb8                __cy_region_zero_size_ram = (_end - _edata)

.heap           0x1fff9678       0x80 load address 0x00009a50
                0x1fff9678                . = _end
                0x1fff96f8                . = (. + 0x80)
 *fill*         0x1fff9678       0x80 
                0x1fff96f8                __cy_heap_limit = .

.stack          0x20007800      0x800
                0x20007800                __cy_stack_limit = .
                0x20008000                . = (. + 0x800)
 *fill*         0x20007800      0x800 
                0x00000001                ASSERT ((__cy_stack_limit >= __cy_heap_limit), region RAM overflowed with stack)
                0x00000000                cy_checksum_exclude_size = (CY_APPL_LOADABLE == 0x1)?SIZEOF (.cy_checksum_exclude):0x0
                0x00000001                ASSERT ((cy_checksum_exclude_size <= CY_CHECKSUM_EXCLUDE_SIZE), CY_BOOT: Section .cy_checksum_exclude size exceedes specified limit.)

.cyloadermeta
 *(.cyloadermeta)

.cyloadablemeta
 *(.cyloadablemeta)

.cyconfigecc    0x80000000      0x498
 *(.cyconfigecc)
 .cyconfigecc   0x80000000      0x498 .\CortexM3\ARM_GCC_541\Debug\cymetadata.o
                0x80000000                cy_meta_configecc

.cycustnvl      0x90000000        0x4
 *(.cycustnvl)
 .cycustnvl     0x90000000        0x4 .\CortexM3\ARM_GCC_541\Debug\cymetadata.o
                0x90000000                cy_meta_custnvl

.cywolatch      0x90100000        0x4
 *(.cywolatch)
 .cywolatch     0x90100000        0x4 .\CortexM3\ARM_GCC_541\Debug\cymetadata.o
                0x90100000                cy_meta_wonvl

.cyeeprom       0x90200000        0x0
 *(.cyeeprom)
                0x00000001                ASSERT ((. <= ((0x90200000 + ee_offset) + ee_size)), .cyeeprom data will not fit in EEPROM)

.cyflashprotect
                0x90400000      0x100
 *(.cyflashprotect)
 .cyflashprotect
                0x90400000      0x100 .\CortexM3\ARM_GCC_541\Debug\cymetadata.o
                0x90400000                cy_meta_flashprotect

.cymeta         0x90500000        0xc
 *(.cymeta)
 .cymeta        0x90500000        0xc .\CortexM3\ARM_GCC_541\Debug\cymetadata.o
                0x90500000                cy_metadata

.rel.dyn        0x00009a50        0x0 load address 0x9050000c
 .rel.iplt      0x00009a50        0x0 e:/cypress/psoc creator/4.2/psoc creator/import/gnu/arm/5.4.1/bin/../lib/gcc/arm-none-eabi/5.4.1/armv7-m/crtbegin.o

.stab           0x00000000       0x9c
 *(.stab)
 .stab          0x00000000       0x24 e:/cypress/psoc creator/4.2/psoc creator/import/gnu/arm/5.4.1/bin/../lib/gcc/arm-none-eabi/5.4.1/../../../../arm-none-eabi/lib/armv7-m\libnosys.a(close.o)
 .stab          0x00000024       0x18 e:/cypress/psoc creator/4.2/psoc creator/import/gnu/arm/5.4.1/bin/../lib/gcc/arm-none-eabi/5.4.1/../../../../arm-none-eabi/lib/armv7-m\libnosys.a(fstat.o)
                                 0x24 (size before relaxing)
 .stab          0x0000003c       0x18 e:/cypress/psoc creator/4.2/psoc creator/import/gnu/arm/5.4.1/bin/../lib/gcc/arm-none-eabi/5.4.1/../../../../arm-none-eabi/lib/armv7-m\libnosys.a(isatty.o)
                                 0x24 (size before relaxing)
 .stab          0x00000054       0x18 e:/cypress/psoc creator/4.2/psoc creator/import/gnu/arm/5.4.1/bin/../lib/gcc/arm-none-eabi/5.4.1/../../../../arm-none-eabi/lib/armv7-m\libnosys.a(lseek.o)
                                 0x24 (size before relaxing)
 .stab          0x0000006c       0x18 e:/cypress/psoc creator/4.2/psoc creator/import/gnu/arm/5.4.1/bin/../lib/gcc/arm-none-eabi/5.4.1/../../../../arm-none-eabi/lib/armv7-m\libnosys.a(read.o)
                                 0x24 (size before relaxing)
 .stab          0x00000084       0x18 e:/cypress/psoc creator/4.2/psoc creator/import/gnu/arm/5.4.1/bin/../lib/gcc/arm-none-eabi/5.4.1/../../../../arm-none-eabi/lib/armv7-m\libnosys.a(write.o)
                                 0x24 (size before relaxing)

.stabstr        0x00000000      0x14d
 *(.stabstr)
 .stabstr       0x00000000      0x14d e:/cypress/psoc creator/4.2/psoc creator/import/gnu/arm/5.4.1/bin/../lib/gcc/arm-none-eabi/5.4.1/../../../../arm-none-eabi/lib/armv7-m\libnosys.a(close.o)

.debug
 *(.debug)

.line
 *(.line)

.debug_srcinfo
 *(.debug_srcinfo)

.debug_sfnames
 *(.debug_sfnames)

.debug_aranges  0x00000000     0x15b8
 *(.debug_aranges)
 .debug_aranges
                0x00000000      0x108 .\CortexM3\ARM_GCC_541\Debug\BME280.o
 .debug_aranges
                0x00000108      0x298 .\CortexM3\ARM_GCC_541\Debug\MCP7940N.o
 .debug_aranges
                0x000003a0       0x68 .\CortexM3\ARM_GCC_541\Debug\SSD1306.o
 .debug_aranges
                0x00000408       0xc0 .\CortexM3\ARM_GCC_541\Debug\gfx.o
 .debug_aranges
                0x000004c8       0x40 .\CortexM3\ARM_GCC_541\Debug\gfx_impl.o
 .debug_aranges
                0x00000508       0x40 .\CortexM3\ARM_GCC_541\Debug\i2c_rhea.o
 .debug_aranges
                0x00000548       0x40 .\CortexM3\ARM_GCC_541\Debug\i2c_impl.o
 .debug_aranges
                0x00000588       0x30 .\CortexM3\ARM_GCC_541\Debug\alarm.o
 .debug_aranges
                0x000005b8       0x50 .\CortexM3\ARM_GCC_541\Debug\datetime.o
 .debug_aranges
                0x00000608       0x68 .\CortexM3\ARM_GCC_541\Debug\rtc.o
 .debug_aranges
                0x00000670       0x78 .\CortexM3\ARM_GCC_541\Debug\rtc_impl.o
 .debug_aranges
                0x000006e8       0x88 .\CortexM3\ARM_GCC_541\Debug\BME280_INTF.o
 .debug_aranges
                0x00000770       0x68 .\CortexM3\ARM_GCC_541\Debug\sensor.o
 .debug_aranges
                0x000007d8       0x20 .\CortexM3\ARM_GCC_541\Debug\sensor_impl.o
 .debug_aranges
                0x000007f8       0x38 .\CortexM3\ARM_GCC_541\Debug\uart_impl.o
 .debug_aranges
                0x00000830       0x78 .\CortexM3\ARM_GCC_541\Debug\uart_rhea.o
 .debug_aranges
                0x000008a8       0x20 .\CortexM3\ARM_GCC_541\Debug\state.o
 .debug_aranges
                0x000008c8       0x60 .\CortexM3\ARM_GCC_541\Debug\command.o
 .debug_aranges
                0x00000928       0x38 .\CortexM3\ARM_GCC_541\Debug\input.o
 .debug_aranges
                0x00000960       0xa0 .\CortexM3\ARM_GCC_541\Debug\menu.o
 .debug_aranges
                0x00000a00       0x30 .\CortexM3\ARM_GCC_541\Debug\main.o
 .debug_aranges
                0x00000a30       0x60 .\CortexM3\ARM_GCC_541\Debug\cyfitter_cfg.o
 .debug_aranges
                0x00000a90       0x18 .\CortexM3\ARM_GCC_541\Debug\cymetadata.o
 .debug_aranges
                0x00000aa8       0x48 .\CortexM3\ARM_GCC_541\Debug\Cm3Start.o
 .debug_aranges
                0x00000af0       0x38 .\CortexM3\ARM_GCC_541\Debug\Rhea.a(I2C.o)
 .debug_aranges
                0x00000b28       0x20 .\CortexM3\ARM_GCC_541\Debug\Rhea.a(I2C_INT.o)
 .debug_aranges
                0x00000b48       0x38 .\CortexM3\ARM_GCC_541\Debug\Rhea.a(I2C_PM.o)
 .debug_aranges
                0x00000b80       0x80 .\CortexM3\ARM_GCC_541\Debug\Rhea.a(I2C_MASTER.o)
 .debug_aranges
                0x00000c00       0xf0 .\CortexM3\ARM_GCC_541\Debug\Rhea.a(UART.o)
 .debug_aranges
                0x00000cf0       0x80 .\CortexM3\ARM_GCC_541\Debug\Rhea.a(RTC_INTR.o)
 .debug_aranges
                0x00000d70       0x70 .\CortexM3\ARM_GCC_541\Debug\Rhea.a(DEBOUNCE_CLK.o)
 .debug_aranges
                0x00000de0       0x80 .\CortexM3\ARM_GCC_541\Debug\Rhea.a(BTN_RIGHT_INTR.o)
 .debug_aranges
                0x00000e60       0x80 .\CortexM3\ARM_GCC_541\Debug\Rhea.a(BTN_LEFT_INTR.o)
 .debug_aranges
                0x00000ee0       0x80 .\CortexM3\ARM_GCC_541\Debug\Rhea.a(BTN_ENTER_INTR.o)
 .debug_aranges
                0x00000f60       0x88 .\CortexM3\ARM_GCC_541\Debug\Rhea.a(SENSOR_TIMER.o)
 .debug_aranges
                0x00000fe8       0x80 .\CortexM3\ARM_GCC_541\Debug\Rhea.a(SENSOR_1MS.o)
 .debug_aranges
                0x00001068       0x70 .\CortexM3\ARM_GCC_541\Debug\Rhea.a(UART_IntClock.o)
 .debug_aranges
                0x000010d8      0x2a0 .\CortexM3\ARM_GCC_541\Debug\Rhea.a(CyLib.o)
 .debug_aranges
                0x00001378       0x98 .\CortexM3\ARM_GCC_541\Debug\Rhea.a(cyPm.o)
 .debug_aranges
                0x00001410       0x80 .\CortexM3\ARM_GCC_541\Debug\Rhea.a(UART_RX_INTR.o)
 .debug_aranges
                0x00001490       0x20 .\CortexM3\ARM_GCC_541\Debug\Rhea.a(CyBootAsmGnu.o)
 .debug_aranges
                0x000014b0       0x88 .\CortexM3\ARM_GCC_541\Debug\Rhea.a(CyFlash.o)
 .debug_aranges
                0x00001538       0x80 .\CortexM3\ARM_GCC_541\Debug\Rhea.a(CySpc.o)

.debug_pubnames
 *(.debug_pubnames)

.debug_info     0x00000000     0xa5ea
 *(.debug_info .gnu.linkonce.wi.*)
 .debug_info    0x00000000      0x929 .\CortexM3\ARM_GCC_541\Debug\BME280.o
 .debug_info    0x00000929     0x1464 .\CortexM3\ARM_GCC_541\Debug\MCP7940N.o
 .debug_info    0x00001d8d      0x325 .\CortexM3\ARM_GCC_541\Debug\SSD1306.o
 .debug_info    0x000020b2      0x919 .\CortexM3\ARM_GCC_541\Debug\gfx.o
 .debug_info    0x000029cb      0x229 .\CortexM3\ARM_GCC_541\Debug\gfx_impl.o
 .debug_info    0x00002bf4      0x11e .\CortexM3\ARM_GCC_541\Debug\i2c_rhea.o
 .debug_info    0x00002d12      0x16c .\CortexM3\ARM_GCC_541\Debug\i2c_impl.o
 .debug_info    0x00002e7e      0x313 .\CortexM3\ARM_GCC_541\Debug\alarm.o
 .debug_info    0x00003191      0x5fd .\CortexM3\ARM_GCC_541\Debug\datetime.o
 .debug_info    0x0000378e      0x44b .\CortexM3\ARM_GCC_541\Debug\rtc.o
 .debug_info    0x00003bd9      0x6e8 .\CortexM3\ARM_GCC_541\Debug\rtc_impl.o
 .debug_info    0x000042c1      0x2ea .\CortexM3\ARM_GCC_541\Debug\BME280_INTF.o
 .debug_info    0x000045ab      0x4ba .\CortexM3\ARM_GCC_541\Debug\sensor.o
 .debug_info    0x00004a65       0xc7 .\CortexM3\ARM_GCC_541\Debug\sensor_impl.o
 .debug_info    0x00004b2c      0x141 .\CortexM3\ARM_GCC_541\Debug\uart_impl.o
 .debug_info    0x00004c6d      0x31a .\CortexM3\ARM_GCC_541\Debug\uart_rhea.o
 .debug_info    0x00004f87      0x19c .\CortexM3\ARM_GCC_541\Debug\state.o
 .debug_info    0x00005123      0x499 .\CortexM3\ARM_GCC_541\Debug\command.o
 .debug_info    0x000055bc      0x148 .\CortexM3\ARM_GCC_541\Debug\input.o
 .debug_info    0x00005704      0x51e .\CortexM3\ARM_GCC_541\Debug\menu.o
 .debug_info    0x00005c22      0x1de .\CortexM3\ARM_GCC_541\Debug\main.o
 .debug_info    0x00005e00      0x452 .\CortexM3\ARM_GCC_541\Debug\cyfitter_cfg.o
 .debug_info    0x00006252      0x136 .\CortexM3\ARM_GCC_541\Debug\cymetadata.o
 .debug_info    0x00006388      0x32b .\CortexM3\ARM_GCC_541\Debug\Cm3Start.o
 .debug_info    0x000066b3      0x201 .\CortexM3\ARM_GCC_541\Debug\Rhea.a(I2C.o)
 .debug_info    0x000068b4      0x156 .\CortexM3\ARM_GCC_541\Debug\Rhea.a(I2C_INT.o)
 .debug_info    0x00006a0a      0x19a .\CortexM3\ARM_GCC_541\Debug\Rhea.a(I2C_PM.o)