Archive member included to satisfy reference by file (symbol)

.\CortexM3\ARM_GCC_541\Debug\Rhea.a(I2C.o)
                              .\CortexM3\ARM_GCC_541\Debug\i2c_impl.o (I2C_Start)
.\CortexM3\ARM_GCC_541\Debug\Rhea.a(I2C_INT.o)
                              .\CortexM3\ARM_GCC_541\Debug\Rhea.a(I2C.o) (I2C_ISR)
.\CortexM3\ARM_GCC_541\Debug\Rhea.a(I2C_PM.o)
                              .\CortexM3\ARM_GCC_541\Debug\Rhea.a(I2C.o) (I2C_backup)
.\CortexM3\ARM_GCC_541\Debug\Rhea.a(I2C_MASTER.o)
                              .\CortexM3\ARM_GCC_541\Debug\Rhea.a(I2C.o) (I2C_mstrStatus)
.\CortexM3\ARM_GCC_541\Debug\Rhea.a(UART.o)
                              .\CortexM3\ARM_GCC_541\Debug\uart_impl.o (UART_Start)
.\CortexM3\ARM_GCC_541\Debug\Rhea.a(RTC_INTR.o)
                              .\CortexM3\ARM_GCC_541\Debug\rtc_impl.o (RTC_INTR_StartEx)
.\CortexM3\ARM_GCC_541\Debug\Rhea.a(SENSOR_TIMER.o)
                              .\CortexM3\ARM_GCC_541\Debug\sensor_impl.o (SENSOR_TIMER_Start)
.\CortexM3\ARM_GCC_541\Debug\Rhea.a(SENSOR_1MS.o)
                              .\CortexM3\ARM_GCC_541\Debug\sensor_impl.o (SENSOR_1MS_StartEx)
.\CortexM3\ARM_GCC_541\Debug\Rhea.a(UART_IntClock.o)
                              .\CortexM3\ARM_GCC_541\Debug\Rhea.a(UART.o) (UART_IntClock_Start)
.\CortexM3\ARM_GCC_541\Debug\Rhea.a(CyLib.o)
                              .\CortexM3\ARM_GCC_541\Debug\Cm3Start.o (CyHalt)
.\CortexM3\ARM_GCC_541\Debug\Rhea.a(cyPm.o)
                              .\CortexM3\ARM_GCC_541\Debug\Rhea.a(CyLib.o) (CyPmReadStatus)
.\CortexM3\ARM_GCC_541\Debug\Rhea.a(CyBootAsmGnu.o)
                              .\CortexM3\ARM_GCC_541\Debug\cyfitter_cfg.o (CyDelayCycles)
.\CortexM3\ARM_GCC_541\Debug\Rhea.a(CyFlash.o)
                              .\CortexM3\ARM_GCC_541\Debug\Rhea.a(cyPm.o) (CyFlash_SetWaitCycles)
.\CortexM3\ARM_GCC_541\Debug\Rhea.a(CySpc.o)
                              .\CortexM3\ARM_GCC_541\Debug\Rhea.a(CyFlash.o) (CySpcStart)
e:/cypress/psoc creator/4.2/psoc creator/import/gnu/arm/5.4.1/bin/../lib/gcc/arm-none-eabi/5.4.1/armv7-m\libgcc.a(_arm_addsubdf3.o)
                              .\CortexM3\ARM_GCC_541\Debug\BME280.o (__aeabi_dsub)
e:/cypress/psoc creator/4.2/psoc creator/import/gnu/arm/5.4.1/bin/../lib/gcc/arm-none-eabi/5.4.1/armv7-m\libgcc.a(_arm_muldivdf3.o)
                              .\CortexM3\ARM_GCC_541\Debug\BME280.o (__aeabi_dmul)
e:/cypress/psoc creator/4.2/psoc creator/import/gnu/arm/5.4.1/bin/../lib/gcc/arm-none-eabi/5.4.1/armv7-m\libgcc.a(_arm_cmpdf2.o)
                              .\CortexM3\ARM_GCC_541\Debug\BME280.o (__aeabi_dcmplt)
e:/cypress/psoc creator/4.2/psoc creator/import/gnu/arm/5.4.1/bin/../lib/gcc/arm-none-eabi/5.4.1/armv7-m\libgcc.a(_arm_fixdfsi.o)
                              .\CortexM3\ARM_GCC_541\Debug\BME280.o (__aeabi_d2iz)
e:/cypress/psoc creator/4.2/psoc creator/import/gnu/arm/5.4.1/bin/../lib/gcc/arm-none-eabi/5.4.1/armv7-m\libgcc.a(_arm_fixunsdfsi.o)
                              .\CortexM3\ARM_GCC_541\Debug\BME280.o (__aeabi_d2uiz)
e:/cypress/psoc creator/4.2/psoc creator/import/gnu/arm/5.4.1/bin/../lib/gcc/arm-none-eabi/5.4.1/armv7-m\libgcc.a(_arm_addsubsf3.o)
                              .\CortexM3\ARM_GCC_541\Debug\BME280.o (__aeabi_fadd)
e:/cypress/psoc creator/4.2/psoc creator/import/gnu/arm/5.4.1/bin/../lib/gcc/arm-none-eabi/5.4.1/armv7-m\libgcc.a(_arm_muldivsf3.o)
                              .\CortexM3\ARM_GCC_541\Debug\BME280.o (__aeabi_fmul)
e:/cypress/psoc creator/4.2/psoc creator/import/gnu/arm/5.4.1/bin/../lib/gcc/arm-none-eabi/5.4.1/armv7-m\libgcc.a(_arm_fixsfsi.o)
                              .\CortexM3\ARM_GCC_541\Debug\BME280.o (__aeabi_f2iz)
e:/cypress/psoc creator/4.2/psoc creator/import/gnu/arm/5.4.1/bin/../lib/gcc/arm-none-eabi/5.4.1/armv7-m\libgcc.a(_aeabi_ldivmod.o)
                              .\CortexM3\ARM_GCC_541\Debug\datetime.o (__aeabi_ldivmod)
e:/cypress/psoc creator/4.2/psoc creator/import/gnu/arm/5.4.1/bin/../lib/gcc/arm-none-eabi/5.4.1/armv7-m\libgcc.a(_fixdfdi.o)
                              .\CortexM3\ARM_GCC_541\Debug\datetime.o (__aeabi_d2lz)
e:/cypress/psoc creator/4.2/psoc creator/import/gnu/arm/5.4.1/bin/../lib/gcc/arm-none-eabi/5.4.1/armv7-m\libgcc.a(_fixunsdfdi.o)
                              e:/cypress/psoc creator/4.2/psoc creator/import/gnu/arm/5.4.1/bin/../lib/gcc/arm-none-eabi/5.4.1/armv7-m\libgcc.a(_fixdfdi.o) (__aeabi_d2ulz)
e:/cypress/psoc creator/4.2/psoc creator/import/gnu/arm/5.4.1/bin/../lib/gcc/arm-none-eabi/5.4.1/armv7-m\libgcc.a(_udivmoddi4.o)
                              e:/cypress/psoc creator/4.2/psoc creator/import/gnu/arm/5.4.1/bin/../lib/gcc/arm-none-eabi/5.4.1/armv7-m\libgcc.a(_aeabi_ldivmod.o) (__udivmoddi4)
e:/cypress/psoc creator/4.2/psoc creator/import/gnu/arm/5.4.1/bin/../lib/gcc/arm-none-eabi/5.4.1/armv7-m\libgcc.a(_dvmd_tls.o)
[...]
Memory Configuration

Name             Origin             Length             Attributes
rom              0x00000000         0x00040000         xr
ram              0x1fff8000         0x00010000         xrw
*default*        0x00000000         0xffffffff

Linker script and memory map

LOAD e:/cypress/psoc creator/4.2/psoc creator/import/gnu/arm/5.4.1/bin/../lib/gcc/arm-none-eabi/5.4.1/armv7-m/crti.o
LOAD e:/cypress/psoc creator/4.2/psoc creator/import/gnu/arm/5.4.1/bin/../lib/gcc/arm-none-eabi/5.4.1/armv7-m/crtbegin.o
LOAD e:/cypress/psoc creator/4.2/psoc creator/import/gnu/arm/5.4.1/bin/../lib/gcc/arm-none-eabi/5.4.1/../../../../arm-none-eabi/lib/armv7-m/crt0.o
START GROUP
LOAD .\CortexM3\ARM_GCC_541\Debug\BME280.o
LOAD .\CortexM3\ARM_GCC_541\Debug\MCP7940N.o
LOAD .\CortexM3\ARM_GCC_541\Debug\SSD1306.o
LOAD .\CortexM3\ARM_GCC_541\Debug\gfx.o
LOAD .\CortexM3\ARM_GCC_541\Debug\gfx_impl.o
LOAD .\CortexM3\ARM_GCC_541\Debug\i2c_rhea.o
LOAD .\CortexM3\ARM_GCC_541\Debug\i2c_impl.o
LOAD .\CortexM3\ARM_GCC_541\Debug\alarm.o
LOAD .\CortexM3\ARM_GCC_541\Debug\datetime.o
LOAD .\CortexM3\ARM_GCC_541\Debug\rtc.o
LOAD .\CortexM3\ARM_GCC_541\Debug\rtc_impl.o
LOAD .\CortexM3\ARM_GCC_541\Debug\BME280_INTF.o
LOAD .\CortexM3\ARM_GCC_541\Debug\sensor.o
LOAD .\CortexM3\ARM_GCC_541\Debug\sensor_impl.o
LOAD .\CortexM3\ARM_GCC_541\Debug\uart_impl.o
LOAD .\CortexM3\ARM_GCC_541\Debug\uart_rhea.o
LOAD .\CortexM3\ARM_GCC_541\Debug\cyfitter_cfg.o
LOAD .\CortexM3\ARM_GCC_541\Debug\cymetadata.o
LOAD .\CortexM3\ARM_GCC_541\Debug\Cm3Start.o
LOAD .\CortexM3\ARM_GCC_541\Debug\main.o
LOAD .\CortexM3\ARM_GCC_541\Debug\Rhea.a
LOAD E:\Cypress\PSoC Creator\4.2\PSoC Creator\psoc\content\cycomponentlibrary\CyComponentLibrary.cylib\CortexM3\ARM_GCC_541\Debug\CyComponentLibrary.a
END GROUP
START GROUP
LOAD e:/cypress/psoc creator/4.2/psoc creator/import/gnu/arm/5.4.1/bin/../lib/gcc/arm-none-eabi/5.4.1/armv7-m\libgcc.a
LOAD e:/cypress/psoc creator/4.2/psoc creator/import/gnu/arm/5.4.1/bin/../lib/gcc/arm-none-eabi/5.4.1/../../../../arm-none-eabi/lib/armv7-m\libg_nano.a
LOAD e:/cypress/psoc creator/4.2/psoc creator/import/gnu/arm/5.4.1/bin/../lib/gcc/arm-none-eabi/5.4.1/../../../../arm-none-eabi/lib/armv7-m\libc_nano.a
END GROUP
START GROUP
LOAD e:/cypress/psoc creator/4.2/psoc creator/import/gnu/arm/5.4.1/bin/../lib/gcc/arm-none-eabi/5.4.1/armv7-m\libgcc.a
LOAD e:/cypress/psoc creator/4.2/psoc creator/import/gnu/arm/5.4.1/bin/../lib/gcc/arm-none-eabi/5.4.1/../../../../arm-none-eabi/lib/armv7-m\libc_nano.a
END GROUP
LOAD e:/cypress/psoc creator/4.2/psoc creator/import/gnu/arm/5.4.1/bin/../lib/gcc/arm-none-eabi/5.4.1/armv7-m/crtend.o
LOAD e:/cypress/psoc creator/4.2/psoc creator/import/gnu/arm/5.4.1/bin/../lib/gcc/arm-none-eabi/5.4.1/armv7-m/crtn.o
START GROUP
LOAD e:/cypress/psoc creator/4.2/psoc creator/import/gnu/arm/5.4.1/bin/../lib/gcc/arm-none-eabi/5.4.1/armv7-m\libgcc.a
LOAD e:/cypress/psoc creator/4.2/psoc creator/import/gnu/arm/5.4.1/bin/../lib/gcc/arm-none-eabi/5.4.1/../../../../arm-none-eabi/lib/armv7-m\libc.a
LOAD e:/cypress/psoc creator/4.2/psoc creator/import/gnu/arm/5.4.1/bin/../lib/gcc/arm-none-eabi/5.4.1/../../../../arm-none-eabi/lib/armv7-m\libnosys.a
END GROUP
                0x00000000                CY_APPL_ORIGIN = 0x0
                0x00000100                CY_FLASH_ROW_SIZE = 0x100
                0x00000020                CY_ECC_ROW_SIZE = 0x20
                0x00000000                CY_EE_IN_BTLDR = 0x0
                0x00000000                CY_APPL_LOADABLE = 0x0
                0x00000800                CY_EE_SIZE = 0x800
                0x00000001                CY_APPL_NUM = 0x1
                0x00000001                CY_APPL_MAX = 0x1
                0x00000040                CY_METADATA_SIZE = 0x40
                0x00000000                CY_APPL_LOADABLE = 0x0
                0x00000000                CY_CHECKSUM_EXCLUDE_SIZE = ALIGN (0x0, CY_FLASH_ROW_SIZE)
                [!provide]                PROVIDE (__cy_heap_start, _end)
                0x00000001                PROVIDE (__cy_region_num, ((__cy_regions_end - __cy_regions) / 0x10))
                0x20008000                PROVIDE (__cy_stack, (ORIGIN (ram) + LENGTH (ram)))
                [!provide]                PROVIDE (__cy_heap_end, (__cy_stack - 0x800))

.cybootloader   0x00000000        0x0
 *(.cybootloader)
                0x00000000                appl1_start = CY_APPL_ORIGIN?CY_APPL_ORIGIN:ALIGN (CY_FLASH_ROW_SIZE)
                0x0001ff00                appl2_start = (appl1_start + ALIGN ((((LENGTH (rom) - appl1_start) - (0x2 * CY_FLASH_ROW_SIZE)) / 0x2), CY_FLASH_ROW_SIZE))
                0x00000000                appl_start = (CY_APPL_NUM == 0x1)?appl1_start:appl2_start
                0x00000000                ecc_offset = ((appl_start / CY_FLASH_ROW_SIZE) * CY_ECC_ROW_SIZE)
                0x00000000                ee_offset = (CY_APPL_LOADABLE && ! (CY_EE_IN_BTLDR))?((CY_EE_SIZE / CY_APPL_MAX) * (CY_APPL_NUM - 0x1)):0x0
                0x00000800                ee_size = (CY_APPL_LOADABLE && ! (CY_EE_IN_BTLDR))?(CY_EE_SIZE / CY_APPL_MAX):CY_EE_SIZE
                [!provide]                PROVIDE (CY_ECC_OFFSET, ecc_offset)

.text           0x00000000     0x2916
 CREATE_OBJECT_SYMBOLS
                0x00000000                PROVIDE (__cy_interrupt_vector, RomVectors)
 *(.romvectors)
 .romvectors    0x00000000       0x10 .\CortexM3\ARM_GCC_541\Debug\Cm3Start.o
                0x00000000                RomVectors
                0x00000001                ASSERT ((. != __cy_interrupt_vector), No interrupt vector)
                0x00000001                ASSERT (CY_APPL_ORIGIN?(SIZEOF (.cybootloader) <= CY_APPL_ORIGIN):0x1, Wrong image location)
                0x00000010                PROVIDE (__cy_reset, Reset)
 *(.text.Reset)
 .text.Reset    0x00000010       0x18 .\CortexM3\ARM_GCC_541\Debug\Cm3Start.o
                0x00000010                Reset
                0x00000001                ASSERT ((. != __cy_reset), No reset code)
 *(.dma_init)
                0x00000001                ASSERT ((((appl_start + .) <= 0x10000) || 0x1), DMA Init must be within the first 64k of flash)
 *(.text .text.* .gnu.linkonce.t.*)
 .text          0x00000028       0x5c e:/cypress/psoc creator/4.2/psoc creator/import/gnu/arm/5.4.1/bin/../lib/gcc/arm-none-eabi/5.4.1/armv7-m/crtbegin.o
 .text.BME280_SetI2CController
                0x00000084       0x1c .\CortexM3\ARM_GCC_541\Debug\BME280.o
                0x00000084                BME280_SetI2CController
 .text.BME280_I2CReader
                0x000000a0       0x50 .\CortexM3\ARM_GCC_541\Debug\BME280.o
                0x000000a0                BME280_I2CReader
 .text.BME280_I2CWriter
                0x000000f0       0x44 .\CortexM3\ARM_GCC_541\Debug\BME280.o
                0x000000f0                BME280_I2CWriter
 .text.BME280_Reset
                0x00000134       0x1c .\CortexM3\ARM_GCC_541\Debug\BME280.o
                0x00000134                BME280_Reset
 .text.BME280_Init
                0x00000150      0x130 .\CortexM3\ARM_GCC_541\Debug\BME280.o
                0x00000150                BME280_Init
 .text.BME280_ReadRegisters
                0x00000280       0x28 .\CortexM3\ARM_GCC_541\Debug\BME280.o
                0x00000280                BME280_ReadRegisters
 .text.BME280_GetTemperatureCelsius
                0x000002a8      0x12c .\CortexM3\ARM_GCC_541\Debug\BME280.o
                0x000002a8                BME280_GetTemperatureCelsius
 *fill*         0x000003d4        0x4 
 .text.BME280_GetPressure
                0x000003d8      0x284 .\CortexM3\ARM_GCC_541\Debug\BME280.o
                0x000003d8                BME280_GetPressure
 .text.BME280_GetHumidity
                0x0000065c      0x1ac .\CortexM3\ARM_GCC_541\Debug\BME280.o
                0x0000065c                BME280_GetHumidity
 .text.BME280_GetHumidityMode
                0x00000808       0x10 .\CortexM3\ARM_GCC_541\Debug\BME280.o
                0x00000808                BME280_GetHumidityMode
 .text.BME280_SetHumidityMode
                0x00000818       0x20 .\CortexM3\ARM_GCC_541\Debug\BME280.o
                0x00000818                BME280_SetHumidityMode
 .text.BME280_GetTemperatureMode
                0x00000838       0x10 .\CortexM3\ARM_GCC_541\Debug\BME280.o
                0x00000838                BME280_GetTemperatureMode
 .text.BME280_SetTemperatureMode
                0x00000848       0x20 .\CortexM3\ARM_GCC_541\Debug\BME280.o
                0x00000848                BME280_SetTemperatureMode
 .text.BME280_GetPressureMode
                0x00000868       0x10 .\CortexM3\ARM_GCC_541\Debug\BME280.o
                0x00000868                BME280_GetPressureMode
 .text.BME280_SetPressureMode
                0x00000878       0x20 .\CortexM3\ARM_GCC_541\Debug\BME280.o
                0x00000878                BME280_SetPressureMode
 .text.BME280_GetMeasurementMode
                0x00000898       0x10 .\CortexM3\ARM_GCC_541\Debug\BME280.o
                0x00000898                BME280_GetMeasurementMode
 .text.BME280_SetMeasurementMode
                0x000008a8       0x20 .\CortexM3\ARM_GCC_541\Debug\BME280.o
                0x000008a8                BME280_SetMeasurementMode
 .text.BME280_GetFilterMode
                0x000008c8       0x10 .\CortexM3\ARM_GCC_541\Debug\BME280.o
                0x000008c8                BME280_GetFilterMode
 .text.BME280_SetFilterMode
                0x000008d8       0x20 .\CortexM3\ARM_GCC_541\Debug\BME280.o
                0x000008d8                BME280_SetFilterMode
 .text.MCP7940N_I2CReader
                0x000008f8       0x50 .\CortexM3\ARM_GCC_541\Debug\MCP7940N.o
                0x000008f8                MCP7940N_I2CReader
 .text.MCP7940N_I2CWriter
                0x00000948       0x38 .\CortexM3\ARM_GCC_541\Debug\MCP7940N.o
                0x00000948                MCP7940N_I2CWriter
 .text.MCP7940N_SetI2CController
                0x00000980       0x1c .\CortexM3\ARM_GCC_541\Debug\MCP7940N.o
                0x00000980                MCP7940N_SetI2CController
 .text.MCP7940N_ReadRegisters
                0x0000099c       0x14 .\CortexM3\ARM_GCC_541\Debug\MCP7940N.o
                0x0000099c                MCP7940N_ReadRegisters
 .text.MCP7940N_IsOscillatorEnabled
                0x000009b0       0x20 .\CortexM3\ARM_GCC_541\Debug\MCP7940N.o
                0x000009b0                MCP7940N_IsOscillatorEnabled
 .text.MCP7940N_EnableOscillator
                0x000009d0       0x30 .\CortexM3\ARM_GCC_541\Debug\MCP7940N.o
                0x000009d0                MCP7940N_EnableOscillator
 .text.MCP7940N_DisableOscillator
                0x00000a00       0x30 .\CortexM3\ARM_GCC_541\Debug\MCP7940N.o
                0x00000a00                MCP7940N_DisableOscillator
 .text.MCP7940N_IsOscillatorRunning
                0x00000a30       0x20 .\CortexM3\ARM_GCC_541\Debug\MCP7940N.o
                0x00000a30                MCP7940N_IsOscillatorRunning
 .text.MCP7940N_SetMFPMode
                0x00000a50       0x4c .\CortexM3\ARM_GCC_541\Debug\MCP7940N.o
                0x00000a50                MCP7940N_SetMFPMode
 .text.MCP7940N_DisableCoarseTrimming
                0x00000a9c       0x20 .\CortexM3\ARM_GCC_541\Debug\MCP7940N.o
                0x00000a9c                MCP7940N_DisableCoarseTrimming
 .text.MCP7940N_SetTrimmingValue
                0x00000abc       0x40 .\CortexM3\ARM_GCC_541\Debug\MCP7940N.o
                0x00000abc                MCP7940N_SetTrimmingValue
 .text.MCP7940N_EnableExternalOscillator
                0x00000afc       0x20 .\CortexM3\ARM_GCC_541\Debug\MCP7940N.o
                0x00000afc                MCP7940N_EnableExternalOscillator
 .text.MCP7940N_DisableExternalOscillator
                0x00000b1c       0x20 .\CortexM3\ARM_GCC_541\Debug\MCP7940N.o
                0x00000b1c                MCP7940N_DisableExternalOscillator
 .text.MCP7940N_IsExternalOscillatorEnabled
                0x00000b3c       0x10 .\CortexM3\ARM_GCC_541\Debug\MCP7940N.o
                0x00000b3c                MCP7940N_IsExternalOscillatorEnabled
 .text.MCP7940N_EnableBattery
                0x00000b4c       0x60 .\CortexM3\ARM_GCC_541\Debug\MCP7940N.o
                0x00000b4c                MCP7940N_EnableBattery
 .text.MCP7940N_ClearPowerFailed
                0x00000bac       0x60 .\CortexM3\ARM_GCC_541\Debug\MCP7940N.o
                0x00000bac                MCP7940N_ClearPowerFailed
 .text.MCP7940N_DisableAlarm
                0x00000c0c       0x24 .\CortexM3\ARM_GCC_541\Debug\MCP7940N.o
                0x00000c0c                MCP7940N_DisableAlarm
 .text.MCP7940N_GetPowerFailMonth
                0x00000c30       0x20 .\CortexM3\ARM_GCC_541\Debug\MCP7940N.o
                0x00000c30                MCP7940N_GetPowerFailMonth
 .text.MCP7940N_GetPowerFailWeekday
                0x00000c50       0x10 .\CortexM3\ARM_GCC_541\Debug\MCP7940N.o
                0x00000c50                MCP7940N_GetPowerFailWeekday
 .text.MCP7940N_GetPowerFailDate
                0x00000c60       0x20 .\CortexM3\ARM_GCC_541\Debug\MCP7940N.o
                0x00000c60                MCP7940N_GetPowerFailDate
 .text.MCP7940N_GetPowerFailHour
                0x00000c80       0x20 .\CortexM3\ARM_GCC_541\Debug\MCP7940N.o
                0x00000c80                MCP7940N_GetPowerFailHour
 .text.MCP7940N_GetPowerFailMinute
                0x00000ca0       0x20 .\CortexM3\ARM_GCC_541\Debug\MCP7940N.o
                0x00000ca0                MCP7940N_GetPowerFailMinute
 .text.MCP7940N_GetPowerFailDatetime
                0x00000cc0       0x3c .\CortexM3\ARM_GCC_541\Debug\MCP7940N.o
                0x00000cc0                MCP7940N_GetPowerFailDatetime
 .text.MCP7940N_GetPowerUpMonth
                0x00000cfc       0x20 .\CortexM3\ARM_GCC_541\Debug\MCP7940N.o
                0x00000cfc                MCP7940N_GetPowerUpMonth
 .text.MCP7940N_GetPowerUpWeekday
                0x00000d1c       0x10 .\CortexM3\ARM_GCC_541\Debug\MCP7940N.o
                0x00000d1c                MCP7940N_GetPowerUpWeekday
 .text.MCP7940N_GetPowerUpDate
                0x00000d2c       0x20 .\CortexM3\ARM_GCC_541\Debug\MCP7940N.o
                0x00000d2c                MCP7940N_GetPowerUpDate
 .text.MCP7940N_GetPowerUpHour
                0x00000d4c       0x20 .\CortexM3\ARM_GCC_541\Debug\MCP7940N.o
                0x00000d4c                MCP7940N_GetPowerUpHour
 .text.MCP7940N_GetPowerUpMinute
                0x00000d6c       0x20 .\CortexM3\ARM_GCC_541\Debug\MCP7940N.o
                0x00000d6c                MCP7940N_GetPowerUpMinute
 .text.MCP7940N_GetPowerUpDatetime
                0x00000d8c       0x3c .\CortexM3\ARM_GCC_541\Debug\MCP7940N.o
                0x00000d8c                MCP7940N_GetPowerUpDatetime
 .text.MCP7940N_ReadSRAM
                0x00000dc8       0x24 .\CortexM3\ARM_GCC_541\Debug\MCP7940N.o
                0x00000dc8                MCP7940N_ReadSRAM
 .text.SSD1306_SetI2CController
                0x00000dec       0x20 .\CortexM3\ARM_GCC_541\Debug\SSD1306.o
                0x00000dec                SSD1306_SetI2CController
 .text.SSD1306_WriteCommands
                0x00000e0c       0x38 .\CortexM3\ARM_GCC_541\Debug\SSD1306.o
                0x00000e0c                SSD1306_WriteCommands
 .text.SSD1306_ClearDisplay
                0x00000e44       0x1c .\CortexM3\ARM_GCC_541\Debug\SSD1306.o
                0x00000e44                SSD1306_ClearDisplay
 .text.SSD1306_Init
                0x00000e60       0x34 .\CortexM3\ARM_GCC_541\Debug\SSD1306.o
                0x00000e60                SSD1306_Init
 .text.rhea_gfx_Initialize
                0x00000e94       0x20 .\CortexM3\ARM_GCC_541\Debug\gfx.o
                0x00000e94                rhea_gfx_Initialize
 .text.rhea_gfx_initialize_impl
                0x00000eb4       0x20 .\CortexM3\ARM_GCC_541\Debug\gfx_impl.o
                0x00000eb4                rhea_gfx_initialize_impl
 .text.rhea_i2c_Initialize
                0x00000ed4        0x8 .\CortexM3\ARM_GCC_541\Debug\i2c_rhea.o
                0x00000ed4                rhea_i2c_Initialize
 .text.rhea_i2c_MasterSendStart
                0x00000edc        0x8 .\CortexM3\ARM_GCC_541\Debug\i2c_rhea.o
                0x00000edc                rhea_i2c_MasterSendStart
 .text.rhea_i2c_MasterSendStop
                0x00000ee4        0x8 .\CortexM3\ARM_GCC_541\Debug\i2c_rhea.o
                0x00000ee4                rhea_i2c_MasterSendStop
 .text.rhea_i2c_MasterReadByte
                0x00000eec        0x8 .\CortexM3\ARM_GCC_541\Debug\i2c_rhea.o
                0x00000eec                rhea_i2c_MasterReadByte
 .text.rhea_i2c_MasterWriteByte
                0x00000ef4        0x8 .\CortexM3\ARM_GCC_541\Debug\i2c_rhea.o
                0x00000ef4                rhea_i2c_MasterWriteByte
 .text.rhea_i2c_initialize_impl
                0x00000efc        0x8 .\CortexM3\ARM_GCC_541\Debug\i2c_impl.o
                0x00000efc                rhea_i2c_initialize_impl
 .text.rhea_i2c_masterSendStart_impl
                0x00000f04        0x8 .\CortexM3\ARM_GCC_541\Debug\i2c_impl.o
                0x00000f04                rhea_i2c_masterSendStart_impl
 .text.rhea_i2c_masterSendStop_impl
                0x00000f0c        0x8 .\CortexM3\ARM_GCC_541\Debug\i2c_impl.o
                0x00000f0c                rhea_i2c_masterSendStop_impl
 .text.rhea_i2c_masterReadByte_impl
                0x00000f14        0x8 .\CortexM3\ARM_GCC_541\Debug\i2c_impl.o
                0x00000f14                rhea_i2c_masterReadByte_impl
 .text.rhea_i2c_masterWriteByte_impl
                0x00000f1c        0x8 .\CortexM3\ARM_GCC_541\Debug\i2c_impl.o
                0x00000f1c                rhea_i2c_masterWriteByte_impl
 .text.rhea_rtc_Initialize
                0x00000f24        0xc .\CortexM3\ARM_GCC_541\Debug\rtc.o
                0x00000f24                rhea_rtc_Initialize
 .text.rhea_rtc_alarmISR
                0x00000f30       0x10 .\CortexM3\ARM_GCC_541\Debug\rtc.o
                0x00000f30                rhea_rtc_alarmISR
 .text.rhea_rtc_fromAlarmRegisterStruct
                0x00000f40       0xa4 .\CortexM3\ARM_GCC_541\Debug\rtc_impl.o
                0x00000f40                rhea_rtc_fromAlarmRegisterStruct
 .text.rhea_rtc_loadAlarms_impl
                0x00000fe4       0x4c .\CortexM3\ARM_GCC_541\Debug\rtc_impl.o
                0x00000fe4                rhea_rtc_loadAlarms_impl
 .text.fromDriverDatetime
                0x00001030       0x3c .\CortexM3\ARM_GCC_541\Debug\rtc_impl.o
                0x00001030                fromDriverDatetime
 .text.rhea_rtc_initialize_impl
                0x0000106c       0x8c .\CortexM3\ARM_GCC_541\Debug\rtc_impl.o
                0x0000106c                rhea_rtc_initialize_impl
 .text.bme280_GetTemperatureCelsius
                0x000010f8       0x1c .\CortexM3\ARM_GCC_541\Debug\BME280_INTF.o
                0x000010f8                bme280_GetTemperatureCelsius
 .text.bme280_SetMeasurementMode
                0x00001114        0xc .\CortexM3\ARM_GCC_541\Debug\BME280_INTF.o
                0x00001114                bme280_SetMeasurementMode
 .text.bme280_GetPressure
                0x00001120       0x1c .\CortexM3\ARM_GCC_541\Debug\BME280_INTF.o
                0x00001120                bme280_GetPressure
 .text.bme280_GetHumidity
                0x0000113c       0x1c .\CortexM3\ARM_GCC_541\Debug\BME280_INTF.o
                0x0000113c                bme280_GetHumidity
 .text.bme280_SetFilterMode
                0x00001158        0xc .\CortexM3\ARM_GCC_541\Debug\BME280_INTF.o
                0x00001158                bme280_SetFilterMode
 .text.bme280_GetFilterMode
                0x00001164        0xc .\CortexM3\ARM_GCC_541\Debug\BME280_INTF.o
                0x00001164                bme280_GetFilterMode
 .text.bme280_SetTemperatureMode
                0x00001170        0xc .\CortexM3\ARM_GCC_541\Debug\BME280_INTF.o
                0x00001170                bme280_SetTemperatureMode
 .text.bme280_GetTemperatureMode
                0x0000117c        0xc .\CortexM3\ARM_GCC_541\Debug\BME280_INTF.o
                0x0000117c                bme280_GetTemperatureMode
 .text.bme280_SetPressureMode
                0x00001188        0xc .\CortexM3\ARM_GCC_541\Debug\BME280_INTF.o
                0x00001188                bme280_SetPressureMode
 .text.bme280_GetPressureMode
                0x00001194        0xc .\CortexM3\ARM_GCC_541\Debug\BME280_INTF.o
                0x00001194                bme280_GetPressureMode
 .text.bme280_SetHumidityMode
                0x000011a0        0xc .\CortexM3\ARM_GCC_541\Debug\BME280_INTF.o
                0x000011a0                bme280_SetHumidityMode
 .text.bme280_GetHumidityMode
                0x000011ac        0xc .\CortexM3\ARM_GCC_541\Debug\BME280_INTF.o
                0x000011ac                bme280_GetHumidityMode
 .text.bme280_GetMeasurementMode
                0x000011b8        0xc .\CortexM3\ARM_GCC_541\Debug\BME280_INTF.o
                0x000011b8                bme280_GetMeasurementMode
 .text.bme280_addInterface
                0x000011c4      0x128 .\CortexM3\ARM_GCC_541\Debug\BME280_INTF.o
                0x000011c4                bme280_addInterface
 .text.rhea_sensor_Initialize
                0x000012ec       0x1c .\CortexM3\ARM_GCC_541\Debug\sensor.o
                0x000012ec                rhea_sensor_Initialize
 .text.rhea_sensor_AddMeasurement
                0x00001308       0x58 .\CortexM3\ARM_GCC_541\Debug\sensor.o
                0x00001308                rhea_sensor_AddMeasurement
 .text.rhea_sensor_AddAttribute
                0x00001360       0x58 .\CortexM3\ARM_GCC_541\Debug\sensor.o
                0x00001360                rhea_sensor_AddAttribute
 .text.rhea_sensor_SetAttribute
                0x000013b8       0x84 .\CortexM3\ARM_GCC_541\Debug\sensor.o
                0x000013b8                rhea_sensor_SetAttribute
 .text.rhea_sensor_periodicMeasure
                0x0000143c       0x70 .\CortexM3\ARM_GCC_541\Debug\sensor.o
                0x0000143c                rhea_sensor_periodicMeasure
 .text.rhea_sensor_initialize_impl
                0x000014ac       0x18 .\CortexM3\ARM_GCC_541\Debug\sensor_impl.o
                0x000014ac                rhea_sensor_initialize_impl
 .text.rhea_uart_initialize_impl
                0x000014c4        0x8 .\CortexM3\ARM_GCC_541\Debug\uart_impl.o
                0x000014c4                rhea_uart_initialize_impl
 .text.rhea_uart_Initialize
                0x000014cc        0x8 .\CortexM3\ARM_GCC_541\Debug\uart_rhea.o
                0x000014cc                rhea_uart_Initialize
 .text.CyClockStartupError
                0x000014d4        0x4 .\CortexM3\ARM_GCC_541\Debug\cyfitter_cfg.o
 .text.cfg_write_bytes32
                0x000014d8       0x34 .\CortexM3\ARM_GCC_541\Debug\cyfitter_cfg.o
 .text.AnalogSetDefault
                0x0000150c       0x28 .\CortexM3\ARM_GCC_541\Debug\cyfitter_cfg.o
 .text.CYMEMZERO
                0x00001534        0xc .\CortexM3\ARM_GCC_541\Debug\cyfitter_cfg.o
 .text.ClockSetup
                0x00001540       0xc0 .\CortexM3\ARM_GCC_541\Debug\cyfitter_cfg.o
 .text.CYCONFIGCPY
                0x00001600        0x8 .\CortexM3\ARM_GCC_541\Debug\cyfitter_cfg.o
 .text.cyfitter_cfg
                0x00001608      0x10c .\CortexM3\ARM_GCC_541\Debug\cyfitter_cfg.o
                0x00001608                cyfitter_cfg
 .text.IntDefaultHandler
                0x00001714       0x10 .\CortexM3\ARM_GCC_541\Debug\Cm3Start.o
                0x00001714                IntDefaultHandler
 .text.Start_c  0x00001724       0x4c .\CortexM3\ARM_GCC_541\Debug\Cm3Start.o
                0x00001724                Start_c
 .text.initialize_psoc
                0x00001770       0x68 .\CortexM3\ARM_GCC_541\Debug\Cm3Start.o
                0x00001770                initialize_psoc
 .text.main     0x000017d8       0x1c .\CortexM3\ARM_GCC_541\Debug\main.o
                0x000017d8                main
 .text.I2C_Init
                0x000017f4       0x68 .\CortexM3\ARM_GCC_541\Debug\Rhea.a(I2C.o)
                0x000017f4                I2C_Init
 .text.I2C_Enable
                0x0000185c       0x24 .\CortexM3\ARM_GCC_541\Debug\Rhea.a(I2C.o)
                0x0000185c                I2C_Enable
 .text.I2C_Start
                0x00001880       0x28 .\CortexM3\ARM_GCC_541\Debug\Rhea.a(I2C.o)
                0x00001880                I2C_Start
 .text.I2C_ISR  0x000018a8      0x2d0 .\CortexM3\ARM_GCC_541\Debug\Rhea.a(I2C_INT.o)
                0x000018a8                I2C_ISR
 .text.I2C_MasterSendStart
                0x00001b78       0x80 .\CortexM3\ARM_GCC_541\Debug\Rhea.a(I2C_MASTER.o)
                0x00001b78                I2C_MasterSendStart
 .text.I2C_MasterSendStop
                0x00001bf8       0x38 .\CortexM3\ARM_GCC_541\Debug\Rhea.a(I2C_MASTER.o)
                0x00001bf8                I2C_MasterSendStop
 .text.I2C_MasterWriteByte
                0x00001c30       0x58 .\CortexM3\ARM_GCC_541\Debug\Rhea.a(I2C_MASTER.o)
                0x00001c30                I2C_MasterWriteByte
 .text.I2C_MasterReadByte
                0x00001c88       0x58 .\CortexM3\ARM_GCC_541\Debug\Rhea.a(I2C_MASTER.o)
                0x00001c88                I2C_MasterReadByte
 .text.UART_Init
                0x00001ce0       0x14 .\CortexM3\ARM_GCC_541\Debug\Rhea.a(UART.o)
                0x00001ce0                UART_Init
 .text.UART_Enable
                0x00001cf4       0x2c .\CortexM3\ARM_GCC_541\Debug\Rhea.a(UART.o)
                0x00001cf4                UART_Enable
 .text.UART_Start
                0x00001d20       0x1c .\CortexM3\ARM_GCC_541\Debug\Rhea.a(UART.o)
                0x00001d20                UART_Start
 .text.RTC_INTR_SetVector
                0x00001d3c        0xc .\CortexM3\ARM_GCC_541\Debug\Rhea.a(RTC_INTR.o)
                0x00001d3c                RTC_INTR_SetVector
 .text.RTC_INTR_SetPriority
                0x00001d48       0x10 .\CortexM3\ARM_GCC_541\Debug\Rhea.a(RTC_INTR.o)
                0x00001d48                RTC_INTR_SetPriority
 .text.RTC_INTR_Enable
                0x00001d58       0x10 .\CortexM3\ARM_GCC_541\Debug\Rhea.a(RTC_INTR.o)
                0x00001d58                RTC_INTR_Enable
 .text.RTC_INTR_Disable
                0x00001d68       0x10 .\CortexM3\ARM_GCC_541\Debug\Rhea.a(RTC_INTR.o)
                0x00001d68                RTC_INTR_Disable
 .text.RTC_INTR_StartEx
                0x00001d78       0x1c .\CortexM3\ARM_GCC_541\Debug\Rhea.a(RTC_INTR.o)
                0x00001d78                RTC_INTR_StartEx
 .text.SENSOR_TIMER_Enable
                0x00001d94       0x28 .\CortexM3\ARM_GCC_541\Debug\Rhea.a(SENSOR_TIMER.o)
                0x00001d94                SENSOR_TIMER_Enable
 .text.SENSOR_TIMER_SetInterruptMode
                0x00001dbc        0xc .\CortexM3\ARM_GCC_541\Debug\Rhea.a(SENSOR_TIMER.o)
                0x00001dbc                SENSOR_TIMER_SetInterruptMode
 .text.SENSOR_TIMER_WritePeriod
                0x00001dc8        0xc .\CortexM3\ARM_GCC_541\Debug\Rhea.a(SENSOR_TIMER.o)
                0x00001dc8                SENSOR_TIMER_WritePeriod
 .text.SENSOR_TIMER_WriteCounter
                0x00001dd4        0xc .\CortexM3\ARM_GCC_541\Debug\Rhea.a(SENSOR_TIMER.o)
                0x00001dd4                SENSOR_TIMER_WriteCounter
 .text.SENSOR_TIMER_Init
                0x00001de0       0x68 .\CortexM3\ARM_GCC_541\Debug\Rhea.a(SENSOR_TIMER.o)
                0x00001de0                SENSOR_TIMER_Init
 .text.SENSOR_TIMER_Start
                0x00001e48       0x1c .\CortexM3\ARM_GCC_541\Debug\Rhea.a(SENSOR_TIMER.o)
                0x00001e48                SENSOR_TIMER_Start
 .text.SENSOR_1MS_SetVector
                0x00001e64        0xc .\CortexM3\ARM_GCC_541\Debug\Rhea.a(SENSOR_1MS.o)
                0x00001e64                SENSOR_1MS_SetVector
 .text.SENSOR_1MS_SetPriority
                0x00001e70       0x10 .\CortexM3\ARM_GCC_541\Debug\Rhea.a(SENSOR_1MS.o)
                0x00001e70                SENSOR_1MS_SetPriority
 .text.SENSOR_1MS_Enable
                0x00001e80        0xc .\CortexM3\ARM_GCC_541\Debug\Rhea.a(SENSOR_1MS.o)
                0x00001e80                SENSOR_1MS_Enable
 .text.SENSOR_1MS_Disable
                0x00001e8c        0xc .\CortexM3\ARM_GCC_541\Debug\Rhea.a(SENSOR_1MS.o)
                0x00001e8c                SENSOR_1MS_Disable
 .text.SENSOR_1MS_StartEx
                0x00001e98       0x1c .\CortexM3\ARM_GCC_541\Debug\Rhea.a(SENSOR_1MS.o)
                0x00001e98                SENSOR_1MS_StartEx
 .text.UART_IntClock_Start
                0x00001eb4       0x1c .\CortexM3\ARM_GCC_541\Debug\Rhea.a(UART_IntClock.o)
                0x00001eb4                UART_IntClock_Start
 .text.CyHalt   0x00001ed0        0x4 .\CortexM3\ARM_GCC_541\Debug\Rhea.a(CyLib.o)
                0x00001ed0                CyHalt
 .text.CyIntSetVector
                0x00001ed4       0x28 .\CortexM3\ARM_GCC_541\Debug\Rhea.a(CyLib.o)
                0x00001ed4                CyIntSetVector
 .text.CyIntSetPriority
                0x00001efc       0x30 .\CortexM3\ARM_GCC_541\Debug\Rhea.a(CyLib.o)
                0x00001efc                CyIntSetPriority
 *fill*         0x00001f2c        0x4 
 .text          0x00001f30       0x20 .\CortexM3\ARM_GCC_541\Debug\Rhea.a(CyBootAsmGnu.o)
                0x00001f30                CyDelayCycles
                0x00001f40                CyEnterCriticalSection
                0x00001f48                CyExitCriticalSection
 .text          0x00001f50      0x370 e:/cypress/psoc creator/4.2/psoc creator/import/gnu/arm/5.4.1/bin/../lib/gcc/arm-none-eabi/5.4.1/armv7-m\libgcc.a(_arm_addsubdf3.o)
                0x00001f50                __aeabi_drsub
                0x00001f58                __aeabi_dsub
                0x00001f58                __subdf3
                0x00001f5c                __aeabi_dadd
                0x00001f5c                __adddf3
                0x000021d4                __floatunsidf
                0x000021d4                __aeabi_ui2d
                0x000021f4                __floatsidf
                0x000021f4                __aeabi_i2d
                0x00002218                __aeabi_f2d
                0x00002218                __extendsfdf2
                0x00002254                __floatundidf
                0x00002254                __aeabi_ul2d
                0x00002264                __floatdidf
                0x00002264                __aeabi_l2d
 .text          0x000022c0      0x424 e:/cypress/psoc creator/4.2/psoc creator/import/gnu/arm/5.4.1/bin/../lib/gcc/arm-none-eabi/5.4.1/armv7-m\libgcc.a(_arm_muldivdf3.o)
                0x000022c0                __aeabi_dmul
                0x000022c0                __muldf3
                0x00002514                __divdf3
                0x00002514                __aeabi_ddiv
 .text          0x000026e4      0x110 e:/cypress/psoc creator/4.2/psoc creator/import/gnu/arm/5.4.1/bin/../lib/gcc/arm-none-eabi/5.4.1/armv7-m\libgcc.a(_arm_cmpdf2.o)
                0x000026e4                __gtdf2
                0x000026e4                __gedf2
                0x000026ec                __ltdf2
                0x000026ec                __ledf2
                0x000026f4                __nedf2
                0x000026f4                __eqdf2
                0x000026f4                __cmpdf2
                0x00002770                __aeabi_cdrcmple
                0x00002780                __aeabi_cdcmpeq
                0x00002780                __aeabi_cdcmple
                0x00002790                __aeabi_dcmpeq
                0x000027a4                __aeabi_dcmplt
                0x000027b8                __aeabi_dcmple
                0x000027cc                __aeabi_dcmpge
                0x000027e0                __aeabi_dcmpgt
 .text          0x000027f4       0x50 e:/cypress/psoc creator/4.2/psoc creator/import/gnu/arm/5.4.1/bin/../lib/gcc/arm-none-eabi/5.4.1/armv7-m\libgcc.a(_arm_fixdfsi.o)
                0x000027f4                __aeabi_d2iz
                0x000027f4                __fixdfsi
 .text          0x00002844       0x40 e:/cypress/psoc creator/4.2/psoc creator/import/gnu/arm/5.4.1/bin/../lib/gcc/arm-none-eabi/5.4.1/armv7-m\libgcc.a(_arm_fixunsdfsi.o)
                0x00002844                __aeabi_d2uiz
                0x00002844                __fixunsdfsi
 .text.__errno  0x00002884        0xc e:/cypress/psoc creator/4.2/psoc creator/import/gnu/arm/5.4.1/bin/../lib/gcc/arm-none-eabi/5.4.1/../../../../arm-none-eabi/lib/armv7-m\libg_nano.a(lib_a-errno.o)
                0x00002884                __errno
 .text.__libc_init_array
                0x00002890       0x4c e:/cypress/psoc creator/4.2/psoc creator/import/gnu/arm/5.4.1/bin/../lib/gcc/arm-none-eabi/5.4.1/../../../../arm-none-eabi/lib/armv7-m\libg_nano.a(lib_a-init.o)
                0x00002890                __libc_init_array
 .text.memcpy   0x000028dc       0x16 e:/cypress/psoc creator/4.2/psoc creator/import/gnu/arm/5.4.1/bin/../lib/gcc/arm-none-eabi/5.4.1/../../../../arm-none-eabi/lib/armv7-m\libg_nano.a(lib_a-memcpy-stub.o)
                0x000028dc                memcpy
 .text.memset   0x000028f2       0x10 e:/cypress/psoc creator/4.2/psoc creator/import/gnu/arm/5.4.1/bin/../lib/gcc/arm-none-eabi/5.4.1/../../../../arm-none-eabi/lib/armv7-m\libg_nano.a(lib_a-memset.o)
                0x000028f2                memset
 .text          0x00002902       0x14 e:/cypress/psoc creator/4.2/psoc creator/import/gnu/arm/5.4.1/bin/../lib/gcc/arm-none-eabi/5.4.1/../../../../arm-none-eabi/lib/armv7-m\libg_nano.a(lib_a-strcmp.o)
                0x00002902                strcmp
 *(.plt)
 *(.gnu.warning)
 *(.glue_7t)
 .glue_7t       0x00002916        0x0 linker stubs
 *(.glue_7)
 .glue_7        0x00002916        0x0 linker stubs
 *(.vfp11_veneer)
 .vfp11_veneer  0x00002916        0x0 linker stubs
 *(.bootloader)
 *(.ARM.extab* .gnu.linkonce.armextab.*)
 *(.gcc_except_table)

.v4_bx          0x00002918        0x0
 .v4_bx         0x00002918        0x0 linker stubs

.iplt           0x00002918        0x0
 .iplt          0x00002918        0x0 e:/cypress/psoc creator/4.2/psoc creator/import/gnu/arm/5.4.1/bin/../lib/gcc/arm-none-eabi/5.4.1/armv7-m/crtbegin.o

.eh_frame_hdr
 *(.eh_frame_hdr)

.eh_frame       0x00002918        0x4
 *(.eh_frame)
 .eh_frame      0x00002918        0x0 e:/cypress/psoc creator/4.2/psoc creator/import/gnu/arm/5.4.1/bin/../lib/gcc/arm-none-eabi/5.4.1/armv7-m/crtbegin.o
 .eh_frame      0x00002918        0x4 e:/cypress/psoc creator/4.2/psoc creator/import/gnu/arm/5.4.1/bin/../lib/gcc/arm-none-eabi/5.4.1/armv7-m/crtend.o
                [!provide]                PROVIDE (__exidx_start, .)

.ARM.exidx
 *(.ARM.exidx* .gnu.linkonce.armexidx.*)
                0x0000291c                __exidx_end = .

.rodata         0x0000291c      0x16c
 *(.rodata .rodata.* .gnu.linkonce.r.*)
 .rodata        0x0000291c       0x1b .\CortexM3\ARM_GCC_541\Debug\SSD1306.o
 *fill*         0x00002937        0x1 
 .rodata        0x00002938        0xc .\CortexM3\ARM_GCC_541\Debug\gfx.o
 .rodata        0x00002944        0xc .\CortexM3\ARM_GCC_541\Debug\gfx_impl.o
 .rodata        0x00002950       0x10 .\CortexM3\ARM_GCC_541\Debug\rtc_impl.o
 .rodata        0x00002960       0x10 .\CortexM3\ARM_GCC_541\Debug\BME280_INTF.o
 .rodata.str1.4
                0x00002970       0x3c .\CortexM3\ARM_GCC_541\Debug\BME280_INTF.o
                                 0x39 (size before relaxing)
 .rodata        0x000029ac       0x46 .\CortexM3\ARM_GCC_541\Debug\cyfitter_cfg.o
 .rodata.str1.1
                0x000029f2        0x2 e:/cypress/psoc creator/4.2/psoc creator/import/gnu/arm/5.4.1/bin/../lib/gcc/arm-none-eabi/5.4.1/../../../../arm-none-eabi/lib/armv7-m\libg_nano.a(lib_a-impure.o)
 .rodata.__sf_fake_stdin
                0x000029f4       0x20 e:/cypress/psoc creator/4.2/psoc creator/import/gnu/arm/5.4.1/bin/../lib/gcc/arm-none-eabi/5.4.1/../../../../arm-none-eabi/lib/armv7-m\libg_nano.a(lib_a-findfp.o)
                0x000029f4                __sf_fake_stdin
 .rodata.__sf_fake_stdout
                0x00002a14       0x20 e:/cypress/psoc creator/4.2/psoc creator/import/gnu/arm/5.4.1/bin/../lib/gcc/arm-none-eabi/5.4.1/../../../../arm-none-eabi/lib/armv7-m\libg_nano.a(lib_a-findfp.o)
                0x00002a14                __sf_fake_stdout
 .rodata.__sf_fake_stderr
                0x00002a34       0x20 e:/cypress/psoc creator/4.2/psoc creator/import/gnu/arm/5.4.1/bin/../lib/gcc/arm-none-eabi/5.4.1/../../../../arm-none-eabi/lib/armv7-m\libg_nano.a(lib_a-findfp.o)
                0x00002a34                __sf_fake_stderr
                0x00002a54                . = ALIGN (0x4)
 *(.init)
 .init          0x00002a54        0x4 e:/cypress/psoc creator/4.2/psoc creator/import/gnu/arm/5.4.1/bin/../lib/gcc/arm-none-eabi/5.4.1/armv7-m/crti.o
                0x00002a54                _init
 .init          0x00002a58        0x8 e:/cypress/psoc creator/4.2/psoc creator/import/gnu/arm/5.4.1/bin/../lib/gcc/arm-none-eabi/5.4.1/armv7-m/crtn.o
                0x00002a60                . = ALIGN (0x4)
                0x00002a60                __preinit_array_start = .
 *(.preinit_array)
                0x00002a60                __preinit_array_end = .
                0x00002a60                . = ALIGN (0x4)
                0x00002a60                __init_array_start = .
 *(SORT(.init_array.*))
 *(.init_array)
 .init_array    0x00002a60        0x4 e:/cypress/psoc creator/4.2/psoc creator/import/gnu/arm/5.4.1/bin/../lib/gcc/arm-none-eabi/5.4.1/armv7-m/crtbegin.o
 .init_array    0x00002a64        0x4 .\CortexM3\ARM_GCC_541\Debug\Cm3Start.o
                0x00002a68                __init_array_end = .
                0x00002a68                . = ALIGN (0x4)
 *(.fini)
 .fini          0x00002a68        0x4 e:/cypress/psoc creator/4.2/psoc creator/import/gnu/arm/5.4.1/bin/../lib/gcc/arm-none-eabi/5.4.1/armv7-m/crti.o
                0x00002a68                _fini
 .fini          0x00002a6c        0x8 e:/cypress/psoc creator/4.2/psoc creator/import/gnu/arm/5.4.1/bin/../lib/gcc/arm-none-eabi/5.4.1/armv7-m/crtn.o
                0x00002a74                . = ALIGN (0x4)
                0x00002a74                __fini_array_start = .
 *(.fini_array)
 .fini_array    0x00002a74        0x4 e:/cypress/psoc creator/4.2/psoc creator/import/gnu/arm/5.4.1/bin/../lib/gcc/arm-none-eabi/5.4.1/armv7-m/crtbegin.o
 *(SORT(.fini_array.*))
                0x00002a78                __fini_array_end = .
                0x00002a78                . = ALIGN (0x4)
 *crtbegin.o(.ctors)
 *(EXCLUDE_FILE(*crtend.o) .ctors)
 *(SORT(.ctors.*))
 *crtend.o(.ctors)
                0x00002a78                . = ALIGN (0x4)
 *crtbegin.o(.dtors)
 *(EXCLUDE_FILE(*crtend.o) .dtors)
 *(SORT(.dtors.*))
 *crtend.o(.dtors)
                0x00002a78                . = ALIGN (0x4)
                0x00002a78                __cy_regions = .
                0x00002a78        0x4 LONG 0x2a88 __cy_region_init_ram
                0x00002a7c        0x4 LONG 0x1fff80c8 __cy_region_start_data
                0x00002a80        0x4 LONG 0x6a8 __cy_region_init_size_ram
                0x00002a84        0x4 LONG 0xee8 __cy_region_zero_size_ram
                0x00002a88                __cy_regions_end = .
                0x00002a88                . = ALIGN (0x8)
                0x00002a88                _etext = .

.cy_checksum_exclude
                0x00002a88        0x0
 *(.cy_checksum_exclude)

.ramvectors     0x1fff8000       0xc0
                0x1fff8000                __cy_region_start_ram = .
 *(.ramvectors)
 .ramvectors    0x1fff8000       0xc0 .\CortexM3\ARM_GCC_541\Debug\Cm3Start.o
                0x1fff8000                CyRamVectors

.noinit         0x1fff80c0        0x1
 *(.noinit)
 .noinit        0x1fff80c0        0x1 .\CortexM3\ARM_GCC_541\Debug\Rhea.a(CyLib.o)
                0x1fff80c0                CyResetStatus

.data           0x1fff80c8      0x6a8 load address 0x00002a88
                0x1fff80c8                __cy_region_start_data = .
 *(.jcr)
 .jcr           0x1fff80c8        0x0 e:/cypress/psoc creator/4.2/psoc creator/import/gnu/arm/5.4.1/bin/../lib/gcc/arm-none-eabi/5.4.1/armv7-m/crtbegin.o
 .jcr           0x1fff80c8        0x4 e:/cypress/psoc creator/4.2/psoc creator/import/gnu/arm/5.4.1/bin/../lib/gcc/arm-none-eabi/5.4.1/armv7-m/crtend.o
 *(.got.plt)
 *(.got)
 *(.shdata)
 *(.data .data.* .gnu.linkonce.d.*)
 .data          0x1fff80cc      0x640 .\CortexM3\ARM_GCC_541\Debug\gfx.o
                0x1fff80cc                codefont_8x8_descriptors
                0x1fff83ec                codefont_8x8_data
 .data.impure_data
                0x1fff870c       0x60 e:/cypress/psoc creator/4.2/psoc creator/import/gnu/arm/5.4.1/bin/../lib/gcc/arm-none-eabi/5.4.1/../../../../arm-none-eabi/lib/armv7-m\libg_nano.a(lib_a-impure.o)
 .data._impure_ptr
                0x1fff876c        0x4 e:/cypress/psoc creator/4.2/psoc creator/import/gnu/arm/5.4.1/bin/../lib/gcc/arm-none-eabi/5.4.1/../../../../arm-none-eabi/lib/armv7-m\libg_nano.a(lib_a-impure.o)
                0x1fff876c                _impure_ptr
                0x1fff8770                . = ALIGN (0x8)
 *(.ram)
                0x1fff8770                _edata = .

.igot.plt       0x1fff8770        0x0 load address 0x00003130
 .igot.plt      0x1fff8770        0x0 e:/cypress/psoc creator/4.2/psoc creator/import/gnu/arm/5.4.1/bin/../lib/gcc/arm-none-eabi/5.4.1/armv7-m/crtbegin.o

.bss            0x1fff8770      0xee8 load address 0x00003130
                0x1fff8770                PROVIDE (__bss_start__, .)
 *(.shbss)
 *(.bss .bss.* .gnu.linkonce.b.*)
 .bss           0x1fff8770       0x1c e:/cypress/psoc creator/4.2/psoc creator/import/gnu/arm/5.4.1/bin/../lib/gcc/arm-none-eabi/5.4.1/armv7-m/crtbegin.o
 .bss           0x1fff878c       0x41 .\CortexM3\ARM_GCC_541\Debug\BME280.o
 *fill*         0x1fff87cd        0x3 
 .bss           0x1fff87d0       0x2d .\CortexM3\ARM_GCC_541\Debug\MCP7940N.o
 *fill*         0x1fff87fd        0x3 
 .bss           0x1fff8800      0x40c .\CortexM3\ARM_GCC_541\Debug\SSD1306.o
 .bss           0x1fff8c0c       0x10 .\CortexM3\ARM_GCC_541\Debug\gfx.o
 .bss           0x1fff8c1c       0x81 .\CortexM3\ARM_GCC_541\Debug\rtc.o
 *fill*         0x1fff8c9d        0x3 
 .bss           0x1fff8ca0      0x810 .\CortexM3\ARM_GCC_541\Debug\sensor.o
 .bss           0x1fff94b0        0x1 .\CortexM3\ARM_GCC_541\Debug\Rhea.a(I2C.o)
                0x1fff94b0                I2C_initVar
 .bss           0x1fff94b1        0x1 .\CortexM3\ARM_GCC_541\Debug\Rhea.a(UART.o)
                0x1fff94b1                UART_initVar
 .bss           0x1fff94b2        0x1 .\CortexM3\ARM_GCC_541\Debug\Rhea.a(SENSOR_TIMER.o)
                0x1fff94b2                SENSOR_TIMER_initVar
 *(COMMON)
 *fill*         0x1fff94b3        0x1 
 COMMON         0x1fff94b4      0x190 .\CortexM3\ARM_GCC_541\Debug\rtc.o
                0x1fff94b4                rhea_rtc_alarmRegistry
                0x1fff9634                rhea_rtc_powerFailTimestamp
                0x1fff963c                rhea_rtc_powerUpTimestamp
 COMMON         0x1fff9644        0x1 .\CortexM3\ARM_GCC_541\Debug\Rhea.a(I2C.o)
                0x1fff9644                I2C_state
 *fill*         0x1fff9645        0x3 
 COMMON         0x1fff9648       0x10 .\CortexM3\ARM_GCC_541\Debug\Rhea.a(I2C_MASTER.o)
                0x1fff9648                I2C_mstrWrBufIndex
                0x1fff9649                I2C_mstrWrBufSize
                0x1fff964a                I2C_mstrStatus
                0x1fff964c                I2C_mstrRdBufPtr
                0x1fff9650                I2C_mstrControl
                0x1fff9651                I2C_mstrRdBufSize
                0x1fff9652                I2C_mstrRdBufIndex
                0x1fff9654                I2C_mstrWrBufPtr
                0x1fff9658                . = ALIGN (0x8)
 *(.ram.b)
                0x1fff9658                _end = .
                0x1fff9658                __end = .
                0x1fff9658                PROVIDE (end, .)
                0x1fff9658                PROVIDE (__bss_end__, .)
                0x00002a88                __cy_region_init_ram = LOADADDR (.data)
                0x000006a8                __cy_region_init_size_ram = (_edata - ADDR (.data))
                0x00000ee8                __cy_region_zero_size_ram = (_end - _edata)

.heap           0x1fff9658       0x80 load address 0x00003130
                0x1fff9658                . = _end
                0x1fff96d8                . = (. + 0x80)
 *fill*         0x1fff9658       0x80 
                0x1fff96d8                __cy_heap_limit = .

.stack          0x20007800      0x800
                0x20007800                __cy_stack_limit = .
                0x20008000                . = (. + 0x800)
 *fill*         0x20007800      0x800 
                0x00000001                ASSERT ((__cy_stack_limit >= __cy_heap_limit), region RAM overflowed with stack)
                0x00000000                cy_checksum_exclude_size = (CY_APPL_LOADABLE == 0x1)?SIZEOF (.cy_checksum_exclude):0x0
                0x00000001                ASSERT ((cy_checksum_exclude_size <= CY_CHECKSUM_EXCLUDE_SIZE), CY_BOOT: Section .cy_checksum_exclude size exceedes specified limit.)

.cyloadermeta
 *(.cyloadermeta)

.cyloadablemeta
 *(.cyloadablemeta)

.cyconfigecc    0x80000000      0x4d4
 *(.cyconfigecc)
 .cyconfigecc   0x80000000      0x4d4 .\CortexM3\ARM_GCC_541\Debug\cymetadata.o
                0x80000000                cy_meta_configecc

.cycustnvl      0x90000000        0x4
 *(.cycustnvl)
 .cycustnvl     0x90000000        0x4 .\CortexM3\ARM_GCC_541\Debug\cymetadata.o
                0x90000000                cy_meta_custnvl

.cywolatch      0x90100000        0x4
 *(.cywolatch)
 .cywolatch     0x90100000        0x4 .\CortexM3\ARM_GCC_541\Debug\cymetadata.o
                0x90100000                cy_meta_wonvl

.cyeeprom       0x90200000        0x0
 *(.cyeeprom)
                0x00000001                ASSERT ((. <= ((0x90200000 + ee_offset) + ee_size)), .cyeeprom data will not fit in EEPROM)

.cyflashprotect
                0x90400000      0x100
 *(.cyflashprotect)
 .cyflashprotect
                0x90400000      0x100 .\CortexM3\ARM_GCC_541\Debug\cymetadata.o
                0x90400000                cy_meta_flashprotect

.cymeta         0x90500000        0xc
 *(.cymeta)
 .cymeta        0x90500000        0xc .\CortexM3\ARM_GCC_541\Debug\cymetadata.o
                0x90500000                cy_metadata

.rel.dyn        0x00003130        0x0 load address 0x9050000c
 .rel.iplt      0x00003130        0x0 e:/cypress/psoc creator/4.2/psoc creator/import/gnu/arm/5.4.1/bin/../lib/gcc/arm-none-eabi/5.4.1/armv7-m/crtbegin.o

.stab           0x00000000       0x6c
 *(.stab)
 .stab          0x00000000       0x24 e:/cypress/psoc creator/4.2/psoc creator/import/gnu/arm/5.4.1/bin/../lib/gcc/arm-none-eabi/5.4.1/../../../../arm-none-eabi/lib/armv7-m\libnosys.a(close.o)
 .stab          0x00000024       0x18 e:/cypress/psoc creator/4.2/psoc creator/import/gnu/arm/5.4.1/bin/../lib/gcc/arm-none-eabi/5.4.1/../../../../arm-none-eabi/lib/armv7-m\libnosys.a(lseek.o)
                                 0x24 (size before relaxing)
 .stab          0x0000003c       0x18 e:/cypress/psoc creator/4.2/psoc creator/import/gnu/arm/5.4.1/bin/../lib/gcc/arm-none-eabi/5.4.1/../../../../arm-none-eabi/lib/armv7-m\libnosys.a(read.o)
                                 0x24 (size before relaxing)
 .stab          0x00000054       0x18 e:/cypress/psoc creator/4.2/psoc creator/import/gnu/arm/5.4.1/bin/../lib/gcc/arm-none-eabi/5.4.1/../../../../arm-none-eabi/lib/armv7-m\libnosys.a(write.o)
                                 0x24 (size before relaxing)

.stabstr        0x00000000       0xdf
 *(.stabstr)
 .stabstr       0x00000000       0xdf e:/cypress/psoc creator/4.2/psoc creator/import/gnu/arm/5.4.1/bin/../lib/gcc/arm-none-eabi/5.4.1/../../../../arm-none-eabi/lib/armv7-m\libnosys.a(close.o)

.debug
 *(.debug)

.line
 *(.line)

.debug_srcinfo
 *(.debug_srcinfo)

.debug_sfnames
 *(.debug_sfnames)

.debug_aranges  0x00000000     0x11c0
 *(.debug_aranges)
 .debug_aranges
                0x00000000      0x100 .\CortexM3\ARM_GCC_541\Debug\BME280.o
 .debug_aranges
                0x00000100      0x298 .\CortexM3\ARM_GCC_541\Debug\MCP7940N.o
 .debug_aranges
                0x00000398       0x68 .\CortexM3\ARM_GCC_541\Debug\SSD1306.o
 .debug_aranges
                0x00000400       0xb0 .\CortexM3\ARM_GCC_541\Debug\gfx.o
 .debug_aranges
                0x000004b0       0x40 .\CortexM3\ARM_GCC_541\Debug\gfx_impl.o
 .debug_aranges
                0x000004f0       0x40 .\CortexM3\ARM_GCC_541\Debug\i2c_rhea.o
 .debug_aranges
                0x00000530       0x40 .\CortexM3\ARM_GCC_541\Debug\i2c_impl.o
 .debug_aranges
                0x00000570       0x30 .\CortexM3\ARM_GCC_541\Debug\alarm.o
 .debug_aranges
                0x000005a0       0x50 .\CortexM3\ARM_GCC_541\Debug\datetime.o
 .debug_aranges
                0x000005f0       0x68 .\CortexM3\ARM_GCC_541\Debug\rtc.o
 .debug_aranges
                0x00000658       0x78 .\CortexM3\ARM_GCC_541\Debug\rtc_impl.o
 .debug_aranges
                0x000006d0       0x88 .\CortexM3\ARM_GCC_541\Debug\BME280_INTF.o
 .debug_aranges
                0x00000758       0x68 .\CortexM3\ARM_GCC_541\Debug\sensor.o
 .debug_aranges
                0x000007c0       0x20 .\CortexM3\ARM_GCC_541\Debug\sensor_impl.o
 .debug_aranges
                0x000007e0       0x30 .\CortexM3\ARM_GCC_541\Debug\uart_impl.o
 .debug_aranges
                0x00000810       0x70 .\CortexM3\ARM_GCC_541\Debug\uart_rhea.o
 .debug_aranges
                0x00000880       0x58 .\CortexM3\ARM_GCC_541\Debug\cyfitter_cfg.o
 .debug_aranges
                0x000008d8       0x18 .\CortexM3\ARM_GCC_541\Debug\cymetadata.o
 .debug_aranges
                0x000008f0       0x48 .\CortexM3\ARM_GCC_541\Debug\Cm3Start.o
 .debug_aranges
                0x00000938       0x20 .\CortexM3\ARM_GCC_541\Debug\main.o
 .debug_aranges
                0x00000958       0x38 .\CortexM3\ARM_GCC_541\Debug\Rhea.a(I2C.o)
 .debug_aranges
                0x00000990       0x20 .\CortexM3\ARM_GCC_541\Debug\Rhea.a(I2C_INT.o)
 .debug_aranges
                0x000009b0       0x38 .\CortexM3\ARM_GCC_541\Debug\Rhea.a(I2C_PM.o)
 .debug_aranges
                0x000009e8       0x80 .\CortexM3\ARM_GCC_541\Debug\Rhea.a(I2C_MASTER.o)
 .debug_aranges
                0x00000a68      0x100 .\CortexM3\ARM_GCC_541\Debug\Rhea.a(UART.o)
 .debug_aranges
                0x00000b68       0x80 .\CortexM3\ARM_GCC_541\Debug\Rhea.a(RTC_INTR.o)
 .debug_aranges
                0x00000be8       0x88 .\CortexM3\ARM_GCC_541\Debug\Rhea.a(SENSOR_TIMER.o)
 .debug_aranges
                0x00000c70       0x80 .\CortexM3\ARM_GCC_541\Debug\Rhea.a(SENSOR_1MS.o)
 .debug_aranges
                0x00000cf0       0x70 .\CortexM3\ARM_GCC_541\Debug\Rhea.a(UART_IntClock.o)
 .debug_aranges
                0x00000d60      0x2a0 .\CortexM3\ARM_GCC_541\Debug\Rhea.a(CyLib.o)
 .debug_aranges
                0x00001000       0x98 .\CortexM3\ARM_GCC_541\Debug\Rhea.a(cyPm.o)
 .debug_aranges
                0x00001098       0x20 .\CortexM3\ARM_GCC_541\Debug\Rhea.a(CyBootAsmGnu.o)
 .debug_aranges
                0x000010b8       0x88 .\CortexM3\ARM_GCC_541\Debug\Rhea.a(CyFlash.o)
 .debug_aranges
                0x00001140       0x80 .\CortexM3\ARM_GCC_541\Debug\Rhea.a(CySpc.o)

.debug_pubnames
 *(.debug_pubnames)

.debug_info     0x00000000     0xc0ce
 *(.debug_info .gnu.linkonce.wi.*)
 .debug_info    0x00000000      0xc8b .\CortexM3\ARM_GCC_541\Debug\BME280.o
 .debug_info    0x00000c8b     0x1e25 .\CortexM3\ARM_GCC_541\Debug\MCP7940N.o
 .debug_info    0x00002ab0      0x481 .\CortexM3\ARM_GCC_541\Debug\SSD1306.o
 .debug_info    0x00002f31      0xbf4 .\CortexM3\ARM_GCC_541\Debug\gfx.o
 .debug_info    0x00003b25      0x24d .\CortexM3\ARM_GCC_541\Debug\gfx_impl.o
 .debug_info    0x00003d72      0x194 .\CortexM3\ARM_GCC_541\Debug\i2c_rhea.o
 .debug_info    0x00003f06      0x1de .\CortexM3\ARM_GCC_541\Debug\i2c_impl.o
 .debug_info    0x000040e4      0x4b6 .\CortexM3\ARM_GCC_541\Debug\alarm.o
 .debug_info    0x0000459a      0x8a6 .\CortexM3\ARM_GCC_541\Debug\datetime.o
 .debug_info    0x00004e40      0x5ac .\CortexM3\ARM_GCC_541\Debug\rtc.o
 .debug_info    0x000053ec      0x982 .\CortexM3\ARM_GCC_541\Debug\rtc_impl.o
 .debug_info    0x00005d6e      0x67e .\CortexM3\ARM_GCC_541\Debug\BME280_INTF.o
 .debug_info    0x000063ec      0x5d2 .\CortexM3\ARM_GCC_541\Debug\sensor.o
 .debug_info    0x000069be      0x108 .\CortexM3\ARM_GCC_541\Debug\sensor_impl.o
 .debug_info    0x00006ac6      0x15d .\CortexM3\ARM_GCC_541\Debug\uart_impl.o
 .debug_info    0x00006c23      0x36a .\CortexM3\ARM_GCC_541\Debug\uart_rhea.o
 .debug_info    0x00006f8d      0x580 .\CortexM3\ARM_GCC_541\Debug\cyfitter_cfg.o
 .debug_info    0x0000750d      0x136 .\CortexM3\ARM_GCC_541\Debug\cymetadata.o
 .debug_info    0x00007643      0x3bb .\CortexM3\ARM_GCC_541\Debug\Cm3Start.o
 .debug_info    0x000079fe      0x189 .\CortexM3\ARM_GCC_541\Debug\main.o
 .debug_info    0x00007b87      0x2ad .\CortexM3\ARM_GCC_541\Debug\Rhea.a(I2C.o)
 .debug_info    0x00007e34      0x184 .\CortexM3\ARM_GCC_541\Debug\Rhea.a(I2C_INT.o)
 .debug_info    0x00007fb8      0x207 .\CortexM3\ARM_GCC_541\Debug\Rhea.a(I2C_PM.o)
 .debug_info    0x000081bf      0x407 .\CortexM3\ARM_GCC_541\Debug\Rhea.a(I2C_MASTER.o)
 .debug_info    0x000085c6      0x696 .\CortexM3\ARM_GCC_541\Debug\Rhea.a(UART.o)
 .debug_info    0x00008c5c      0x2d2 .\CortexM3\ARM_GCC_541\Debug\Rhea.a(RTC_INTR.o)
 .debug_info    0x00008f2e      0x295 .\CortexM3\ARM_GCC_541\Debug\Rhea.a(SENSOR_TIMER.o)
 .debug_info    0x000091c3      0x2d2 .\CortexM3\ARM_GCC_541\Debug\Rhea.a(SENSOR_1MS.o)
 .debug_info    0x00009495      0x283 .\CortexM3\ARM_GCC_541\Debug\Rhea.a(UART_IntClock.o)
 .debug_info    0x00009718     0x1374 .\CortexM3\ARM_GCC_541\Debug\Rhea.a(CyLib.o)
 .debug_info    0x0000aa8c      0xa2a .\CortexM3\ARM_GCC_541\Debug\Rhea.a(cyPm.o)
 .debug_info    0x0000b4b6       0x7b .\CortexM3\ARM_GCC_541\Debug\Rhea.a(CyBootAsmGnu.o)
 .debug_info    0x0000b531      0x64d .\CortexM3\ARM_GCC_541\Debug\Rhea.a(CyFlash.o)
 .debug_info    0x0000bb7e      0x550 .\CortexM3\ARM_GCC_541\Debug\Rhea.a(CySpc.o)

.debug_abbrev   0x00000000     0x2dc5
 *(.debug_abbrev)
 .debug_abbrev  0x00000000      0x242 .\CortexM3\ARM_GCC_541\Debug\BME280.o
 .debug_abbrev  0x00000242      0x24e .\CortexM3\ARM_GCC_541\Debug\MCP7940N.o
 .debug_abbrev  0x00000490      0x1a7 .\CortexM3\ARM_GCC_541\Debug\SSD1306.o
 .debug_abbrev  0x00000637      0x1ee .\CortexM3\ARM_GCC_541\Debug\gfx.o
 .debug_abbrev  0x00000825       0xef .\CortexM3\ARM_GCC_541\Debug\gfx_impl.o
 .debug_abbrev  0x00000914       0xa7 .\CortexM3\ARM_GCC_541\Debug\i2c_rhea.o
 .debug_abbrev  0x000009bb       0xbf .\CortexM3\ARM_GCC_541\Debug\i2c_impl.o
 .debug_abbrev  0x00000a7a      0x199 .\CortexM3\ARM_GCC_541\Debug\alarm.o
 .debug_abbrev  0x00000c13      0x1d3 .\CortexM3\ARM_GCC_541\Debug\datetime.o
 .debug_abbrev  0x00000de6      0x1f8 .\CortexM3\ARM_GCC_541\Debug\rtc.o
 .debug_abbrev  0x00000fde      0x1f8 .\CortexM3\ARM_GCC_541\Debug\rtc_impl.o
 .debug_abbrev  0x000011d6      0x141 .\CortexM3\ARM_GCC_541\Debug\BME280_INTF.o
 .debug_abbrev  0x00001317      0x181 .\CortexM3\ARM_GCC_541\Debug\sensor.o
 .debug_abbrev  0x00001498       0x85 .\CortexM3\ARM_GCC_541\Debug\sensor_impl.o
 .debug_abbrev  0x0000151d       0xb0 .\CortexM3\ARM_GCC_541\Debug\uart_impl.o
 .debug_abbrev  0x000015cd       0xe6 .\CortexM3\ARM_GCC_541\Debug\uart_rhea.o
 .debug_abbrev  0x000016b3      0x20d .\CortexM3\ARM_GCC_541\Debug\cyfitter_cfg.o
 .debug_abbrev  0x000018c0       0x77 .\CortexM3\ARM_GCC_541\Debug\cymetadata.o
 .debug_abbrev  0x00001937      0x1e8 .\CortexM3\ARM_GCC_541\Debug\Cm3Start.o
 .debug_abbrev  0x00001b1f       0xb0 .\CortexM3\ARM_GCC_541\Debug\main.o
 .debug_abbrev  0x00001bcf      0x10a .\CortexM3\ARM_GCC_541\Debug\Rhea.a(I2C.o)
 .debug_abbrev  0x00001cd9       0xb6 .\CortexM3\ARM_GCC_541\Debug\Rhea.a(I2C_INT.o)
 .debug_abbrev  0x00001d8f       0xfe .\CortexM3\ARM_GCC_541\Debug\Rhea.a(I2C_PM.o)
 .debug_abbrev  0x00001e8d      0x13c .\CortexM3\ARM_GCC_541\Debug\Rhea.a(I2C_MASTER.o)
 .debug_abbrev  0x00001fc9      0x175 .\CortexM3\ARM_GCC_541\Debug\Rhea.a(UART.o)
 .debug_abbrev  0x0000213e      0x173 .\CortexM3\ARM_GCC_541\Debug\Rhea.a(RTC_INTR.o)
 .debug_abbrev  0x000022b1      0x11a .\CortexM3\ARM_GCC_541\Debug\Rhea.a(SENSOR_TIMER.o)
 .debug_abbrev  0x000023cb      0x173 .\CortexM3\ARM_GCC_541\Debug\Rhea.a(SENSOR_1MS.o)
 .debug_abbrev  0x0000253e      0x139 .\CortexM3\ARM_GCC_541\Debug\Rhea.a(UART_IntClock.o)
 .debug_abbrev  0x00002677      0x254 .\CortexM3\ARM_GCC_541\Debug\Rhea.a(CyLib.o)
 .debug_abbrev  0x000028cb      0x1ab .\CortexM3\ARM_GCC_541\Debug\Rhea.a(cyPm.o)
 .debug_abbrev  0x00002a76       0x14 .\CortexM3\ARM_GCC_541\Debug\Rhea.a(CyBootAsmGnu.o)
 .debug_abbrev  0x00002a8a      0x1a7 .\CortexM3\ARM_GCC_541\Debug\Rhea.a(CyFlash.o)
 .debug_abbrev  0x00002c31      0x194 .\CortexM3\ARM_GCC_541\Debug\Rhea.a(CySpc.o)

.debug_line     0x00000000     0x5198
 *(.debug_line)
 .debug_line    0x00000000      0x415 .\CortexM3\ARM_GCC_541\Debug\BME280.o
 .debug_line    0x00000415      0x893 .\CortexM3\ARM_GCC_541\Debug\MCP7940N.o
 .debug_line    0x00000ca8      0x229 .\CortexM3\ARM_GCC_541\Debug\SSD1306.o
 .debug_line    0x00000ed1      0x429 .\CortexM3\ARM_GCC_541\Debug\gfx.o
 .debug_line    0x000012fa      0x193 .\CortexM3\ARM_GCC_541\Debug\gfx_impl.o
 .debug_line    0x0000148d      0x169 .\CortexM3\ARM_GCC_541\Debug\i2c_rhea.o
 .debug_line    0x000015f6      0x189 .\CortexM3\ARM_GCC_541\Debug\i2c_impl.o
 .debug_line    0x0000177f      0x24d .\CortexM3\ARM_GCC_541\Debug\alarm.o
 .debug_line    0x000019cc      0x3e5 .\CortexM3\ARM_GCC_541\Debug\datetime.o
 .debug_line    0x00001db1      0x281 .\CortexM3\ARM_GCC_541\Debug\rtc.o
 .debug_line    0x00002032      0x306 .\CortexM3\ARM_GCC_541\Debug\rtc_impl.o
 .debug_line    0x00002338      0x29b .\CortexM3\ARM_GCC_541\Debug\BME280_INTF.o
 .debug_line    0x000025d3      0x2e5 .\CortexM3\ARM_GCC_541\Debug\sensor.o
 .debug_line    0x000028b8      0x199 .\CortexM3\ARM_GCC_541\Debug\sensor_impl.o
 .debug_line    0x00002a51      0x16b .\CortexM3\ARM_GCC_541\Debug\uart_impl.o
 .debug_line    0x00002bbc      0x1fe .\CortexM3\ARM_GCC_541\Debug\uart_rhea.o
 .debug_line    0x00002dba      0x1e1 .\CortexM3\ARM_GCC_541\Debug\cyfitter_cfg.o
 .debug_line    0x00002f9b      0x119 .\CortexM3\ARM_GCC_541\Debug\cymetadata.o
 .debug_line    0x000030b4      0x20c .\CortexM3\ARM_GCC_541\Debug\Cm3Start.o
 .debug_line    0x000032c0      0x1b8 .\CortexM3\ARM_GCC_541\Debug\main.o
 .debug_line    0x00003478       0xd9 .\CortexM3\ARM_GCC_541\Debug\Rhea.a(I2C.o)
 .debug_line    0x00003551      0x114 .\CortexM3\ARM_GCC_541\Debug\Rhea.a(I2C_INT.o)
 .debug_line    0x00003665       0xbb .\CortexM3\ARM_GCC_541\Debug\Rhea.a(I2C_PM.o)
 .debug_line    0x00003720      0x1fd .\CortexM3\ARM_GCC_541\Debug\Rhea.a(I2C_MASTER.o)
 .debug_line    0x0000391d      0x2dc .\CortexM3\ARM_GCC_541\Debug\Rhea.a(UART.o)
 .debug_line    0x00003bf9      0x135 .\CortexM3\ARM_GCC_541\Debug\Rhea.a(RTC_INTR.o)
 .debug_line    0x00003d2e      0x15a .\CortexM3\ARM_GCC_541\Debug\Rhea.a(SENSOR_TIMER.o)
 .debug_line    0x00003e88      0x137 .\CortexM3\ARM_GCC_541\Debug\Rhea.a(SENSOR_1MS.o)
 .debug_line    0x00003fbf      0x17c .\CortexM3\ARM_GCC_541\Debug\Rhea.a(UART_IntClock.o)
 .debug_line    0x0000413b      0x816 .\CortexM3\ARM_GCC_541\Debug\Rhea.a(CyLib.o)
 .debug_line    0x00004951      0x367 .\CortexM3\ARM_GCC_541\Debug\Rhea.a(cyPm.o)
 .debug_line    0x00004cb8       0x66 .\CortexM3\ARM_GCC_541\Debug\Rhea.a(CyBootAsmGnu.o)
 .debug_line    0x00004d1e      0x21a .\CortexM3\ARM_GCC_541\Debug\Rhea.a(CyFlash.o)
 .debug_line    0x00004f38      0x260 .\CortexM3\ARM_GCC_541\Debug\Rhea.a(CySpc.o)

.debug_frame    0x00000000     0x3cbc
 *(.debug_frame)
 .debug_frame   0x00000000      0x36c .\CortexM3\ARM_GCC_541\Debug\BME280.o
 .debug_frame   0x0000036c      0x74c .\CortexM3\ARM_GCC_541\Debug\MCP7940N.o
 .debug_frame   0x00000ab8      0x120 .\CortexM3\ARM_GCC_541\Debug\SSD1306.o
 .debug_frame   0x00000bd8      0x2d4 .\CortexM3\ARM_GCC_541\Debug\gfx.o
 .debug_frame   0x00000eac       0x9c .\CortexM3\ARM_GCC_541\Debug\gfx_impl.o
 .debug_frame   0x00000f48       0x9c .\CortexM3\ARM_GCC_541\Debug\i2c_rhea.o
 .debug_frame   0x00000fe4       0x9c .\CortexM3\ARM_GCC_541\Debug\i2c_impl.o
 .debug_frame   0x00001080       0x78 .\CortexM3\ARM_GCC_541\Debug\alarm.o
 .debug_frame   0x000010f8      0x150 .\CortexM3\ARM_GCC_541\Debug\datetime.o
 .debug_frame   0x00001248      0x148 .\CortexM3\ARM_GCC_541\Debug\rtc.o
 .debug_frame   0x00001390      0x1a8 .\CortexM3\ARM_GCC_541\Debug\rtc_impl.o
 .debug_frame   0x00001538      0x1bc .\CortexM3\ARM_GCC_541\Debug\BME280_INTF.o
 .debug_frame   0x000016f4      0x19c .\CortexM3\ARM_GCC_541\Debug\sensor.o
 .debug_frame   0x00001890       0x2c .\CortexM3\ARM_GCC_541\Debug\sensor_impl.o
 .debug_frame   0x000018bc       0x64 .\CortexM3\ARM_GCC_541\Debug\uart_impl.o
 .debug_frame   0x00001920      0x164 .\CortexM3\ARM_GCC_541\Debug\uart_rhea.o
 .debug_frame   0x00001a84       0xe4 .\CortexM3\ARM_GCC_541\Debug\cyfitter_cfg.o
 .debug_frame   0x00001b68       0xb8 .\CortexM3\ARM_GCC_541\Debug\Cm3Start.o
 .debug_frame   0x00001c20       0x2c .\CortexM3\ARM_GCC_541\Debug\main.o
 .debug_frame   0x00001c4c       0x94 .\CortexM3\ARM_GCC_541\Debug\Rhea.a(I2C.o)
 .debug_frame   0x00001ce0       0x30 .\CortexM3\ARM_GCC_541\Debug\Rhea.a(I2C_INT.o)
 .debug_frame   0x00001d10       0x74 .\CortexM3\ARM_GCC_541\Debug\Rhea.a(I2C_PM.o)
 .debug_frame   0x00001d84      0x138 .\CortexM3\ARM_GCC_541\Debug\Rhea.a(I2C_MASTER.o)
 .debug_frame   0x00001ebc      0x2a4 .\CortexM3\ARM_GCC_541\Debug\Rhea.a(UART.o)
 .debug_frame   0x00002160      0x104 .\CortexM3\ARM_GCC_541\Debug\Rhea.a(RTC_INTR.o)
 .debug_frame   0x00002264      0x108 .\CortexM3\ARM_GCC_541\Debug\Rhea.a(SENSOR_TIMER.o)
 .debug_frame   0x0000236c      0x104 .\CortexM3\ARM_GCC_541\Debug\Rhea.a(SENSOR_1MS.o)
 .debug_frame   0x00002470       0xe0 .\CortexM3\ARM_GCC_541\Debug\Rhea.a(UART_IntClock.o)
 .debug_frame   0x00002550      0x738 .\CortexM3\ARM_GCC_541\Debug\Rhea.a(CyLib.o)
 .debug_frame   0x00002c88      0x1f8 .\CortexM3\ARM_GCC_541\Debug\Rhea.a(cyPm.o)
 .debug_frame   0x00002e80      0x194 .\CortexM3\ARM_GCC_541\Debug\Rhea.a(CyFlash.o)
 .debug_frame   0x00003014      0x180 .\CortexM3\ARM_GCC_541\Debug\Rhea.a(CySpc.o)
 .debug_frame   0x00003194       0x44 e:/cypress/psoc creator/4.2/psoc creator/import/gnu/arm/5.4.1/bin/../lib/gcc/arm-none-eabi/5.4.1/armv7-m\libgcc.a(_aeabi_ldivmod.o)
 .debug_frame   0x000031d8       0x3c e:/cypress/psoc creator/4.2/psoc creator/import/gnu/arm/5.4.1/bin/../lib/gcc/arm-none-eabi/5.4.1/armv7-m\libgcc.a(_fixdfdi.o)
 .debug_frame   0x00003214       0x2c e:/cypress/psoc creator/4.2/psoc creator/import/gnu/arm/5.4.1/bin/../lib/gcc/arm-none-eabi/5.4.1/armv7-m\libgcc.a(_fixunsdfdi.o)
 .debug_frame   0x00003240       0x38 e:/cypress/psoc creator/4.2/psoc creator/import/gnu/arm/5.4.1/bin/../lib/gcc/arm-none-eabi/5.4.1/armv7-m\libgcc.a(_udivmoddi4.o)
 .debug_frame   0x00003278       0x20 e:/cypress/psoc creator/4.2/psoc creator/import/gnu/arm/5.4.1/bin/../lib/gcc/arm-none-eabi/5.4.1/../../../../arm-none-eabi/lib/armv7-m\libg_nano.a(lib_a-errno.o)
 .debug_frame   0x00003298       0x28 e:/cypress/psoc creator/4.2/psoc creator/import/gnu/arm/5.4.1/bin/../lib/gcc/arm-none-eabi/5.4.1/../../../../arm-none-eabi/lib/armv7-m\libg_nano.a(lib_a-exit.o)
 .debug_frame   0x000032c0       0x2c e:/cypress/psoc creator/4.2/psoc creator/import/gnu/arm/5.4.1/bin/../lib/gcc/arm-none-eabi/5.4.1/../../../../arm-none-eabi/lib/armv7-m\libg_nano.a(lib_a-init.o)
 .debug_frame   0x000032ec       0x28 e:/cypress/psoc creator/4.2/psoc creator/import/gnu/arm/5.4.1/bin/../lib/gcc/arm-none-eabi/5.4.1/../../../../arm-none-eabi/lib/armv7-m\libg_nano.a(lib_a-memcpy-stub.o)
 .debug_frame   0x00003314       0x20 e:/cypress/psoc creator/4.2/psoc creator/import/gnu/arm/5.4.1/bin/../lib/gcc/arm-none-eabi/5.4.1/../../../../arm-none-eabi/lib/armv7-m\libg_nano.a(lib_a-memset.o)
 .debug_frame   0x00003334       0x70 e:/cypress/psoc creator/4.2/psoc creator/import/gnu/arm/5.4.1/bin/../lib/gcc/arm-none-eabi/5.4.1/../../../../arm-none-eabi/lib/armv7-m\libg_nano.a(lib_a-sprintf.o)
 .debug_frame   0x000033a4       0x80 e:/cypress/psoc creator/4.2/psoc creator/import/gnu/arm/5.4.1/bin/../lib/gcc/arm-none-eabi/5.4.1/../../../../arm-none-eabi/lib/armv7-m\libg_nano.a(lib_a-sscanf.o)
 .debug_frame   0x00003424       0x88 e:/cypress/psoc creator/4.2/psoc creator/import/gnu/arm/5.4.1/bin/../lib/gcc/arm-none-eabi/5.4.1/../../../../arm-none-eabi/lib/armv7-m\libg_nano.a(lib_a-stdio.o)
 .debug_frame   0x000034ac       0x28 e:/cypress/psoc creator/4.2/psoc creator/import/gnu/arm/5.4.1/bin/../lib/gcc/arm-none-eabi/5.4.1/../../../../arm-none-eabi/lib/armv7-m\libg_nano.a(lib_a-strcat.o)
 .debug_frame   0x000034d4       0x20 e:/cypress/psoc creator/4.2/psoc creator/import/gnu/arm/5.4.1/bin/../lib/gcc/arm-none-eabi/5.4.1/../../../../arm-none-eabi/lib/armv7-m\libg_nano.a(lib_a-strcmp.o)
 .debug_frame   0x000034f4       0x20 e:/cypress/psoc creator/4.2/psoc creator/import/gnu/arm/5.4.1/bin/../lib/gcc/arm-none-eabi/5.4.1/../../../../arm-none-eabi/lib/armv7-m\libg_nano.a(lib_a-strcpy.o)
 .debug_frame   0x00003514       0x2c e:/cypress/psoc creator/4.2/psoc creator/import/gnu/arm/5.4.1/bin/../lib/gcc/arm-none-eabi/5.4.1/../../../../arm-none-eabi/lib/armv7-m\libg_nano.a(lib_a-writer.o)
 .debug_frame   0x00003540       0x2c e:/cypress/psoc creator/4.2/psoc creator/import/gnu/arm/5.4.1/bin/../lib/gcc/arm-none-eabi/5.4.1/../../../../arm-none-eabi/lib/armv7-m\libg_nano.a(lib_a-closer.o)
 .debug_frame   0x0000356c       0x2c e:/cypress/psoc creator/4.2/psoc creator/import/gnu/arm/5.4.1/bin/../lib/gcc/arm-none-eabi/5.4.1/../../../../arm-none-eabi/lib/armv7-m\libg_nano.a(lib_a-lseekr.o)
 .debug_frame   0x00003598       0x90 e:/cypress/psoc creator/4.2/psoc creator/import/gnu/arm/5.4.1/bin/../lib/gcc/arm-none-eabi/5.4.1/../../../../arm-none-eabi/lib/armv7-m\libg_nano.a(lib_a-nano-svfprintf.o)
 .debug_frame   0x00003628       0x74 e:/cypress/psoc creator/4.2/psoc creator/import/gnu/arm/5.4.1/bin/../lib/gcc/arm-none-eabi/5.4.1/../../../../arm-none-eabi/lib/armv7-m\libg_nano.a(lib_a-nano-svfscanf.o)
 .debug_frame   0x0000369c       0x60 e:/cypress/psoc creator/4.2/psoc creator/import/gnu/arm/5.4.1/bin/../lib/gcc/arm-none-eabi/5.4.1/../../../../arm-none-eabi/lib/armv7-m\libg_nano.a(lib_a-nano-vfprintf_i.o)
 .debug_frame   0x000036fc       0x60 e:/cypress/psoc creator/4.2/psoc creator/import/gnu/arm/5.4.1/bin/../lib/gcc/arm-none-eabi/5.4.1/../../../../arm-none-eabi/lib/armv7-m\libg_nano.a(lib_a-nano-vfscanf_i.o)
 .debug_frame   0x0000375c       0x2c e:/cypress/psoc creator/4.2/psoc creator/import/gnu/arm/5.4.1/bin/../lib/gcc/arm-none-eabi/5.4.1/../../../../arm-none-eabi/lib/armv7-m\libg_nano.a(lib_a-readr.o)
 .debug_frame   0x00003788       0x5c e:/cypress/psoc creator/4.2/psoc creator/import/gnu/arm/5.4.1/bin/../lib/gcc/arm-none-eabi/5.4.1/../../../../arm-none-eabi/lib/armv7-m\libg_nano.a(lib_a-reent.o)
 .debug_frame   0x000037e4       0x2c e:/cypress/psoc creator/4.2/psoc creator/import/gnu/arm/5.4.1/bin/../lib/gcc/arm-none-eabi/5.4.1/../../../../arm-none-eabi/lib/armv7-m\libg_nano.a(lib_a-sccl.o)
 .debug_frame   0x00003810       0x44 e:/cypress/psoc creator/4.2/psoc creator/import/gnu/arm/5.4.1/bin/../lib/gcc/arm-none-eabi/5.4.1/../../../../arm-none-eabi/lib/armv7-m\libg_nano.a(lib_a-strtol.o)
 .debug_frame   0x00003854       0x44 e:/cypress/psoc creator/4.2/psoc creator/import/gnu/arm/5.4.1/bin/../lib/gcc/arm-none-eabi/5.4.1/../../../../arm-none-eabi/lib/armv7-m\libg_nano.a(lib_a-strtoul.o)
 .debug_frame   0x00003898       0x60 e:/cypress/psoc creator/4.2/psoc creator/import/gnu/arm/5.4.1/bin/../lib/gcc/arm-none-eabi/5.4.1/../../../../arm-none-eabi/lib/armv7-m\libg_nano.a(lib_a-ungetc.o)
 .debug_frame   0x000038f8       0x68 e:/cypress/psoc creator/4.2/psoc creator/import/gnu/arm/5.4.1/bin/../lib/gcc/arm-none-eabi/5.4.1/../../../../arm-none-eabi/lib/armv7-m\libg_nano.a(lib_a-fflush.o)
 .debug_frame   0x00003960      0x11c e:/cypress/psoc creator/4.2/psoc creator/import/gnu/arm/5.4.1/bin/../lib/gcc/arm-none-eabi/5.4.1/../../../../arm-none-eabi/lib/armv7-m\libg_nano.a(lib_a-findfp.o)
 .debug_frame   0x00003a7c       0x54 e:/cypress/psoc creator/4.2/psoc creator/import/gnu/arm/5.4.1/bin/../lib/gcc/arm-none-eabi/5.4.1/../../../../arm-none-eabi/lib/armv7-m\libg_nano.a(lib_a-fwalk.o)
 .debug_frame   0x00003ad0       0x28 e:/cypress/psoc creator/4.2/psoc creator/import/gnu/arm/5.4.1/bin/../lib/gcc/arm-none-eabi/5.4.1/../../../../arm-none-eabi/lib/armv7-m\libg_nano.a(lib_a-memchr-stub.o)
 .debug_frame   0x00003af8       0x28 e:/cypress/psoc creator/4.2/psoc creator/import/gnu/arm/5.4.1/bin/../lib/gcc/arm-none-eabi/5.4.1/../../../../arm-none-eabi/lib/armv7-m\libg_nano.a(lib_a-memmove.o)
 .debug_frame   0x00003b20       0x38 e:/cypress/psoc creator/4.2/psoc creator/import/gnu/arm/5.4.1/bin/../lib/gcc/arm-none-eabi/5.4.1/../../../../arm-none-eabi/lib/armv7-m\libg_nano.a(lib_a-nano-freer.o)
 .debug_frame   0x00003b58       0x2c e:/cypress/psoc creator/4.2/psoc creator/import/gnu/arm/5.4.1/bin/../lib/gcc/arm-none-eabi/5.4.1/../../../../arm-none-eabi/lib/armv7-m\libg_nano.a(lib_a-nano-mallocr.o)
 .debug_frame   0x00003b84       0x3c e:/cypress/psoc creator/4.2/psoc creator/import/gnu/arm/5.4.1/bin/../lib/gcc/arm-none-eabi/5.4.1/../../../../arm-none-eabi/lib/armv7-m\libg_nano.a(lib_a-nano-reallocr.o)
 .debug_frame   0x00003bc0       0x2c e:/cypress/psoc creator/4.2/psoc creator/import/gnu/arm/5.4.1/bin/../lib/gcc/arm-none-eabi/5.4.1/../../../../arm-none-eabi/lib/armv7-m\libg_nano.a(lib_a-sbrkr.o)
 .debug_frame   0x00003bec       0x30 e:/cypress/psoc creator/4.2/psoc creator/import/gnu/arm/5.4.1/bin/../lib/gcc/arm-none-eabi/5.4.1/../../../../arm-none-eabi/lib/armv7-m\libg_nano.a(lib_a-mlock.o)
 .debug_frame   0x00003c1c       0x20 e:/cypress/psoc creator/4.2/psoc creator/import/gnu/arm/5.4.1/bin/../lib/gcc/arm-none-eabi/5.4.1/../../../../arm-none-eabi/lib/armv7-m\libg_nano.a(lib_a-nano-msizer.o)
 .debug_frame   0x00003c3c       0x20 e:/cypress/psoc creator/4.2/psoc creator/import/gnu/arm/5.4.1/bin/../lib/gcc/arm-none-eabi/5.4.1/../../../../arm-none-eabi/lib/armv7-m\libnosys.a(close.o)
 .debug_frame   0x00003c5c       0x20 e:/cypress/psoc creator/4.2/psoc creator/import/gnu/arm/5.4.1/bin/../lib/gcc/arm-none-eabi/5.4.1/../../../../arm-none-eabi/lib/armv7-m\libnosys.a(lseek.o)
 .debug_frame   0x00003c7c       0x20 e:/cypress/psoc creator/4.2/psoc creator/import/gnu/arm/5.4.1/bin/../lib/gcc/arm-none-eabi/5.4.1/../../../../arm-none-eabi/lib/armv7-m\libnosys.a(read.o)
 .debug_frame   0x00003c9c       0x20 e:/cypress/psoc creator/4.2/psoc creator/import/gnu/arm/5.4.1/bin/../lib/gcc/arm-none-eabi/5.4.1/../../../../arm-none-eabi/lib/armv7-m\libnosys.a(write.o)

.debug_str      0x00000000     0x409b
 *(.debug_str)
 .debug_str     0x00000000      0x695 .\CortexM3\ARM_GCC_541\Debug\BME280.o
                                0x747 (size before relaxing)
 .debug_str     0x00000695      0x9c5 .\CortexM3\ARM_GCC_541\Debug\MCP7940N.o
                                0xbce (size before relaxing)
 .debug_str     0x0000105a      0x162 .\CortexM3\ARM_GCC_541\Debug\SSD1306.o
                                0x315 (size before relaxing)
 .debug_str     0x000011bc      0x3b2 .\CortexM3\ARM_GCC_541\Debug\gfx.o
                                0x583 (size before relaxing)
 .debug_str     0x0000156e       0x14 .\CortexM3\ARM_GCC_541\Debug\gfx_impl.o
                                0x2db (size before relaxing)
 .debug_str     0x00001582      0x123 .\CortexM3\ARM_GCC_541\Debug\i2c_rhea.o
                                0x27c (size before relaxing)
 .debug_str     0x000016a5       0x79 .\CortexM3\ARM_GCC_541\Debug\i2c_impl.o
                                0x2a4 (size before relaxing)
 .debug_str     0x0000171e      0x1fb .\CortexM3\ARM_GCC_541\Debug\alarm.o
                                0x3cf (size before relaxing)
 .debug_str     0x00001919      0x19d .\CortexM3\ARM_GCC_541\Debug\datetime.o
                                0x473 (size before relaxing)
 .debug_str     0x00001ab6      0x268 .\CortexM3\ARM_GCC_541\Debug\rtc.o
                                0x509 (size before relaxing)
 .debug_str     0x00001d1e      0x16c .\CortexM3\ARM_GCC_541\Debug\rtc_impl.o
                                0x701 (size before relaxing)
 .debug_str     0x00001e8a      0x1c3 .\CortexM3\ARM_GCC_541\Debug\BME280_INTF.o
                                0x4ed (size before relaxing)
 .debug_str     0x0000204d      0x26f .\CortexM3\ARM_GCC_541\Debug\sensor.o
                                0x45c (size before relaxing)
 .debug_str     0x000022bc       0x40 .\CortexM3\ARM_GCC_541\Debug\sensor_impl.o
                                0x1f5 (size before relaxing)
 .debug_str     0x000022fc       0x86 .\CortexM3\ARM_GCC_541\Debug\uart_impl.o
                                0x222 (size before relaxing)
 .debug_str     0x00002382       0xff .\CortexM3\ARM_GCC_541\Debug\uart_rhea.o
                                0x2d1 (size before relaxing)
 .debug_str     0x00002481      0x1a8 .\CortexM3\ARM_GCC_541\Debug\cyfitter_cfg.o
                                0x335 (size before relaxing)
 .debug_str     0x00002629       0x75 .\CortexM3\ARM_GCC_541\Debug\cymetadata.o
                                0x1cf (size before relaxing)
 .debug_str     0x0000269e      0x143 .\CortexM3\ARM_GCC_541\Debug\Cm3Start.o
                                0x2f5 (size before relaxing)
 .debug_str     0x000027e1        0x7 .\CortexM3\ARM_GCC_541\Debug\main.o
                                0x255 (size before relaxing)
 .debug_str     0x000027e8      0x12f .\CortexM3\ARM_GCC_541\Debug\Rhea.a(I2C.o)
                                0x2cc (size before relaxing)
 .debug_str     0x00002917       0x86 .\CortexM3\ARM_GCC_541\Debug\Rhea.a(I2C_INT.o)
                                0x24a (size before relaxing)
 .debug_str     0x0000299d       0x56 .\CortexM3\ARM_GCC_541\Debug\Rhea.a(I2C_PM.o)
                                0x268 (size before relaxing)
 .debug_str     0x000029f3      0x122 .\CortexM3\ARM_GCC_541\Debug\Rhea.a(I2C_MASTER.o)
                                0x38f (size before relaxing)
 .debug_str     0x00002b15      0x28c .\CortexM3\ARM_GCC_541\Debug\Rhea.a(UART.o)
                                0x47b (size before relaxing)
 .debug_str     0x00002da1      0x117 .\CortexM3\ARM_GCC_541\Debug\Rhea.a(RTC_INTR.o)
                                0x2bb (size before relaxing)
 .debug_str     0x00002eb8      0x1b0 .\CortexM3\ARM_GCC_541\Debug\Rhea.a(SENSOR_TIMER.o)
                                0x350 (size before relaxing)
 .debug_str     0x00003068      0x119 .\CortexM3\ARM_GCC_541\Debug\Rhea.a(SENSOR_1MS.o)
                                0x2d7 (size before relaxing)
 .debug_str     0x00003181      0x183 .\CortexM3\ARM_GCC_541\Debug\Rhea.a(UART_IntClock.o)
                                0x321 (size before relaxing)
 .debug_str     0x00003304      0x7d2 .\CortexM3\ARM_GCC_541\Debug\Rhea.a(CyLib.o)
                                0xa32 (size before relaxing)
 .debug_str     0x00003ad6      0x365 .\CortexM3\ARM_GCC_541\Debug\Rhea.a(cyPm.o)
                                0x71e (size before relaxing)
 .debug_str     0x00003e3b      0x1b4 .\CortexM3\ARM_GCC_541\Debug\Rhea.a(CyFlash.o)
                                0x3ab (size before relaxing)
 .debug_str     0x00003fef       0xac .\CortexM3\ARM_GCC_541\Debug\Rhea.a(CySpc.o)
                                0x323 (size before relaxing)

.debug_loc      0x00000000     0x6ec7
 *(.debug_loc)
 .debug_loc     0x00000000      0x6fb .\CortexM3\ARM_GCC_541\Debug\BME280.o
 .debug_loc     0x000006fb     0x155d .\CortexM3\ARM_GCC_541\Debug\MCP7940N.o
 .debug_loc     0x00001c58      0x211 .\CortexM3\ARM_GCC_541\Debug\SSD1306.o
 .debug_loc     0x00001e69      0xae9 .\CortexM3\ARM_GCC_541\Debug\gfx.o
 .debug_loc     0x00002952       0x63 .\CortexM3\ARM_GCC_541\Debug\gfx_impl.o
 .debug_loc     0x000029b5       0x84 .\CortexM3\ARM_GCC_541\Debug\i2c_rhea.o
 .debug_loc     0x00002a39       0x84 .\CortexM3\ARM_GCC_541\Debug\i2c_impl.o
 .debug_loc     0x00002abd      0x137 .\CortexM3\ARM_GCC_541\Debug\alarm.o
 .debug_loc     0x00002bf4      0xb8f .\CortexM3\ARM_GCC_541\Debug\datetime.o
 .debug_loc     0x00003783      0x1a8 .\CortexM3\ARM_GCC_541\Debug\rtc.o
 .debug_loc     0x0000392b      0x8dd .\CortexM3\ARM_GCC_541\Debug\rtc_impl.o
 .debug_loc     0x00004208       0xc8 .\CortexM3\ARM_GCC_541\Debug\BME280_INTF.o
 .debug_loc     0x000042d0      0x52c .\CortexM3\ARM_GCC_541\Debug\sensor.o
 .debug_loc     0x000047fc       0x21 .\CortexM3\ARM_GCC_541\Debug\uart_impl.o
 .debug_loc     0x0000481d      0x248 .\CortexM3\ARM_GCC_541\Debug\uart_rhea.o
 .debug_loc     0x00004a65      0x259 .\CortexM3\ARM_GCC_541\Debug\cyfitter_cfg.o
 .debug_loc     0x00004cbe      0x144 .\CortexM3\ARM_GCC_541\Debug\Cm3Start.o
 .debug_loc     0x00004e02       0x39 .\CortexM3\ARM_GCC_541\Debug\Rhea.a(I2C.o)
 .debug_loc     0x00004e3b       0x29 .\CortexM3\ARM_GCC_541\Debug\Rhea.a(I2C_INT.o)
 .debug_loc     0x00004e64       0x13 .\CortexM3\ARM_GCC_541\Debug\Rhea.a(I2C_PM.o)
 .debug_loc     0x00004e77      0x52f .\CortexM3\ARM_GCC_541\Debug\Rhea.a(I2C_MASTER.o)
 .debug_loc     0x000053a6      0x29d .\CortexM3\ARM_GCC_541\Debug\Rhea.a(UART.o)
 .debug_loc     0x00005643       0x56 .\CortexM3\ARM_GCC_541\Debug\Rhea.a(RTC_INTR.o)
 .debug_loc     0x00005699       0x56 .\CortexM3\ARM_GCC_541\Debug\Rhea.a(SENSOR_1MS.o)
 .debug_loc     0x000056ef      0x12c .\CortexM3\ARM_GCC_541\Debug\Rhea.a(UART_IntClock.o)
 .debug_loc     0x0000581b      0xa11 .\CortexM3\ARM_GCC_541\Debug\Rhea.a(CyLib.o)
 .debug_loc     0x0000622c      0x1e4 .\CortexM3\ARM_GCC_541\Debug\Rhea.a(cyPm.o)
 .debug_loc     0x00006410      0x3b2 .\CortexM3\ARM_GCC_541\Debug\Rhea.a(CyFlash.o)
 .debug_loc     0x000067c2      0x705 .\CortexM3\ARM_GCC_541\Debug\Rhea.a(CySpc.o)

.debug_macinfo
 *(.debug_macinfo)

.debug_ranges   0x00000000     0x1090
 *(.debug_ranges)
 .debug_ranges  0x00000000       0xf0 .\CortexM3\ARM_GCC_541\Debug\BME280.o
 .debug_ranges  0x000000f0      0x288 .\CortexM3\ARM_GCC_541\Debug\MCP7940N.o
 .debug_ranges  0x00000378       0x58 .\CortexM3\ARM_GCC_541\Debug\SSD1306.o
 .debug_ranges  0x000003d0      0x100 .\CortexM3\ARM_GCC_541\Debug\gfx.o
 .debug_ranges  0x000004d0       0x30 .\CortexM3\ARM_GCC_541\Debug\gfx_impl.o
 .debug_ranges  0x00000500       0x30 .\CortexM3\ARM_GCC_541\Debug\i2c_rhea.o
 .debug_ranges  0x00000530       0x30 .\CortexM3\ARM_GCC_541\Debug\i2c_impl.o
 .debug_ranges  0x00000560       0x20 .\CortexM3\ARM_GCC_541\Debug\alarm.o
 .debug_ranges  0x00000580       0xd0 .\CortexM3\ARM_GCC_541\Debug\datetime.o
 .debug_ranges  0x00000650       0x70 .\CortexM3\ARM_GCC_541\Debug\rtc.o
 .debug_ranges  0x000006c0       0x68 .\CortexM3\ARM_GCC_541\Debug\rtc_impl.o
 .debug_ranges  0x00000728       0x78 .\CortexM3\ARM_GCC_541\Debug\BME280_INTF.o
 .debug_ranges  0x000007a0       0x58 .\CortexM3\ARM_GCC_541\Debug\sensor.o
 .debug_ranges  0x000007f8       0x10 .\CortexM3\ARM_GCC_541\Debug\sensor_impl.o
 .debug_ranges  0x00000808       0x20 .\CortexM3\ARM_GCC_541\Debug\uart_impl.o
 .debug_ranges  0x00000828       0x60 .\CortexM3\ARM_GCC_541\Debug\uart_rhea.o
 .debug_ranges  0x00000888       0x48 .\CortexM3\ARM_GCC_541\Debug\cyfitter_cfg.o
 .debug_ranges  0x000008d0       0x38 .\CortexM3\ARM_GCC_541\Debug\Cm3Start.o
 .debug_ranges  0x00000908       0x10 .\CortexM3\ARM_GCC_541\Debug\main.o
 .debug_ranges  0x00000918       0x28 .\CortexM3\ARM_GCC_541\Debug\Rhea.a(I2C.o)
 .debug_ranges  0x00000940       0x10 .\CortexM3\ARM_GCC_541\Debug\Rhea.a(I2C_INT.o)
 .debug_ranges  0x00000950       0x28 .\CortexM3\ARM_GCC_541\Debug\Rhea.a(I2C_PM.o)
 .debug_ranges  0x00000978       0x70 .\CortexM3\ARM_GCC_541\Debug\Rhea.a(I2C_MASTER.o)
 .debug_ranges  0x000009e8       0xf0 .\CortexM3\ARM_GCC_541\Debug\Rhea.a(UART.o)
 .debug_ranges  0x00000ad8       0x70 .\CortexM3\ARM_GCC_541\Debug\Rhea.a(RTC_INTR.o)
 .debug_ranges  0x00000b48       0x78 .\CortexM3\ARM_GCC_541\Debug\Rhea.a(SENSOR_TIMER.o)
 .debug_ranges  0x00000bc0       0x70 .\CortexM3\ARM_GCC_541\Debug\Rhea.a(SENSOR_1MS.o)
 .debug_ranges  0x00000c30       0x60 .\CortexM3\ARM_GCC_541\Debug\Rhea.a(UART_IntClock.o)
 .debug_ranges  0x00000c90      0x290 .\CortexM3\ARM_GCC_541\Debug\Rhea.a(CyLib.o)
 .debug_ranges  0x00000f20       0x88 .\CortexM3\ARM_GCC_541\Debug\Rhea.a(cyPm.o)
 .debug_ranges  0x00000fa8       0x78 .\CortexM3\ARM_GCC_541\Debug\Rhea.a(CyFlash.o)
 .debug_ranges  0x00001020       0x70 .\CortexM3\ARM_GCC_541\Debug\Rhea.a(CySpc.o)

.comment        0x00000000       0x6e
 .comment       0x00000000       0x6e .\CortexM3\ARM_GCC_541\Debug\BME280.o
                                 0x6f (size before relaxing)
 .comment       0x0000006e       0x6f .\CortexM3\ARM_GCC_541\Debug\MCP7940N.o
 .comment       0x0000006e       0x6f .\CortexM3\ARM_GCC_541\Debug\SSD1306.o
 .comment       0x0000006e       0x6f .\CortexM3\ARM_GCC_541\Debug\gfx.o
 .comment       0x0000006e       0x6f .\CortexM3\ARM_GCC_541\Debug\gfx_impl.o
 .comment       0x0000006e       0x6f .\CortexM3\ARM_GCC_541\Debug\i2c_rhea.o
 .comment       0x0000006e       0x6f .\CortexM3\ARM_GCC_541\Debug\i2c_impl.o
 .comment       0x0000006e       0x6f .\CortexM3\ARM_GCC_541\Debug\alarm.o
 .comment       0x0000006e       0x6f .\CortexM3\ARM_GCC_541\Debug\datetime.o
 .comment       0x0000006e       0x6f .\CortexM3\ARM_GCC_541\Debug\rtc.o
 .comment       0x0000006e       0x6f .\CortexM3\ARM_GCC_541\Debug\rtc_impl.o
 .comment       0x0000006e       0x6f .\CortexM3\ARM_GCC_541\Debug\BME280_INTF.o
 .comment       0x0000006e       0x6f .\CortexM3\ARM_GCC_541\Debug\sensor.o
 .comment       0x0000006e       0x6f .\CortexM3\ARM_GCC_541\Debug\sensor_impl.o
 .comment       0x0000006e       0x6f .\CortexM3\ARM_GCC_541\Debug\uart_impl.o
 .comment       0x0000006e       0x6f .\CortexM3\ARM_GCC_541\Debug\uart_rhea.o
 .comment       0x0000006e       0x6f .\CortexM3\ARM_GCC_541\Debug\cyfitter_cfg.o
 .comment       0x0000006e       0x6f .\CortexM3\ARM_GCC_541\Debug\cymetadata.o
 .comment       0x0000006e       0x6f .\CortexM3\ARM_GCC_541\Debug\Cm3Start.o
 .comment       0x0000006e       0x6f .\CortexM3\ARM_GCC_541\Debug\main.o
 .comment       0x0000006e       0x6f .\CortexM3\ARM_GCC_541\Debug\Rhea.a(I2C.o)
 .comment       0x0000006e       0x6f .\CortexM3\ARM_GCC_541\Debug\Rhea.a(I2C_INT.o)
 .comment       0x0000006e       0x6f .\CortexM3\ARM_GCC_541\Debug\Rhea.a(I2C_PM.o)
 .comment       0x0000006e       0x6f .\CortexM3\ARM_GCC_541\Debug\Rhea.a(I2C_MASTER.o)
 .comment       0x0000006e       0x6f .\CortexM3\ARM_GCC_541\Debug\Rhea.a(UART.o)
 .comment       0x0000006e       0x6f .\CortexM3\ARM_GCC_541\Debug\Rhea.a(RTC_INTR.o)
 .comment       0x0000006e       0x6f .\CortexM3\ARM_GCC_541\Debug\Rhea.a(SENSOR_TIMER.o)
 .comment       0x0000006e       0x6f .\CortexM3\ARM_GCC_541\Debug\Rhea.a(SENSOR_1MS.o)
 .comment       0x0000006e       0x6f .\CortexM3\ARM_GCC_541\Debug\Rhea.a(UART_IntClock.o)
 .comment       0x0000006e       0x6f .\CortexM3\ARM_GCC_541\Debug\Rhea.a(CyLib.o)
 .comment       0x0000006e       0x6f .\CortexM3\ARM_GCC_541\Debug\Rhea.a(cyPm.o)
 .comment       0x0000006e       0x6f .\CortexM3\ARM_GCC_541\Debug\Rhea.a(CyFlash.o)
 .comment       0x0000006e       0x6f .\CortexM3\ARM_GCC_541\Debug\Rhea.a(CySpc.o)

.debug_weaknames
 *(.debug_weaknames)

.debug_funcnames
 *(.debug_funcnames)

.debug_typenames
 *(.debug_typenames)

.debug_varnames
 *(.debug_varnames)

.note.gnu.arm.ident
 *(.note.gnu.arm.ident)

.ARM.attributes
                0x00000000       0x29
 *(.ARM.attributes)
 .ARM.attributes
                0x00000000       0x1d e:/cypress/psoc creator/4.2/psoc creator/import/gnu/arm/5.4.1/bin/../lib/gcc/arm-none-eabi/5.4.1/armv7-m/crti.o
 .ARM.attributes
                0x0000001d       0x2d e:/cypress/psoc creator/4.2/psoc creator/import/gnu/arm/5.4.1/bin/../lib/gcc/arm-none-eabi/5.4.1/armv7-m/crtbegin.o
 .ARM.attributes
                0x0000004a       0x1b e:/cypress/psoc creator/4.2/psoc creator/import/gnu/arm/5.4.1/bin/../lib/gcc/arm-none-eabi/5.4.1/../../../../arm-none-eabi/lib/armv7-m/crt0.o
 .ARM.attributes
                0x00000065       0x33 .\CortexM3\ARM_GCC_541\Debug\BME280.o
 .ARM.attributes
                0x00000098       0x33 .\CortexM3\ARM_GCC_541\Debug\MCP7940N.o
 .ARM.attributes
                0x000000cb       0x33 .\CortexM3\ARM_GCC_541\Debug\SSD1306.o
 .ARM.attributes
                0x000000fe       0x33 .\CortexM3\ARM_GCC_541\Debug\gfx.o
 .ARM.attributes
                0x00000131       0x33 .\CortexM3\ARM_GCC_541\Debug\gfx_impl.o
 .ARM.attributes
                0x00000164       0x33 .\CortexM3\ARM_GCC_541\Debug\i2c_rhea.o
 .ARM.attributes
                0x00000197       0x33 .\CortexM3\ARM_GCC_541\Debug\i2c_impl.o
 .ARM.attributes
                0x000001ca       0x33 .\CortexM3\ARM_GCC_541\Debug\alarm.o
 .ARM.attributes
                0x000001fd       0x33 .\CortexM3\ARM_GCC_541\Debug\datetime.o
 .ARM.attributes
                0x00000230       0x33 .\CortexM3\ARM_GCC_541\Debug\rtc.o
 .ARM.attributes
                0x00000263       0x33 .\CortexM3\ARM_GCC_541\Debug\rtc_impl.o
 .ARM.attributes
                0x00000296       0x33 .\CortexM3\ARM_GCC_541\Debug\BME280_INTF.o
 .ARM.attributes
                0x000002c9       0x33 .\CortexM3\ARM_GCC_541\Debug\sensor.o
 .ARM.attributes
                0x000002fc       0x33 .\CortexM3\ARM_GCC_541\Debug\sensor_impl.o
 .ARM.attributes
                0x0000032f       0x33 .\CortexM3\ARM_GCC_541\Debug\uart_impl.o
 .ARM.attributes
                0x00000362       0x33 .\CortexM3\ARM_GCC_541\Debug\uart_rhea.o
 .ARM.attributes
                0x00000395       0x33 .\CortexM3\ARM_GCC_541\Debug\cyfitter_cfg.o
 .ARM.attributes
                0x000003c8       0x33 .\CortexM3\ARM_GCC_541\Debug\cymetadata.o
 .ARM.attributes
                0x000003fb       0x33 .\CortexM3\ARM_GCC_541\Debug\Cm3Start.o
 .ARM.attributes
                0x0000042e       0x33 .\CortexM3\ARM_GCC_541\Debug\main.o
 .ARM.attributes
                0x00000461       0x33 .\CortexM3\ARM_GCC_541\Debug\Rhea.a(I2C.o)
 .ARM.attributes
                0x00000494       0x33 .\CortexM3\ARM_GCC_541\Debug\Rhea.a(I2C_INT.o)
 .ARM.attributes
                0x000004c7       0x33 .\CortexM3\ARM_GCC_541\Debug\Rhea.a(I2C_PM.o)
 .ARM.attributes
                0x000004fa       0x33 .\CortexM3\ARM_GCC_541\Debug\Rhea.a(I2C_MASTER.o)
 .ARM.attributes
                0x0000052d       0x33 .\CortexM3\ARM_GCC_541\Debug\Rhea.a(UART.o)
 .ARM.attributes
                0x00000560       0x33 .\CortexM3\ARM_GCC_541\Debug\Rhea.a(RTC_INTR.o)
 .ARM.attributes
                0x00000593       0x33 .\CortexM3\ARM_GCC_541\Debug\Rhea.a(SENSOR_TIMER.o)
 .ARM.attributes
                0x000005c6       0x33 .\CortexM3\ARM_GCC_541\Debug\Rhea.a(SENSOR_1MS.o)
 .ARM.attributes
                0x000005f9       0x33 .\CortexM3\ARM_GCC_541\Debug\Rhea.a(UART_IntClock.o)
 .ARM.attributes
                0x0000062c       0x33 .\CortexM3\ARM_GCC_541\Debug\Rhea.a(CyLib.o)
 .ARM.attributes
                0x0000065f       0x33 .\CortexM3\ARM_GCC_541\Debug\Rhea.a(cyPm.o)
 .ARM.attributes
                0x00000692       0x21 .\CortexM3\ARM_GCC_541\Debug\Rhea.a(CyBootAsmGnu.o)
 .ARM.attributes
                0x000006b3       0x33 .\CortexM3\ARM_GCC_541\Debug\Rhea.a(CyFlash.o)
 .ARM.attributes
                0x000006e6       0x33 .\CortexM3\ARM_GCC_541\Debug\Rhea.a(CySpc.o)
 .ARM.attributes
                0x00000719       0x1d e:/cypress/psoc creator/4.2/psoc creator/import/gnu/arm/5.4.1/bin/../lib/gcc/arm-none-eabi/5.4.1/armv7-m\libgcc.a(_arm_addsubdf3.o)
 .ARM.attributes
                0x00000736       0x1d e:/cypress/psoc creator/4.2/psoc creator/import/gnu/arm/5.4.1/bin/../lib/gcc/arm-none-eabi/5.4.1/armv7-m\libgcc.a(_arm_muldivdf3.o)
 .ARM.attributes
                0x00000753       0x1d e:/cypress/psoc creator/4.2/psoc creator/import/gnu/arm/5.4.1/bin/../lib/gcc/arm-none-eabi/5.4.1/armv7-m\libgcc.a(_arm_cmpdf2.o)
 .ARM.attributes
                0x00000770       0x1d e:/cypress/psoc creator/4.2/psoc creator/import/gnu/arm/5.4.1/bin/../lib/gcc/arm-none-eabi/5.4.1/armv7-m\libgcc.a(_arm_fixdfsi.o)
 .ARM.attributes
                0x0000078d       0x1d e:/cypress/psoc creator/4.2/psoc creator/import/gnu/arm/5.4.1/bin/../lib/gcc/arm-none-eabi/5.4.1/armv7-m\libgcc.a(_arm_fixunsdfsi.o)
 .ARM.attributes
                0x000007aa       0x1d e:/cypress/psoc creator/4.2/psoc creator/import/gnu/arm/5.4.1/bin/../lib/gcc/arm-none-eabi/5.4.1/armv7-m\libgcc.a(_arm_addsubsf3.o)
 .ARM.attributes
                0x000007c7       0x1d e:/cypress/psoc creator/4.2/psoc creator/import/gnu/arm/5.4.1/bin/../lib/gcc/arm-none-eabi/5.4.1/armv7-m\libgcc.a(_arm_muldivsf3.o)
 .ARM.attributes
                0x000007e4       0x1d e:/cypress/psoc creator/4.2/psoc creator/import/gnu/arm/5.4.1/bin/../lib/gcc/arm-none-eabi/5.4.1/armv7-m\libgcc.a(_arm_fixsfsi.o)
 .ARM.attributes
                0x00000801       0x1d e:/cypress/psoc creator/4.2/psoc creator/import/gnu/arm/5.4.1/bin/../lib/gcc/arm-none-eabi/5.4.1/armv7-m\libgcc.a(_aeabi_ldivmod.o)
 .ARM.attributes
                0x0000081e       0x2d e:/cypress/psoc creator/4.2/psoc creator/import/gnu/arm/5.4.1/bin/../lib/gcc/arm-none-eabi/5.4.1/armv7-m\libgcc.a(_fixdfdi.o)
 .ARM.attributes
                0x0000084b       0x2d e:/cypress/psoc creator/4.2/psoc creator/import/gnu/arm/5.4.1/bin/../lib/gcc/arm-none-eabi/5.4.1/armv7-m\libgcc.a(_fixunsdfdi.o)
 .ARM.attributes
                0x00000878       0x2d e:/cypress/psoc creator/4.2/psoc creator/import/gnu/arm/5.4.1/bin/../lib/gcc/arm-none-eabi/5.4.1/armv7-m\libgcc.a(_udivmoddi4.o)
 .ARM.attributes
                0x000008a5       0x1d e:/cypress/psoc creator/4.2/psoc creator/import/gnu/arm/5.4.1/bin/../lib/gcc/arm-none-eabi/5.4.1/armv7-m\libgcc.a(_dvmd_tls.o)
 .ARM.attributes
                0x000008c2       0x2d e:/cypress/psoc creator/4.2/psoc creator/import/gnu/arm/5.4.1/bin/../lib/gcc/arm-none-eabi/5.4.1/../../../../arm-none-eabi/lib/armv7-m\libg_nano.a(lib_a-errno.o)
 .ARM.attributes
                0x000008ef       0x2d e:/cypress/psoc creator/4.2/psoc creator/import/gnu/arm/5.4.1/bin/../lib/gcc/arm-none-eabi/5.4.1/../../../../arm-none-eabi/lib/armv7-m\libg_nano.a(lib_a-exit.o)
 .ARM.attributes
                0x0000091c       0x2d e:/cypress/psoc creator/4.2/psoc creator/import/gnu/arm/5.4.1/bin/../lib/gcc/arm-none-eabi/5.4.1/../../../../arm-none-eabi/lib/armv7-m\libg_nano.a(lib_a-impure.o)
 .ARM.attributes
                0x00000949       0x2d e:/cypress/psoc creator/4.2/psoc creator/import/gnu/arm/5.4.1/bin/../lib/gcc/arm-none-eabi/5.4.1/../../../../arm-none-eabi/lib/armv7-m\libg_nano.a(lib_a-init.o)
 .ARM.attributes
                0x00000976       0x2d e:/cypress/psoc creator/4.2/psoc creator/import/gnu/arm/5.4.1/bin/../lib/gcc/arm-none-eabi/5.4.1/../../../../arm-none-eabi/lib/armv7-m\libg_nano.a(lib_a-memcpy-stub.o)
 .ARM.attributes
                0x000009a3       0x2d e:/cypress/psoc creator/4.2/psoc creator/import/gnu/arm/5.4.1/bin/../lib/gcc/arm-none-eabi/5.4.1/../../../../arm-none-eabi/lib/armv7-m\libg_nano.a(lib_a-memset.o)
 .ARM.attributes
                0x000009d0       0x2d e:/cypress/psoc creator/4.2/psoc creator/import/gnu/arm/5.4.1/bin/../lib/gcc/arm-none-eabi/5.4.1/../../../../arm-none-eabi/lib/armv7-m\libg_nano.a(lib_a-sprintf.o)
 .ARM.attributes
                0x000009fd       0x2d e:/cypress/psoc creator/4.2/psoc creator/import/gnu/arm/5.4.1/bin/../lib/gcc/arm-none-eabi/5.4.1/../../../../arm-none-eabi/lib/armv7-m\libg_nano.a(lib_a-sscanf.o)
 .ARM.attributes
                0x00000a2a       0x2d e:/cypress/psoc creator/4.2/psoc creator/import/gnu/arm/5.4.1/bin/../lib/gcc/arm-none-eabi/5.4.1/../../../../arm-none-eabi/lib/armv7-m\libg_nano.a(lib_a-stdio.o)
 .ARM.attributes
                0x00000a57       0x2d e:/cypress/psoc creator/4.2/psoc creator/import/gnu/arm/5.4.1/bin/../lib/gcc/arm-none-eabi/5.4.1/../../../../arm-none-eabi/lib/armv7-m\libg_nano.a(lib_a-strcat.o)
 .ARM.attributes
                0x00000a84       0x1b e:/cypress/psoc creator/4.2/psoc creator/import/gnu/arm/5.4.1/bin/../lib/gcc/arm-none-eabi/5.4.1/../../../../arm-none-eabi/lib/armv7-m\libg_nano.a(lib_a-strcmp.o)
 .ARM.attributes
                0x00000a9f       0x2d e:/cypress/psoc creator/4.2/psoc creator/import/gnu/arm/5.4.1/bin/../lib/gcc/arm-none-eabi/5.4.1/../../../../arm-none-eabi/lib/armv7-m\libg_nano.a(lib_a-strcpy.o)
 .ARM.attributes
                0x00000acc       0x17 e:/cypress/psoc creator/4.2/psoc creator/import/gnu/arm/5.4.1/bin/../lib/gcc/arm-none-eabi/5.4.1/../../../../arm-none-eabi/lib/armv7-m\libg_nano.a(lib_a-strlen.o)
 .ARM.attributes
                0x00000ae3       0x2d e:/cypress/psoc creator/4.2/psoc creator/import/gnu/arm/5.4.1/bin/../lib/gcc/arm-none-eabi/5.4.1/../../../../arm-none-eabi/lib/armv7-m\libg_nano.a(lib_a-writer.o)
 .ARM.attributes
                0x00000b10       0x2d e:/cypress/psoc creator/4.2/psoc creator/import/gnu/arm/5.4.1/bin/../lib/gcc/arm-none-eabi/5.4.1/../../../../arm-none-eabi/lib/armv7-m\libg_nano.a(lib_a-closer.o)
 .ARM.attributes
                0x00000b3d       0x2d e:/cypress/psoc creator/4.2/psoc creator/import/gnu/arm/5.4.1/bin/../lib/gcc/arm-none-eabi/5.4.1/../../../../arm-none-eabi/lib/armv7-m\libg_nano.a(lib_a-lseekr.o)
 .ARM.attributes
                0x00000b6a       0x2d e:/cypress/psoc creator/4.2/psoc creator/import/gnu/arm/5.4.1/bin/../lib/gcc/arm-none-eabi/5.4.1/../../../../arm-none-eabi/lib/armv7-m\libg_nano.a(lib_a-nano-svfprintf.o)
 .ARM.attributes
                0x00000b97       0x2d e:/cypress/psoc creator/4.2/psoc creator/import/gnu/arm/5.4.1/bin/../lib/gcc/arm-none-eabi/5.4.1/../../../../arm-none-eabi/lib/armv7-m\libg_nano.a(lib_a-nano-svfscanf.o)
 .ARM.attributes
                0x00000bc4       0x2d e:/cypress/psoc creator/4.2/psoc creator/import/gnu/arm/5.4.1/bin/../lib/gcc/arm-none-eabi/5.4.1/../../../../arm-none-eabi/lib/armv7-m\libg_nano.a(lib_a-nano-vfprintf_i.o)
 .ARM.attributes
                0x00000bf1       0x2d e:/cypress/psoc creator/4.2/psoc creator/import/gnu/arm/5.4.1/bin/../lib/gcc/arm-none-eabi/5.4.1/../../../../arm-none-eabi/lib/armv7-m\libg_nano.a(lib_a-nano-vfscanf_i.o)
 .ARM.attributes
                0x00000c1e       0x2d e:/cypress/psoc creator/4.2/psoc creator/import/gnu/arm/5.4.1/bin/../lib/gcc/arm-none-eabi/5.4.1/../../../../arm-none-eabi/lib/armv7-m\libg_nano.a(lib_a-readr.o)