ARM GAS  C:\Users\GYULAI~1\AppData\Local\Temp\ccnKxVyy.s 			page 1


   1              		.syntax unified
   2              		.cpu cortex-m3
   3              		.fpu softvfp
   4              		.eabi_attribute 20, 1
   5              		.eabi_attribute 21, 1
   6              		.eabi_attribute 23, 3
   7              		.eabi_attribute 24, 1
   8              		.eabi_attribute 25, 1
   9              		.eabi_attribute 26, 1
  10              		.eabi_attribute 30, 6
  11              		.eabi_attribute 34, 1
  12              		.eabi_attribute 18, 4
  13              		.thumb
  14              		.syntax unified
  15              		.file	"sensor_impl.c"
  16              		.text
  17              	.Ltext0:
  18              		.cfi_sections	.debug_frame
  19              		.section	.text.rhea_sensor_initialize_impl,"ax",%progbits
  20              		.align	2
  21              		.global	rhea_sensor_initialize_impl
  22              		.thumb
  23              		.thumb_func
  24              		.type	rhea_sensor_initialize_impl, %function
  25              	rhea_sensor_initialize_impl:
  26              	.LFB63:
  27              		.file 1 "rhea\\sensor\\sensor_impl.c"
   1:rhea\sensor/sensor_impl.c **** /*********************************************************************************
   2:rhea\sensor/sensor_impl.c ****  * Copyright (c) 2020 Peter Gyulai
   3:rhea\sensor/sensor_impl.c ****  *
   4:rhea\sensor/sensor_impl.c ****  * Permission is hereby granted, free of charge, to any person obtaining a copy
   5:rhea\sensor/sensor_impl.c ****  * of this software and associated documentation files (the "Software"), to deal
   6:rhea\sensor/sensor_impl.c ****  * in the Software without restriction, including without limitation the rights
   7:rhea\sensor/sensor_impl.c ****  * to use, copy, modify, merge, publish, distribute, sublicense, and/or sell
   8:rhea\sensor/sensor_impl.c ****  * copies of the Software, and to permit persons to whom the Software is
   9:rhea\sensor/sensor_impl.c ****  * furnished to do so, subject to the following conditions:
  10:rhea\sensor/sensor_impl.c ****  *
  11:rhea\sensor/sensor_impl.c ****  * The above copyright notice and this permission notice shall be included in all
  12:rhea\sensor/sensor_impl.c ****  * copies or substantial portions of the Software.
  13:rhea\sensor/sensor_impl.c ****  *
  14:rhea\sensor/sensor_impl.c ****  * THE SOFTWARE IS PROVIDED "AS IS", WITHOUT WARRANTY OF ANY KIND,
  15:rhea\sensor/sensor_impl.c ****  * EXPRESS OR IMPLIED, INCLUDING BUT NOT LIMITED TO THE WARRANTIES OF
  16:rhea\sensor/sensor_impl.c ****  * MERCHANTABILITY, FITNESS FOR A PARTICULAR PURPOSE AND NONINFRINGEMENT.
  17:rhea\sensor/sensor_impl.c ****  * IN NO EVENT SHALL THE AUTHORS OR COPYRIGHT HOLDERS BE LIABLE FOR ANY CLAIM,
  18:rhea\sensor/sensor_impl.c ****  * DAMAGES OR OTHER LIABILITY, WHETHER IN AN ACTION OF CONTRACT, TORT OR
  19:rhea\sensor/sensor_impl.c ****  * OTHERWISE, ARISING FROM, OUT OF OR IN CONNECTION WITH THE SOFTWARE OR THE USE
  20:rhea\sensor/sensor_impl.c ****  * OR OTHER DEALINGS IN THE SOFTWARE.
  21:rhea\sensor/sensor_impl.c **** **********************************************************************************/
  22:rhea\sensor/sensor_impl.c **** 
  23:rhea\sensor/sensor_impl.c **** /**
  24:rhea\sensor/sensor_impl.c ****  * @file    sensor_impl.c
  25:rhea\sensor/sensor_impl.c ****  * @author  Peter Gyulai
  26:rhea\sensor/sensor_impl.c ****  * @version 1.0.0
  27:rhea\sensor/sensor_impl.c ****  * @date    2020.04.19
  28:rhea\sensor/sensor_impl.c ****  * @brief   Sensor interface implementation.
  29:rhea\sensor/sensor_impl.c ****  * @details
  30:rhea\sensor/sensor_impl.c ****  * This file contains the sensor interface implementation. Implement the 
ARM GAS  C:\Users\GYULAI~1\AppData\Local\Temp\ccnKxVyy.s 			page 2


  31:rhea\sensor/sensor_impl.c ****  * interface functionality here when porting to a new target microcontroller.
  32:rhea\sensor/sensor_impl.c ****  */
  33:rhea\sensor/sensor_impl.c **** 
  34:rhea\sensor/sensor_impl.c **** // Including global configuration
  35:rhea\sensor/sensor_impl.c **** #include "../rhea_config.h"
  36:rhea\sensor/sensor_impl.c **** 
  37:rhea\sensor/sensor_impl.c **** // Including necessary headers
  38:rhea\sensor/sensor_impl.c **** #include "sensor_config.h"
  39:rhea\sensor/sensor_impl.c **** #include "sensor_impl.h"
  40:rhea\sensor/sensor_impl.c **** 
  41:rhea\sensor/sensor_impl.c **** // Target specific includes
  42:rhea\sensor/sensor_impl.c **** #if defined(RHEA_TARGET_PSOC5LP)
  43:rhea\sensor/sensor_impl.c ****     
  44:rhea\sensor/sensor_impl.c ****     // Including generated source
  45:rhea\sensor/sensor_impl.c ****     #include "project.h"
  46:rhea\sensor/sensor_impl.c ****     
  47:rhea\sensor/sensor_impl.c **** #elif defined(RHEA_TARGET_ESP32)
  48:rhea\sensor/sensor_impl.c ****     
  49:rhea\sensor/sensor_impl.c **** #endif
  50:rhea\sensor/sensor_impl.c **** 
  51:rhea\sensor/sensor_impl.c **** // Optional sensor interface includes
  52:rhea\sensor/sensor_impl.c **** #if RHEA_SENSOR_ADD_BME280
  53:rhea\sensor/sensor_impl.c ****     
  54:rhea\sensor/sensor_impl.c ****     // Include BME280 driver interface
  55:rhea\sensor/sensor_impl.c ****     #include "interfaces/BME280/BME280_INTF.h"
  56:rhea\sensor/sensor_impl.c ****     
  57:rhea\sensor/sensor_impl.c **** #endif
  58:rhea\sensor/sensor_impl.c **** 
  59:rhea\sensor/sensor_impl.c **** void rhea_sensor_initialize_impl(void) {
  28              		.loc 1 59 0
  29              		.cfi_startproc
  30              		@ args = 0, pretend = 0, frame = 0
  31              		@ frame_needed = 1, uses_anonymous_args = 0
  32 0000 80B5     		push	{r7, lr}
  33              		.cfi_def_cfa_offset 8
  34              		.cfi_offset 7, -8
  35              		.cfi_offset 14, -4
  36 0002 00AF     		add	r7, sp, #0
  37              		.cfi_def_cfa_register 7
  60:rhea\sensor/sensor_impl.c ****     
  61:rhea\sensor/sensor_impl.c ****     // Implementation for PSoC5LP target
  62:rhea\sensor/sensor_impl.c ****     #if defined(RHEA_TARGET_PSOC5LP)
  63:rhea\sensor/sensor_impl.c ****         
  64:rhea\sensor/sensor_impl.c ****         // Enabling sensor timer
  65:rhea\sensor/sensor_impl.c ****         SENSOR_TIMER_Start();
  38              		.loc 1 65 0
  39 0004 FFF7FEFF 		bl	SENSOR_TIMER_Start
  66:rhea\sensor/sensor_impl.c ****         
  67:rhea\sensor/sensor_impl.c ****         // Enabling periodic sensor interrupt
  68:rhea\sensor/sensor_impl.c ****         SENSOR_1MS_StartEx(rhea_sensor_periodicMeasure);
  40              		.loc 1 68 0
  41 0008 0348     		ldr	r0, .L2
  42 000a FFF7FEFF 		bl	SENSOR_1MS_StartEx
  69:rhea\sensor/sensor_impl.c ****         
  70:rhea\sensor/sensor_impl.c ****     // Implementation for ESP32 target
  71:rhea\sensor/sensor_impl.c ****     #elif defined(RHEA_TARGET_ESP32) 
  72:rhea\sensor/sensor_impl.c ****         
ARM GAS  C:\Users\GYULAI~1\AppData\Local\Temp\ccnKxVyy.s 			page 3


  73:rhea\sensor/sensor_impl.c ****         #error ESP32 sensor library not initialized!
  74:rhea\sensor/sensor_impl.c ****         
  75:rhea\sensor/sensor_impl.c ****     #endif
  76:rhea\sensor/sensor_impl.c ****     
  77:rhea\sensor/sensor_impl.c ****     // Optionally add BME280 to the defult configuration
  78:rhea\sensor/sensor_impl.c ****     #if RHEA_SENSOR_ADD_BME280
  79:rhea\sensor/sensor_impl.c ****         
  80:rhea\sensor/sensor_impl.c ****         // Adding sensor interface
  81:rhea\sensor/sensor_impl.c ****         bme280_addInterface();
  43              		.loc 1 81 0
  44 000e FFF7FEFF 		bl	bme280_addInterface
  82:rhea\sensor/sensor_impl.c ****         
  83:rhea\sensor/sensor_impl.c ****     #endif
  84:rhea\sensor/sensor_impl.c **** }...
  45              		.loc 1 84 0
  46 0012 00BF     		nop
  47 0014 80BD     		pop	{r7, pc}
  48              	.L3:
  49 0016 00BF     		.align	2
  50              	.L2:
  51 0018 00000000 		.word	rhea_sensor_periodicMeasure
  52              		.cfi_endproc
  53              	.LFE63:
  54              		.size	rhea_sensor_initialize_impl, .-rhea_sensor_initialize_impl
  55              		.text
  56              	.Letext0:
  57              		.file 2 "e:\\cypress\\psoc creator\\4.2\\psoc creator\\import\\gnu\\arm\\5.4.1\\arm-none-eabi\\inc
  58              		.file 3 "e:\\cypress\\psoc creator\\4.2\\psoc creator\\import\\gnu\\arm\\5.4.1\\arm-none-eabi\\inc
  59              		.file 4 "Generated_Source\\PSoC5/core_cm3.h"
  60              		.section	.debug_info,"",%progbits
  61              	.Ldebug_info0:
  62 0000 C3000000 		.4byte	0xc3
  63 0004 0400     		.2byte	0x4
  64 0006 00000000 		.4byte	.Ldebug_abbrev0
  65 000a 04       		.byte	0x4
  66 000b 01       		.uleb128 0x1
  67 000c 9E000000 		.4byte	.LASF16
  68 0010 0C       		.byte	0xc
  69 0011 2E000000 		.4byte	.LASF17
  70 0015 48000000 		.4byte	.LASF18
  71 0019 00000000 		.4byte	.Ldebug_ranges0+0
  72 001d 00000000 		.4byte	0
  73 0021 00000000 		.4byte	.Ldebug_line0
  74 0025 02       		.uleb128 0x2
  75 0026 01       		.byte	0x1
  76 0027 06       		.byte	0x6
  77 0028 65010000 		.4byte	.LASF0
  78 002c 02       		.uleb128 0x2
  79 002d 01       		.byte	0x1
  80 002e 08       		.byte	0x8
  81 002f 2C010000 		.4byte	.LASF1
  82 0033 02       		.uleb128 0x2
  83 0034 02       		.byte	0x2
  84 0035 05       		.byte	0x5
  85 0036 8D010000 		.4byte	.LASF2
  86 003a 02       		.uleb128 0x2
  87 003b 02       		.byte	0x2
ARM GAS  C:\Users\GYULAI~1\AppData\Local\Temp\ccnKxVyy.s 			page 4


  88 003c 07       		.byte	0x7
  89 003d 0E000000 		.4byte	.LASF3
  90 0041 03       		.uleb128 0x3
  91 0042 7D010000 		.4byte	.LASF9
  92 0046 02       		.byte	0x2
  93 0047 3F       		.byte	0x3f
  94 0048 4C000000 		.4byte	0x4c
  95 004c 02       		.uleb128 0x2
  96 004d 04       		.byte	0x4
  97 004e 05       		.byte	0x5
  98 004f 3F010000 		.4byte	.LASF4
  99 0053 02       		.uleb128 0x2
 100 0054 04       		.byte	0x4
 101 0055 07       		.byte	0x7
 102 0056 75000000 		.4byte	.LASF5
 103 005a 02       		.uleb128 0x2
 104 005b 08       		.byte	0x8
 105 005c 05       		.byte	0x5
 106 005d 00000000 		.4byte	.LASF6
 107 0061 02       		.uleb128 0x2
 108 0062 08       		.byte	0x8
 109 0063 07       		.byte	0x7
 110 0064 87000000 		.4byte	.LASF7
 111 0068 04       		.uleb128 0x4
 112 0069 04       		.byte	0x4
 113 006a 05       		.byte	0x5
 114 006b 696E7400 		.ascii	"int\000"
 115 006f 02       		.uleb128 0x2
 116 0070 04       		.byte	0x4
 117 0071 07       		.byte	0x7
 118 0072 21000000 		.4byte	.LASF8
 119 0076 03       		.uleb128 0x3
 120 0077 97010000 		.4byte	.LASF10
 121 007b 03       		.byte	0x3
 122 007c 2C       		.byte	0x2c
 123 007d 41000000 		.4byte	0x41
 124 0081 02       		.uleb128 0x2
 125 0082 04       		.byte	0x4
 126 0083 04       		.byte	0x4
 127 0084 87010000 		.4byte	.LASF11
 128 0088 02       		.uleb128 0x2
 129 0089 08       		.byte	0x8
 130 008a 04       		.byte	0x4
 131 008b 48010000 		.4byte	.LASF12
 132 008f 02       		.uleb128 0x2
 133 0090 01       		.byte	0x1
 134 0091 08       		.byte	0x8
 135 0092 3A010000 		.4byte	.LASF13
 136 0096 02       		.uleb128 0x2
 137 0097 08       		.byte	0x8
 138 0098 04       		.byte	0x4
 139 0099 71010000 		.4byte	.LASF14
 140 009d 02       		.uleb128 0x2
 141 009e 04       		.byte	0x4
 142 009f 07       		.byte	0x7
 143 00a0 4F010000 		.4byte	.LASF15
 144 00a4 05       		.uleb128 0x5
ARM GAS  C:\Users\GYULAI~1\AppData\Local\Temp\ccnKxVyy.s 			page 5


 145 00a5 9F010000 		.4byte	.LASF19
 146 00a9 01       		.byte	0x1
 147 00aa 3B       		.byte	0x3b
 148 00ab 00000000 		.4byte	.LFB63
 149 00af 1C000000 		.4byte	.LFE63-.LFB63
 150 00b3 01       		.uleb128 0x1
 151 00b4 9C       		.byte	0x9c
 152 00b5 06       		.uleb128 0x6
 153 00b6 58010000 		.4byte	.LASF20
 154 00ba 04       		.byte	0x4
 155 00bb 1207     		.2byte	0x712
 156 00bd C1000000 		.4byte	0xc1
 157 00c1 07       		.uleb128 0x7
 158 00c2 76000000 		.4byte	0x76
 159 00c6 00       		.byte	0
 160              		.section	.debug_abbrev,"",%progbits
 161              	.Ldebug_abbrev0:
 162 0000 01       		.uleb128 0x1
 163 0001 11       		.uleb128 0x11
 164 0002 01       		.byte	0x1
 165 0003 25       		.uleb128 0x25
 166 0004 0E       		.uleb128 0xe
 167 0005 13       		.uleb128 0x13
 168 0006 0B       		.uleb128 0xb
 169 0007 03       		.uleb128 0x3
 170 0008 0E       		.uleb128 0xe
 171 0009 1B       		.uleb128 0x1b
 172 000a 0E       		.uleb128 0xe
 173 000b 55       		.uleb128 0x55
 174 000c 17       		.uleb128 0x17
 175 000d 11       		.uleb128 0x11
 176 000e 01       		.uleb128 0x1
 177 000f 10       		.uleb128 0x10
 178 0010 17       		.uleb128 0x17
 179 0011 00       		.byte	0
 180 0012 00       		.byte	0
 181 0013 02       		.uleb128 0x2
 182 0014 24       		.uleb128 0x24
 183 0015 00       		.byte	0
 184 0016 0B       		.uleb128 0xb
 185 0017 0B       		.uleb128 0xb
 186 0018 3E       		.uleb128 0x3e
 187 0019 0B       		.uleb128 0xb
 188 001a 03       		.uleb128 0x3
 189 001b 0E       		.uleb128 0xe
 190 001c 00       		.byte	0
 191 001d 00       		.byte	0
 192 001e 03       		.uleb128 0x3
 193 001f 16       		.uleb128 0x16
 194 0020 00       		.byte	0
 195 0021 03       		.uleb128 0x3
 196 0022 0E       		.uleb128 0xe
 197 0023 3A       		.uleb128 0x3a
 198 0024 0B       		.uleb128 0xb
 199 0025 3B       		.uleb128 0x3b
 200 0026 0B       		.uleb128 0xb
 201 0027 49       		.uleb128 0x49
ARM GAS  C:\Users\GYULAI~1\AppData\Local\Temp\ccnKxVyy.s 			page 6


 202 0028 13       		.uleb128 0x13
 203 0029 00       		.byte	0
 204 002a 00       		.byte	0
 205 002b 04       		.uleb128 0x4
 206 002c 24       		.uleb128 0x24
 207 002d 00       		.byte	0
 208 002e 0B       		.uleb128 0xb
 209 002f 0B       		.uleb128 0xb
 210 0030 3E       		.uleb128 0x3e
 211 0031 0B       		.uleb128 0xb
 212 0032 03       		.uleb128 0x3
 213 0033 08       		.uleb128 0x8
 214 0034 00       		.byte	0
 215 0035 00       		.byte	0
 216 0036 05       		.uleb128 0x5
 217 0037 2E       		.uleb128 0x2e
 218 0038 00       		.byte	0
 219 0039 3F       		.uleb128 0x3f
 220 003a 19       		.uleb128 0x19
 221 003b 03       		.uleb128 0x3
 222 003c 0E       		.uleb128 0xe
 223 003d 3A       		.uleb128 0x3a
 224 003e 0B       		.uleb128 0xb
 225 003f 3B       		.uleb128 0x3b
 226 0040 0B       		.uleb128 0xb
 227 0041 27       		.uleb128 0x27
 228 0042 19       		.uleb128 0x19
 229 0043 11       		.uleb128 0x11
 230 0044 01       		.uleb128 0x1
 231 0045 12       		.uleb128 0x12
 232 0046 06       		.uleb128 0x6
 233 0047 40       		.uleb128 0x40
 234 0048 18       		.uleb128 0x18
 235 0049 9642     		.uleb128 0x2116
 236 004b 19       		.uleb128 0x19
 237 004c 00       		.byte	0
 238 004d 00       		.byte	0
 239 004e 06       		.uleb128 0x6
 240 004f 34       		.uleb128 0x34
 241 0050 00       		.byte	0
 242 0051 03       		.uleb128 0x3
 243 0052 0E       		.uleb128 0xe
 244 0053 3A       		.uleb128 0x3a
 245 0054 0B       		.uleb128 0xb
 246 0055 3B       		.uleb128 0x3b
 247 0056 05       		.uleb128 0x5
 248 0057 49       		.uleb128 0x49
 249 0058 13       		.uleb128 0x13
 250 0059 3F       		.uleb128 0x3f
 251 005a 19       		.uleb128 0x19
 252 005b 3C       		.uleb128 0x3c
 253 005c 19       		.uleb128 0x19
 254 005d 00       		.byte	0
 255 005e 00       		.byte	0
 256 005f 07       		.uleb128 0x7
 257 0060 35       		.uleb128 0x35
 258 0061 00       		.byte	0
ARM GAS  C:\Users\GYULAI~1\AppData\Local\Temp\ccnKxVyy.s 			page 7


 259 0062 49       		.uleb128 0x49
 260 0063 13       		.uleb128 0x13
 261 0064 00       		.byte	0
 262 0065 00       		.byte	0
 263 0066 00       		.byte	0
 264              		.section	.debug_aranges,"",%progbits
 265 0000 1C000000 		.4byte	0x1c
 266 0004 0200     		.2byte	0x2
 267 0006 00000000 		.4byte	.Ldebug_info0
 268 000a 04       		.byte	0x4
 269 000b 00       		.byte	0
 270 000c 0000     		.2byte	0
 271 000e 0000     		.2byte	0
 272 0010 00000000 		.4byte	.LFB63
 273 0014 1C000000 		.4byte	.LFE63-.LFB63
 274 0018 00000000 		.4byte	0
 275 001c 00000000 		.4byte	0
 276              		.section	.debug_ranges,"",%progbits
 277              	.Ldebug_ranges0:
 278 0000 00000000 		.4byte	.LFB63
 279 0004 1C000000 		.4byte	.LFE63
 280 0008 00000000 		.4byte	0
 281 000c 00000000 		.4byte	0
 282              		.section	.debug_line,"",%progbits
 283              	.Ldebug_line0:
 284 0000 45010000 		.section	.debug_str,"MS",%progbits,1
 284      02002A01 
 284      00000201 
 284      FB0E0D00 
 284      01010101 
 285              	.LASF6:
 286 0000 6C6F6E67 		.ascii	"long long int\000"
 286      206C6F6E 
 286      6720696E 
 286      7400
 287              	.LASF3:
 288 000e 73686F72 		.ascii	"short unsigned int\000"
 288      7420756E 
 288      7369676E 
 288      65642069 
 288      6E7400
 289              	.LASF8:
 290 0021 756E7369 		.ascii	"unsigned int\000"
 290      676E6564 
 290      20696E74 
 290      00
 291              	.LASF17:
 292 002e 72686561 		.ascii	"rhea\\sensor\\sensor_impl.c\000"
 292      5C73656E 
 292      736F725C 
 292      73656E73 
 292      6F725F69 
 293              	.LASF18:
 294 0048 453A5C43 		.ascii	"E:\\Cypress\\Projects\\RheaWorkspace\\Rhea.cydsn\000"
 294      79707265 
 294      73735C50 
 294      726F6A65 
ARM GAS  C:\Users\GYULAI~1\AppData\Local\Temp\ccnKxVyy.s 			page 8


 294      6374735C 
 295              	.LASF5:
 296 0075 6C6F6E67 		.ascii	"long unsigned int\000"
 296      20756E73 
 296      69676E65 
 296      6420696E 
 296      7400
 297              	.LASF7:
 298 0087 6C6F6E67 		.ascii	"long long unsigned int\000"
 298      206C6F6E 
 298      6720756E 
 298      7369676E 
 298      65642069 
 299              	.LASF16:
 300 009e 474E5520 		.ascii	"GNU C11 5.4.1 20160609 (release) [ARM/embedded-5-br"
 300      43313120 
 300      352E342E 
 300      31203230 
 300      31363036 
 301 00d1 616E6368 		.ascii	"anch revision 237715] -mcpu=cortex-m3 -mthumb -g -O"
 301      20726576 
 301      6973696F 
 301      6E203233 
 301      37373135 
 302 0104 30202D66 		.ascii	"0 -ffunction-sections -ffat-lto-objects\000"
 302      66756E63 
 302      74696F6E 
 302      2D736563 
 302      74696F6E 
 303              	.LASF1:
 304 012c 756E7369 		.ascii	"unsigned char\000"
 304      676E6564 
 304      20636861 
 304      7200
 305              	.LASF13:
 306 013a 63686172 		.ascii	"char\000"
 306      00
 307              	.LASF4:
 308 013f 6C6F6E67 		.ascii	"long int\000"
 308      20696E74 
 308      00
 309              	.LASF12:
 310 0148 646F7562 		.ascii	"double\000"
 310      6C6500
 311              	.LASF15:
 312 014f 73697A65 		.ascii	"sizetype\000"
 312      74797065 
 312      00
 313              	.LASF20:
 314 0158 49544D5F 		.ascii	"ITM_RxBuffer\000"
 314      52784275 
 314      66666572 
 314      00
 315              	.LASF0:
 316 0165 7369676E 		.ascii	"signed char\000"
 316      65642063 
 316      68617200 
ARM GAS  C:\Users\GYULAI~1\AppData\Local\Temp\ccnKxVyy.s 			page 9


 317              	.LASF14:
 318 0171 6C6F6E67 		.ascii	"long double\000"
 318      20646F75 
 318      626C6500 
 319              	.LASF9:
 320 017d 5F5F696E 		.ascii	"__int32_t\000"
 320      7433325F 
 320      7400
 321              	.LASF11:
 322 0187 666C6F61 		.ascii	"float\000"
 322      7400
 323              	.LASF2:
 324 018d 73686F72 		.ascii	"short int\000"
 324      7420696E 
 324      7400
 325              	.LASF10:
 326 0197 696E7433 		.ascii	"int32_t\000"
 326      325F7400 
 327              	.LASF19:
 328 019f 72686561 		.ascii	"rhea_sensor_initialize_impl\000"
 328      5F73656E 
 328      736F725F 
 328      696E6974 
 328      69616C69 
 329              		.ident	"GCC: (GNU Tools for ARM Embedded Processors) 5.4.1 20160609 (release) [ARM/embedded-5-bran
